---
version: 1
interactions:
- request:
    body: '{"ip": {"id": "f90e8f53-9936-443c-87e4-fb50819ba794", "address": "51.158.112.105",
      "prefix": null, "reverse": null, "server": null, "organization": "ee7bd9e1-9cbd-4724-b2f4-19e50f3cf38b",
      "project": "ee7bd9e1-9cbd-4724-b2f4-19e50f3cf38b", "zone": "fr-par-1", "type":
      "nat", "state": "attached", "tags": []}}'
    form: {}
    headers:
      Content-Type:
      - application/json
      User-Agent:
      - scaleway-sdk-go/v1.0.0-beta.7+dev (go1.20.1; linux; amd64) cli-e2e-test
    url: https://api.scaleway.com/instance/v1/zones/fr-par-1/ips
    method: POST
  response:
    body: '{"ip": {"id": "f90e8f53-9936-443c-87e4-fb50819ba794", "address": "51.158.112.105",
      "prefix": null, "reverse": null, "server": null, "organization": "ee7bd9e1-9cbd-4724-b2f4-19e50f3cf38b",
      "project": "ee7bd9e1-9cbd-4724-b2f4-19e50f3cf38b", "zone": "fr-par-1", "type":
      "nat", "state": "attached", "tags": []}}'
    headers:
      Content-Length:
      - "307"
      Content-Security-Policy:
      - default-src 'none'; frame-ancestors 'none'
      Content-Type:
      - application/json
      Date:
      - Mon, 24 Jul 2023 13:37:16 GMT
      Location:
      - https://api.scaleway.com/instance/v1/zones/fr-par-1/ips/f90e8f53-9936-443c-87e4-fb50819ba794
      Server:
      - Scaleway API-Gateway
      Strict-Transport-Security:
      - max-age=63072000
      X-Content-Type-Options:
      - nosniff
      X-Frame-Options:
      - DENY
      X-Request-Id:
      - fab5385c-c8fe-49c2-b4d9-936f19966780
    status: 201 Created
    code: 201
    duration: ""
- request:
    body: '{"ip": {"id": "f90e8f53-9936-443c-87e4-fb50819ba794", "address": "51.158.112.105",
      "prefix": null, "reverse": null, "server": null, "organization": "ee7bd9e1-9cbd-4724-b2f4-19e50f3cf38b",
      "project": "ee7bd9e1-9cbd-4724-b2f4-19e50f3cf38b", "zone": "fr-par-1", "type":
      "nat", "state": "attached", "tags": []}}'
    form: {}
    headers:
      User-Agent:
      - scaleway-sdk-go/v1.0.0-beta.7+dev (go1.20.1; linux; amd64) cli-e2e-test
    url: https://api.scaleway.com/instance/v1/zones/fr-par-1/ips/f90e8f53-9936-443c-87e4-fb50819ba794
    method: GET
  response:
    body: '{"ip": {"id": "f90e8f53-9936-443c-87e4-fb50819ba794", "address": "51.158.112.105",
      "prefix": null, "reverse": null, "server": null, "organization": "ee7bd9e1-9cbd-4724-b2f4-19e50f3cf38b",
      "project": "ee7bd9e1-9cbd-4724-b2f4-19e50f3cf38b", "zone": "fr-par-1", "type":
      "nat", "state": "attached", "tags": []}}'
    headers:
      Content-Length:
      - "307"
      Content-Security-Policy:
      - default-src 'none'; frame-ancestors 'none'
      Content-Type:
      - application/json
      Date:
      - Mon, 24 Jul 2023 13:37:16 GMT
      Server:
      - Scaleway API-Gateway
      Strict-Transport-Security:
      - max-age=63072000
      X-Content-Type-Options:
      - nosniff
      X-Frame-Options:
      - DENY
      X-Request-Id:
      - df94be44-f437-42fa-b5ee-5002568bd301
    status: 200 OK
    code: 200
    duration: ""
- request:
    body: ""
    form: {}
    headers:
      User-Agent:
      - scaleway-sdk-go/v1.0.0-beta.7+dev (go1.20.1; linux; amd64) cli-e2e-test
    url: https://api.scaleway.com/instance/v1/zones/fr-par-1/ips/51.158.112.105
    method: DELETE
  response:
    body: ""
    headers:
      Content-Security-Policy:
      - default-src 'none'; frame-ancestors 'none'
      Date:
      - Mon, 24 Jul 2023 13:37:16 GMT
      Server:
      - Scaleway API-Gateway
      Strict-Transport-Security:
      - max-age=63072000
      X-Content-Type-Options:
      - nosniff
      X-Frame-Options:
      - DENY
      X-Request-Id:
      - 08855d6d-b4cb-45a3-9823-e61acd050070
    status: 204 No Content
    code: 204
    duration: ""
