---
version: 1
interactions:
- request:
    body: '{"id":"35318361-b651-4879-820d-a061a70f2f86", "name":"cli-test", "organization_id":"fa1e3217-dc80-42ac-85c3-3f034b78b552",
      "project_id":"fa1e3217-dc80-42ac-85c3-3f034b78b552", "status":"provisioning",
      "engine":"PostgreSQL-12", "upgradable_version":[{"id":"21b832e0-61bc-4f8a-a3a0-9ab8d0b72e36",
      "name":"PostgreSQL-13", "version":"13", "minor_version":"13.12"}, {"id":"7f2e51db-92c0-4ba9-a42d-b933d0979529",
      "name":"PostgreSQL-14", "version":"14", "minor_version":"14.9"}, {"id":"9bf6861b-29ce-45ac-8daf-2eb1e1b582f1",
      "name":"PostgreSQL-15", "version":"15", "minor_version":"15.4"}], "endpoint":null,
      "tags":[], "settings":[], "backup_schedule":{"frequency":24, "retention":7,
      "disabled":false, "next_run_at":"2023-11-09T20:47:11.946174Z"}, "is_ha_cluster":false,
      "read_replicas":[], "node_type":"db-dev-s", "volume":{"type":"lssd", "size":5000000000,
      "class":"lssd"}, "init_settings":[], "endpoints":[], "logs_policy":{"max_age_retention":30,
      "total_disk_retention":null}, "backup_same_region":false, "maintenances":[],
      "created_at":"2023-11-08T20:47:11.946174Z", "region":"nl-ams"}'
    form: {}
    headers:
      Content-Type:
      - application/json
      User-Agent:
      - scaleway-sdk-go/v1.0.0-beta.7+dev (go1.20.4; linux; amd64) cli-e2e-test
    url: https://api.scaleway.com/rdb/v1/regions/nl-ams/instances
    method: POST
  response:
    body: '{"id":"35318361-b651-4879-820d-a061a70f2f86", "name":"cli-test", "organization_id":"fa1e3217-dc80-42ac-85c3-3f034b78b552",
      "project_id":"fa1e3217-dc80-42ac-85c3-3f034b78b552", "status":"provisioning",
      "engine":"PostgreSQL-12", "upgradable_version":[{"id":"21b832e0-61bc-4f8a-a3a0-9ab8d0b72e36",
      "name":"PostgreSQL-13", "version":"13", "minor_version":"13.12"}, {"id":"7f2e51db-92c0-4ba9-a42d-b933d0979529",
      "name":"PostgreSQL-14", "version":"14", "minor_version":"14.9"}, {"id":"9bf6861b-29ce-45ac-8daf-2eb1e1b582f1",
      "name":"PostgreSQL-15", "version":"15", "minor_version":"15.4"}], "endpoint":null,
      "tags":[], "settings":[], "backup_schedule":{"frequency":24, "retention":7,
      "disabled":false, "next_run_at":"2023-11-09T20:47:11.946174Z"}, "is_ha_cluster":false,
      "read_replicas":[], "node_type":"db-dev-s", "volume":{"type":"lssd", "size":5000000000,
      "class":"lssd"}, "init_settings":[], "endpoints":[], "logs_policy":{"max_age_retention":30,
      "total_disk_retention":null}, "backup_same_region":false, "maintenances":[],
      "created_at":"2023-11-08T20:47:11.946174Z", "region":"nl-ams"}'
    headers:
      Content-Length:
      - "1083"
      Content-Security-Policy:
      - default-src 'none'; frame-ancestors 'none'
      Content-Type:
      - application/json
      Date:
      - Wed, 08 Nov 2023 20:47:12 GMT
      Server:
      - Scaleway API-Gateway
      Strict-Transport-Security:
      - max-age=63072000
      X-Content-Type-Options:
      - nosniff
      X-Frame-Options:
      - DENY
      X-Request-Id:
      - 7fc1331c-1126-4460-b242-e5e7814142f0
    status: 200 OK
    code: 200
    duration: ""
- request:
    body: '{"id":"35318361-b651-4879-820d-a061a70f2f86", "name":"cli-test", "organization_id":"fa1e3217-dc80-42ac-85c3-3f034b78b552",
      "project_id":"fa1e3217-dc80-42ac-85c3-3f034b78b552", "status":"provisioning",
      "engine":"PostgreSQL-12", "upgradable_version":[{"id":"21b832e0-61bc-4f8a-a3a0-9ab8d0b72e36",
      "name":"PostgreSQL-13", "version":"13", "minor_version":"13.12"}, {"id":"7f2e51db-92c0-4ba9-a42d-b933d0979529",
      "name":"PostgreSQL-14", "version":"14", "minor_version":"14.9"}, {"id":"9bf6861b-29ce-45ac-8daf-2eb1e1b582f1",
      "name":"PostgreSQL-15", "version":"15", "minor_version":"15.4"}], "endpoint":null,
      "tags":[], "settings":[], "backup_schedule":{"frequency":24, "retention":7,
      "disabled":false, "next_run_at":"2023-11-09T20:47:11.946174Z"}, "is_ha_cluster":false,
      "read_replicas":[], "node_type":"db-dev-s", "volume":{"type":"lssd", "size":5000000000,
      "class":"lssd"}, "init_settings":[], "endpoints":[], "logs_policy":{"max_age_retention":30,
      "total_disk_retention":null}, "backup_same_region":false, "maintenances":[],
      "created_at":"2023-11-08T20:47:11.946174Z", "region":"nl-ams"}'
    form: {}
    headers:
      User-Agent:
      - scaleway-sdk-go/v1.0.0-beta.7+dev (go1.20.4; linux; amd64) cli-e2e-test
    url: https://api.scaleway.com/rdb/v1/regions/nl-ams/instances/35318361-b651-4879-820d-a061a70f2f86
    method: GET
  response:
    body: '{"id":"35318361-b651-4879-820d-a061a70f2f86", "name":"cli-test", "organization_id":"fa1e3217-dc80-42ac-85c3-3f034b78b552",
      "project_id":"fa1e3217-dc80-42ac-85c3-3f034b78b552", "status":"provisioning",
      "engine":"PostgreSQL-12", "upgradable_version":[{"id":"21b832e0-61bc-4f8a-a3a0-9ab8d0b72e36",
      "name":"PostgreSQL-13", "version":"13", "minor_version":"13.12"}, {"id":"7f2e51db-92c0-4ba9-a42d-b933d0979529",
      "name":"PostgreSQL-14", "version":"14", "minor_version":"14.9"}, {"id":"9bf6861b-29ce-45ac-8daf-2eb1e1b582f1",
      "name":"PostgreSQL-15", "version":"15", "minor_version":"15.4"}], "endpoint":null,
      "tags":[], "settings":[], "backup_schedule":{"frequency":24, "retention":7,
      "disabled":false, "next_run_at":"2023-11-09T20:47:11.946174Z"}, "is_ha_cluster":false,
      "read_replicas":[], "node_type":"db-dev-s", "volume":{"type":"lssd", "size":5000000000,
      "class":"lssd"}, "init_settings":[], "endpoints":[], "logs_policy":{"max_age_retention":30,
      "total_disk_retention":null}, "backup_same_region":false, "maintenances":[],
      "created_at":"2023-11-08T20:47:11.946174Z", "region":"nl-ams"}'
    headers:
      Content-Length:
      - "1083"
      Content-Security-Policy:
      - default-src 'none'; frame-ancestors 'none'
      Content-Type:
      - application/json
      Date:
      - Wed, 08 Nov 2023 20:47:12 GMT
      Server:
      - Scaleway API-Gateway
      Strict-Transport-Security:
      - max-age=63072000
      X-Content-Type-Options:
      - nosniff
      X-Frame-Options:
      - DENY
      X-Request-Id:
      - ecabec0f-c871-4ef1-9a32-39057a19909f
    status: 200 OK
    code: 200
    duration: ""
- request:
    body: '{"id":"35318361-b651-4879-820d-a061a70f2f86", "name":"cli-test", "organization_id":"fa1e3217-dc80-42ac-85c3-3f034b78b552",
      "project_id":"fa1e3217-dc80-42ac-85c3-3f034b78b552", "status":"provisioning",
      "engine":"PostgreSQL-12", "upgradable_version":[{"id":"21b832e0-61bc-4f8a-a3a0-9ab8d0b72e36",
      "name":"PostgreSQL-13", "version":"13", "minor_version":"13.12"}, {"id":"7f2e51db-92c0-4ba9-a42d-b933d0979529",
      "name":"PostgreSQL-14", "version":"14", "minor_version":"14.9"}, {"id":"9bf6861b-29ce-45ac-8daf-2eb1e1b582f1",
      "name":"PostgreSQL-15", "version":"15", "minor_version":"15.4"}], "endpoint":null,
      "tags":[], "settings":[], "backup_schedule":{"frequency":24, "retention":7,
      "disabled":false, "next_run_at":"2023-11-09T20:47:11.946174Z"}, "is_ha_cluster":false,
      "read_replicas":[], "node_type":"db-dev-s", "volume":{"type":"lssd", "size":5000000000,
      "class":"lssd"}, "init_settings":[], "endpoints":[], "logs_policy":{"max_age_retention":30,
      "total_disk_retention":null}, "backup_same_region":false, "maintenances":[],
      "created_at":"2023-11-08T20:47:11.946174Z", "region":"nl-ams"}'
    form: {}
    headers:
      User-Agent:
      - scaleway-sdk-go/v1.0.0-beta.7+dev (go1.20.4; linux; amd64) cli-e2e-test
    url: https://api.scaleway.com/rdb/v1/regions/nl-ams/instances/35318361-b651-4879-820d-a061a70f2f86
    method: GET
  response:
    body: '{"id":"35318361-b651-4879-820d-a061a70f2f86", "name":"cli-test", "organization_id":"fa1e3217-dc80-42ac-85c3-3f034b78b552",
      "project_id":"fa1e3217-dc80-42ac-85c3-3f034b78b552", "status":"provisioning",
      "engine":"PostgreSQL-12", "upgradable_version":[{"id":"21b832e0-61bc-4f8a-a3a0-9ab8d0b72e36",
      "name":"PostgreSQL-13", "version":"13", "minor_version":"13.12"}, {"id":"7f2e51db-92c0-4ba9-a42d-b933d0979529",
      "name":"PostgreSQL-14", "version":"14", "minor_version":"14.9"}, {"id":"9bf6861b-29ce-45ac-8daf-2eb1e1b582f1",
      "name":"PostgreSQL-15", "version":"15", "minor_version":"15.4"}], "endpoint":null,
      "tags":[], "settings":[], "backup_schedule":{"frequency":24, "retention":7,
      "disabled":false, "next_run_at":"2023-11-09T20:47:11.946174Z"}, "is_ha_cluster":false,
      "read_replicas":[], "node_type":"db-dev-s", "volume":{"type":"lssd", "size":5000000000,
      "class":"lssd"}, "init_settings":[], "endpoints":[], "logs_policy":{"max_age_retention":30,
      "total_disk_retention":null}, "backup_same_region":false, "maintenances":[],
      "created_at":"2023-11-08T20:47:11.946174Z", "region":"nl-ams"}'
    headers:
      Content-Length:
      - "1083"
      Content-Security-Policy:
      - default-src 'none'; frame-ancestors 'none'
      Content-Type:
      - application/json
      Date:
      - Wed, 08 Nov 2023 20:47:27 GMT
      Server:
      - Scaleway API-Gateway
      Strict-Transport-Security:
      - max-age=63072000
      X-Content-Type-Options:
      - nosniff
      X-Frame-Options:
      - DENY
      X-Request-Id:
      - d7b14135-fbe3-4de9-b1df-a155adcacc83
    status: 200 OK
    code: 200
    duration: ""
- request:
    body: '{"id":"35318361-b651-4879-820d-a061a70f2f86", "name":"cli-test", "organization_id":"fa1e3217-dc80-42ac-85c3-3f034b78b552",
      "project_id":"fa1e3217-dc80-42ac-85c3-3f034b78b552", "status":"provisioning",
      "engine":"PostgreSQL-12", "upgradable_version":[{"id":"21b832e0-61bc-4f8a-a3a0-9ab8d0b72e36",
      "name":"PostgreSQL-13", "version":"13", "minor_version":"13.12"}, {"id":"7f2e51db-92c0-4ba9-a42d-b933d0979529",
      "name":"PostgreSQL-14", "version":"14", "minor_version":"14.9"}, {"id":"9bf6861b-29ce-45ac-8daf-2eb1e1b582f1",
      "name":"PostgreSQL-15", "version":"15", "minor_version":"15.4"}], "endpoint":null,
      "tags":[], "settings":[], "backup_schedule":{"frequency":24, "retention":7,
      "disabled":false, "next_run_at":"2023-11-09T20:47:11.946174Z"}, "is_ha_cluster":false,
      "read_replicas":[], "node_type":"db-dev-s", "volume":{"type":"lssd", "size":5000000000,
      "class":"lssd"}, "init_settings":[], "endpoints":[], "logs_policy":{"max_age_retention":30,
      "total_disk_retention":null}, "backup_same_region":false, "maintenances":[],
      "created_at":"2023-11-08T20:47:11.946174Z", "region":"nl-ams"}'
    form: {}
    headers:
      User-Agent:
      - scaleway-sdk-go/v1.0.0-beta.7+dev (go1.20.4; linux; amd64) cli-e2e-test
    url: https://api.scaleway.com/rdb/v1/regions/nl-ams/instances/35318361-b651-4879-820d-a061a70f2f86
    method: GET
  response:
    body: '{"id":"35318361-b651-4879-820d-a061a70f2f86", "name":"cli-test", "organization_id":"fa1e3217-dc80-42ac-85c3-3f034b78b552",
      "project_id":"fa1e3217-dc80-42ac-85c3-3f034b78b552", "status":"provisioning",
      "engine":"PostgreSQL-12", "upgradable_version":[{"id":"21b832e0-61bc-4f8a-a3a0-9ab8d0b72e36",
      "name":"PostgreSQL-13", "version":"13", "minor_version":"13.12"}, {"id":"7f2e51db-92c0-4ba9-a42d-b933d0979529",
      "name":"PostgreSQL-14", "version":"14", "minor_version":"14.9"}, {"id":"9bf6861b-29ce-45ac-8daf-2eb1e1b582f1",
      "name":"PostgreSQL-15", "version":"15", "minor_version":"15.4"}], "endpoint":null,
      "tags":[], "settings":[], "backup_schedule":{"frequency":24, "retention":7,
      "disabled":false, "next_run_at":"2023-11-09T20:47:11.946174Z"}, "is_ha_cluster":false,
      "read_replicas":[], "node_type":"db-dev-s", "volume":{"type":"lssd", "size":5000000000,
      "class":"lssd"}, "init_settings":[], "endpoints":[], "logs_policy":{"max_age_retention":30,
      "total_disk_retention":null}, "backup_same_region":false, "maintenances":[],
      "created_at":"2023-11-08T20:47:11.946174Z", "region":"nl-ams"}'
    headers:
      Content-Length:
      - "1083"
      Content-Security-Policy:
      - default-src 'none'; frame-ancestors 'none'
      Content-Type:
      - application/json
      Date:
      - Wed, 08 Nov 2023 20:47:43 GMT
      Server:
      - Scaleway API-Gateway
      Strict-Transport-Security:
      - max-age=63072000
      X-Content-Type-Options:
      - nosniff
      X-Frame-Options:
      - DENY
      X-Request-Id:
      - e50826c4-1d02-4c32-b8aa-4e1c40f07cec
    status: 200 OK
    code: 200
    duration: ""
- request:
    body: '{"id":"35318361-b651-4879-820d-a061a70f2f86", "name":"cli-test", "organization_id":"fa1e3217-dc80-42ac-85c3-3f034b78b552",
      "project_id":"fa1e3217-dc80-42ac-85c3-3f034b78b552", "status":"initializing",
      "engine":"PostgreSQL-12", "upgradable_version":[{"id":"21b832e0-61bc-4f8a-a3a0-9ab8d0b72e36",
      "name":"PostgreSQL-13", "version":"13", "minor_version":"13.12"}, {"id":"7f2e51db-92c0-4ba9-a42d-b933d0979529",
      "name":"PostgreSQL-14", "version":"14", "minor_version":"14.9"}, {"id":"9bf6861b-29ce-45ac-8daf-2eb1e1b582f1",
      "name":"PostgreSQL-15", "version":"15", "minor_version":"15.4"}], "endpoint":null,
      "tags":[], "settings":[], "backup_schedule":{"frequency":24, "retention":7,
      "disabled":false, "next_run_at":"2023-11-09T20:47:11.946174Z"}, "is_ha_cluster":false,
      "read_replicas":[], "node_type":"db-dev-s", "volume":{"type":"lssd", "size":5000000000,
      "class":"lssd"}, "init_settings":[], "endpoints":[], "logs_policy":{"max_age_retention":30,
      "total_disk_retention":null}, "backup_same_region":false, "maintenances":[],
      "created_at":"2023-11-08T20:47:11.946174Z", "region":"nl-ams"}'
    form: {}
    headers:
      User-Agent:
      - scaleway-sdk-go/v1.0.0-beta.7+dev (go1.20.4; linux; amd64) cli-e2e-test
    url: https://api.scaleway.com/rdb/v1/regions/nl-ams/instances/35318361-b651-4879-820d-a061a70f2f86
    method: GET
  response:
    body: '{"id":"35318361-b651-4879-820d-a061a70f2f86", "name":"cli-test", "organization_id":"fa1e3217-dc80-42ac-85c3-3f034b78b552",
      "project_id":"fa1e3217-dc80-42ac-85c3-3f034b78b552", "status":"initializing",
      "engine":"PostgreSQL-12", "upgradable_version":[{"id":"21b832e0-61bc-4f8a-a3a0-9ab8d0b72e36",
      "name":"PostgreSQL-13", "version":"13", "minor_version":"13.12"}, {"id":"7f2e51db-92c0-4ba9-a42d-b933d0979529",
      "name":"PostgreSQL-14", "version":"14", "minor_version":"14.9"}, {"id":"9bf6861b-29ce-45ac-8daf-2eb1e1b582f1",
      "name":"PostgreSQL-15", "version":"15", "minor_version":"15.4"}], "endpoint":null,
      "tags":[], "settings":[], "backup_schedule":{"frequency":24, "retention":7,
      "disabled":false, "next_run_at":"2023-11-09T20:47:11.946174Z"}, "is_ha_cluster":false,
      "read_replicas":[], "node_type":"db-dev-s", "volume":{"type":"lssd", "size":5000000000,
      "class":"lssd"}, "init_settings":[], "endpoints":[], "logs_policy":{"max_age_retention":30,
      "total_disk_retention":null}, "backup_same_region":false, "maintenances":[],
      "created_at":"2023-11-08T20:47:11.946174Z", "region":"nl-ams"}'
    headers:
      Content-Length:
      - "1083"
      Content-Security-Policy:
      - default-src 'none'; frame-ancestors 'none'
      Content-Type:
      - application/json
      Date:
      - Wed, 08 Nov 2023 20:47:58 GMT
      Server:
      - Scaleway API-Gateway
      Strict-Transport-Security:
      - max-age=63072000
      X-Content-Type-Options:
      - nosniff
      X-Frame-Options:
      - DENY
      X-Request-Id:
      - 44a6fa43-db8c-4948-a9ce-74738e4dc4e6
    status: 200 OK
    code: 200
    duration: ""
- request:
    body: '{"id":"35318361-b651-4879-820d-a061a70f2f86", "name":"cli-test", "organization_id":"fa1e3217-dc80-42ac-85c3-3f034b78b552",
      "project_id":"fa1e3217-dc80-42ac-85c3-3f034b78b552", "status":"initializing",
      "engine":"PostgreSQL-12", "upgradable_version":[{"id":"21b832e0-61bc-4f8a-a3a0-9ab8d0b72e36",
      "name":"PostgreSQL-13", "version":"13", "minor_version":"13.12"}, {"id":"7f2e51db-92c0-4ba9-a42d-b933d0979529",
      "name":"PostgreSQL-14", "version":"14", "minor_version":"14.9"}, {"id":"9bf6861b-29ce-45ac-8daf-2eb1e1b582f1",
      "name":"PostgreSQL-15", "version":"15", "minor_version":"15.4"}], "endpoint":null,
      "tags":[], "settings":[], "backup_schedule":{"frequency":24, "retention":7,
      "disabled":false, "next_run_at":"2023-11-09T20:47:11.946174Z"}, "is_ha_cluster":false,
      "read_replicas":[], "node_type":"db-dev-s", "volume":{"type":"lssd", "size":5000000000,
      "class":"lssd"}, "init_settings":[], "endpoints":[], "logs_policy":{"max_age_retention":30,
      "total_disk_retention":null}, "backup_same_region":false, "maintenances":[],
      "created_at":"2023-11-08T20:47:11.946174Z", "region":"nl-ams"}'
    form: {}
    headers:
      User-Agent:
      - scaleway-sdk-go/v1.0.0-beta.7+dev (go1.20.4; linux; amd64) cli-e2e-test
    url: https://api.scaleway.com/rdb/v1/regions/nl-ams/instances/35318361-b651-4879-820d-a061a70f2f86
    method: GET
  response:
    body: '{"id":"35318361-b651-4879-820d-a061a70f2f86", "name":"cli-test", "organization_id":"fa1e3217-dc80-42ac-85c3-3f034b78b552",
      "project_id":"fa1e3217-dc80-42ac-85c3-3f034b78b552", "status":"initializing",
      "engine":"PostgreSQL-12", "upgradable_version":[{"id":"21b832e0-61bc-4f8a-a3a0-9ab8d0b72e36",
      "name":"PostgreSQL-13", "version":"13", "minor_version":"13.12"}, {"id":"7f2e51db-92c0-4ba9-a42d-b933d0979529",
      "name":"PostgreSQL-14", "version":"14", "minor_version":"14.9"}, {"id":"9bf6861b-29ce-45ac-8daf-2eb1e1b582f1",
      "name":"PostgreSQL-15", "version":"15", "minor_version":"15.4"}], "endpoint":null,
      "tags":[], "settings":[], "backup_schedule":{"frequency":24, "retention":7,
      "disabled":false, "next_run_at":"2023-11-09T20:47:11.946174Z"}, "is_ha_cluster":false,
      "read_replicas":[], "node_type":"db-dev-s", "volume":{"type":"lssd", "size":5000000000,
      "class":"lssd"}, "init_settings":[], "endpoints":[], "logs_policy":{"max_age_retention":30,
      "total_disk_retention":null}, "backup_same_region":false, "maintenances":[],
      "created_at":"2023-11-08T20:47:11.946174Z", "region":"nl-ams"}'
    headers:
      Content-Length:
      - "1083"
      Content-Security-Policy:
      - default-src 'none'; frame-ancestors 'none'
      Content-Type:
      - application/json
      Date:
      - Wed, 08 Nov 2023 20:48:13 GMT
      Server:
      - Scaleway API-Gateway
      Strict-Transport-Security:
      - max-age=63072000
      X-Content-Type-Options:
      - nosniff
      X-Frame-Options:
      - DENY
      X-Request-Id:
      - 53ddd0cb-2e62-43ad-8705-157d4c13a8a3
    status: 200 OK
    code: 200
    duration: ""
- request:
    body: '{"id":"35318361-b651-4879-820d-a061a70f2f86", "name":"cli-test", "organization_id":"fa1e3217-dc80-42ac-85c3-3f034b78b552",
      "project_id":"fa1e3217-dc80-42ac-85c3-3f034b78b552", "status":"initializing",
      "engine":"PostgreSQL-12", "upgradable_version":[{"id":"21b832e0-61bc-4f8a-a3a0-9ab8d0b72e36",
      "name":"PostgreSQL-13", "version":"13", "minor_version":"13.12"}, {"id":"7f2e51db-92c0-4ba9-a42d-b933d0979529",
      "name":"PostgreSQL-14", "version":"14", "minor_version":"14.9"}, {"id":"9bf6861b-29ce-45ac-8daf-2eb1e1b582f1",
      "name":"PostgreSQL-15", "version":"15", "minor_version":"15.4"}], "endpoint":null,
      "tags":[], "settings":[], "backup_schedule":{"frequency":24, "retention":7,
      "disabled":false, "next_run_at":"2023-11-09T20:47:11.946174Z"}, "is_ha_cluster":false,
      "read_replicas":[], "node_type":"db-dev-s", "volume":{"type":"lssd", "size":5000000000,
      "class":"lssd"}, "init_settings":[], "endpoints":[], "logs_policy":{"max_age_retention":30,
      "total_disk_retention":null}, "backup_same_region":false, "maintenances":[],
      "created_at":"2023-11-08T20:47:11.946174Z", "region":"nl-ams"}'
    form: {}
    headers:
      User-Agent:
      - scaleway-sdk-go/v1.0.0-beta.7+dev (go1.20.4; linux; amd64) cli-e2e-test
    url: https://api.scaleway.com/rdb/v1/regions/nl-ams/instances/35318361-b651-4879-820d-a061a70f2f86
    method: GET
  response:
    body: '{"id":"35318361-b651-4879-820d-a061a70f2f86", "name":"cli-test", "organization_id":"fa1e3217-dc80-42ac-85c3-3f034b78b552",
      "project_id":"fa1e3217-dc80-42ac-85c3-3f034b78b552", "status":"initializing",
      "engine":"PostgreSQL-12", "upgradable_version":[{"id":"21b832e0-61bc-4f8a-a3a0-9ab8d0b72e36",
      "name":"PostgreSQL-13", "version":"13", "minor_version":"13.12"}, {"id":"7f2e51db-92c0-4ba9-a42d-b933d0979529",
      "name":"PostgreSQL-14", "version":"14", "minor_version":"14.9"}, {"id":"9bf6861b-29ce-45ac-8daf-2eb1e1b582f1",
      "name":"PostgreSQL-15", "version":"15", "minor_version":"15.4"}], "endpoint":null,
      "tags":[], "settings":[], "backup_schedule":{"frequency":24, "retention":7,
      "disabled":false, "next_run_at":"2023-11-09T20:47:11.946174Z"}, "is_ha_cluster":false,
      "read_replicas":[], "node_type":"db-dev-s", "volume":{"type":"lssd", "size":5000000000,
      "class":"lssd"}, "init_settings":[], "endpoints":[], "logs_policy":{"max_age_retention":30,
      "total_disk_retention":null}, "backup_same_region":false, "maintenances":[],
      "created_at":"2023-11-08T20:47:11.946174Z", "region":"nl-ams"}'
    headers:
      Content-Length:
      - "1083"
      Content-Security-Policy:
      - default-src 'none'; frame-ancestors 'none'
      Content-Type:
      - application/json
      Date:
      - Wed, 08 Nov 2023 20:48:28 GMT
      Server:
      - Scaleway API-Gateway
      Strict-Transport-Security:
      - max-age=63072000
      X-Content-Type-Options:
      - nosniff
      X-Frame-Options:
      - DENY
      X-Request-Id:
      - acb77152-8cd2-407d-8d9a-f82b174a53a0
    status: 200 OK
    code: 200
    duration: ""
- request:
    body: '{"id":"35318361-b651-4879-820d-a061a70f2f86", "name":"cli-test", "organization_id":"fa1e3217-dc80-42ac-85c3-3f034b78b552",
      "project_id":"fa1e3217-dc80-42ac-85c3-3f034b78b552", "status":"initializing",
      "engine":"PostgreSQL-12", "upgradable_version":[{"id":"21b832e0-61bc-4f8a-a3a0-9ab8d0b72e36",
      "name":"PostgreSQL-13", "version":"13", "minor_version":"13.12"}, {"id":"7f2e51db-92c0-4ba9-a42d-b933d0979529",
      "name":"PostgreSQL-14", "version":"14", "minor_version":"14.9"}, {"id":"9bf6861b-29ce-45ac-8daf-2eb1e1b582f1",
      "name":"PostgreSQL-15", "version":"15", "minor_version":"15.4"}], "endpoint":null,
      "tags":[], "settings":[], "backup_schedule":{"frequency":24, "retention":7,
      "disabled":false, "next_run_at":"2023-11-09T20:47:11.946174Z"}, "is_ha_cluster":false,
      "read_replicas":[], "node_type":"db-dev-s", "volume":{"type":"lssd", "size":5000000000,
      "class":"lssd"}, "init_settings":[], "endpoints":[], "logs_policy":{"max_age_retention":30,
      "total_disk_retention":null}, "backup_same_region":false, "maintenances":[],
      "created_at":"2023-11-08T20:47:11.946174Z", "region":"nl-ams"}'
    form: {}
    headers:
      User-Agent:
      - scaleway-sdk-go/v1.0.0-beta.7+dev (go1.20.4; linux; amd64) cli-e2e-test
    url: https://api.scaleway.com/rdb/v1/regions/nl-ams/instances/35318361-b651-4879-820d-a061a70f2f86
    method: GET
  response:
    body: '{"id":"35318361-b651-4879-820d-a061a70f2f86", "name":"cli-test", "organization_id":"fa1e3217-dc80-42ac-85c3-3f034b78b552",
      "project_id":"fa1e3217-dc80-42ac-85c3-3f034b78b552", "status":"initializing",
      "engine":"PostgreSQL-12", "upgradable_version":[{"id":"21b832e0-61bc-4f8a-a3a0-9ab8d0b72e36",
      "name":"PostgreSQL-13", "version":"13", "minor_version":"13.12"}, {"id":"7f2e51db-92c0-4ba9-a42d-b933d0979529",
      "name":"PostgreSQL-14", "version":"14", "minor_version":"14.9"}, {"id":"9bf6861b-29ce-45ac-8daf-2eb1e1b582f1",
      "name":"PostgreSQL-15", "version":"15", "minor_version":"15.4"}], "endpoint":null,
      "tags":[], "settings":[], "backup_schedule":{"frequency":24, "retention":7,
      "disabled":false, "next_run_at":"2023-11-09T20:47:11.946174Z"}, "is_ha_cluster":false,
      "read_replicas":[], "node_type":"db-dev-s", "volume":{"type":"lssd", "size":5000000000,
      "class":"lssd"}, "init_settings":[], "endpoints":[], "logs_policy":{"max_age_retention":30,
      "total_disk_retention":null}, "backup_same_region":false, "maintenances":[],
      "created_at":"2023-11-08T20:47:11.946174Z", "region":"nl-ams"}'
    headers:
      Content-Length:
      - "1083"
      Content-Security-Policy:
      - default-src 'none'; frame-ancestors 'none'
      Content-Type:
      - application/json
      Date:
      - Wed, 08 Nov 2023 20:48:44 GMT
      Server:
      - Scaleway API-Gateway
      Strict-Transport-Security:
      - max-age=63072000
      X-Content-Type-Options:
      - nosniff
      X-Frame-Options:
      - DENY
      X-Request-Id:
      - de43e309-13f2-42da-a2d1-bd0e6bc851f5
    status: 200 OK
    code: 200
    duration: ""
- request:
    body: '{"id":"35318361-b651-4879-820d-a061a70f2f86", "name":"cli-test", "organization_id":"fa1e3217-dc80-42ac-85c3-3f034b78b552",
      "project_id":"fa1e3217-dc80-42ac-85c3-3f034b78b552", "status":"initializing",
      "engine":"PostgreSQL-12", "upgradable_version":[{"id":"21b832e0-61bc-4f8a-a3a0-9ab8d0b72e36",
      "name":"PostgreSQL-13", "version":"13", "minor_version":"13.12"}, {"id":"7f2e51db-92c0-4ba9-a42d-b933d0979529",
      "name":"PostgreSQL-14", "version":"14", "minor_version":"14.9"}, {"id":"9bf6861b-29ce-45ac-8daf-2eb1e1b582f1",
      "name":"PostgreSQL-15", "version":"15", "minor_version":"15.4"}], "endpoint":null,
      "tags":[], "settings":[], "backup_schedule":{"frequency":24, "retention":7,
      "disabled":false, "next_run_at":"2023-11-09T20:47:11.946174Z"}, "is_ha_cluster":false,
      "read_replicas":[], "node_type":"db-dev-s", "volume":{"type":"lssd", "size":5000000000,
      "class":"lssd"}, "init_settings":[], "endpoints":[], "logs_policy":{"max_age_retention":30,
      "total_disk_retention":null}, "backup_same_region":false, "maintenances":[],
      "created_at":"2023-11-08T20:47:11.946174Z", "region":"nl-ams"}'
    form: {}
    headers:
      User-Agent:
      - scaleway-sdk-go/v1.0.0-beta.7+dev (go1.20.4; linux; amd64) cli-e2e-test
    url: https://api.scaleway.com/rdb/v1/regions/nl-ams/instances/35318361-b651-4879-820d-a061a70f2f86
    method: GET
  response:
    body: '{"id":"35318361-b651-4879-820d-a061a70f2f86", "name":"cli-test", "organization_id":"fa1e3217-dc80-42ac-85c3-3f034b78b552",
      "project_id":"fa1e3217-dc80-42ac-85c3-3f034b78b552", "status":"initializing",
      "engine":"PostgreSQL-12", "upgradable_version":[{"id":"21b832e0-61bc-4f8a-a3a0-9ab8d0b72e36",
      "name":"PostgreSQL-13", "version":"13", "minor_version":"13.12"}, {"id":"7f2e51db-92c0-4ba9-a42d-b933d0979529",
      "name":"PostgreSQL-14", "version":"14", "minor_version":"14.9"}, {"id":"9bf6861b-29ce-45ac-8daf-2eb1e1b582f1",
      "name":"PostgreSQL-15", "version":"15", "minor_version":"15.4"}], "endpoint":null,
      "tags":[], "settings":[], "backup_schedule":{"frequency":24, "retention":7,
      "disabled":false, "next_run_at":"2023-11-09T20:47:11.946174Z"}, "is_ha_cluster":false,
      "read_replicas":[], "node_type":"db-dev-s", "volume":{"type":"lssd", "size":5000000000,
      "class":"lssd"}, "init_settings":[], "endpoints":[], "logs_policy":{"max_age_retention":30,
      "total_disk_retention":null}, "backup_same_region":false, "maintenances":[],
      "created_at":"2023-11-08T20:47:11.946174Z", "region":"nl-ams"}'
    headers:
      Content-Length:
      - "1083"
      Content-Security-Policy:
      - default-src 'none'; frame-ancestors 'none'
      Content-Type:
      - application/json
      Date:
      - Wed, 08 Nov 2023 20:48:59 GMT
      Server:
      - Scaleway API-Gateway
      Strict-Transport-Security:
      - max-age=63072000
      X-Content-Type-Options:
      - nosniff
      X-Frame-Options:
      - DENY
      X-Request-Id:
      - 7f1e1030-ddf7-48ff-b0f4-5912cbb89411
    status: 200 OK
    code: 200
    duration: ""
- request:
    body: '{"id":"35318361-b651-4879-820d-a061a70f2f86", "name":"cli-test", "organization_id":"fa1e3217-dc80-42ac-85c3-3f034b78b552",
      "project_id":"fa1e3217-dc80-42ac-85c3-3f034b78b552", "status":"initializing",
      "engine":"PostgreSQL-12", "upgradable_version":[{"id":"21b832e0-61bc-4f8a-a3a0-9ab8d0b72e36",
      "name":"PostgreSQL-13", "version":"13", "minor_version":"13.12"}, {"id":"7f2e51db-92c0-4ba9-a42d-b933d0979529",
      "name":"PostgreSQL-14", "version":"14", "minor_version":"14.9"}, {"id":"9bf6861b-29ce-45ac-8daf-2eb1e1b582f1",
      "name":"PostgreSQL-15", "version":"15", "minor_version":"15.4"}], "endpoint":null,
      "tags":[], "settings":[], "backup_schedule":{"frequency":24, "retention":7,
      "disabled":false, "next_run_at":"2023-11-09T20:47:11.946174Z"}, "is_ha_cluster":false,
      "read_replicas":[], "node_type":"db-dev-s", "volume":{"type":"lssd", "size":5000000000,
      "class":"lssd"}, "init_settings":[], "endpoints":[], "logs_policy":{"max_age_retention":30,
      "total_disk_retention":null}, "backup_same_region":false, "maintenances":[],
      "created_at":"2023-11-08T20:47:11.946174Z", "region":"nl-ams"}'
    form: {}
    headers:
      User-Agent:
      - scaleway-sdk-go/v1.0.0-beta.7+dev (go1.20.4; linux; amd64) cli-e2e-test
    url: https://api.scaleway.com/rdb/v1/regions/nl-ams/instances/35318361-b651-4879-820d-a061a70f2f86
    method: GET
  response:
    body: '{"id":"35318361-b651-4879-820d-a061a70f2f86", "name":"cli-test", "organization_id":"fa1e3217-dc80-42ac-85c3-3f034b78b552",
      "project_id":"fa1e3217-dc80-42ac-85c3-3f034b78b552", "status":"initializing",
      "engine":"PostgreSQL-12", "upgradable_version":[{"id":"21b832e0-61bc-4f8a-a3a0-9ab8d0b72e36",
      "name":"PostgreSQL-13", "version":"13", "minor_version":"13.12"}, {"id":"7f2e51db-92c0-4ba9-a42d-b933d0979529",
      "name":"PostgreSQL-14", "version":"14", "minor_version":"14.9"}, {"id":"9bf6861b-29ce-45ac-8daf-2eb1e1b582f1",
      "name":"PostgreSQL-15", "version":"15", "minor_version":"15.4"}], "endpoint":null,
      "tags":[], "settings":[], "backup_schedule":{"frequency":24, "retention":7,
      "disabled":false, "next_run_at":"2023-11-09T20:47:11.946174Z"}, "is_ha_cluster":false,
      "read_replicas":[], "node_type":"db-dev-s", "volume":{"type":"lssd", "size":5000000000,
      "class":"lssd"}, "init_settings":[], "endpoints":[], "logs_policy":{"max_age_retention":30,
      "total_disk_retention":null}, "backup_same_region":false, "maintenances":[],
      "created_at":"2023-11-08T20:47:11.946174Z", "region":"nl-ams"}'
    headers:
      Content-Length:
      - "1083"
      Content-Security-Policy:
      - default-src 'none'; frame-ancestors 'none'
      Content-Type:
      - application/json
      Date:
      - Wed, 08 Nov 2023 20:49:14 GMT
      Server:
      - Scaleway API-Gateway
      Strict-Transport-Security:
      - max-age=63072000
      X-Content-Type-Options:
      - nosniff
      X-Frame-Options:
      - DENY
      X-Request-Id:
      - a5619518-c740-4957-8b6e-de9e29e1d79c
    status: 200 OK
    code: 200
    duration: ""
- request:
    body: '{"id":"35318361-b651-4879-820d-a061a70f2f86", "name":"cli-test", "organization_id":"fa1e3217-dc80-42ac-85c3-3f034b78b552",
      "project_id":"fa1e3217-dc80-42ac-85c3-3f034b78b552", "status":"initializing",
      "engine":"PostgreSQL-12", "upgradable_version":[{"id":"21b832e0-61bc-4f8a-a3a0-9ab8d0b72e36",
      "name":"PostgreSQL-13", "version":"13", "minor_version":"13.12"}, {"id":"7f2e51db-92c0-4ba9-a42d-b933d0979529",
      "name":"PostgreSQL-14", "version":"14", "minor_version":"14.9"}, {"id":"9bf6861b-29ce-45ac-8daf-2eb1e1b582f1",
      "name":"PostgreSQL-15", "version":"15", "minor_version":"15.4"}], "endpoint":null,
      "tags":[], "settings":[], "backup_schedule":{"frequency":24, "retention":7,
      "disabled":false, "next_run_at":"2023-11-09T20:47:11.946174Z"}, "is_ha_cluster":false,
      "read_replicas":[], "node_type":"db-dev-s", "volume":{"type":"lssd", "size":5000000000,
      "class":"lssd"}, "init_settings":[], "endpoints":[], "logs_policy":{"max_age_retention":30,
      "total_disk_retention":null}, "backup_same_region":false, "maintenances":[],
      "created_at":"2023-11-08T20:47:11.946174Z", "region":"nl-ams"}'
    form: {}
    headers:
      User-Agent:
      - scaleway-sdk-go/v1.0.0-beta.7+dev (go1.20.4; linux; amd64) cli-e2e-test
    url: https://api.scaleway.com/rdb/v1/regions/nl-ams/instances/35318361-b651-4879-820d-a061a70f2f86
    method: GET
  response:
    body: '{"id":"35318361-b651-4879-820d-a061a70f2f86", "name":"cli-test", "organization_id":"fa1e3217-dc80-42ac-85c3-3f034b78b552",
      "project_id":"fa1e3217-dc80-42ac-85c3-3f034b78b552", "status":"initializing",
      "engine":"PostgreSQL-12", "upgradable_version":[{"id":"21b832e0-61bc-4f8a-a3a0-9ab8d0b72e36",
      "name":"PostgreSQL-13", "version":"13", "minor_version":"13.12"}, {"id":"7f2e51db-92c0-4ba9-a42d-b933d0979529",
      "name":"PostgreSQL-14", "version":"14", "minor_version":"14.9"}, {"id":"9bf6861b-29ce-45ac-8daf-2eb1e1b582f1",
      "name":"PostgreSQL-15", "version":"15", "minor_version":"15.4"}], "endpoint":null,
      "tags":[], "settings":[], "backup_schedule":{"frequency":24, "retention":7,
      "disabled":false, "next_run_at":"2023-11-09T20:47:11.946174Z"}, "is_ha_cluster":false,
      "read_replicas":[], "node_type":"db-dev-s", "volume":{"type":"lssd", "size":5000000000,
      "class":"lssd"}, "init_settings":[], "endpoints":[], "logs_policy":{"max_age_retention":30,
      "total_disk_retention":null}, "backup_same_region":false, "maintenances":[],
      "created_at":"2023-11-08T20:47:11.946174Z", "region":"nl-ams"}'
    headers:
      Content-Length:
      - "1083"
      Content-Security-Policy:
      - default-src 'none'; frame-ancestors 'none'
      Content-Type:
      - application/json
      Date:
      - Wed, 08 Nov 2023 20:49:29 GMT
      Server:
      - Scaleway API-Gateway
      Strict-Transport-Security:
      - max-age=63072000
      X-Content-Type-Options:
      - nosniff
      X-Frame-Options:
      - DENY
      X-Request-Id:
      - 8ebb3810-02b1-4a28-9ae6-96877af4b4ef
    status: 200 OK
    code: 200
    duration: ""
- request:
    body: '{"id":"35318361-b651-4879-820d-a061a70f2f86", "name":"cli-test", "organization_id":"fa1e3217-dc80-42ac-85c3-3f034b78b552",
      "project_id":"fa1e3217-dc80-42ac-85c3-3f034b78b552", "status":"ready", "engine":"PostgreSQL-12",
      "upgradable_version":[{"id":"21b832e0-61bc-4f8a-a3a0-9ab8d0b72e36", "name":"PostgreSQL-13",
      "version":"13", "minor_version":"13.12"}, {"id":"7f2e51db-92c0-4ba9-a42d-b933d0979529",
      "name":"PostgreSQL-14", "version":"14", "minor_version":"14.9"}, {"id":"9bf6861b-29ce-45ac-8daf-2eb1e1b582f1",
      "name":"PostgreSQL-15", "version":"15", "minor_version":"15.4"}], "endpoint":{"ip":"51.158.129.189",
      "port":21375, "name":null, "id":"bf3851f5-98d0-4df9-8353-fcc4f2c029c0", "load_balancer":{}},
      "tags":[], "settings":[{"name":"effective_cache_size", "value":"1300"}, {"name":"maintenance_work_mem",
      "value":"150"}, {"name":"max_connections", "value":"100"}, {"name":"max_parallel_workers",
      "value":"0"}, {"name":"max_parallel_workers_per_gather", "value":"0"}, {"name":"work_mem",
      "value":"4"}], "backup_schedule":{"frequency":24, "retention":7, "disabled":false,
      "next_run_at":"2023-11-09T20:47:11.946174Z"}, "is_ha_cluster":false, "read_replicas":[],
      "node_type":"db-dev-s", "volume":{"type":"lssd", "size":5000000000, "class":"lssd"},
      "init_settings":[], "endpoints":[{"ip":"51.158.129.189", "port":21375, "name":null,
      "id":"bf3851f5-98d0-4df9-8353-fcc4f2c029c0", "load_balancer":{}}], "logs_policy":{"max_age_retention":30,
      "total_disk_retention":null}, "backup_same_region":false, "maintenances":[],
      "created_at":"2023-11-08T20:47:11.946174Z", "region":"nl-ams"}'
    form: {}
    headers:
      User-Agent:
      - scaleway-sdk-go/v1.0.0-beta.7+dev (go1.20.4; linux; amd64) cli-e2e-test
    url: https://api.scaleway.com/rdb/v1/regions/nl-ams/instances/35318361-b651-4879-820d-a061a70f2f86
    method: GET
  response:
    body: '{"id":"35318361-b651-4879-820d-a061a70f2f86", "name":"cli-test", "organization_id":"fa1e3217-dc80-42ac-85c3-3f034b78b552",
      "project_id":"fa1e3217-dc80-42ac-85c3-3f034b78b552", "status":"ready", "engine":"PostgreSQL-12",
      "upgradable_version":[{"id":"21b832e0-61bc-4f8a-a3a0-9ab8d0b72e36", "name":"PostgreSQL-13",
      "version":"13", "minor_version":"13.12"}, {"id":"7f2e51db-92c0-4ba9-a42d-b933d0979529",
      "name":"PostgreSQL-14", "version":"14", "minor_version":"14.9"}, {"id":"9bf6861b-29ce-45ac-8daf-2eb1e1b582f1",
      "name":"PostgreSQL-15", "version":"15", "minor_version":"15.4"}], "endpoint":{"ip":"51.158.129.189",
      "port":21375, "name":null, "id":"bf3851f5-98d0-4df9-8353-fcc4f2c029c0", "load_balancer":{}},
      "tags":[], "settings":[{"name":"effective_cache_size", "value":"1300"}, {"name":"maintenance_work_mem",
      "value":"150"}, {"name":"max_connections", "value":"100"}, {"name":"max_parallel_workers",
      "value":"0"}, {"name":"max_parallel_workers_per_gather", "value":"0"}, {"name":"work_mem",
      "value":"4"}], "backup_schedule":{"frequency":24, "retention":7, "disabled":false,
      "next_run_at":"2023-11-09T20:47:11.946174Z"}, "is_ha_cluster":false, "read_replicas":[],
      "node_type":"db-dev-s", "volume":{"type":"lssd", "size":5000000000, "class":"lssd"},
      "init_settings":[], "endpoints":[{"ip":"51.158.129.189", "port":21375, "name":null,
      "id":"bf3851f5-98d0-4df9-8353-fcc4f2c029c0", "load_balancer":{}}], "logs_policy":{"max_age_retention":30,
      "total_disk_retention":null}, "backup_same_region":false, "maintenances":[],
      "created_at":"2023-11-08T20:47:11.946174Z", "region":"nl-ams"}'
    headers:
      Content-Length:
      - "1577"
      Content-Security-Policy:
      - default-src 'none'; frame-ancestors 'none'
      Content-Type:
      - application/json
      Date:
      - Wed, 08 Nov 2023 20:49:45 GMT
      Server:
      - Scaleway API-Gateway
      Strict-Transport-Security:
      - max-age=63072000
      X-Content-Type-Options:
      - nosniff
      X-Frame-Options:
      - DENY
      X-Request-Id:
      - be770b87-92da-48a3-afb6-a96a6632ea2f
    status: 200 OK
    code: 200
    duration: ""
- request:
    body: '{"id":"3bf50ced-a397-4b85-bcb1-cd7b50b8dd5c", "instance_id":"35318361-b651-4879-820d-a061a70f2f86",
      "database_name":"rdb", "name":"foobar", "status":"creating", "size":null, "expires_at":"2032-01-02T22:04:05Z",
      "created_at":"2023-11-08T20:50:45.560553Z", "updated_at":null, "instance_name":"cli-test",
      "download_url":null, "download_url_expires_at":null, "same_region":false, "region":"nl-ams"}'
    form: {}
    headers:
      Content-Type:
      - application/json
      User-Agent:
      - scaleway-sdk-go/v1.0.0-beta.7+dev (go1.20.4; linux; amd64) cli-e2e-test
    url: https://api.scaleway.com/rdb/v1/regions/nl-ams/backups
    method: POST
  response:
    body: '{"id":"3bf50ced-a397-4b85-bcb1-cd7b50b8dd5c", "instance_id":"35318361-b651-4879-820d-a061a70f2f86",
      "database_name":"rdb", "name":"foobar", "status":"creating", "size":null, "expires_at":"2032-01-02T22:04:05Z",
      "created_at":"2023-11-08T20:50:45.560553Z", "updated_at":null, "instance_name":"cli-test",
      "download_url":null, "download_url_expires_at":null, "same_region":false, "region":"nl-ams"}'
    headers:
      Content-Length:
      - "394"
      Content-Security-Policy:
      - default-src 'none'; frame-ancestors 'none'
      Content-Type:
      - application/json
      Date:
      - Wed, 08 Nov 2023 20:50:45 GMT
      Server:
      - Scaleway API-Gateway
      Strict-Transport-Security:
      - max-age=63072000
      X-Content-Type-Options:
      - nosniff
      X-Frame-Options:
      - DENY
      X-Request-Id:
      - a7a46736-f796-4a4f-8ed8-e4eb3642fa6b
    status: 200 OK
    code: 200
    duration: ""
- request:
    body: '{"id":"3bf50ced-a397-4b85-bcb1-cd7b50b8dd5c", "instance_id":"35318361-b651-4879-820d-a061a70f2f86",
      "database_name":"rdb", "name":"foobar", "status":"creating", "size":null, "expires_at":"2032-01-02T22:04:05Z",
      "created_at":"2023-11-08T20:50:45.560553Z", "updated_at":null, "instance_name":"cli-test",
      "download_url":null, "download_url_expires_at":null, "same_region":false, "region":"nl-ams"}'
    form: {}
    headers:
      User-Agent:
      - scaleway-sdk-go/v1.0.0-beta.7+dev (go1.20.4; linux; amd64) cli-e2e-test
    url: https://api.scaleway.com/rdb/v1/regions/nl-ams/backups/3bf50ced-a397-4b85-bcb1-cd7b50b8dd5c
    method: GET
  response:
    body: '{"id":"3bf50ced-a397-4b85-bcb1-cd7b50b8dd5c", "instance_id":"35318361-b651-4879-820d-a061a70f2f86",
      "database_name":"rdb", "name":"foobar", "status":"creating", "size":null, "expires_at":"2032-01-02T22:04:05Z",
      "created_at":"2023-11-08T20:50:45.560553Z", "updated_at":null, "instance_name":"cli-test",
      "download_url":null, "download_url_expires_at":null, "same_region":false, "region":"nl-ams"}'
    headers:
      Content-Length:
      - "394"
      Content-Security-Policy:
      - default-src 'none'; frame-ancestors 'none'
      Content-Type:
      - application/json
      Date:
      - Wed, 08 Nov 2023 20:50:45 GMT
      Server:
      - Scaleway API-Gateway
      Strict-Transport-Security:
      - max-age=63072000
      X-Content-Type-Options:
      - nosniff
      X-Frame-Options:
      - DENY
      X-Request-Id:
      - 084c0943-0a09-4b13-b01f-a25d2f456815
    status: 200 OK
    code: 200
    duration: ""
- request:
    body: '{"id":"3bf50ced-a397-4b85-bcb1-cd7b50b8dd5c", "instance_id":"35318361-b651-4879-820d-a061a70f2f86",
      "database_name":"rdb", "name":"foobar", "status":"ready", "size":2107, "expires_at":"2032-01-02T22:04:05Z",
      "created_at":"2023-11-08T20:50:45.560553Z", "updated_at":"2023-11-08T20:50:47.492910Z",
      "instance_name":"cli-test", "download_url":null, "download_url_expires_at":null,
      "same_region":false, "region":"nl-ams"}'
    form: {}
    headers:
      User-Agent:
      - scaleway-sdk-go/v1.0.0-beta.7+dev (go1.20.4; linux; amd64) cli-e2e-test
    url: https://api.scaleway.com/rdb/v1/regions/nl-ams/backups/3bf50ced-a397-4b85-bcb1-cd7b50b8dd5c
    method: GET
  response:
    body: '{"id":"3bf50ced-a397-4b85-bcb1-cd7b50b8dd5c", "instance_id":"35318361-b651-4879-820d-a061a70f2f86",
      "database_name":"rdb", "name":"foobar", "status":"ready", "size":2107, "expires_at":"2032-01-02T22:04:05Z",
      "created_at":"2023-11-08T20:50:45.560553Z", "updated_at":"2023-11-08T20:50:47.492910Z",
      "instance_name":"cli-test", "download_url":null, "download_url_expires_at":null,
      "same_region":false, "region":"nl-ams"}'
    headers:
      Content-Length:
      - "416"
      Content-Security-Policy:
      - default-src 'none'; frame-ancestors 'none'
      Content-Type:
      - application/json
      Date:
      - Wed, 08 Nov 2023 20:51:01 GMT
      Server:
      - Scaleway API-Gateway
      Strict-Transport-Security:
      - max-age=63072000
      X-Content-Type-Options:
      - nosniff
      X-Frame-Options:
      - DENY
      X-Request-Id:
      - 944cc9a8-5b84-4aa2-8f84-3607eaa3ddf4
    status: 200 OK
    code: 200
    duration: ""
- request:
    body: '{"id":"35318361-b651-4879-820d-a061a70f2f86", "name":"cli-test", "organization_id":"fa1e3217-dc80-42ac-85c3-3f034b78b552",
      "project_id":"fa1e3217-dc80-42ac-85c3-3f034b78b552", "status":"deleting", "engine":"PostgreSQL-12",
      "upgradable_version":[{"id":"21b832e0-61bc-4f8a-a3a0-9ab8d0b72e36", "name":"PostgreSQL-13",
      "version":"13", "minor_version":"13.12"}, {"id":"7f2e51db-92c0-4ba9-a42d-b933d0979529",
      "name":"PostgreSQL-14", "version":"14", "minor_version":"14.9"}, {"id":"9bf6861b-29ce-45ac-8daf-2eb1e1b582f1",
      "name":"PostgreSQL-15", "version":"15", "minor_version":"15.4"}], "endpoint":{"ip":"51.158.129.189",
      "port":21375, "name":null, "id":"bf3851f5-98d0-4df9-8353-fcc4f2c029c0", "load_balancer":{}},
      "tags":[], "settings":[{"name":"effective_cache_size", "value":"1300"}, {"name":"maintenance_work_mem",
      "value":"150"}, {"name":"max_connections", "value":"100"}, {"name":"max_parallel_workers",
      "value":"0"}, {"name":"max_parallel_workers_per_gather", "value":"0"}, {"name":"work_mem",
      "value":"4"}], "backup_schedule":{"frequency":24, "retention":7, "disabled":false,
      "next_run_at":"2023-11-09T20:47:11.946174Z"}, "is_ha_cluster":false, "read_replicas":[],
      "node_type":"db-dev-s", "volume":{"type":"lssd", "size":5000000000, "class":"lssd"},
      "init_settings":[], "endpoints":[{"ip":"51.158.129.189", "port":21375, "name":null,
      "id":"bf3851f5-98d0-4df9-8353-fcc4f2c029c0", "load_balancer":{}}], "logs_policy":{"max_age_retention":30,
      "total_disk_retention":null}, "backup_same_region":false, "maintenances":[],
      "created_at":"2023-11-08T20:47:11.946174Z", "region":"nl-ams"}'
    form: {}
    headers:
      User-Agent:
      - scaleway-sdk-go/v1.0.0-beta.7+dev (go1.20.4; linux; amd64) cli-e2e-test
    url: https://api.scaleway.com/rdb/v1/regions/nl-ams/instances/35318361-b651-4879-820d-a061a70f2f86
    method: DELETE
  response:
    body: '{"id":"35318361-b651-4879-820d-a061a70f2f86", "name":"cli-test", "organization_id":"fa1e3217-dc80-42ac-85c3-3f034b78b552",
      "project_id":"fa1e3217-dc80-42ac-85c3-3f034b78b552", "status":"deleting", "engine":"PostgreSQL-12",
      "upgradable_version":[{"id":"21b832e0-61bc-4f8a-a3a0-9ab8d0b72e36", "name":"PostgreSQL-13",
      "version":"13", "minor_version":"13.12"}, {"id":"7f2e51db-92c0-4ba9-a42d-b933d0979529",
      "name":"PostgreSQL-14", "version":"14", "minor_version":"14.9"}, {"id":"9bf6861b-29ce-45ac-8daf-2eb1e1b582f1",
      "name":"PostgreSQL-15", "version":"15", "minor_version":"15.4"}], "endpoint":{"ip":"51.158.129.189",
      "port":21375, "name":null, "id":"bf3851f5-98d0-4df9-8353-fcc4f2c029c0", "load_balancer":{}},
      "tags":[], "settings":[{"name":"effective_cache_size", "value":"1300"}, {"name":"maintenance_work_mem",
      "value":"150"}, {"name":"max_connections", "value":"100"}, {"name":"max_parallel_workers",
      "value":"0"}, {"name":"max_parallel_workers_per_gather", "value":"0"}, {"name":"work_mem",
      "value":"4"}], "backup_schedule":{"frequency":24, "retention":7, "disabled":false,
      "next_run_at":"2023-11-09T20:47:11.946174Z"}, "is_ha_cluster":false, "read_replicas":[],
      "node_type":"db-dev-s", "volume":{"type":"lssd", "size":5000000000, "class":"lssd"},
      "init_settings":[], "endpoints":[{"ip":"51.158.129.189", "port":21375, "name":null,
      "id":"bf3851f5-98d0-4df9-8353-fcc4f2c029c0", "load_balancer":{}}], "logs_policy":{"max_age_retention":30,
      "total_disk_retention":null}, "backup_same_region":false, "maintenances":[],
      "created_at":"2023-11-08T20:47:11.946174Z", "region":"nl-ams"}'
    headers:
      Content-Length:
      - "1580"
      Content-Security-Policy:
      - default-src 'none'; frame-ancestors 'none'
      Content-Type:
      - application/json
      Date:
      - Wed, 08 Nov 2023 20:51:01 GMT
      Server:
      - Scaleway API-Gateway
      Strict-Transport-Security:
      - max-age=63072000
      X-Content-Type-Options:
      - nosniff
      X-Frame-Options:
      - DENY
      X-Request-Id:
      - ec05ae10-5caf-4cfe-b805-4d44e7ddcbab
    status: 200 OK
    code: 200
    duration: ""
