---
version: 1
interactions:
- request:
    body: '{"id":"3597ba07-0778-47a1-a91e-699ff6d8dc5e", "name":"cli-test", "organization_id":"fa1e3217-dc80-42ac-85c3-3f034b78b552",
      "project_id":"fa1e3217-dc80-42ac-85c3-3f034b78b552", "status":"provisioning",
      "engine":"PostgreSQL-12", "upgradable_version":[{"id":"2e670f5c-493b-443f-92bd-986f23da2750",
      "name":"PostgreSQL-13", "version":"13", "minor_version":"13.12"}, {"id":"2988cc5e-e0dd-48ba-bd8b-b394db1fc6b9",
      "name":"PostgreSQL-14", "version":"14", "minor_version":"14.9"}, {"id":"d6fa23a8-ff53-464e-b0b0-4c4a3c1eb87d",
      "name":"PostgreSQL-15", "version":"15", "minor_version":"15.4"}], "endpoint":null,
      "tags":[], "settings":[], "backup_schedule":{"frequency":24, "retention":7,
      "disabled":false, "next_run_at":"2023-11-09T21:43:10.559981Z"}, "is_ha_cluster":false,
      "read_replicas":[], "node_type":"db-dev-s", "volume":{"type":"lssd", "size":5000000000,
      "class":"lssd"}, "init_settings":[], "endpoints":[], "logs_policy":{"max_age_retention":30,
      "total_disk_retention":null}, "backup_same_region":false, "maintenances":[],
      "created_at":"2023-11-08T21:43:10.559981Z", "region":"fr-par"}'
    form: {}
    headers:
      Content-Type:
      - application/json
      User-Agent:
      - scaleway-sdk-go/v1.0.0-beta.7+dev (go1.20.4; linux; amd64) cli-e2e-test
    url: https://api.scaleway.com/rdb/v1/regions/fr-par/instances
    method: POST
  response:
    body: '{"id":"3597ba07-0778-47a1-a91e-699ff6d8dc5e", "name":"cli-test", "organization_id":"fa1e3217-dc80-42ac-85c3-3f034b78b552",
      "project_id":"fa1e3217-dc80-42ac-85c3-3f034b78b552", "status":"provisioning",
      "engine":"PostgreSQL-12", "upgradable_version":[{"id":"2e670f5c-493b-443f-92bd-986f23da2750",
      "name":"PostgreSQL-13", "version":"13", "minor_version":"13.12"}, {"id":"2988cc5e-e0dd-48ba-bd8b-b394db1fc6b9",
      "name":"PostgreSQL-14", "version":"14", "minor_version":"14.9"}, {"id":"d6fa23a8-ff53-464e-b0b0-4c4a3c1eb87d",
      "name":"PostgreSQL-15", "version":"15", "minor_version":"15.4"}], "endpoint":null,
      "tags":[], "settings":[], "backup_schedule":{"frequency":24, "retention":7,
      "disabled":false, "next_run_at":"2023-11-09T21:43:10.559981Z"}, "is_ha_cluster":false,
      "read_replicas":[], "node_type":"db-dev-s", "volume":{"type":"lssd", "size":5000000000,
      "class":"lssd"}, "init_settings":[], "endpoints":[], "logs_policy":{"max_age_retention":30,
      "total_disk_retention":null}, "backup_same_region":false, "maintenances":[],
      "created_at":"2023-11-08T21:43:10.559981Z", "region":"fr-par"}'
    headers:
      Content-Length:
      - "1083"
      Content-Security-Policy:
      - default-src 'none'; frame-ancestors 'none'
      Content-Type:
      - application/json
      Date:
      - Wed, 08 Nov 2023 21:43:10 GMT
      Server:
      - Scaleway API-Gateway
      Strict-Transport-Security:
      - max-age=63072000
      X-Content-Type-Options:
      - nosniff
      X-Frame-Options:
      - DENY
      X-Request-Id:
      - 62131ccf-e61e-4616-8759-e76e6bee7aae
    status: 200 OK
    code: 200
    duration: ""
- request:
    body: '{"id":"3597ba07-0778-47a1-a91e-699ff6d8dc5e", "name":"cli-test", "organization_id":"fa1e3217-dc80-42ac-85c3-3f034b78b552",
      "project_id":"fa1e3217-dc80-42ac-85c3-3f034b78b552", "status":"provisioning",
      "engine":"PostgreSQL-12", "upgradable_version":[{"id":"2e670f5c-493b-443f-92bd-986f23da2750",
      "name":"PostgreSQL-13", "version":"13", "minor_version":"13.12"}, {"id":"2988cc5e-e0dd-48ba-bd8b-b394db1fc6b9",
      "name":"PostgreSQL-14", "version":"14", "minor_version":"14.9"}, {"id":"d6fa23a8-ff53-464e-b0b0-4c4a3c1eb87d",
      "name":"PostgreSQL-15", "version":"15", "minor_version":"15.4"}], "endpoint":null,
      "tags":[], "settings":[], "backup_schedule":{"frequency":24, "retention":7,
      "disabled":false, "next_run_at":"2023-11-09T21:43:10.559981Z"}, "is_ha_cluster":false,
      "read_replicas":[], "node_type":"db-dev-s", "volume":{"type":"lssd", "size":5000000000,
      "class":"lssd"}, "init_settings":[], "endpoints":[], "logs_policy":{"max_age_retention":30,
      "total_disk_retention":null}, "backup_same_region":false, "maintenances":[],
      "created_at":"2023-11-08T21:43:10.559981Z", "region":"fr-par"}'
    form: {}
    headers:
      User-Agent:
      - scaleway-sdk-go/v1.0.0-beta.7+dev (go1.20.4; linux; amd64) cli-e2e-test
    url: https://api.scaleway.com/rdb/v1/regions/fr-par/instances/3597ba07-0778-47a1-a91e-699ff6d8dc5e
    method: GET
  response:
    body: '{"id":"3597ba07-0778-47a1-a91e-699ff6d8dc5e", "name":"cli-test", "organization_id":"fa1e3217-dc80-42ac-85c3-3f034b78b552",
      "project_id":"fa1e3217-dc80-42ac-85c3-3f034b78b552", "status":"provisioning",
      "engine":"PostgreSQL-12", "upgradable_version":[{"id":"2e670f5c-493b-443f-92bd-986f23da2750",
      "name":"PostgreSQL-13", "version":"13", "minor_version":"13.12"}, {"id":"2988cc5e-e0dd-48ba-bd8b-b394db1fc6b9",
      "name":"PostgreSQL-14", "version":"14", "minor_version":"14.9"}, {"id":"d6fa23a8-ff53-464e-b0b0-4c4a3c1eb87d",
      "name":"PostgreSQL-15", "version":"15", "minor_version":"15.4"}], "endpoint":null,
      "tags":[], "settings":[], "backup_schedule":{"frequency":24, "retention":7,
      "disabled":false, "next_run_at":"2023-11-09T21:43:10.559981Z"}, "is_ha_cluster":false,
      "read_replicas":[], "node_type":"db-dev-s", "volume":{"type":"lssd", "size":5000000000,
      "class":"lssd"}, "init_settings":[], "endpoints":[], "logs_policy":{"max_age_retention":30,
      "total_disk_retention":null}, "backup_same_region":false, "maintenances":[],
      "created_at":"2023-11-08T21:43:10.559981Z", "region":"fr-par"}'
    headers:
      Content-Length:
      - "1083"
      Content-Security-Policy:
      - default-src 'none'; frame-ancestors 'none'
      Content-Type:
      - application/json
      Date:
      - Wed, 08 Nov 2023 21:43:10 GMT
      Server:
      - Scaleway API-Gateway
      Strict-Transport-Security:
      - max-age=63072000
      X-Content-Type-Options:
      - nosniff
      X-Frame-Options:
      - DENY
      X-Request-Id:
      - 8fd2c404-0467-475a-886d-d62b9124ff7b
    status: 200 OK
    code: 200
    duration: ""
- request:
    body: '{"id":"3597ba07-0778-47a1-a91e-699ff6d8dc5e", "name":"cli-test", "organization_id":"fa1e3217-dc80-42ac-85c3-3f034b78b552",
      "project_id":"fa1e3217-dc80-42ac-85c3-3f034b78b552", "status":"provisioning",
      "engine":"PostgreSQL-12", "upgradable_version":[{"id":"2e670f5c-493b-443f-92bd-986f23da2750",
      "name":"PostgreSQL-13", "version":"13", "minor_version":"13.12"}, {"id":"2988cc5e-e0dd-48ba-bd8b-b394db1fc6b9",
      "name":"PostgreSQL-14", "version":"14", "minor_version":"14.9"}, {"id":"d6fa23a8-ff53-464e-b0b0-4c4a3c1eb87d",
      "name":"PostgreSQL-15", "version":"15", "minor_version":"15.4"}], "endpoint":null,
      "tags":[], "settings":[], "backup_schedule":{"frequency":24, "retention":7,
      "disabled":false, "next_run_at":"2023-11-09T21:43:10.559981Z"}, "is_ha_cluster":false,
      "read_replicas":[], "node_type":"db-dev-s", "volume":{"type":"lssd", "size":5000000000,
      "class":"lssd"}, "init_settings":[], "endpoints":[], "logs_policy":{"max_age_retention":30,
      "total_disk_retention":null}, "backup_same_region":false, "maintenances":[],
      "created_at":"2023-11-08T21:43:10.559981Z", "region":"fr-par"}'
    form: {}
    headers:
      User-Agent:
      - scaleway-sdk-go/v1.0.0-beta.7+dev (go1.20.4; linux; amd64) cli-e2e-test
    url: https://api.scaleway.com/rdb/v1/regions/fr-par/instances/3597ba07-0778-47a1-a91e-699ff6d8dc5e
    method: GET
  response:
    body: '{"id":"3597ba07-0778-47a1-a91e-699ff6d8dc5e", "name":"cli-test", "organization_id":"fa1e3217-dc80-42ac-85c3-3f034b78b552",
      "project_id":"fa1e3217-dc80-42ac-85c3-3f034b78b552", "status":"provisioning",
      "engine":"PostgreSQL-12", "upgradable_version":[{"id":"2e670f5c-493b-443f-92bd-986f23da2750",
      "name":"PostgreSQL-13", "version":"13", "minor_version":"13.12"}, {"id":"2988cc5e-e0dd-48ba-bd8b-b394db1fc6b9",
      "name":"PostgreSQL-14", "version":"14", "minor_version":"14.9"}, {"id":"d6fa23a8-ff53-464e-b0b0-4c4a3c1eb87d",
      "name":"PostgreSQL-15", "version":"15", "minor_version":"15.4"}], "endpoint":null,
      "tags":[], "settings":[], "backup_schedule":{"frequency":24, "retention":7,
      "disabled":false, "next_run_at":"2023-11-09T21:43:10.559981Z"}, "is_ha_cluster":false,
      "read_replicas":[], "node_type":"db-dev-s", "volume":{"type":"lssd", "size":5000000000,
      "class":"lssd"}, "init_settings":[], "endpoints":[], "logs_policy":{"max_age_retention":30,
      "total_disk_retention":null}, "backup_same_region":false, "maintenances":[],
      "created_at":"2023-11-08T21:43:10.559981Z", "region":"fr-par"}'
    headers:
      Content-Length:
      - "1083"
      Content-Security-Policy:
      - default-src 'none'; frame-ancestors 'none'
      Content-Type:
      - application/json
      Date:
      - Wed, 08 Nov 2023 21:43:25 GMT
      Server:
      - Scaleway API-Gateway
      Strict-Transport-Security:
      - max-age=63072000
      X-Content-Type-Options:
      - nosniff
      X-Frame-Options:
      - DENY
      X-Request-Id:
      - d062ec1c-aa43-4c07-a19a-231312df352d
    status: 200 OK
    code: 200
    duration: ""
- request:
    body: '{"id":"3597ba07-0778-47a1-a91e-699ff6d8dc5e", "name":"cli-test", "organization_id":"fa1e3217-dc80-42ac-85c3-3f034b78b552",
      "project_id":"fa1e3217-dc80-42ac-85c3-3f034b78b552", "status":"provisioning",
      "engine":"PostgreSQL-12", "upgradable_version":[{"id":"2e670f5c-493b-443f-92bd-986f23da2750",
      "name":"PostgreSQL-13", "version":"13", "minor_version":"13.12"}, {"id":"2988cc5e-e0dd-48ba-bd8b-b394db1fc6b9",
      "name":"PostgreSQL-14", "version":"14", "minor_version":"14.9"}, {"id":"d6fa23a8-ff53-464e-b0b0-4c4a3c1eb87d",
      "name":"PostgreSQL-15", "version":"15", "minor_version":"15.4"}], "endpoint":null,
      "tags":[], "settings":[], "backup_schedule":{"frequency":24, "retention":7,
      "disabled":false, "next_run_at":"2023-11-09T21:43:10.559981Z"}, "is_ha_cluster":false,
      "read_replicas":[], "node_type":"db-dev-s", "volume":{"type":"lssd", "size":5000000000,
      "class":"lssd"}, "init_settings":[], "endpoints":[], "logs_policy":{"max_age_retention":30,
      "total_disk_retention":null}, "backup_same_region":false, "maintenances":[],
      "created_at":"2023-11-08T21:43:10.559981Z", "region":"fr-par"}'
    form: {}
    headers:
      User-Agent:
      - scaleway-sdk-go/v1.0.0-beta.7+dev (go1.20.4; linux; amd64) cli-e2e-test
    url: https://api.scaleway.com/rdb/v1/regions/fr-par/instances/3597ba07-0778-47a1-a91e-699ff6d8dc5e
    method: GET
  response:
    body: '{"id":"3597ba07-0778-47a1-a91e-699ff6d8dc5e", "name":"cli-test", "organization_id":"fa1e3217-dc80-42ac-85c3-3f034b78b552",
      "project_id":"fa1e3217-dc80-42ac-85c3-3f034b78b552", "status":"provisioning",
      "engine":"PostgreSQL-12", "upgradable_version":[{"id":"2e670f5c-493b-443f-92bd-986f23da2750",
      "name":"PostgreSQL-13", "version":"13", "minor_version":"13.12"}, {"id":"2988cc5e-e0dd-48ba-bd8b-b394db1fc6b9",
      "name":"PostgreSQL-14", "version":"14", "minor_version":"14.9"}, {"id":"d6fa23a8-ff53-464e-b0b0-4c4a3c1eb87d",
      "name":"PostgreSQL-15", "version":"15", "minor_version":"15.4"}], "endpoint":null,
      "tags":[], "settings":[], "backup_schedule":{"frequency":24, "retention":7,
      "disabled":false, "next_run_at":"2023-11-09T21:43:10.559981Z"}, "is_ha_cluster":false,
      "read_replicas":[], "node_type":"db-dev-s", "volume":{"type":"lssd", "size":5000000000,
      "class":"lssd"}, "init_settings":[], "endpoints":[], "logs_policy":{"max_age_retention":30,
      "total_disk_retention":null}, "backup_same_region":false, "maintenances":[],
      "created_at":"2023-11-08T21:43:10.559981Z", "region":"fr-par"}'
    headers:
      Content-Length:
      - "1083"
      Content-Security-Policy:
      - default-src 'none'; frame-ancestors 'none'
      Content-Type:
      - application/json
      Date:
      - Wed, 08 Nov 2023 21:43:41 GMT
      Server:
      - Scaleway API-Gateway
      Strict-Transport-Security:
      - max-age=63072000
      X-Content-Type-Options:
      - nosniff
      X-Frame-Options:
      - DENY
      X-Request-Id:
      - 97401e0c-7677-434f-8b58-96699a617fd1
    status: 200 OK
    code: 200
    duration: ""
- request:
    body: '{"id":"3597ba07-0778-47a1-a91e-699ff6d8dc5e", "name":"cli-test", "organization_id":"fa1e3217-dc80-42ac-85c3-3f034b78b552",
      "project_id":"fa1e3217-dc80-42ac-85c3-3f034b78b552", "status":"initializing",
      "engine":"PostgreSQL-12", "upgradable_version":[{"id":"2e670f5c-493b-443f-92bd-986f23da2750",
      "name":"PostgreSQL-13", "version":"13", "minor_version":"13.12"}, {"id":"2988cc5e-e0dd-48ba-bd8b-b394db1fc6b9",
      "name":"PostgreSQL-14", "version":"14", "minor_version":"14.9"}, {"id":"d6fa23a8-ff53-464e-b0b0-4c4a3c1eb87d",
      "name":"PostgreSQL-15", "version":"15", "minor_version":"15.4"}], "endpoint":null,
      "tags":[], "settings":[], "backup_schedule":{"frequency":24, "retention":7,
      "disabled":false, "next_run_at":"2023-11-09T21:43:10.559981Z"}, "is_ha_cluster":false,
      "read_replicas":[], "node_type":"db-dev-s", "volume":{"type":"lssd", "size":5000000000,
      "class":"lssd"}, "init_settings":[], "endpoints":[], "logs_policy":{"max_age_retention":30,
      "total_disk_retention":null}, "backup_same_region":false, "maintenances":[],
      "created_at":"2023-11-08T21:43:10.559981Z", "region":"fr-par"}'
    form: {}
    headers:
      User-Agent:
      - scaleway-sdk-go/v1.0.0-beta.7+dev (go1.20.4; linux; amd64) cli-e2e-test
    url: https://api.scaleway.com/rdb/v1/regions/fr-par/instances/3597ba07-0778-47a1-a91e-699ff6d8dc5e
    method: GET
  response:
    body: '{"id":"3597ba07-0778-47a1-a91e-699ff6d8dc5e", "name":"cli-test", "organization_id":"fa1e3217-dc80-42ac-85c3-3f034b78b552",
      "project_id":"fa1e3217-dc80-42ac-85c3-3f034b78b552", "status":"initializing",
      "engine":"PostgreSQL-12", "upgradable_version":[{"id":"2e670f5c-493b-443f-92bd-986f23da2750",
      "name":"PostgreSQL-13", "version":"13", "minor_version":"13.12"}, {"id":"2988cc5e-e0dd-48ba-bd8b-b394db1fc6b9",
      "name":"PostgreSQL-14", "version":"14", "minor_version":"14.9"}, {"id":"d6fa23a8-ff53-464e-b0b0-4c4a3c1eb87d",
      "name":"PostgreSQL-15", "version":"15", "minor_version":"15.4"}], "endpoint":null,
      "tags":[], "settings":[], "backup_schedule":{"frequency":24, "retention":7,
      "disabled":false, "next_run_at":"2023-11-09T21:43:10.559981Z"}, "is_ha_cluster":false,
      "read_replicas":[], "node_type":"db-dev-s", "volume":{"type":"lssd", "size":5000000000,
      "class":"lssd"}, "init_settings":[], "endpoints":[], "logs_policy":{"max_age_retention":30,
      "total_disk_retention":null}, "backup_same_region":false, "maintenances":[],
      "created_at":"2023-11-08T21:43:10.559981Z", "region":"fr-par"}'
    headers:
      Content-Length:
      - "1083"
      Content-Security-Policy:
      - default-src 'none'; frame-ancestors 'none'
      Content-Type:
      - application/json
      Date:
      - Wed, 08 Nov 2023 21:43:56 GMT
      Server:
      - Scaleway API-Gateway
      Strict-Transport-Security:
      - max-age=63072000
      X-Content-Type-Options:
      - nosniff
      X-Frame-Options:
      - DENY
      X-Request-Id:
      - 8c946f96-7a1f-4a09-b49a-95eed568e5f0
    status: 200 OK
    code: 200
    duration: ""
- request:
    body: '{"id":"3597ba07-0778-47a1-a91e-699ff6d8dc5e", "name":"cli-test", "organization_id":"fa1e3217-dc80-42ac-85c3-3f034b78b552",
      "project_id":"fa1e3217-dc80-42ac-85c3-3f034b78b552", "status":"initializing",
      "engine":"PostgreSQL-12", "upgradable_version":[{"id":"2e670f5c-493b-443f-92bd-986f23da2750",
      "name":"PostgreSQL-13", "version":"13", "minor_version":"13.12"}, {"id":"2988cc5e-e0dd-48ba-bd8b-b394db1fc6b9",
      "name":"PostgreSQL-14", "version":"14", "minor_version":"14.9"}, {"id":"d6fa23a8-ff53-464e-b0b0-4c4a3c1eb87d",
      "name":"PostgreSQL-15", "version":"15", "minor_version":"15.4"}], "endpoint":null,
      "tags":[], "settings":[], "backup_schedule":{"frequency":24, "retention":7,
      "disabled":false, "next_run_at":"2023-11-09T21:43:10.559981Z"}, "is_ha_cluster":false,
      "read_replicas":[], "node_type":"db-dev-s", "volume":{"type":"lssd", "size":5000000000,
      "class":"lssd"}, "init_settings":[], "endpoints":[], "logs_policy":{"max_age_retention":30,
      "total_disk_retention":null}, "backup_same_region":false, "maintenances":[],
      "created_at":"2023-11-08T21:43:10.559981Z", "region":"fr-par"}'
    form: {}
    headers:
      User-Agent:
      - scaleway-sdk-go/v1.0.0-beta.7+dev (go1.20.4; linux; amd64) cli-e2e-test
    url: https://api.scaleway.com/rdb/v1/regions/fr-par/instances/3597ba07-0778-47a1-a91e-699ff6d8dc5e
    method: GET
  response:
    body: '{"id":"3597ba07-0778-47a1-a91e-699ff6d8dc5e", "name":"cli-test", "organization_id":"fa1e3217-dc80-42ac-85c3-3f034b78b552",
      "project_id":"fa1e3217-dc80-42ac-85c3-3f034b78b552", "status":"initializing",
      "engine":"PostgreSQL-12", "upgradable_version":[{"id":"2e670f5c-493b-443f-92bd-986f23da2750",
      "name":"PostgreSQL-13", "version":"13", "minor_version":"13.12"}, {"id":"2988cc5e-e0dd-48ba-bd8b-b394db1fc6b9",
      "name":"PostgreSQL-14", "version":"14", "minor_version":"14.9"}, {"id":"d6fa23a8-ff53-464e-b0b0-4c4a3c1eb87d",
      "name":"PostgreSQL-15", "version":"15", "minor_version":"15.4"}], "endpoint":null,
      "tags":[], "settings":[], "backup_schedule":{"frequency":24, "retention":7,
      "disabled":false, "next_run_at":"2023-11-09T21:43:10.559981Z"}, "is_ha_cluster":false,
      "read_replicas":[], "node_type":"db-dev-s", "volume":{"type":"lssd", "size":5000000000,
      "class":"lssd"}, "init_settings":[], "endpoints":[], "logs_policy":{"max_age_retention":30,
      "total_disk_retention":null}, "backup_same_region":false, "maintenances":[],
      "created_at":"2023-11-08T21:43:10.559981Z", "region":"fr-par"}'
    headers:
      Content-Length:
      - "1083"
      Content-Security-Policy:
      - default-src 'none'; frame-ancestors 'none'
      Content-Type:
      - application/json
      Date:
      - Wed, 08 Nov 2023 21:44:11 GMT
      Server:
      - Scaleway API-Gateway
      Strict-Transport-Security:
      - max-age=63072000
      X-Content-Type-Options:
      - nosniff
      X-Frame-Options:
      - DENY
      X-Request-Id:
      - 5580f270-5696-4374-8333-26a3f3025e74
    status: 200 OK
    code: 200
    duration: ""
- request:
    body: '{"id":"3597ba07-0778-47a1-a91e-699ff6d8dc5e", "name":"cli-test", "organization_id":"fa1e3217-dc80-42ac-85c3-3f034b78b552",
      "project_id":"fa1e3217-dc80-42ac-85c3-3f034b78b552", "status":"initializing",
      "engine":"PostgreSQL-12", "upgradable_version":[{"id":"2e670f5c-493b-443f-92bd-986f23da2750",
      "name":"PostgreSQL-13", "version":"13", "minor_version":"13.12"}, {"id":"2988cc5e-e0dd-48ba-bd8b-b394db1fc6b9",
      "name":"PostgreSQL-14", "version":"14", "minor_version":"14.9"}, {"id":"d6fa23a8-ff53-464e-b0b0-4c4a3c1eb87d",
      "name":"PostgreSQL-15", "version":"15", "minor_version":"15.4"}], "endpoint":null,
      "tags":[], "settings":[], "backup_schedule":{"frequency":24, "retention":7,
      "disabled":false, "next_run_at":"2023-11-09T21:43:10.559981Z"}, "is_ha_cluster":false,
      "read_replicas":[], "node_type":"db-dev-s", "volume":{"type":"lssd", "size":5000000000,
      "class":"lssd"}, "init_settings":[], "endpoints":[], "logs_policy":{"max_age_retention":30,
      "total_disk_retention":null}, "backup_same_region":false, "maintenances":[],
      "created_at":"2023-11-08T21:43:10.559981Z", "region":"fr-par"}'
    form: {}
    headers:
      User-Agent:
      - scaleway-sdk-go/v1.0.0-beta.7+dev (go1.20.4; linux; amd64) cli-e2e-test
    url: https://api.scaleway.com/rdb/v1/regions/fr-par/instances/3597ba07-0778-47a1-a91e-699ff6d8dc5e
    method: GET
  response:
    body: '{"id":"3597ba07-0778-47a1-a91e-699ff6d8dc5e", "name":"cli-test", "organization_id":"fa1e3217-dc80-42ac-85c3-3f034b78b552",
      "project_id":"fa1e3217-dc80-42ac-85c3-3f034b78b552", "status":"initializing",
      "engine":"PostgreSQL-12", "upgradable_version":[{"id":"2e670f5c-493b-443f-92bd-986f23da2750",
      "name":"PostgreSQL-13", "version":"13", "minor_version":"13.12"}, {"id":"2988cc5e-e0dd-48ba-bd8b-b394db1fc6b9",
      "name":"PostgreSQL-14", "version":"14", "minor_version":"14.9"}, {"id":"d6fa23a8-ff53-464e-b0b0-4c4a3c1eb87d",
      "name":"PostgreSQL-15", "version":"15", "minor_version":"15.4"}], "endpoint":null,
      "tags":[], "settings":[], "backup_schedule":{"frequency":24, "retention":7,
      "disabled":false, "next_run_at":"2023-11-09T21:43:10.559981Z"}, "is_ha_cluster":false,
      "read_replicas":[], "node_type":"db-dev-s", "volume":{"type":"lssd", "size":5000000000,
      "class":"lssd"}, "init_settings":[], "endpoints":[], "logs_policy":{"max_age_retention":30,
      "total_disk_retention":null}, "backup_same_region":false, "maintenances":[],
      "created_at":"2023-11-08T21:43:10.559981Z", "region":"fr-par"}'
    headers:
      Content-Length:
      - "1083"
      Content-Security-Policy:
      - default-src 'none'; frame-ancestors 'none'
      Content-Type:
      - application/json
      Date:
      - Wed, 08 Nov 2023 21:44:26 GMT
      Server:
      - Scaleway API-Gateway
      Strict-Transport-Security:
      - max-age=63072000
      X-Content-Type-Options:
      - nosniff
      X-Frame-Options:
      - DENY
      X-Request-Id:
      - 6fd93bed-0dad-4f57-937b-dafa92a94367
    status: 200 OK
    code: 200
    duration: ""
- request:
    body: '{"id":"3597ba07-0778-47a1-a91e-699ff6d8dc5e", "name":"cli-test", "organization_id":"fa1e3217-dc80-42ac-85c3-3f034b78b552",
      "project_id":"fa1e3217-dc80-42ac-85c3-3f034b78b552", "status":"initializing",
      "engine":"PostgreSQL-12", "upgradable_version":[{"id":"2e670f5c-493b-443f-92bd-986f23da2750",
      "name":"PostgreSQL-13", "version":"13", "minor_version":"13.12"}, {"id":"2988cc5e-e0dd-48ba-bd8b-b394db1fc6b9",
      "name":"PostgreSQL-14", "version":"14", "minor_version":"14.9"}, {"id":"d6fa23a8-ff53-464e-b0b0-4c4a3c1eb87d",
      "name":"PostgreSQL-15", "version":"15", "minor_version":"15.4"}], "endpoint":null,
      "tags":[], "settings":[], "backup_schedule":{"frequency":24, "retention":7,
      "disabled":false, "next_run_at":"2023-11-09T21:43:10.559981Z"}, "is_ha_cluster":false,
      "read_replicas":[], "node_type":"db-dev-s", "volume":{"type":"lssd", "size":5000000000,
      "class":"lssd"}, "init_settings":[], "endpoints":[], "logs_policy":{"max_age_retention":30,
      "total_disk_retention":null}, "backup_same_region":false, "maintenances":[],
      "created_at":"2023-11-08T21:43:10.559981Z", "region":"fr-par"}'
    form: {}
    headers:
      User-Agent:
      - scaleway-sdk-go/v1.0.0-beta.7+dev (go1.20.4; linux; amd64) cli-e2e-test
    url: https://api.scaleway.com/rdb/v1/regions/fr-par/instances/3597ba07-0778-47a1-a91e-699ff6d8dc5e
    method: GET
  response:
    body: '{"id":"3597ba07-0778-47a1-a91e-699ff6d8dc5e", "name":"cli-test", "organization_id":"fa1e3217-dc80-42ac-85c3-3f034b78b552",
      "project_id":"fa1e3217-dc80-42ac-85c3-3f034b78b552", "status":"initializing",
      "engine":"PostgreSQL-12", "upgradable_version":[{"id":"2e670f5c-493b-443f-92bd-986f23da2750",
      "name":"PostgreSQL-13", "version":"13", "minor_version":"13.12"}, {"id":"2988cc5e-e0dd-48ba-bd8b-b394db1fc6b9",
      "name":"PostgreSQL-14", "version":"14", "minor_version":"14.9"}, {"id":"d6fa23a8-ff53-464e-b0b0-4c4a3c1eb87d",
      "name":"PostgreSQL-15", "version":"15", "minor_version":"15.4"}], "endpoint":null,
      "tags":[], "settings":[], "backup_schedule":{"frequency":24, "retention":7,
      "disabled":false, "next_run_at":"2023-11-09T21:43:10.559981Z"}, "is_ha_cluster":false,
      "read_replicas":[], "node_type":"db-dev-s", "volume":{"type":"lssd", "size":5000000000,
      "class":"lssd"}, "init_settings":[], "endpoints":[], "logs_policy":{"max_age_retention":30,
      "total_disk_retention":null}, "backup_same_region":false, "maintenances":[],
      "created_at":"2023-11-08T21:43:10.559981Z", "region":"fr-par"}'
    headers:
      Content-Length:
      - "1083"
      Content-Security-Policy:
      - default-src 'none'; frame-ancestors 'none'
      Content-Type:
      - application/json
      Date:
      - Wed, 08 Nov 2023 21:44:42 GMT
      Server:
      - Scaleway API-Gateway
      Strict-Transport-Security:
      - max-age=63072000
      X-Content-Type-Options:
      - nosniff
      X-Frame-Options:
      - DENY
      X-Request-Id:
      - 8c4d08c2-0458-4fe2-a453-3381162326f4
    status: 200 OK
    code: 200
    duration: ""
- request:
    body: '{"id":"3597ba07-0778-47a1-a91e-699ff6d8dc5e", "name":"cli-test", "organization_id":"fa1e3217-dc80-42ac-85c3-3f034b78b552",
      "project_id":"fa1e3217-dc80-42ac-85c3-3f034b78b552", "status":"initializing",
      "engine":"PostgreSQL-12", "upgradable_version":[{"id":"2e670f5c-493b-443f-92bd-986f23da2750",
      "name":"PostgreSQL-13", "version":"13", "minor_version":"13.12"}, {"id":"2988cc5e-e0dd-48ba-bd8b-b394db1fc6b9",
      "name":"PostgreSQL-14", "version":"14", "minor_version":"14.9"}, {"id":"d6fa23a8-ff53-464e-b0b0-4c4a3c1eb87d",
      "name":"PostgreSQL-15", "version":"15", "minor_version":"15.4"}], "endpoint":null,
      "tags":[], "settings":[], "backup_schedule":{"frequency":24, "retention":7,
      "disabled":false, "next_run_at":"2023-11-09T21:43:10.559981Z"}, "is_ha_cluster":false,
      "read_replicas":[], "node_type":"db-dev-s", "volume":{"type":"lssd", "size":5000000000,
      "class":"lssd"}, "init_settings":[], "endpoints":[], "logs_policy":{"max_age_retention":30,
      "total_disk_retention":null}, "backup_same_region":false, "maintenances":[],
      "created_at":"2023-11-08T21:43:10.559981Z", "region":"fr-par"}'
    form: {}
    headers:
      User-Agent:
      - scaleway-sdk-go/v1.0.0-beta.7+dev (go1.20.4; linux; amd64) cli-e2e-test
    url: https://api.scaleway.com/rdb/v1/regions/fr-par/instances/3597ba07-0778-47a1-a91e-699ff6d8dc5e
    method: GET
  response:
    body: '{"id":"3597ba07-0778-47a1-a91e-699ff6d8dc5e", "name":"cli-test", "organization_id":"fa1e3217-dc80-42ac-85c3-3f034b78b552",
      "project_id":"fa1e3217-dc80-42ac-85c3-3f034b78b552", "status":"initializing",
      "engine":"PostgreSQL-12", "upgradable_version":[{"id":"2e670f5c-493b-443f-92bd-986f23da2750",
      "name":"PostgreSQL-13", "version":"13", "minor_version":"13.12"}, {"id":"2988cc5e-e0dd-48ba-bd8b-b394db1fc6b9",
      "name":"PostgreSQL-14", "version":"14", "minor_version":"14.9"}, {"id":"d6fa23a8-ff53-464e-b0b0-4c4a3c1eb87d",
      "name":"PostgreSQL-15", "version":"15", "minor_version":"15.4"}], "endpoint":null,
      "tags":[], "settings":[], "backup_schedule":{"frequency":24, "retention":7,
      "disabled":false, "next_run_at":"2023-11-09T21:43:10.559981Z"}, "is_ha_cluster":false,
      "read_replicas":[], "node_type":"db-dev-s", "volume":{"type":"lssd", "size":5000000000,
      "class":"lssd"}, "init_settings":[], "endpoints":[], "logs_policy":{"max_age_retention":30,
      "total_disk_retention":null}, "backup_same_region":false, "maintenances":[],
      "created_at":"2023-11-08T21:43:10.559981Z", "region":"fr-par"}'
    headers:
      Content-Length:
      - "1083"
      Content-Security-Policy:
      - default-src 'none'; frame-ancestors 'none'
      Content-Type:
      - application/json
      Date:
      - Wed, 08 Nov 2023 21:44:57 GMT
      Server:
      - Scaleway API-Gateway
      Strict-Transport-Security:
      - max-age=63072000
      X-Content-Type-Options:
      - nosniff
      X-Frame-Options:
      - DENY
      X-Request-Id:
      - 095dcecd-db2b-485d-8519-ff3a425b8179
    status: 200 OK
    code: 200
    duration: ""
- request:
    body: '{"id":"3597ba07-0778-47a1-a91e-699ff6d8dc5e", "name":"cli-test", "organization_id":"fa1e3217-dc80-42ac-85c3-3f034b78b552",
      "project_id":"fa1e3217-dc80-42ac-85c3-3f034b78b552", "status":"initializing",
      "engine":"PostgreSQL-12", "upgradable_version":[{"id":"2e670f5c-493b-443f-92bd-986f23da2750",
      "name":"PostgreSQL-13", "version":"13", "minor_version":"13.12"}, {"id":"2988cc5e-e0dd-48ba-bd8b-b394db1fc6b9",
      "name":"PostgreSQL-14", "version":"14", "minor_version":"14.9"}, {"id":"d6fa23a8-ff53-464e-b0b0-4c4a3c1eb87d",
      "name":"PostgreSQL-15", "version":"15", "minor_version":"15.4"}], "endpoint":null,
      "tags":[], "settings":[], "backup_schedule":{"frequency":24, "retention":7,
      "disabled":false, "next_run_at":"2023-11-09T21:43:10.559981Z"}, "is_ha_cluster":false,
      "read_replicas":[], "node_type":"db-dev-s", "volume":{"type":"lssd", "size":5000000000,
      "class":"lssd"}, "init_settings":[], "endpoints":[], "logs_policy":{"max_age_retention":30,
      "total_disk_retention":null}, "backup_same_region":false, "maintenances":[],
      "created_at":"2023-11-08T21:43:10.559981Z", "region":"fr-par"}'
    form: {}
    headers:
      User-Agent:
      - scaleway-sdk-go/v1.0.0-beta.7+dev (go1.20.4; linux; amd64) cli-e2e-test
    url: https://api.scaleway.com/rdb/v1/regions/fr-par/instances/3597ba07-0778-47a1-a91e-699ff6d8dc5e
    method: GET
  response:
    body: '{"id":"3597ba07-0778-47a1-a91e-699ff6d8dc5e", "name":"cli-test", "organization_id":"fa1e3217-dc80-42ac-85c3-3f034b78b552",
      "project_id":"fa1e3217-dc80-42ac-85c3-3f034b78b552", "status":"initializing",
      "engine":"PostgreSQL-12", "upgradable_version":[{"id":"2e670f5c-493b-443f-92bd-986f23da2750",
      "name":"PostgreSQL-13", "version":"13", "minor_version":"13.12"}, {"id":"2988cc5e-e0dd-48ba-bd8b-b394db1fc6b9",
      "name":"PostgreSQL-14", "version":"14", "minor_version":"14.9"}, {"id":"d6fa23a8-ff53-464e-b0b0-4c4a3c1eb87d",
      "name":"PostgreSQL-15", "version":"15", "minor_version":"15.4"}], "endpoint":null,
      "tags":[], "settings":[], "backup_schedule":{"frequency":24, "retention":7,
      "disabled":false, "next_run_at":"2023-11-09T21:43:10.559981Z"}, "is_ha_cluster":false,
      "read_replicas":[], "node_type":"db-dev-s", "volume":{"type":"lssd", "size":5000000000,
      "class":"lssd"}, "init_settings":[], "endpoints":[], "logs_policy":{"max_age_retention":30,
      "total_disk_retention":null}, "backup_same_region":false, "maintenances":[],
      "created_at":"2023-11-08T21:43:10.559981Z", "region":"fr-par"}'
    headers:
      Content-Length:
      - "1083"
      Content-Security-Policy:
      - default-src 'none'; frame-ancestors 'none'
      Content-Type:
      - application/json
      Date:
      - Wed, 08 Nov 2023 21:45:12 GMT
      Server:
      - Scaleway API-Gateway
      Strict-Transport-Security:
      - max-age=63072000
      X-Content-Type-Options:
      - nosniff
      X-Frame-Options:
      - DENY
      X-Request-Id:
      - e163009e-03f4-4736-98d5-3efc589ef661
    status: 200 OK
    code: 200
    duration: ""
- request:
    body: '{"id":"3597ba07-0778-47a1-a91e-699ff6d8dc5e", "name":"cli-test", "organization_id":"fa1e3217-dc80-42ac-85c3-3f034b78b552",
      "project_id":"fa1e3217-dc80-42ac-85c3-3f034b78b552", "status":"initializing",
      "engine":"PostgreSQL-12", "upgradable_version":[{"id":"2e670f5c-493b-443f-92bd-986f23da2750",
      "name":"PostgreSQL-13", "version":"13", "minor_version":"13.12"}, {"id":"2988cc5e-e0dd-48ba-bd8b-b394db1fc6b9",
      "name":"PostgreSQL-14", "version":"14", "minor_version":"14.9"}, {"id":"d6fa23a8-ff53-464e-b0b0-4c4a3c1eb87d",
      "name":"PostgreSQL-15", "version":"15", "minor_version":"15.4"}], "endpoint":null,
      "tags":[], "settings":[], "backup_schedule":{"frequency":24, "retention":7,
      "disabled":false, "next_run_at":"2023-11-09T21:43:10.559981Z"}, "is_ha_cluster":false,
      "read_replicas":[], "node_type":"db-dev-s", "volume":{"type":"lssd", "size":5000000000,
      "class":"lssd"}, "init_settings":[], "endpoints":[], "logs_policy":{"max_age_retention":30,
      "total_disk_retention":null}, "backup_same_region":false, "maintenances":[],
      "created_at":"2023-11-08T21:43:10.559981Z", "region":"fr-par"}'
    form: {}
    headers:
      User-Agent:
      - scaleway-sdk-go/v1.0.0-beta.7+dev (go1.20.4; linux; amd64) cli-e2e-test
    url: https://api.scaleway.com/rdb/v1/regions/fr-par/instances/3597ba07-0778-47a1-a91e-699ff6d8dc5e
    method: GET
  response:
    body: '{"id":"3597ba07-0778-47a1-a91e-699ff6d8dc5e", "name":"cli-test", "organization_id":"fa1e3217-dc80-42ac-85c3-3f034b78b552",
      "project_id":"fa1e3217-dc80-42ac-85c3-3f034b78b552", "status":"initializing",
      "engine":"PostgreSQL-12", "upgradable_version":[{"id":"2e670f5c-493b-443f-92bd-986f23da2750",
      "name":"PostgreSQL-13", "version":"13", "minor_version":"13.12"}, {"id":"2988cc5e-e0dd-48ba-bd8b-b394db1fc6b9",
      "name":"PostgreSQL-14", "version":"14", "minor_version":"14.9"}, {"id":"d6fa23a8-ff53-464e-b0b0-4c4a3c1eb87d",
      "name":"PostgreSQL-15", "version":"15", "minor_version":"15.4"}], "endpoint":null,
      "tags":[], "settings":[], "backup_schedule":{"frequency":24, "retention":7,
      "disabled":false, "next_run_at":"2023-11-09T21:43:10.559981Z"}, "is_ha_cluster":false,
      "read_replicas":[], "node_type":"db-dev-s", "volume":{"type":"lssd", "size":5000000000,
      "class":"lssd"}, "init_settings":[], "endpoints":[], "logs_policy":{"max_age_retention":30,
      "total_disk_retention":null}, "backup_same_region":false, "maintenances":[],
      "created_at":"2023-11-08T21:43:10.559981Z", "region":"fr-par"}'
    headers:
      Content-Length:
      - "1083"
      Content-Security-Policy:
      - default-src 'none'; frame-ancestors 'none'
      Content-Type:
      - application/json
      Date:
      - Wed, 08 Nov 2023 21:45:27 GMT
      Server:
      - Scaleway API-Gateway
      Strict-Transport-Security:
      - max-age=63072000
      X-Content-Type-Options:
      - nosniff
      X-Frame-Options:
      - DENY
      X-Request-Id:
      - 72879dff-ac01-4c3d-adca-593918c39033
    status: 200 OK
    code: 200
    duration: ""
- request:
    body: '{"id":"3597ba07-0778-47a1-a91e-699ff6d8dc5e", "name":"cli-test", "organization_id":"fa1e3217-dc80-42ac-85c3-3f034b78b552",
      "project_id":"fa1e3217-dc80-42ac-85c3-3f034b78b552", "status":"initializing",
      "engine":"PostgreSQL-12", "upgradable_version":[{"id":"2e670f5c-493b-443f-92bd-986f23da2750",
      "name":"PostgreSQL-13", "version":"13", "minor_version":"13.12"}, {"id":"2988cc5e-e0dd-48ba-bd8b-b394db1fc6b9",
      "name":"PostgreSQL-14", "version":"14", "minor_version":"14.9"}, {"id":"d6fa23a8-ff53-464e-b0b0-4c4a3c1eb87d",
      "name":"PostgreSQL-15", "version":"15", "minor_version":"15.4"}], "endpoint":null,
      "tags":[], "settings":[], "backup_schedule":{"frequency":24, "retention":7,
      "disabled":false, "next_run_at":"2023-11-09T21:43:10.559981Z"}, "is_ha_cluster":false,
      "read_replicas":[], "node_type":"db-dev-s", "volume":{"type":"lssd", "size":5000000000,
      "class":"lssd"}, "init_settings":[], "endpoints":[], "logs_policy":{"max_age_retention":30,
      "total_disk_retention":null}, "backup_same_region":false, "maintenances":[],
      "created_at":"2023-11-08T21:43:10.559981Z", "region":"fr-par"}'
    form: {}
    headers:
      User-Agent:
      - scaleway-sdk-go/v1.0.0-beta.7+dev (go1.20.4; linux; amd64) cli-e2e-test
    url: https://api.scaleway.com/rdb/v1/regions/fr-par/instances/3597ba07-0778-47a1-a91e-699ff6d8dc5e
    method: GET
  response:
    body: '{"id":"3597ba07-0778-47a1-a91e-699ff6d8dc5e", "name":"cli-test", "organization_id":"fa1e3217-dc80-42ac-85c3-3f034b78b552",
      "project_id":"fa1e3217-dc80-42ac-85c3-3f034b78b552", "status":"initializing",
      "engine":"PostgreSQL-12", "upgradable_version":[{"id":"2e670f5c-493b-443f-92bd-986f23da2750",
      "name":"PostgreSQL-13", "version":"13", "minor_version":"13.12"}, {"id":"2988cc5e-e0dd-48ba-bd8b-b394db1fc6b9",
      "name":"PostgreSQL-14", "version":"14", "minor_version":"14.9"}, {"id":"d6fa23a8-ff53-464e-b0b0-4c4a3c1eb87d",
      "name":"PostgreSQL-15", "version":"15", "minor_version":"15.4"}], "endpoint":null,
      "tags":[], "settings":[], "backup_schedule":{"frequency":24, "retention":7,
      "disabled":false, "next_run_at":"2023-11-09T21:43:10.559981Z"}, "is_ha_cluster":false,
      "read_replicas":[], "node_type":"db-dev-s", "volume":{"type":"lssd", "size":5000000000,
      "class":"lssd"}, "init_settings":[], "endpoints":[], "logs_policy":{"max_age_retention":30,
      "total_disk_retention":null}, "backup_same_region":false, "maintenances":[],
      "created_at":"2023-11-08T21:43:10.559981Z", "region":"fr-par"}'
    headers:
      Content-Length:
      - "1083"
      Content-Security-Policy:
      - default-src 'none'; frame-ancestors 'none'
      Content-Type:
      - application/json
      Date:
      - Wed, 08 Nov 2023 21:45:42 GMT
      Server:
      - Scaleway API-Gateway
      Strict-Transport-Security:
      - max-age=63072000
      X-Content-Type-Options:
      - nosniff
      X-Frame-Options:
      - DENY
      X-Request-Id:
      - fa96ae2a-ebc4-49ef-ba39-dc7d88a09acd
    status: 200 OK
    code: 200
    duration: ""
- request:
    body: '{"id":"3597ba07-0778-47a1-a91e-699ff6d8dc5e", "name":"cli-test", "organization_id":"fa1e3217-dc80-42ac-85c3-3f034b78b552",
      "project_id":"fa1e3217-dc80-42ac-85c3-3f034b78b552", "status":"initializing",
      "engine":"PostgreSQL-12", "upgradable_version":[{"id":"2e670f5c-493b-443f-92bd-986f23da2750",
      "name":"PostgreSQL-13", "version":"13", "minor_version":"13.12"}, {"id":"2988cc5e-e0dd-48ba-bd8b-b394db1fc6b9",
      "name":"PostgreSQL-14", "version":"14", "minor_version":"14.9"}, {"id":"d6fa23a8-ff53-464e-b0b0-4c4a3c1eb87d",
      "name":"PostgreSQL-15", "version":"15", "minor_version":"15.4"}], "endpoint":null,
      "tags":[], "settings":[], "backup_schedule":{"frequency":24, "retention":7,
      "disabled":false, "next_run_at":"2023-11-09T21:43:10.559981Z"}, "is_ha_cluster":false,
      "read_replicas":[], "node_type":"db-dev-s", "volume":{"type":"lssd", "size":5000000000,
      "class":"lssd"}, "init_settings":[], "endpoints":[], "logs_policy":{"max_age_retention":30,
      "total_disk_retention":null}, "backup_same_region":false, "maintenances":[],
      "created_at":"2023-11-08T21:43:10.559981Z", "region":"fr-par"}'
    form: {}
    headers:
      User-Agent:
      - scaleway-sdk-go/v1.0.0-beta.7+dev (go1.20.4; linux; amd64) cli-e2e-test
    url: https://api.scaleway.com/rdb/v1/regions/fr-par/instances/3597ba07-0778-47a1-a91e-699ff6d8dc5e
    method: GET
  response:
    body: '{"id":"3597ba07-0778-47a1-a91e-699ff6d8dc5e", "name":"cli-test", "organization_id":"fa1e3217-dc80-42ac-85c3-3f034b78b552",
      "project_id":"fa1e3217-dc80-42ac-85c3-3f034b78b552", "status":"initializing",
      "engine":"PostgreSQL-12", "upgradable_version":[{"id":"2e670f5c-493b-443f-92bd-986f23da2750",
      "name":"PostgreSQL-13", "version":"13", "minor_version":"13.12"}, {"id":"2988cc5e-e0dd-48ba-bd8b-b394db1fc6b9",
      "name":"PostgreSQL-14", "version":"14", "minor_version":"14.9"}, {"id":"d6fa23a8-ff53-464e-b0b0-4c4a3c1eb87d",
      "name":"PostgreSQL-15", "version":"15", "minor_version":"15.4"}], "endpoint":null,
      "tags":[], "settings":[], "backup_schedule":{"frequency":24, "retention":7,
      "disabled":false, "next_run_at":"2023-11-09T21:43:10.559981Z"}, "is_ha_cluster":false,
      "read_replicas":[], "node_type":"db-dev-s", "volume":{"type":"lssd", "size":5000000000,
      "class":"lssd"}, "init_settings":[], "endpoints":[], "logs_policy":{"max_age_retention":30,
      "total_disk_retention":null}, "backup_same_region":false, "maintenances":[],
      "created_at":"2023-11-08T21:43:10.559981Z", "region":"fr-par"}'
    headers:
      Content-Length:
      - "1083"
      Content-Security-Policy:
      - default-src 'none'; frame-ancestors 'none'
      Content-Type:
      - application/json
      Date:
      - Wed, 08 Nov 2023 21:45:58 GMT
      Server:
      - Scaleway API-Gateway
      Strict-Transport-Security:
      - max-age=63072000
      X-Content-Type-Options:
      - nosniff
      X-Frame-Options:
      - DENY
      X-Request-Id:
      - a40af16d-c2af-45fc-b9f8-6e7374d7694c
    status: 200 OK
    code: 200
    duration: ""
- request:
    body: '{"id":"3597ba07-0778-47a1-a91e-699ff6d8dc5e", "name":"cli-test", "organization_id":"fa1e3217-dc80-42ac-85c3-3f034b78b552",
      "project_id":"fa1e3217-dc80-42ac-85c3-3f034b78b552", "status":"initializing",
      "engine":"PostgreSQL-12", "upgradable_version":[{"id":"2e670f5c-493b-443f-92bd-986f23da2750",
      "name":"PostgreSQL-13", "version":"13", "minor_version":"13.12"}, {"id":"2988cc5e-e0dd-48ba-bd8b-b394db1fc6b9",
      "name":"PostgreSQL-14", "version":"14", "minor_version":"14.9"}, {"id":"d6fa23a8-ff53-464e-b0b0-4c4a3c1eb87d",
      "name":"PostgreSQL-15", "version":"15", "minor_version":"15.4"}], "endpoint":null,
      "tags":[], "settings":[{"name":"effective_cache_size", "value":"1300"}, {"name":"maintenance_work_mem",
      "value":"150"}, {"name":"max_connections", "value":"100"}, {"name":"max_parallel_workers",
      "value":"0"}, {"name":"max_parallel_workers_per_gather", "value":"0"}, {"name":"work_mem",
      "value":"4"}], "backup_schedule":{"frequency":24, "retention":7, "disabled":false,
      "next_run_at":"2023-11-09T21:43:10.559981Z"}, "is_ha_cluster":false, "read_replicas":[],
      "node_type":"db-dev-s", "volume":{"type":"lssd", "size":5000000000, "class":"lssd"},
      "init_settings":[], "endpoints":[], "logs_policy":{"max_age_retention":30, "total_disk_retention":null},
      "backup_same_region":false, "maintenances":[], "created_at":"2023-11-08T21:43:10.559981Z",
      "region":"fr-par"}'
    form: {}
    headers:
      User-Agent:
      - scaleway-sdk-go/v1.0.0-beta.7+dev (go1.20.4; linux; amd64) cli-e2e-test
    url: https://api.scaleway.com/rdb/v1/regions/fr-par/instances/3597ba07-0778-47a1-a91e-699ff6d8dc5e
    method: GET
  response:
    body: '{"id":"3597ba07-0778-47a1-a91e-699ff6d8dc5e", "name":"cli-test", "organization_id":"fa1e3217-dc80-42ac-85c3-3f034b78b552",
      "project_id":"fa1e3217-dc80-42ac-85c3-3f034b78b552", "status":"initializing",
      "engine":"PostgreSQL-12", "upgradable_version":[{"id":"2e670f5c-493b-443f-92bd-986f23da2750",
      "name":"PostgreSQL-13", "version":"13", "minor_version":"13.12"}, {"id":"2988cc5e-e0dd-48ba-bd8b-b394db1fc6b9",
      "name":"PostgreSQL-14", "version":"14", "minor_version":"14.9"}, {"id":"d6fa23a8-ff53-464e-b0b0-4c4a3c1eb87d",
      "name":"PostgreSQL-15", "version":"15", "minor_version":"15.4"}], "endpoint":null,
      "tags":[], "settings":[{"name":"effective_cache_size", "value":"1300"}, {"name":"maintenance_work_mem",
      "value":"150"}, {"name":"max_connections", "value":"100"}, {"name":"max_parallel_workers",
      "value":"0"}, {"name":"max_parallel_workers_per_gather", "value":"0"}, {"name":"work_mem",
      "value":"4"}], "backup_schedule":{"frequency":24, "retention":7, "disabled":false,
      "next_run_at":"2023-11-09T21:43:10.559981Z"}, "is_ha_cluster":false, "read_replicas":[],
      "node_type":"db-dev-s", "volume":{"type":"lssd", "size":5000000000, "class":"lssd"},
      "init_settings":[], "endpoints":[], "logs_policy":{"max_age_retention":30, "total_disk_retention":null},
      "backup_same_region":false, "maintenances":[], "created_at":"2023-11-08T21:43:10.559981Z",
      "region":"fr-par"}'
    headers:
      Content-Length:
      - "1358"
      Content-Security-Policy:
      - default-src 'none'; frame-ancestors 'none'
      Content-Type:
      - application/json
      Date:
      - Wed, 08 Nov 2023 21:46:13 GMT
      Server:
      - Scaleway API-Gateway
      Strict-Transport-Security:
      - max-age=63072000
      X-Content-Type-Options:
      - nosniff
      X-Frame-Options:
      - DENY
      X-Request-Id:
      - f0c3eeaa-e357-4374-acbe-d1027ee0dadd
    status: 200 OK
    code: 200
    duration: ""
- request:
    body: '{"id":"3597ba07-0778-47a1-a91e-699ff6d8dc5e", "name":"cli-test", "organization_id":"fa1e3217-dc80-42ac-85c3-3f034b78b552",
      "project_id":"fa1e3217-dc80-42ac-85c3-3f034b78b552", "status":"ready", "engine":"PostgreSQL-12",
      "upgradable_version":[{"id":"2e670f5c-493b-443f-92bd-986f23da2750", "name":"PostgreSQL-13",
      "version":"13", "minor_version":"13.12"}, {"id":"2988cc5e-e0dd-48ba-bd8b-b394db1fc6b9",
      "name":"PostgreSQL-14", "version":"14", "minor_version":"14.9"}, {"id":"d6fa23a8-ff53-464e-b0b0-4c4a3c1eb87d",
      "name":"PostgreSQL-15", "version":"15", "minor_version":"15.4"}], "endpoint":{"ip":"51.159.204.209",
      "port":5871, "name":null, "id":"83c59527-162b-4a50-992c-1be5f0aadfca", "load_balancer":{}},
      "tags":[], "settings":[{"name":"effective_cache_size", "value":"1300"}, {"name":"maintenance_work_mem",
      "value":"150"}, {"name":"max_connections", "value":"100"}, {"name":"max_parallel_workers",
      "value":"0"}, {"name":"max_parallel_workers_per_gather", "value":"0"}, {"name":"work_mem",
      "value":"4"}], "backup_schedule":{"frequency":24, "retention":7, "disabled":false,
      "next_run_at":"2023-11-09T21:43:10.559981Z"}, "is_ha_cluster":false, "read_replicas":[],
      "node_type":"db-dev-s", "volume":{"type":"lssd", "size":5000000000, "class":"lssd"},
      "init_settings":[], "endpoints":[{"ip":"51.159.204.209", "port":5871, "name":null,
      "id":"83c59527-162b-4a50-992c-1be5f0aadfca", "load_balancer":{}}], "logs_policy":{"max_age_retention":30,
      "total_disk_retention":null}, "backup_same_region":false, "maintenances":[],
      "created_at":"2023-11-08T21:43:10.559981Z", "region":"fr-par"}'
    form: {}
    headers:
      User-Agent:
      - scaleway-sdk-go/v1.0.0-beta.7+dev (go1.20.4; linux; amd64) cli-e2e-test
    url: https://api.scaleway.com/rdb/v1/regions/fr-par/instances/3597ba07-0778-47a1-a91e-699ff6d8dc5e
    method: GET
  response:
    body: '{"id":"3597ba07-0778-47a1-a91e-699ff6d8dc5e", "name":"cli-test", "organization_id":"fa1e3217-dc80-42ac-85c3-3f034b78b552",
      "project_id":"fa1e3217-dc80-42ac-85c3-3f034b78b552", "status":"ready", "engine":"PostgreSQL-12",
      "upgradable_version":[{"id":"2e670f5c-493b-443f-92bd-986f23da2750", "name":"PostgreSQL-13",
      "version":"13", "minor_version":"13.12"}, {"id":"2988cc5e-e0dd-48ba-bd8b-b394db1fc6b9",
      "name":"PostgreSQL-14", "version":"14", "minor_version":"14.9"}, {"id":"d6fa23a8-ff53-464e-b0b0-4c4a3c1eb87d",
      "name":"PostgreSQL-15", "version":"15", "minor_version":"15.4"}], "endpoint":{"ip":"51.159.204.209",
      "port":5871, "name":null, "id":"83c59527-162b-4a50-992c-1be5f0aadfca", "load_balancer":{}},
      "tags":[], "settings":[{"name":"effective_cache_size", "value":"1300"}, {"name":"maintenance_work_mem",
      "value":"150"}, {"name":"max_connections", "value":"100"}, {"name":"max_parallel_workers",
      "value":"0"}, {"name":"max_parallel_workers_per_gather", "value":"0"}, {"name":"work_mem",
      "value":"4"}], "backup_schedule":{"frequency":24, "retention":7, "disabled":false,
      "next_run_at":"2023-11-09T21:43:10.559981Z"}, "is_ha_cluster":false, "read_replicas":[],
      "node_type":"db-dev-s", "volume":{"type":"lssd", "size":5000000000, "class":"lssd"},
      "init_settings":[], "endpoints":[{"ip":"51.159.204.209", "port":5871, "name":null,
      "id":"83c59527-162b-4a50-992c-1be5f0aadfca", "load_balancer":{}}], "logs_policy":{"max_age_retention":30,
      "total_disk_retention":null}, "backup_same_region":false, "maintenances":[],
      "created_at":"2023-11-08T21:43:10.559981Z", "region":"fr-par"}'
    headers:
      Content-Length:
      - "1575"
      Content-Security-Policy:
      - default-src 'none'; frame-ancestors 'none'
      Content-Type:
      - application/json
      Date:
      - Wed, 08 Nov 2023 21:46:29 GMT
      Server:
      - Scaleway API-Gateway
      Strict-Transport-Security:
      - max-age=63072000
      X-Content-Type-Options:
      - nosniff
      X-Frame-Options:
      - DENY
      X-Request-Id:
      - a6772773-dec8-49bf-92c7-8dbf01538b07
    status: 200 OK
    code: 200
    duration: ""
- request:
    body: '{"name":"cli-test", "is_admin":false}'
    form: {}
    headers:
      Content-Type:
      - application/json
      User-Agent:
      - scaleway-sdk-go/v1.0.0-beta.7+dev (go1.20.4; linux; amd64) cli-e2e-test
    url: https://api.scaleway.com/rdb/v1/regions/fr-par/instances/3597ba07-0778-47a1-a91e-699ff6d8dc5e/users
    method: POST
  response:
    body: '{"name":"cli-test", "is_admin":false}'
    headers:
      Content-Length:
      - "37"
      Content-Security-Policy:
      - default-src 'none'; frame-ancestors 'none'
      Content-Type:
      - application/json
      Date:
      - Wed, 08 Nov 2023 21:46:29 GMT
      Server:
      - Scaleway API-Gateway
      Strict-Transport-Security:
      - max-age=63072000
      X-Content-Type-Options:
      - nosniff
      X-Frame-Options:
      - DENY
      X-Request-Id:
      - c130f2a7-e01a-4ef3-8dc1-0e4ba57a5461
    status: 200 OK
    code: 200
    duration: ""
- request:
    body: '{"name":"cli-test", "is_admin":true}'
    form: {}
    headers:
      Content-Type:
      - application/json
      User-Agent:
      - scaleway-sdk-go/v1.0.0-beta.7+dev (go1.20.4; linux; amd64) cli-e2e-test
    url: https://api.scaleway.com/rdb/v1/regions/fr-par/instances/3597ba07-0778-47a1-a91e-699ff6d8dc5e/users/cli-test
    method: PATCH
  response:
    body: '{"name":"cli-test", "is_admin":true}'
    headers:
      Content-Length:
      - "36"
      Content-Security-Policy:
      - default-src 'none'; frame-ancestors 'none'
      Content-Type:
      - application/json
      Date:
      - Wed, 08 Nov 2023 21:46:29 GMT
      Server:
      - Scaleway API-Gateway
      Strict-Transport-Security:
      - max-age=63072000
      X-Content-Type-Options:
      - nosniff
      X-Frame-Options:
      - DENY
      X-Request-Id:
      - 43fc6d25-1cac-4dca-bb4a-7bd2c49d3971
    status: 200 OK
    code: 200
    duration: ""
- request:
    body: '{"id":"3597ba07-0778-47a1-a91e-699ff6d8dc5e", "name":"cli-test", "organization_id":"fa1e3217-dc80-42ac-85c3-3f034b78b552",
      "project_id":"fa1e3217-dc80-42ac-85c3-3f034b78b552", "status":"deleting", "engine":"PostgreSQL-12",
      "upgradable_version":[{"id":"2e670f5c-493b-443f-92bd-986f23da2750", "name":"PostgreSQL-13",
      "version":"13", "minor_version":"13.12"}, {"id":"2988cc5e-e0dd-48ba-bd8b-b394db1fc6b9",
      "name":"PostgreSQL-14", "version":"14", "minor_version":"14.9"}, {"id":"d6fa23a8-ff53-464e-b0b0-4c4a3c1eb87d",
      "name":"PostgreSQL-15", "version":"15", "minor_version":"15.4"}], "endpoint":{"ip":"51.159.204.209",
      "port":5871, "name":null, "id":"83c59527-162b-4a50-992c-1be5f0aadfca", "load_balancer":{}},
      "tags":[], "settings":[{"name":"effective_cache_size", "value":"1300"}, {"name":"maintenance_work_mem",
      "value":"150"}, {"name":"max_connections", "value":"100"}, {"name":"max_parallel_workers",
      "value":"0"}, {"name":"max_parallel_workers_per_gather", "value":"0"}, {"name":"work_mem",
      "value":"4"}], "backup_schedule":{"frequency":24, "retention":7, "disabled":false,
      "next_run_at":"2023-11-09T21:43:10.559981Z"}, "is_ha_cluster":false, "read_replicas":[],
      "node_type":"db-dev-s", "volume":{"type":"lssd", "size":5000000000, "class":"lssd"},
      "init_settings":[], "endpoints":[{"ip":"51.159.204.209", "port":5871, "name":null,
      "id":"83c59527-162b-4a50-992c-1be5f0aadfca", "load_balancer":{}}], "logs_policy":{"max_age_retention":30,
      "total_disk_retention":null}, "backup_same_region":false, "maintenances":[],
      "created_at":"2023-11-08T21:43:10.559981Z", "region":"fr-par"}'
    form: {}
    headers:
      User-Agent:
      - scaleway-sdk-go/v1.0.0-beta.7+dev (go1.20.4; linux; amd64) cli-e2e-test
    url: https://api.scaleway.com/rdb/v1/regions/fr-par/instances/3597ba07-0778-47a1-a91e-699ff6d8dc5e
    method: DELETE
  response:
    body: '{"id":"3597ba07-0778-47a1-a91e-699ff6d8dc5e", "name":"cli-test", "organization_id":"fa1e3217-dc80-42ac-85c3-3f034b78b552",
      "project_id":"fa1e3217-dc80-42ac-85c3-3f034b78b552", "status":"deleting", "engine":"PostgreSQL-12",
      "upgradable_version":[{"id":"2e670f5c-493b-443f-92bd-986f23da2750", "name":"PostgreSQL-13",
      "version":"13", "minor_version":"13.12"}, {"id":"2988cc5e-e0dd-48ba-bd8b-b394db1fc6b9",
      "name":"PostgreSQL-14", "version":"14", "minor_version":"14.9"}, {"id":"d6fa23a8-ff53-464e-b0b0-4c4a3c1eb87d",
      "name":"PostgreSQL-15", "version":"15", "minor_version":"15.4"}], "endpoint":{"ip":"51.159.204.209",
      "port":5871, "name":null, "id":"83c59527-162b-4a50-992c-1be5f0aadfca", "load_balancer":{}},
      "tags":[], "settings":[{"name":"effective_cache_size", "value":"1300"}, {"name":"maintenance_work_mem",
      "value":"150"}, {"name":"max_connections", "value":"100"}, {"name":"max_parallel_workers",
      "value":"0"}, {"name":"max_parallel_workers_per_gather", "value":"0"}, {"name":"work_mem",
      "value":"4"}], "backup_schedule":{"frequency":24, "retention":7, "disabled":false,
      "next_run_at":"2023-11-09T21:43:10.559981Z"}, "is_ha_cluster":false, "read_replicas":[],
      "node_type":"db-dev-s", "volume":{"type":"lssd", "size":5000000000, "class":"lssd"},
      "init_settings":[], "endpoints":[{"ip":"51.159.204.209", "port":5871, "name":null,
      "id":"83c59527-162b-4a50-992c-1be5f0aadfca", "load_balancer":{}}], "logs_policy":{"max_age_retention":30,
      "total_disk_retention":null}, "backup_same_region":false, "maintenances":[],
      "created_at":"2023-11-08T21:43:10.559981Z", "region":"fr-par"}'
    headers:
      Content-Length:
      - "1578"
      Content-Security-Policy:
      - default-src 'none'; frame-ancestors 'none'
      Content-Type:
      - application/json
      Date:
      - Wed, 08 Nov 2023 21:46:29 GMT
      Server:
      - Scaleway API-Gateway
      Strict-Transport-Security:
      - max-age=63072000
      X-Content-Type-Options:
      - nosniff
      X-Frame-Options:
      - DENY
      X-Request-Id:
      - af56e5b3-230b-4d5b-9fa1-d9326d4af3ed
    status: 200 OK
    code: 200
    duration: ""
