---
version: 1
interactions:
- request:
    body: '{"id":"2112bdfc-d478-4802-aa23-c460117ac94a","name":"cli-test","organization_id":"105bdce1-64c0-48ab-899d-868455867ecf","project_id":"105bdce1-64c0-48ab-899d-868455867ecf","status":"provisioning","engine":"PostgreSQL-12","upgradable_version":[{"id":"f4c1ec41-89e1-48de-b872-b63b779b0dba","name":"PostgreSQL-13","version":"13","minor_version":"13.13"},{"id":"8af4ebbb-fd08-4038-89f6-9d8c8f1232ca","name":"PostgreSQL-14","version":"14","minor_version":"14.10"},{"id":"764c6bb3-2f1c-4f1a-bfd5-82c540ac435c","name":"PostgreSQL-15","version":"15","minor_version":"15.5"}],"endpoint":null,"tags":[],"settings":[],"backup_schedule":{"frequency":24,"retention":7,"disabled":false,"next_run_at":"2023-12-01T11:09:24.193936Z"},"is_ha_cluster":false,"read_replicas":[],"node_type":"db-dev-s","volume":{"type":"lssd","size":5000000000,"class":"lssd"},"init_settings":[],"endpoints":[],"logs_policy":{"max_age_retention":30,"total_disk_retention":null},"backup_same_region":false,"maintenances":[],"created_at":"2023-11-30T11:09:24.193936Z","region":"fr-par"}'
    form: {}
    headers:
      Content-Type:
      - application/json
      User-Agent:
      - scaleway-sdk-go/v1.0.0-beta.7+dev (go1.20.4; linux; amd64) cli-e2e-test
    url: https://api.scaleway.com/rdb/v1/regions/fr-par/instances
    method: POST
  response:
    body: '{"id":"2112bdfc-d478-4802-aa23-c460117ac94a","name":"cli-test","organization_id":"105bdce1-64c0-48ab-899d-868455867ecf","project_id":"105bdce1-64c0-48ab-899d-868455867ecf","status":"provisioning","engine":"PostgreSQL-12","upgradable_version":[{"id":"f4c1ec41-89e1-48de-b872-b63b779b0dba","name":"PostgreSQL-13","version":"13","minor_version":"13.13"},{"id":"8af4ebbb-fd08-4038-89f6-9d8c8f1232ca","name":"PostgreSQL-14","version":"14","minor_version":"14.10"},{"id":"764c6bb3-2f1c-4f1a-bfd5-82c540ac435c","name":"PostgreSQL-15","version":"15","minor_version":"15.5"}],"endpoint":null,"tags":[],"settings":[],"backup_schedule":{"frequency":24,"retention":7,"disabled":false,"next_run_at":"2023-12-01T11:09:24.193936Z"},"is_ha_cluster":false,"read_replicas":[],"node_type":"db-dev-s","volume":{"type":"lssd","size":5000000000,"class":"lssd"},"init_settings":[],"endpoints":[],"logs_policy":{"max_age_retention":30,"total_disk_retention":null},"backup_same_region":false,"maintenances":[],"created_at":"2023-11-30T11:09:24.193936Z","region":"fr-par"}'
    headers:
      Content-Length:
      - "1046"
      Content-Security-Policy:
      - default-src 'none'; frame-ancestors 'none'
      Content-Type:
      - application/json
      Date:
      - Thu, 30 Nov 2023 11:09:24 GMT
      Server:
      - Scaleway API-Gateway
      Strict-Transport-Security:
      - max-age=63072000
      X-Content-Type-Options:
      - nosniff
      X-Frame-Options:
      - DENY
      X-Request-Id:
      - dd1ad38c-a6f7-4827-b972-fa5ae1462e12
    status: 200 OK
    code: 200
    duration: ""
- request:
    body: '{"id":"2112bdfc-d478-4802-aa23-c460117ac94a","name":"cli-test","organization_id":"105bdce1-64c0-48ab-899d-868455867ecf","project_id":"105bdce1-64c0-48ab-899d-868455867ecf","status":"provisioning","engine":"PostgreSQL-12","upgradable_version":[{"id":"f4c1ec41-89e1-48de-b872-b63b779b0dba","name":"PostgreSQL-13","version":"13","minor_version":"13.13"},{"id":"8af4ebbb-fd08-4038-89f6-9d8c8f1232ca","name":"PostgreSQL-14","version":"14","minor_version":"14.10"},{"id":"764c6bb3-2f1c-4f1a-bfd5-82c540ac435c","name":"PostgreSQL-15","version":"15","minor_version":"15.5"}],"endpoint":null,"tags":[],"settings":[],"backup_schedule":{"frequency":24,"retention":7,"disabled":false,"next_run_at":"2023-12-01T11:09:24.193936Z"},"is_ha_cluster":false,"read_replicas":[],"node_type":"db-dev-s","volume":{"type":"lssd","size":5000000000,"class":"lssd"},"init_settings":[],"endpoints":[],"logs_policy":{"max_age_retention":30,"total_disk_retention":null},"backup_same_region":false,"maintenances":[],"created_at":"2023-11-30T11:09:24.193936Z","region":"fr-par"}'
    form: {}
    headers:
      User-Agent:
      - scaleway-sdk-go/v1.0.0-beta.7+dev (go1.20.4; linux; amd64) cli-e2e-test
    url: https://api.scaleway.com/rdb/v1/regions/fr-par/instances/2112bdfc-d478-4802-aa23-c460117ac94a
    method: GET
  response:
    body: '{"id":"2112bdfc-d478-4802-aa23-c460117ac94a","name":"cli-test","organization_id":"105bdce1-64c0-48ab-899d-868455867ecf","project_id":"105bdce1-64c0-48ab-899d-868455867ecf","status":"provisioning","engine":"PostgreSQL-12","upgradable_version":[{"id":"f4c1ec41-89e1-48de-b872-b63b779b0dba","name":"PostgreSQL-13","version":"13","minor_version":"13.13"},{"id":"8af4ebbb-fd08-4038-89f6-9d8c8f1232ca","name":"PostgreSQL-14","version":"14","minor_version":"14.10"},{"id":"764c6bb3-2f1c-4f1a-bfd5-82c540ac435c","name":"PostgreSQL-15","version":"15","minor_version":"15.5"}],"endpoint":null,"tags":[],"settings":[],"backup_schedule":{"frequency":24,"retention":7,"disabled":false,"next_run_at":"2023-12-01T11:09:24.193936Z"},"is_ha_cluster":false,"read_replicas":[],"node_type":"db-dev-s","volume":{"type":"lssd","size":5000000000,"class":"lssd"},"init_settings":[],"endpoints":[],"logs_policy":{"max_age_retention":30,"total_disk_retention":null},"backup_same_region":false,"maintenances":[],"created_at":"2023-11-30T11:09:24.193936Z","region":"fr-par"}'
    headers:
      Content-Length:
      - "1046"
      Content-Security-Policy:
      - default-src 'none'; frame-ancestors 'none'
      Content-Type:
      - application/json
      Date:
      - Thu, 30 Nov 2023 11:09:24 GMT
      Server:
      - Scaleway API-Gateway
      Strict-Transport-Security:
      - max-age=63072000
      X-Content-Type-Options:
      - nosniff
      X-Frame-Options:
      - DENY
      X-Request-Id:
      - 7dd23e04-5428-419b-b408-e62e5ac3db81
    status: 200 OK
    code: 200
    duration: ""
- request:
    body: '{"id":"2112bdfc-d478-4802-aa23-c460117ac94a","name":"cli-test","organization_id":"105bdce1-64c0-48ab-899d-868455867ecf","project_id":"105bdce1-64c0-48ab-899d-868455867ecf","status":"provisioning","engine":"PostgreSQL-12","upgradable_version":[{"id":"f4c1ec41-89e1-48de-b872-b63b779b0dba","name":"PostgreSQL-13","version":"13","minor_version":"13.13"},{"id":"8af4ebbb-fd08-4038-89f6-9d8c8f1232ca","name":"PostgreSQL-14","version":"14","minor_version":"14.10"},{"id":"764c6bb3-2f1c-4f1a-bfd5-82c540ac435c","name":"PostgreSQL-15","version":"15","minor_version":"15.5"}],"endpoint":null,"tags":[],"settings":[],"backup_schedule":{"frequency":24,"retention":7,"disabled":false,"next_run_at":"2023-12-01T11:09:24.193936Z"},"is_ha_cluster":false,"read_replicas":[],"node_type":"db-dev-s","volume":{"type":"lssd","size":5000000000,"class":"lssd"},"init_settings":[],"endpoints":[],"logs_policy":{"max_age_retention":30,"total_disk_retention":null},"backup_same_region":false,"maintenances":[],"created_at":"2023-11-30T11:09:24.193936Z","region":"fr-par"}'
    form: {}
    headers:
      User-Agent:
      - scaleway-sdk-go/v1.0.0-beta.7+dev (go1.20.4; linux; amd64) cli-e2e-test
    url: https://api.scaleway.com/rdb/v1/regions/fr-par/instances/2112bdfc-d478-4802-aa23-c460117ac94a
    method: GET
  response:
    body: '{"id":"2112bdfc-d478-4802-aa23-c460117ac94a","name":"cli-test","organization_id":"105bdce1-64c0-48ab-899d-868455867ecf","project_id":"105bdce1-64c0-48ab-899d-868455867ecf","status":"provisioning","engine":"PostgreSQL-12","upgradable_version":[{"id":"f4c1ec41-89e1-48de-b872-b63b779b0dba","name":"PostgreSQL-13","version":"13","minor_version":"13.13"},{"id":"8af4ebbb-fd08-4038-89f6-9d8c8f1232ca","name":"PostgreSQL-14","version":"14","minor_version":"14.10"},{"id":"764c6bb3-2f1c-4f1a-bfd5-82c540ac435c","name":"PostgreSQL-15","version":"15","minor_version":"15.5"}],"endpoint":null,"tags":[],"settings":[],"backup_schedule":{"frequency":24,"retention":7,"disabled":false,"next_run_at":"2023-12-01T11:09:24.193936Z"},"is_ha_cluster":false,"read_replicas":[],"node_type":"db-dev-s","volume":{"type":"lssd","size":5000000000,"class":"lssd"},"init_settings":[],"endpoints":[],"logs_policy":{"max_age_retention":30,"total_disk_retention":null},"backup_same_region":false,"maintenances":[],"created_at":"2023-11-30T11:09:24.193936Z","region":"fr-par"}'
    headers:
      Content-Length:
      - "1046"
      Content-Security-Policy:
      - default-src 'none'; frame-ancestors 'none'
      Content-Type:
      - application/json
      Date:
      - Thu, 30 Nov 2023 11:09:39 GMT
      Server:
      - Scaleway API-Gateway
      Strict-Transport-Security:
      - max-age=63072000
      X-Content-Type-Options:
      - nosniff
      X-Frame-Options:
      - DENY
      X-Request-Id:
      - 99f9b33a-4b62-4203-8f86-da2991fe57b0
    status: 200 OK
    code: 200
    duration: ""
- request:
    body: '{"id":"2112bdfc-d478-4802-aa23-c460117ac94a","name":"cli-test","organization_id":"105bdce1-64c0-48ab-899d-868455867ecf","project_id":"105bdce1-64c0-48ab-899d-868455867ecf","status":"provisioning","engine":"PostgreSQL-12","upgradable_version":[{"id":"f4c1ec41-89e1-48de-b872-b63b779b0dba","name":"PostgreSQL-13","version":"13","minor_version":"13.13"},{"id":"8af4ebbb-fd08-4038-89f6-9d8c8f1232ca","name":"PostgreSQL-14","version":"14","minor_version":"14.10"},{"id":"764c6bb3-2f1c-4f1a-bfd5-82c540ac435c","name":"PostgreSQL-15","version":"15","minor_version":"15.5"}],"endpoint":null,"tags":[],"settings":[],"backup_schedule":{"frequency":24,"retention":7,"disabled":false,"next_run_at":"2023-12-01T11:09:24.193936Z"},"is_ha_cluster":false,"read_replicas":[],"node_type":"db-dev-s","volume":{"type":"lssd","size":5000000000,"class":"lssd"},"init_settings":[],"endpoints":[],"logs_policy":{"max_age_retention":30,"total_disk_retention":null},"backup_same_region":false,"maintenances":[],"created_at":"2023-11-30T11:09:24.193936Z","region":"fr-par"}'
    form: {}
    headers:
      User-Agent:
      - scaleway-sdk-go/v1.0.0-beta.7+dev (go1.20.4; linux; amd64) cli-e2e-test
    url: https://api.scaleway.com/rdb/v1/regions/fr-par/instances/2112bdfc-d478-4802-aa23-c460117ac94a
    method: GET
  response:
    body: '{"id":"2112bdfc-d478-4802-aa23-c460117ac94a","name":"cli-test","organization_id":"105bdce1-64c0-48ab-899d-868455867ecf","project_id":"105bdce1-64c0-48ab-899d-868455867ecf","status":"provisioning","engine":"PostgreSQL-12","upgradable_version":[{"id":"f4c1ec41-89e1-48de-b872-b63b779b0dba","name":"PostgreSQL-13","version":"13","minor_version":"13.13"},{"id":"8af4ebbb-fd08-4038-89f6-9d8c8f1232ca","name":"PostgreSQL-14","version":"14","minor_version":"14.10"},{"id":"764c6bb3-2f1c-4f1a-bfd5-82c540ac435c","name":"PostgreSQL-15","version":"15","minor_version":"15.5"}],"endpoint":null,"tags":[],"settings":[],"backup_schedule":{"frequency":24,"retention":7,"disabled":false,"next_run_at":"2023-12-01T11:09:24.193936Z"},"is_ha_cluster":false,"read_replicas":[],"node_type":"db-dev-s","volume":{"type":"lssd","size":5000000000,"class":"lssd"},"init_settings":[],"endpoints":[],"logs_policy":{"max_age_retention":30,"total_disk_retention":null},"backup_same_region":false,"maintenances":[],"created_at":"2023-11-30T11:09:24.193936Z","region":"fr-par"}'
    headers:
      Content-Length:
      - "1046"
      Content-Security-Policy:
      - default-src 'none'; frame-ancestors 'none'
      Content-Type:
      - application/json
      Date:
      - Thu, 30 Nov 2023 11:09:55 GMT
      Server:
      - Scaleway API-Gateway
      Strict-Transport-Security:
      - max-age=63072000
      X-Content-Type-Options:
      - nosniff
      X-Frame-Options:
      - DENY
      X-Request-Id:
      - 2ea0ac56-4728-4a9b-a7be-e7b5cd4849a3
    status: 200 OK
    code: 200
    duration: ""
- request:
    body: '{"id":"2112bdfc-d478-4802-aa23-c460117ac94a","name":"cli-test","organization_id":"105bdce1-64c0-48ab-899d-868455867ecf","project_id":"105bdce1-64c0-48ab-899d-868455867ecf","status":"initializing","engine":"PostgreSQL-12","upgradable_version":[{"id":"f4c1ec41-89e1-48de-b872-b63b779b0dba","name":"PostgreSQL-13","version":"13","minor_version":"13.13"},{"id":"8af4ebbb-fd08-4038-89f6-9d8c8f1232ca","name":"PostgreSQL-14","version":"14","minor_version":"14.10"},{"id":"764c6bb3-2f1c-4f1a-bfd5-82c540ac435c","name":"PostgreSQL-15","version":"15","minor_version":"15.5"}],"endpoint":null,"tags":[],"settings":[],"backup_schedule":{"frequency":24,"retention":7,"disabled":false,"next_run_at":"2023-12-01T11:09:24.193936Z"},"is_ha_cluster":false,"read_replicas":[],"node_type":"db-dev-s","volume":{"type":"lssd","size":5000000000,"class":"lssd"},"init_settings":[],"endpoints":[],"logs_policy":{"max_age_retention":30,"total_disk_retention":null},"backup_same_region":false,"maintenances":[],"created_at":"2023-11-30T11:09:24.193936Z","region":"fr-par"}'
    form: {}
    headers:
      User-Agent:
      - scaleway-sdk-go/v1.0.0-beta.7+dev (go1.20.4; linux; amd64) cli-e2e-test
    url: https://api.scaleway.com/rdb/v1/regions/fr-par/instances/2112bdfc-d478-4802-aa23-c460117ac94a
    method: GET
  response:
    body: '{"id":"2112bdfc-d478-4802-aa23-c460117ac94a","name":"cli-test","organization_id":"105bdce1-64c0-48ab-899d-868455867ecf","project_id":"105bdce1-64c0-48ab-899d-868455867ecf","status":"initializing","engine":"PostgreSQL-12","upgradable_version":[{"id":"f4c1ec41-89e1-48de-b872-b63b779b0dba","name":"PostgreSQL-13","version":"13","minor_version":"13.13"},{"id":"8af4ebbb-fd08-4038-89f6-9d8c8f1232ca","name":"PostgreSQL-14","version":"14","minor_version":"14.10"},{"id":"764c6bb3-2f1c-4f1a-bfd5-82c540ac435c","name":"PostgreSQL-15","version":"15","minor_version":"15.5"}],"endpoint":null,"tags":[],"settings":[],"backup_schedule":{"frequency":24,"retention":7,"disabled":false,"next_run_at":"2023-12-01T11:09:24.193936Z"},"is_ha_cluster":false,"read_replicas":[],"node_type":"db-dev-s","volume":{"type":"lssd","size":5000000000,"class":"lssd"},"init_settings":[],"endpoints":[],"logs_policy":{"max_age_retention":30,"total_disk_retention":null},"backup_same_region":false,"maintenances":[],"created_at":"2023-11-30T11:09:24.193936Z","region":"fr-par"}'
    headers:
      Content-Length:
      - "1046"
      Content-Security-Policy:
      - default-src 'none'; frame-ancestors 'none'
      Content-Type:
      - application/json
      Date:
      - Thu, 30 Nov 2023 11:10:10 GMT
      Server:
      - Scaleway API-Gateway
      Strict-Transport-Security:
      - max-age=63072000
      X-Content-Type-Options:
      - nosniff
      X-Frame-Options:
      - DENY
      X-Request-Id:
      - 943e736d-124a-403b-a9f3-1ba5ae397984
    status: 200 OK
    code: 200
    duration: ""
- request:
    body: '{"id":"2112bdfc-d478-4802-aa23-c460117ac94a","name":"cli-test","organization_id":"105bdce1-64c0-48ab-899d-868455867ecf","project_id":"105bdce1-64c0-48ab-899d-868455867ecf","status":"initializing","engine":"PostgreSQL-12","upgradable_version":[{"id":"f4c1ec41-89e1-48de-b872-b63b779b0dba","name":"PostgreSQL-13","version":"13","minor_version":"13.13"},{"id":"8af4ebbb-fd08-4038-89f6-9d8c8f1232ca","name":"PostgreSQL-14","version":"14","minor_version":"14.10"},{"id":"764c6bb3-2f1c-4f1a-bfd5-82c540ac435c","name":"PostgreSQL-15","version":"15","minor_version":"15.5"}],"endpoint":null,"tags":[],"settings":[],"backup_schedule":{"frequency":24,"retention":7,"disabled":false,"next_run_at":"2023-12-01T11:09:24.193936Z"},"is_ha_cluster":false,"read_replicas":[],"node_type":"db-dev-s","volume":{"type":"lssd","size":5000000000,"class":"lssd"},"init_settings":[],"endpoints":[],"logs_policy":{"max_age_retention":30,"total_disk_retention":null},"backup_same_region":false,"maintenances":[],"created_at":"2023-11-30T11:09:24.193936Z","region":"fr-par"}'
    form: {}
    headers:
      User-Agent:
      - scaleway-sdk-go/v1.0.0-beta.7+dev (go1.20.4; linux; amd64) cli-e2e-test
    url: https://api.scaleway.com/rdb/v1/regions/fr-par/instances/2112bdfc-d478-4802-aa23-c460117ac94a
    method: GET
  response:
    body: '{"id":"2112bdfc-d478-4802-aa23-c460117ac94a","name":"cli-test","organization_id":"105bdce1-64c0-48ab-899d-868455867ecf","project_id":"105bdce1-64c0-48ab-899d-868455867ecf","status":"initializing","engine":"PostgreSQL-12","upgradable_version":[{"id":"f4c1ec41-89e1-48de-b872-b63b779b0dba","name":"PostgreSQL-13","version":"13","minor_version":"13.13"},{"id":"8af4ebbb-fd08-4038-89f6-9d8c8f1232ca","name":"PostgreSQL-14","version":"14","minor_version":"14.10"},{"id":"764c6bb3-2f1c-4f1a-bfd5-82c540ac435c","name":"PostgreSQL-15","version":"15","minor_version":"15.5"}],"endpoint":null,"tags":[],"settings":[],"backup_schedule":{"frequency":24,"retention":7,"disabled":false,"next_run_at":"2023-12-01T11:09:24.193936Z"},"is_ha_cluster":false,"read_replicas":[],"node_type":"db-dev-s","volume":{"type":"lssd","size":5000000000,"class":"lssd"},"init_settings":[],"endpoints":[],"logs_policy":{"max_age_retention":30,"total_disk_retention":null},"backup_same_region":false,"maintenances":[],"created_at":"2023-11-30T11:09:24.193936Z","region":"fr-par"}'
    headers:
      Content-Length:
      - "1046"
      Content-Security-Policy:
      - default-src 'none'; frame-ancestors 'none'
      Content-Type:
      - application/json
      Date:
      - Thu, 30 Nov 2023 11:10:25 GMT
      Server:
      - Scaleway API-Gateway
      Strict-Transport-Security:
      - max-age=63072000
      X-Content-Type-Options:
      - nosniff
      X-Frame-Options:
      - DENY
      X-Request-Id:
      - acb0ef0b-f301-4c98-af56-a5429ee9f805
    status: 200 OK
    code: 200
    duration: ""
- request:
    body: '{"id":"2112bdfc-d478-4802-aa23-c460117ac94a","name":"cli-test","organization_id":"105bdce1-64c0-48ab-899d-868455867ecf","project_id":"105bdce1-64c0-48ab-899d-868455867ecf","status":"initializing","engine":"PostgreSQL-12","upgradable_version":[{"id":"f4c1ec41-89e1-48de-b872-b63b779b0dba","name":"PostgreSQL-13","version":"13","minor_version":"13.13"},{"id":"8af4ebbb-fd08-4038-89f6-9d8c8f1232ca","name":"PostgreSQL-14","version":"14","minor_version":"14.10"},{"id":"764c6bb3-2f1c-4f1a-bfd5-82c540ac435c","name":"PostgreSQL-15","version":"15","minor_version":"15.5"}],"endpoint":null,"tags":[],"settings":[],"backup_schedule":{"frequency":24,"retention":7,"disabled":false,"next_run_at":"2023-12-01T11:09:24.193936Z"},"is_ha_cluster":false,"read_replicas":[],"node_type":"db-dev-s","volume":{"type":"lssd","size":5000000000,"class":"lssd"},"init_settings":[],"endpoints":[],"logs_policy":{"max_age_retention":30,"total_disk_retention":null},"backup_same_region":false,"maintenances":[],"created_at":"2023-11-30T11:09:24.193936Z","region":"fr-par"}'
    form: {}
    headers:
      User-Agent:
      - scaleway-sdk-go/v1.0.0-beta.7+dev (go1.20.4; linux; amd64) cli-e2e-test
    url: https://api.scaleway.com/rdb/v1/regions/fr-par/instances/2112bdfc-d478-4802-aa23-c460117ac94a
    method: GET
  response:
    body: '{"id":"2112bdfc-d478-4802-aa23-c460117ac94a","name":"cli-test","organization_id":"105bdce1-64c0-48ab-899d-868455867ecf","project_id":"105bdce1-64c0-48ab-899d-868455867ecf","status":"initializing","engine":"PostgreSQL-12","upgradable_version":[{"id":"f4c1ec41-89e1-48de-b872-b63b779b0dba","name":"PostgreSQL-13","version":"13","minor_version":"13.13"},{"id":"8af4ebbb-fd08-4038-89f6-9d8c8f1232ca","name":"PostgreSQL-14","version":"14","minor_version":"14.10"},{"id":"764c6bb3-2f1c-4f1a-bfd5-82c540ac435c","name":"PostgreSQL-15","version":"15","minor_version":"15.5"}],"endpoint":null,"tags":[],"settings":[],"backup_schedule":{"frequency":24,"retention":7,"disabled":false,"next_run_at":"2023-12-01T11:09:24.193936Z"},"is_ha_cluster":false,"read_replicas":[],"node_type":"db-dev-s","volume":{"type":"lssd","size":5000000000,"class":"lssd"},"init_settings":[],"endpoints":[],"logs_policy":{"max_age_retention":30,"total_disk_retention":null},"backup_same_region":false,"maintenances":[],"created_at":"2023-11-30T11:09:24.193936Z","region":"fr-par"}'
    headers:
      Content-Length:
      - "1046"
      Content-Security-Policy:
      - default-src 'none'; frame-ancestors 'none'
      Content-Type:
      - application/json
      Date:
      - Thu, 30 Nov 2023 11:10:43 GMT
      Server:
      - Scaleway API-Gateway
      Strict-Transport-Security:
      - max-age=63072000
      X-Content-Type-Options:
      - nosniff
      X-Frame-Options:
      - DENY
      X-Request-Id:
      - d9841cf1-8fea-4ceb-b0a8-80c5a81ac07f
    status: 200 OK
    code: 200
    duration: ""
- request:
    body: '{"id":"2112bdfc-d478-4802-aa23-c460117ac94a","name":"cli-test","organization_id":"105bdce1-64c0-48ab-899d-868455867ecf","project_id":"105bdce1-64c0-48ab-899d-868455867ecf","status":"initializing","engine":"PostgreSQL-12","upgradable_version":[{"id":"f4c1ec41-89e1-48de-b872-b63b779b0dba","name":"PostgreSQL-13","version":"13","minor_version":"13.13"},{"id":"8af4ebbb-fd08-4038-89f6-9d8c8f1232ca","name":"PostgreSQL-14","version":"14","minor_version":"14.10"},{"id":"764c6bb3-2f1c-4f1a-bfd5-82c540ac435c","name":"PostgreSQL-15","version":"15","minor_version":"15.5"}],"endpoint":null,"tags":[],"settings":[],"backup_schedule":{"frequency":24,"retention":7,"disabled":false,"next_run_at":"2023-12-01T11:09:24.193936Z"},"is_ha_cluster":false,"read_replicas":[],"node_type":"db-dev-s","volume":{"type":"lssd","size":5000000000,"class":"lssd"},"init_settings":[],"endpoints":[],"logs_policy":{"max_age_retention":30,"total_disk_retention":null},"backup_same_region":false,"maintenances":[],"created_at":"2023-11-30T11:09:24.193936Z","region":"fr-par"}'
    form: {}
    headers:
      User-Agent:
      - scaleway-sdk-go/v1.0.0-beta.7+dev (go1.20.4; linux; amd64) cli-e2e-test
    url: https://api.scaleway.com/rdb/v1/regions/fr-par/instances/2112bdfc-d478-4802-aa23-c460117ac94a
    method: GET
  response:
    body: '{"id":"2112bdfc-d478-4802-aa23-c460117ac94a","name":"cli-test","organization_id":"105bdce1-64c0-48ab-899d-868455867ecf","project_id":"105bdce1-64c0-48ab-899d-868455867ecf","status":"initializing","engine":"PostgreSQL-12","upgradable_version":[{"id":"f4c1ec41-89e1-48de-b872-b63b779b0dba","name":"PostgreSQL-13","version":"13","minor_version":"13.13"},{"id":"8af4ebbb-fd08-4038-89f6-9d8c8f1232ca","name":"PostgreSQL-14","version":"14","minor_version":"14.10"},{"id":"764c6bb3-2f1c-4f1a-bfd5-82c540ac435c","name":"PostgreSQL-15","version":"15","minor_version":"15.5"}],"endpoint":null,"tags":[],"settings":[],"backup_schedule":{"frequency":24,"retention":7,"disabled":false,"next_run_at":"2023-12-01T11:09:24.193936Z"},"is_ha_cluster":false,"read_replicas":[],"node_type":"db-dev-s","volume":{"type":"lssd","size":5000000000,"class":"lssd"},"init_settings":[],"endpoints":[],"logs_policy":{"max_age_retention":30,"total_disk_retention":null},"backup_same_region":false,"maintenances":[],"created_at":"2023-11-30T11:09:24.193936Z","region":"fr-par"}'
    headers:
      Content-Length:
      - "1046"
      Content-Security-Policy:
      - default-src 'none'; frame-ancestors 'none'
      Content-Type:
      - application/json
      Date:
      - Thu, 30 Nov 2023 11:10:58 GMT
      Server:
      - Scaleway API-Gateway
      Strict-Transport-Security:
      - max-age=63072000
      X-Content-Type-Options:
      - nosniff
      X-Frame-Options:
      - DENY
      X-Request-Id:
      - 75ca6e95-16eb-4d2f-be1b-f578659ded38
    status: 200 OK
    code: 200
    duration: ""
- request:
    body: '{"id":"2112bdfc-d478-4802-aa23-c460117ac94a","name":"cli-test","organization_id":"105bdce1-64c0-48ab-899d-868455867ecf","project_id":"105bdce1-64c0-48ab-899d-868455867ecf","status":"initializing","engine":"PostgreSQL-12","upgradable_version":[{"id":"f4c1ec41-89e1-48de-b872-b63b779b0dba","name":"PostgreSQL-13","version":"13","minor_version":"13.13"},{"id":"8af4ebbb-fd08-4038-89f6-9d8c8f1232ca","name":"PostgreSQL-14","version":"14","minor_version":"14.10"},{"id":"764c6bb3-2f1c-4f1a-bfd5-82c540ac435c","name":"PostgreSQL-15","version":"15","minor_version":"15.5"}],"endpoint":null,"tags":[],"settings":[],"backup_schedule":{"frequency":24,"retention":7,"disabled":false,"next_run_at":"2023-12-01T11:09:24.193936Z"},"is_ha_cluster":false,"read_replicas":[],"node_type":"db-dev-s","volume":{"type":"lssd","size":5000000000,"class":"lssd"},"init_settings":[],"endpoints":[],"logs_policy":{"max_age_retention":30,"total_disk_retention":null},"backup_same_region":false,"maintenances":[],"created_at":"2023-11-30T11:09:24.193936Z","region":"fr-par"}'
    form: {}
    headers:
      User-Agent:
      - scaleway-sdk-go/v1.0.0-beta.7+dev (go1.20.4; linux; amd64) cli-e2e-test
    url: https://api.scaleway.com/rdb/v1/regions/fr-par/instances/2112bdfc-d478-4802-aa23-c460117ac94a
    method: GET
  response:
    body: '{"id":"2112bdfc-d478-4802-aa23-c460117ac94a","name":"cli-test","organization_id":"105bdce1-64c0-48ab-899d-868455867ecf","project_id":"105bdce1-64c0-48ab-899d-868455867ecf","status":"initializing","engine":"PostgreSQL-12","upgradable_version":[{"id":"f4c1ec41-89e1-48de-b872-b63b779b0dba","name":"PostgreSQL-13","version":"13","minor_version":"13.13"},{"id":"8af4ebbb-fd08-4038-89f6-9d8c8f1232ca","name":"PostgreSQL-14","version":"14","minor_version":"14.10"},{"id":"764c6bb3-2f1c-4f1a-bfd5-82c540ac435c","name":"PostgreSQL-15","version":"15","minor_version":"15.5"}],"endpoint":null,"tags":[],"settings":[],"backup_schedule":{"frequency":24,"retention":7,"disabled":false,"next_run_at":"2023-12-01T11:09:24.193936Z"},"is_ha_cluster":false,"read_replicas":[],"node_type":"db-dev-s","volume":{"type":"lssd","size":5000000000,"class":"lssd"},"init_settings":[],"endpoints":[],"logs_policy":{"max_age_retention":30,"total_disk_retention":null},"backup_same_region":false,"maintenances":[],"created_at":"2023-11-30T11:09:24.193936Z","region":"fr-par"}'
    headers:
      Content-Length:
      - "1046"
      Content-Security-Policy:
      - default-src 'none'; frame-ancestors 'none'
      Content-Type:
      - application/json
      Date:
      - Thu, 30 Nov 2023 11:11:13 GMT
      Server:
      - Scaleway API-Gateway
      Strict-Transport-Security:
      - max-age=63072000
      X-Content-Type-Options:
      - nosniff
      X-Frame-Options:
      - DENY
      X-Request-Id:
      - 723ec160-678c-46a3-bf6d-e8cb5aee0bd9
    status: 200 OK
    code: 200
    duration: ""
- request:
    body: '{"id":"2112bdfc-d478-4802-aa23-c460117ac94a","name":"cli-test","organization_id":"105bdce1-64c0-48ab-899d-868455867ecf","project_id":"105bdce1-64c0-48ab-899d-868455867ecf","status":"initializing","engine":"PostgreSQL-12","upgradable_version":[{"id":"f4c1ec41-89e1-48de-b872-b63b779b0dba","name":"PostgreSQL-13","version":"13","minor_version":"13.13"},{"id":"8af4ebbb-fd08-4038-89f6-9d8c8f1232ca","name":"PostgreSQL-14","version":"14","minor_version":"14.10"},{"id":"764c6bb3-2f1c-4f1a-bfd5-82c540ac435c","name":"PostgreSQL-15","version":"15","minor_version":"15.5"}],"endpoint":null,"tags":[],"settings":[],"backup_schedule":{"frequency":24,"retention":7,"disabled":false,"next_run_at":"2023-12-01T11:09:24.193936Z"},"is_ha_cluster":false,"read_replicas":[],"node_type":"db-dev-s","volume":{"type":"lssd","size":5000000000,"class":"lssd"},"init_settings":[],"endpoints":[],"logs_policy":{"max_age_retention":30,"total_disk_retention":null},"backup_same_region":false,"maintenances":[],"created_at":"2023-11-30T11:09:24.193936Z","region":"fr-par"}'
    form: {}
    headers:
      User-Agent:
      - scaleway-sdk-go/v1.0.0-beta.7+dev (go1.20.4; linux; amd64) cli-e2e-test
    url: https://api.scaleway.com/rdb/v1/regions/fr-par/instances/2112bdfc-d478-4802-aa23-c460117ac94a
    method: GET
  response:
    body: '{"id":"2112bdfc-d478-4802-aa23-c460117ac94a","name":"cli-test","organization_id":"105bdce1-64c0-48ab-899d-868455867ecf","project_id":"105bdce1-64c0-48ab-899d-868455867ecf","status":"initializing","engine":"PostgreSQL-12","upgradable_version":[{"id":"f4c1ec41-89e1-48de-b872-b63b779b0dba","name":"PostgreSQL-13","version":"13","minor_version":"13.13"},{"id":"8af4ebbb-fd08-4038-89f6-9d8c8f1232ca","name":"PostgreSQL-14","version":"14","minor_version":"14.10"},{"id":"764c6bb3-2f1c-4f1a-bfd5-82c540ac435c","name":"PostgreSQL-15","version":"15","minor_version":"15.5"}],"endpoint":null,"tags":[],"settings":[],"backup_schedule":{"frequency":24,"retention":7,"disabled":false,"next_run_at":"2023-12-01T11:09:24.193936Z"},"is_ha_cluster":false,"read_replicas":[],"node_type":"db-dev-s","volume":{"type":"lssd","size":5000000000,"class":"lssd"},"init_settings":[],"endpoints":[],"logs_policy":{"max_age_retention":30,"total_disk_retention":null},"backup_same_region":false,"maintenances":[],"created_at":"2023-11-30T11:09:24.193936Z","region":"fr-par"}'
    headers:
      Content-Length:
      - "1046"
      Content-Security-Policy:
      - default-src 'none'; frame-ancestors 'none'
      Content-Type:
      - application/json
      Date:
      - Thu, 30 Nov 2023 11:11:28 GMT
      Server:
      - Scaleway API-Gateway
      Strict-Transport-Security:
      - max-age=63072000
      X-Content-Type-Options:
      - nosniff
      X-Frame-Options:
      - DENY
      X-Request-Id:
      - 4a37223a-b2e4-4dc6-ba24-c2285241d563
    status: 200 OK
    code: 200
    duration: ""
- request:
    body: '{"id":"2112bdfc-d478-4802-aa23-c460117ac94a","name":"cli-test","organization_id":"105bdce1-64c0-48ab-899d-868455867ecf","project_id":"105bdce1-64c0-48ab-899d-868455867ecf","status":"initializing","engine":"PostgreSQL-12","upgradable_version":[{"id":"f4c1ec41-89e1-48de-b872-b63b779b0dba","name":"PostgreSQL-13","version":"13","minor_version":"13.13"},{"id":"8af4ebbb-fd08-4038-89f6-9d8c8f1232ca","name":"PostgreSQL-14","version":"14","minor_version":"14.10"},{"id":"764c6bb3-2f1c-4f1a-bfd5-82c540ac435c","name":"PostgreSQL-15","version":"15","minor_version":"15.5"}],"endpoint":null,"tags":[],"settings":[{"name":"effective_cache_size","value":"1300"},{"name":"maintenance_work_mem","value":"150"},{"name":"max_connections","value":"100"},{"name":"max_parallel_workers","value":"0"},{"name":"max_parallel_workers_per_gather","value":"0"},{"name":"work_mem","value":"4"}],"backup_schedule":{"frequency":24,"retention":7,"disabled":false,"next_run_at":"2023-12-01T11:09:24.193936Z"},"is_ha_cluster":false,"read_replicas":[],"node_type":"db-dev-s","volume":{"type":"lssd","size":5000000000,"class":"lssd"},"init_settings":[],"endpoints":[],"logs_policy":{"max_age_retention":30,"total_disk_retention":null},"backup_same_region":false,"maintenances":[],"created_at":"2023-11-30T11:09:24.193936Z","region":"fr-par"}'
    form: {}
    headers:
      User-Agent:
      - scaleway-sdk-go/v1.0.0-beta.7+dev (go1.20.4; linux; amd64) cli-e2e-test
    url: https://api.scaleway.com/rdb/v1/regions/fr-par/instances/2112bdfc-d478-4802-aa23-c460117ac94a
    method: GET
  response:
    body: '{"id":"2112bdfc-d478-4802-aa23-c460117ac94a","name":"cli-test","organization_id":"105bdce1-64c0-48ab-899d-868455867ecf","project_id":"105bdce1-64c0-48ab-899d-868455867ecf","status":"initializing","engine":"PostgreSQL-12","upgradable_version":[{"id":"f4c1ec41-89e1-48de-b872-b63b779b0dba","name":"PostgreSQL-13","version":"13","minor_version":"13.13"},{"id":"8af4ebbb-fd08-4038-89f6-9d8c8f1232ca","name":"PostgreSQL-14","version":"14","minor_version":"14.10"},{"id":"764c6bb3-2f1c-4f1a-bfd5-82c540ac435c","name":"PostgreSQL-15","version":"15","minor_version":"15.5"}],"endpoint":null,"tags":[],"settings":[{"name":"effective_cache_size","value":"1300"},{"name":"maintenance_work_mem","value":"150"},{"name":"max_connections","value":"100"},{"name":"max_parallel_workers","value":"0"},{"name":"max_parallel_workers_per_gather","value":"0"},{"name":"work_mem","value":"4"}],"backup_schedule":{"frequency":24,"retention":7,"disabled":false,"next_run_at":"2023-12-01T11:09:24.193936Z"},"is_ha_cluster":false,"read_replicas":[],"node_type":"db-dev-s","volume":{"type":"lssd","size":5000000000,"class":"lssd"},"init_settings":[],"endpoints":[],"logs_policy":{"max_age_retention":30,"total_disk_retention":null},"backup_same_region":false,"maintenances":[],"created_at":"2023-11-30T11:09:24.193936Z","region":"fr-par"}'
    headers:
      Content-Length:
      - "1310"
      Content-Security-Policy:
      - default-src 'none'; frame-ancestors 'none'
      Content-Type:
      - application/json
      Date:
      - Thu, 30 Nov 2023 11:11:44 GMT
      Server:
      - Scaleway API-Gateway
      Strict-Transport-Security:
      - max-age=63072000
      X-Content-Type-Options:
      - nosniff
      X-Frame-Options:
      - DENY
      X-Request-Id:
      - b033bcdb-8ed1-46ce-89e6-9ebb0632c66d
    status: 200 OK
    code: 200
    duration: ""
- request:
    body: '{"id":"2112bdfc-d478-4802-aa23-c460117ac94a","name":"cli-test","organization_id":"105bdce1-64c0-48ab-899d-868455867ecf","project_id":"105bdce1-64c0-48ab-899d-868455867ecf","status":"ready","engine":"PostgreSQL-12","upgradable_version":[{"id":"f4c1ec41-89e1-48de-b872-b63b779b0dba","name":"PostgreSQL-13","version":"13","minor_version":"13.13"},{"id":"8af4ebbb-fd08-4038-89f6-9d8c8f1232ca","name":"PostgreSQL-14","version":"14","minor_version":"14.10"},{"id":"764c6bb3-2f1c-4f1a-bfd5-82c540ac435c","name":"PostgreSQL-15","version":"15","minor_version":"15.5"}],"endpoint":{"ip":"51.159.207.85","port":22130,"name":null,"id":"78a3cb2a-f13e-4b27-b1ad-1332fda8162a","load_balancer":{}},"tags":[],"settings":[{"name":"effective_cache_size","value":"1300"},{"name":"maintenance_work_mem","value":"150"},{"name":"max_connections","value":"100"},{"name":"max_parallel_workers","value":"0"},{"name":"max_parallel_workers_per_gather","value":"0"},{"name":"work_mem","value":"4"}],"backup_schedule":{"frequency":24,"retention":7,"disabled":false,"next_run_at":"2023-12-01T11:09:24.193936Z"},"is_ha_cluster":false,"read_replicas":[],"node_type":"db-dev-s","volume":{"type":"lssd","size":5000000000,"class":"lssd"},"init_settings":[],"endpoints":[{"ip":"51.159.207.85","port":22130,"name":null,"id":"78a3cb2a-f13e-4b27-b1ad-1332fda8162a","load_balancer":{}}],"logs_policy":{"max_age_retention":30,"total_disk_retention":null},"backup_same_region":false,"maintenances":[],"created_at":"2023-11-30T11:09:24.193936Z","region":"fr-par"}'
    form: {}
    headers:
      User-Agent:
      - scaleway-sdk-go/v1.0.0-beta.7+dev (go1.20.4; linux; amd64) cli-e2e-test
    url: https://api.scaleway.com/rdb/v1/regions/fr-par/instances/2112bdfc-d478-4802-aa23-c460117ac94a
    method: GET
  response:
    body: '{"id":"2112bdfc-d478-4802-aa23-c460117ac94a","name":"cli-test","organization_id":"105bdce1-64c0-48ab-899d-868455867ecf","project_id":"105bdce1-64c0-48ab-899d-868455867ecf","status":"ready","engine":"PostgreSQL-12","upgradable_version":[{"id":"f4c1ec41-89e1-48de-b872-b63b779b0dba","name":"PostgreSQL-13","version":"13","minor_version":"13.13"},{"id":"8af4ebbb-fd08-4038-89f6-9d8c8f1232ca","name":"PostgreSQL-14","version":"14","minor_version":"14.10"},{"id":"764c6bb3-2f1c-4f1a-bfd5-82c540ac435c","name":"PostgreSQL-15","version":"15","minor_version":"15.5"}],"endpoint":{"ip":"51.159.207.85","port":22130,"name":null,"id":"78a3cb2a-f13e-4b27-b1ad-1332fda8162a","load_balancer":{}},"tags":[],"settings":[{"name":"effective_cache_size","value":"1300"},{"name":"maintenance_work_mem","value":"150"},{"name":"max_connections","value":"100"},{"name":"max_parallel_workers","value":"0"},{"name":"max_parallel_workers_per_gather","value":"0"},{"name":"work_mem","value":"4"}],"backup_schedule":{"frequency":24,"retention":7,"disabled":false,"next_run_at":"2023-12-01T11:09:24.193936Z"},"is_ha_cluster":false,"read_replicas":[],"node_type":"db-dev-s","volume":{"type":"lssd","size":5000000000,"class":"lssd"},"init_settings":[],"endpoints":[{"ip":"51.159.207.85","port":22130,"name":null,"id":"78a3cb2a-f13e-4b27-b1ad-1332fda8162a","load_balancer":{}}],"logs_policy":{"max_age_retention":30,"total_disk_retention":null},"backup_same_region":false,"maintenances":[],"created_at":"2023-11-30T11:09:24.193936Z","region":"fr-par"}'
    headers:
      Content-Length:
      - "1519"
      Content-Security-Policy:
      - default-src 'none'; frame-ancestors 'none'
      Content-Type:
      - application/json
      Date:
      - Thu, 30 Nov 2023 11:11:59 GMT
      Server:
      - Scaleway API-Gateway
      Strict-Transport-Security:
      - max-age=63072000
      X-Content-Type-Options:
      - nosniff
      X-Frame-Options:
      - DENY
      X-Request-Id:
      - 58af9c5b-04be-463d-8130-00831a98072e
    status: 200 OK
    code: 200
    duration: ""
- request:
    body: '{"id":"2112bdfc-d478-4802-aa23-c460117ac94a","name":"cli-test","organization_id":"105bdce1-64c0-48ab-899d-868455867ecf","project_id":"105bdce1-64c0-48ab-899d-868455867ecf","status":"deleting","engine":"PostgreSQL-12","upgradable_version":[{"id":"f4c1ec41-89e1-48de-b872-b63b779b0dba","name":"PostgreSQL-13","version":"13","minor_version":"13.13"},{"id":"8af4ebbb-fd08-4038-89f6-9d8c8f1232ca","name":"PostgreSQL-14","version":"14","minor_version":"14.10"},{"id":"764c6bb3-2f1c-4f1a-bfd5-82c540ac435c","name":"PostgreSQL-15","version":"15","minor_version":"15.5"}],"endpoint":{"ip":"51.159.207.85","port":22130,"name":null,"id":"78a3cb2a-f13e-4b27-b1ad-1332fda8162a","load_balancer":{}},"tags":[],"settings":[{"name":"effective_cache_size","value":"1300"},{"name":"maintenance_work_mem","value":"150"},{"name":"max_connections","value":"100"},{"name":"max_parallel_workers","value":"0"},{"name":"max_parallel_workers_per_gather","value":"0"},{"name":"work_mem","value":"4"}],"backup_schedule":{"frequency":24,"retention":7,"disabled":false,"next_run_at":"2023-12-01T11:09:24.193936Z"},"is_ha_cluster":false,"read_replicas":[],"node_type":"db-dev-s","volume":{"type":"lssd","size":5000000000,"class":"lssd"},"init_settings":[],"endpoints":[{"ip":"51.159.207.85","port":22130,"name":null,"id":"78a3cb2a-f13e-4b27-b1ad-1332fda8162a","load_balancer":{}}],"logs_policy":{"max_age_retention":30,"total_disk_retention":null},"backup_same_region":false,"maintenances":[],"created_at":"2023-11-30T11:09:24.193936Z","region":"fr-par"}'
    form: {}
    headers:
      User-Agent:
      - scaleway-sdk-go/v1.0.0-beta.7+dev (go1.20.4; linux; amd64) cli-e2e-test
    url: https://api.scaleway.com/rdb/v1/regions/fr-par/instances/2112bdfc-d478-4802-aa23-c460117ac94a
    method: DELETE
  response:
    body: '{"id":"2112bdfc-d478-4802-aa23-c460117ac94a","name":"cli-test","organization_id":"105bdce1-64c0-48ab-899d-868455867ecf","project_id":"105bdce1-64c0-48ab-899d-868455867ecf","status":"deleting","engine":"PostgreSQL-12","upgradable_version":[{"id":"f4c1ec41-89e1-48de-b872-b63b779b0dba","name":"PostgreSQL-13","version":"13","minor_version":"13.13"},{"id":"8af4ebbb-fd08-4038-89f6-9d8c8f1232ca","name":"PostgreSQL-14","version":"14","minor_version":"14.10"},{"id":"764c6bb3-2f1c-4f1a-bfd5-82c540ac435c","name":"PostgreSQL-15","version":"15","minor_version":"15.5"}],"endpoint":{"ip":"51.159.207.85","port":22130,"name":null,"id":"78a3cb2a-f13e-4b27-b1ad-1332fda8162a","load_balancer":{}},"tags":[],"settings":[{"name":"effective_cache_size","value":"1300"},{"name":"maintenance_work_mem","value":"150"},{"name":"max_connections","value":"100"},{"name":"max_parallel_workers","value":"0"},{"name":"max_parallel_workers_per_gather","value":"0"},{"name":"work_mem","value":"4"}],"backup_schedule":{"frequency":24,"retention":7,"disabled":false,"next_run_at":"2023-12-01T11:09:24.193936Z"},"is_ha_cluster":false,"read_replicas":[],"node_type":"db-dev-s","volume":{"type":"lssd","size":5000000000,"class":"lssd"},"init_settings":[],"endpoints":[{"ip":"51.159.207.85","port":22130,"name":null,"id":"78a3cb2a-f13e-4b27-b1ad-1332fda8162a","load_balancer":{}}],"logs_policy":{"max_age_retention":30,"total_disk_retention":null},"backup_same_region":false,"maintenances":[],"created_at":"2023-11-30T11:09:24.193936Z","region":"fr-par"}'
    headers:
      Content-Length:
      - "1522"
      Content-Security-Policy:
      - default-src 'none'; frame-ancestors 'none'
      Content-Type:
      - application/json
      Date:
      - Thu, 30 Nov 2023 11:11:59 GMT
      Server:
      - Scaleway API-Gateway
      Strict-Transport-Security:
      - max-age=63072000
      X-Content-Type-Options:
      - nosniff
      X-Frame-Options:
      - DENY
      X-Request-Id:
      - 4eac2fd0-86b2-49a4-b8b7-5c6e962fdab4
    status: 200 OK
    code: 200
    duration: ""
