---
version: 2
interactions:
- request:
    body: '{"id":"5a3374e4-7fc4-4496-80ba-4224b7305d91", "name":"pn-eager-pascal",
      "tags":[], "organization_id":"fa1e3217-dc80-42ac-85c3-3f034b78b552", "created_at":"2024-01-22T15:36:01.354967Z",
      "updated_at":"2024-01-22T15:36:01.354967Z", "project_id":"fa1e3217-dc80-42ac-85c3-3f034b78b552",
      "subnets":["172.16.52.0/22", "fd63:256c:45f7:18c0::/64"], "zone":"fr-par-1"}'
    form: {}
    headers:
      Content-Type:
      - application/json
      User-Agent:
      - scaleway-sdk-go/v1.0.0-beta.7+dev (go1.21.6; linux; amd64) cli-e2e-test
    url: https://api.scaleway.com/vpc/v1/zones/fr-par-1/private-networks
    method: POST
  response:
    body: '{"id":"5a3374e4-7fc4-4496-80ba-4224b7305d91", "name":"pn-eager-pascal",
      "tags":[], "organization_id":"fa1e3217-dc80-42ac-85c3-3f034b78b552", "created_at":"2024-01-22T15:36:01.354967Z",
      "updated_at":"2024-01-22T15:36:01.354967Z", "project_id":"fa1e3217-dc80-42ac-85c3-3f034b78b552",
      "subnets":["172.16.52.0/22", "fd63:256c:45f7:18c0::/64"], "zone":"fr-par-1"}'
    headers:
      Content-Length:
      - "358"
      Content-Security-Policy:
      - default-src 'none'; frame-ancestors 'none'
      Content-Type:
      - application/json
      Date:
      - Mon, 22 Jan 2024 15:36:03 GMT
      Server:
      - Scaleway API-Gateway
      Strict-Transport-Security:
      - max-age=63072000
      X-Content-Type-Options:
      - nosniff
      X-Frame-Options:
      - DENY
      X-Request-Id:
      - 659f55c7-d12c-4a8b-b5bc-18d152fb510b
    status: 200 OK
    code: 200
- request:
    body: '{"id":"8e16d3cf-fe0d-4aae-a07a-3aee91857c2d", "name":"cli-test", "organization_id":"fa1e3217-dc80-42ac-85c3-3f034b78b552",
      "project_id":"fa1e3217-dc80-42ac-85c3-3f034b78b552", "status":"provisioning",
      "engine":"PostgreSQL-15", "upgradable_version":[], "endpoint":null, "tags":[],
      "settings":[], "backup_schedule":{"frequency":24, "retention":7, "disabled":false,
      "next_run_at":"2024-01-23T15:36:04.026242Z"}, "is_ha_cluster":false, "read_replicas":[],
      "node_type":"db-dev-s", "volume":{"type":"lssd", "size":5000000000, "class":"lssd"},
      "init_settings":[], "endpoints":[{"ip":"172.16.0.3", "port":5432, "name":null,
      "id":"0a3561b8-a615-41f9-aa46-d3eb89a240a4", "private_network":{"private_network_id":"5a3374e4-7fc4-4496-80ba-4224b7305d91",
      "service_ip":"172.16.0.3/22", "zone":"fr-par-1"}}], "logs_policy":{"max_age_retention":30,
      "total_disk_retention":null}, "backup_same_region":false, "maintenances":[],
      "created_at":"2024-01-22T15:36:04.026242Z", "region":"fr-par"}'
    form: {}
    headers:
      Content-Type:
      - application/json
      User-Agent:
      - scaleway-sdk-go/v1.0.0-beta.7+dev (go1.21.6; linux; amd64) cli-e2e-test
    url: https://api.scaleway.com/rdb/v1/regions/fr-par/instances
    method: POST
  response:
    body: '{"id":"8e16d3cf-fe0d-4aae-a07a-3aee91857c2d", "name":"cli-test", "organization_id":"fa1e3217-dc80-42ac-85c3-3f034b78b552",
      "project_id":"fa1e3217-dc80-42ac-85c3-3f034b78b552", "status":"provisioning",
      "engine":"PostgreSQL-15", "upgradable_version":[], "endpoint":null, "tags":[],
      "settings":[], "backup_schedule":{"frequency":24, "retention":7, "disabled":false,
      "next_run_at":"2024-01-23T15:36:04.026242Z"}, "is_ha_cluster":false, "read_replicas":[],
      "node_type":"db-dev-s", "volume":{"type":"lssd", "size":5000000000, "class":"lssd"},
      "init_settings":[], "endpoints":[{"ip":"172.16.0.3", "port":5432, "name":null,
      "id":"0a3561b8-a615-41f9-aa46-d3eb89a240a4", "private_network":{"private_network_id":"5a3374e4-7fc4-4496-80ba-4224b7305d91",
      "service_ip":"172.16.0.3/22", "zone":"fr-par-1"}}], "logs_policy":{"max_age_retention":30,
      "total_disk_retention":null}, "backup_same_region":false, "maintenances":[],
      "created_at":"2024-01-22T15:36:04.026242Z", "region":"fr-par"}'
    headers:
      Content-Length:
      - "971"
      Content-Security-Policy:
      - default-src 'none'; frame-ancestors 'none'
      Content-Type:
      - application/json
      Date:
      - Mon, 22 Jan 2024 15:36:04 GMT
      Server:
      - Scaleway API-Gateway
      Strict-Transport-Security:
      - max-age=63072000
      X-Content-Type-Options:
      - nosniff
      X-Frame-Options:
      - DENY
      X-Request-Id:
      - afb2b432-ed1e-43b8-a7d1-6d01f926ef09
    status: 200 OK
    code: 200
- request:
    body: '{"id":"8e16d3cf-fe0d-4aae-a07a-3aee91857c2d", "name":"cli-test", "organization_id":"fa1e3217-dc80-42ac-85c3-3f034b78b552",
      "project_id":"fa1e3217-dc80-42ac-85c3-3f034b78b552", "status":"provisioning",
      "engine":"PostgreSQL-15", "upgradable_version":[], "endpoint":null, "tags":[],
      "settings":[], "backup_schedule":{"frequency":24, "retention":7, "disabled":false,
      "next_run_at":"2024-01-23T15:36:04.026242Z"}, "is_ha_cluster":false, "read_replicas":[],
      "node_type":"db-dev-s", "volume":{"type":"lssd", "size":5000000000, "class":"lssd"},
      "init_settings":[], "endpoints":[{"ip":"172.16.0.3", "port":5432, "name":null,
      "id":"0a3561b8-a615-41f9-aa46-d3eb89a240a4", "private_network":{"private_network_id":"5a3374e4-7fc4-4496-80ba-4224b7305d91",
      "service_ip":"172.16.0.3/22", "zone":"fr-par-1"}}], "logs_policy":{"max_age_retention":30,
      "total_disk_retention":null}, "backup_same_region":false, "maintenances":[],
      "created_at":"2024-01-22T15:36:04.026242Z", "region":"fr-par"}'
    form: {}
    headers:
      User-Agent:
      - scaleway-sdk-go/v1.0.0-beta.7+dev (go1.21.6; linux; amd64) cli-e2e-test
    url: https://api.scaleway.com/rdb/v1/regions/fr-par/instances/8e16d3cf-fe0d-4aae-a07a-3aee91857c2d
    method: GET
  response:
    body: '{"id":"8e16d3cf-fe0d-4aae-a07a-3aee91857c2d", "name":"cli-test", "organization_id":"fa1e3217-dc80-42ac-85c3-3f034b78b552",
      "project_id":"fa1e3217-dc80-42ac-85c3-3f034b78b552", "status":"provisioning",
      "engine":"PostgreSQL-15", "upgradable_version":[], "endpoint":null, "tags":[],
      "settings":[], "backup_schedule":{"frequency":24, "retention":7, "disabled":false,
      "next_run_at":"2024-01-23T15:36:04.026242Z"}, "is_ha_cluster":false, "read_replicas":[],
      "node_type":"db-dev-s", "volume":{"type":"lssd", "size":5000000000, "class":"lssd"},
      "init_settings":[], "endpoints":[{"ip":"172.16.0.3", "port":5432, "name":null,
      "id":"0a3561b8-a615-41f9-aa46-d3eb89a240a4", "private_network":{"private_network_id":"5a3374e4-7fc4-4496-80ba-4224b7305d91",
      "service_ip":"172.16.0.3/22", "zone":"fr-par-1"}}], "logs_policy":{"max_age_retention":30,
      "total_disk_retention":null}, "backup_same_region":false, "maintenances":[],
      "created_at":"2024-01-22T15:36:04.026242Z", "region":"fr-par"}'
    headers:
      Content-Length:
      - "971"
      Content-Security-Policy:
      - default-src 'none'; frame-ancestors 'none'
      Content-Type:
      - application/json
      Date:
      - Mon, 22 Jan 2024 15:36:04 GMT
      Server:
      - Scaleway API-Gateway
      Strict-Transport-Security:
      - max-age=63072000
      X-Content-Type-Options:
      - nosniff
      X-Frame-Options:
      - DENY
      X-Request-Id:
      - 672a8686-b738-4c2d-a831-f93213d34661
    status: 200 OK
    code: 200
- request:
    body: '{"id":"8e16d3cf-fe0d-4aae-a07a-3aee91857c2d", "name":"cli-test", "organization_id":"fa1e3217-dc80-42ac-85c3-3f034b78b552",
      "project_id":"fa1e3217-dc80-42ac-85c3-3f034b78b552", "status":"provisioning",
      "engine":"PostgreSQL-15", "upgradable_version":[], "endpoint":null, "tags":[],
      "settings":[], "backup_schedule":{"frequency":24, "retention":7, "disabled":false,
      "next_run_at":"2024-01-23T15:36:04.026242Z"}, "is_ha_cluster":false, "read_replicas":[],
      "node_type":"db-dev-s", "volume":{"type":"lssd", "size":5000000000, "class":"lssd"},
      "init_settings":[], "endpoints":[{"ip":"172.16.0.3", "port":5432, "name":null,
      "id":"0a3561b8-a615-41f9-aa46-d3eb89a240a4", "private_network":{"private_network_id":"5a3374e4-7fc4-4496-80ba-4224b7305d91",
      "service_ip":"172.16.0.3/22", "zone":"fr-par-1"}}], "logs_policy":{"max_age_retention":30,
      "total_disk_retention":null}, "backup_same_region":false, "maintenances":[],
      "created_at":"2024-01-22T15:36:04.026242Z", "region":"fr-par"}'
    form: {}
    headers:
      User-Agent:
      - scaleway-sdk-go/v1.0.0-beta.7+dev (go1.21.6; linux; amd64) cli-e2e-test
    url: https://api.scaleway.com/rdb/v1/regions/fr-par/instances/8e16d3cf-fe0d-4aae-a07a-3aee91857c2d
    method: GET
  response:
    body: '{"id":"8e16d3cf-fe0d-4aae-a07a-3aee91857c2d", "name":"cli-test", "organization_id":"fa1e3217-dc80-42ac-85c3-3f034b78b552",
      "project_id":"fa1e3217-dc80-42ac-85c3-3f034b78b552", "status":"provisioning",
      "engine":"PostgreSQL-15", "upgradable_version":[], "endpoint":null, "tags":[],
      "settings":[], "backup_schedule":{"frequency":24, "retention":7, "disabled":false,
      "next_run_at":"2024-01-23T15:36:04.026242Z"}, "is_ha_cluster":false, "read_replicas":[],
      "node_type":"db-dev-s", "volume":{"type":"lssd", "size":5000000000, "class":"lssd"},
      "init_settings":[], "endpoints":[{"ip":"172.16.0.3", "port":5432, "name":null,
      "id":"0a3561b8-a615-41f9-aa46-d3eb89a240a4", "private_network":{"private_network_id":"5a3374e4-7fc4-4496-80ba-4224b7305d91",
      "service_ip":"172.16.0.3/22", "zone":"fr-par-1"}}], "logs_policy":{"max_age_retention":30,
      "total_disk_retention":null}, "backup_same_region":false, "maintenances":[],
      "created_at":"2024-01-22T15:36:04.026242Z", "region":"fr-par"}'
    headers:
      Content-Length:
      - "971"
      Content-Security-Policy:
      - default-src 'none'; frame-ancestors 'none'
      Content-Type:
      - application/json
      Date:
      - Mon, 22 Jan 2024 15:36:19 GMT
      Server:
      - Scaleway API-Gateway
      Strict-Transport-Security:
      - max-age=63072000
      X-Content-Type-Options:
      - nosniff
      X-Frame-Options:
      - DENY
      X-Request-Id:
      - 9b5484ab-8cdc-44e2-9873-f4ef5f59f9c4
    status: 200 OK
    code: 200
- request:
    body: '{"id":"8e16d3cf-fe0d-4aae-a07a-3aee91857c2d", "name":"cli-test", "organization_id":"fa1e3217-dc80-42ac-85c3-3f034b78b552",
      "project_id":"fa1e3217-dc80-42ac-85c3-3f034b78b552", "status":"provisioning",
      "engine":"PostgreSQL-15", "upgradable_version":[], "endpoint":null, "tags":[],
      "settings":[], "backup_schedule":{"frequency":24, "retention":7, "disabled":false,
      "next_run_at":"2024-01-23T15:36:04.026242Z"}, "is_ha_cluster":false, "read_replicas":[],
      "node_type":"db-dev-s", "volume":{"type":"lssd", "size":5000000000, "class":"lssd"},
      "init_settings":[], "endpoints":[{"ip":"172.16.0.3", "port":5432, "name":null,
      "id":"0a3561b8-a615-41f9-aa46-d3eb89a240a4", "private_network":{"private_network_id":"5a3374e4-7fc4-4496-80ba-4224b7305d91",
      "service_ip":"172.16.0.3/22", "zone":"fr-par-1"}}], "logs_policy":{"max_age_retention":30,
      "total_disk_retention":null}, "backup_same_region":false, "maintenances":[],
      "created_at":"2024-01-22T15:36:04.026242Z", "region":"fr-par"}'
    form: {}
    headers:
      User-Agent:
      - scaleway-sdk-go/v1.0.0-beta.7+dev (go1.21.6; linux; amd64) cli-e2e-test
    url: https://api.scaleway.com/rdb/v1/regions/fr-par/instances/8e16d3cf-fe0d-4aae-a07a-3aee91857c2d
    method: GET
  response:
    body: '{"id":"8e16d3cf-fe0d-4aae-a07a-3aee91857c2d", "name":"cli-test", "organization_id":"fa1e3217-dc80-42ac-85c3-3f034b78b552",
      "project_id":"fa1e3217-dc80-42ac-85c3-3f034b78b552", "status":"provisioning",
      "engine":"PostgreSQL-15", "upgradable_version":[], "endpoint":null, "tags":[],
      "settings":[], "backup_schedule":{"frequency":24, "retention":7, "disabled":false,
      "next_run_at":"2024-01-23T15:36:04.026242Z"}, "is_ha_cluster":false, "read_replicas":[],
      "node_type":"db-dev-s", "volume":{"type":"lssd", "size":5000000000, "class":"lssd"},
      "init_settings":[], "endpoints":[{"ip":"172.16.0.3", "port":5432, "name":null,
      "id":"0a3561b8-a615-41f9-aa46-d3eb89a240a4", "private_network":{"private_network_id":"5a3374e4-7fc4-4496-80ba-4224b7305d91",
      "service_ip":"172.16.0.3/22", "zone":"fr-par-1"}}], "logs_policy":{"max_age_retention":30,
      "total_disk_retention":null}, "backup_same_region":false, "maintenances":[],
      "created_at":"2024-01-22T15:36:04.026242Z", "region":"fr-par"}'
    headers:
      Content-Length:
      - "971"
      Content-Security-Policy:
      - default-src 'none'; frame-ancestors 'none'
      Content-Type:
      - application/json
      Date:
      - Mon, 22 Jan 2024 15:36:35 GMT
      Server:
      - Scaleway API-Gateway
      Strict-Transport-Security:
      - max-age=63072000
      X-Content-Type-Options:
      - nosniff
      X-Frame-Options:
      - DENY
      X-Request-Id:
      - cdaa7187-3e4d-4a65-bb4c-5eafdc844eb4
    status: 200 OK
    code: 200
- request:
    body: '{"id":"8e16d3cf-fe0d-4aae-a07a-3aee91857c2d", "name":"cli-test", "organization_id":"fa1e3217-dc80-42ac-85c3-3f034b78b552",
      "project_id":"fa1e3217-dc80-42ac-85c3-3f034b78b552", "status":"provisioning",
      "engine":"PostgreSQL-15", "upgradable_version":[], "endpoint":null, "tags":[],
      "settings":[], "backup_schedule":{"frequency":24, "retention":7, "disabled":false,
      "next_run_at":"2024-01-23T15:36:04.026242Z"}, "is_ha_cluster":false, "read_replicas":[],
      "node_type":"db-dev-s", "volume":{"type":"lssd", "size":5000000000, "class":"lssd"},
      "init_settings":[], "endpoints":[{"ip":"172.16.0.3", "port":5432, "name":null,
      "id":"0a3561b8-a615-41f9-aa46-d3eb89a240a4", "private_network":{"private_network_id":"5a3374e4-7fc4-4496-80ba-4224b7305d91",
      "service_ip":"172.16.0.3/22", "zone":"fr-par-1"}}], "logs_policy":{"max_age_retention":30,
      "total_disk_retention":null}, "backup_same_region":false, "maintenances":[],
      "created_at":"2024-01-22T15:36:04.026242Z", "region":"fr-par"}'
    form: {}
    headers:
      User-Agent:
      - scaleway-sdk-go/v1.0.0-beta.7+dev (go1.21.6; linux; amd64) cli-e2e-test
    url: https://api.scaleway.com/rdb/v1/regions/fr-par/instances/8e16d3cf-fe0d-4aae-a07a-3aee91857c2d
    method: GET
  response:
    body: '{"id":"8e16d3cf-fe0d-4aae-a07a-3aee91857c2d", "name":"cli-test", "organization_id":"fa1e3217-dc80-42ac-85c3-3f034b78b552",
      "project_id":"fa1e3217-dc80-42ac-85c3-3f034b78b552", "status":"provisioning",
      "engine":"PostgreSQL-15", "upgradable_version":[], "endpoint":null, "tags":[],
      "settings":[], "backup_schedule":{"frequency":24, "retention":7, "disabled":false,
      "next_run_at":"2024-01-23T15:36:04.026242Z"}, "is_ha_cluster":false, "read_replicas":[],
      "node_type":"db-dev-s", "volume":{"type":"lssd", "size":5000000000, "class":"lssd"},
      "init_settings":[], "endpoints":[{"ip":"172.16.0.3", "port":5432, "name":null,
      "id":"0a3561b8-a615-41f9-aa46-d3eb89a240a4", "private_network":{"private_network_id":"5a3374e4-7fc4-4496-80ba-4224b7305d91",
      "service_ip":"172.16.0.3/22", "zone":"fr-par-1"}}], "logs_policy":{"max_age_retention":30,
      "total_disk_retention":null}, "backup_same_region":false, "maintenances":[],
      "created_at":"2024-01-22T15:36:04.026242Z", "region":"fr-par"}'
    headers:
      Content-Length:
      - "971"
      Content-Security-Policy:
      - default-src 'none'; frame-ancestors 'none'
      Content-Type:
      - application/json
      Date:
      - Mon, 22 Jan 2024 15:36:50 GMT
      Server:
      - Scaleway API-Gateway
      Strict-Transport-Security:
      - max-age=63072000
      X-Content-Type-Options:
      - nosniff
      X-Frame-Options:
      - DENY
      X-Request-Id:
      - 9393256a-11d8-47c1-9aa6-a00826a738bf
    status: 200 OK
    code: 200
- request:
    body: '{"id":"8e16d3cf-fe0d-4aae-a07a-3aee91857c2d", "name":"cli-test", "organization_id":"fa1e3217-dc80-42ac-85c3-3f034b78b552",
      "project_id":"fa1e3217-dc80-42ac-85c3-3f034b78b552", "status":"initializing",
      "engine":"PostgreSQL-15", "upgradable_version":[], "endpoint":null, "tags":[],
      "settings":[], "backup_schedule":{"frequency":24, "retention":7, "disabled":false,
      "next_run_at":"2024-01-23T15:36:04.026242Z"}, "is_ha_cluster":false, "read_replicas":[],
      "node_type":"db-dev-s", "volume":{"type":"lssd", "size":5000000000, "class":"lssd"},
      "init_settings":[], "endpoints":[{"ip":"172.16.0.3", "port":5432, "name":null,
      "id":"0a3561b8-a615-41f9-aa46-d3eb89a240a4", "private_network":{"private_network_id":"5a3374e4-7fc4-4496-80ba-4224b7305d91",
      "service_ip":"172.16.0.3/22", "zone":"fr-par-1"}}], "logs_policy":{"max_age_retention":30,
      "total_disk_retention":null}, "backup_same_region":false, "maintenances":[],
      "created_at":"2024-01-22T15:36:04.026242Z", "region":"fr-par"}'
    form: {}
    headers:
      User-Agent:
      - scaleway-sdk-go/v1.0.0-beta.7+dev (go1.21.6; linux; amd64) cli-e2e-test
    url: https://api.scaleway.com/rdb/v1/regions/fr-par/instances/8e16d3cf-fe0d-4aae-a07a-3aee91857c2d
    method: GET
  response:
    body: '{"id":"8e16d3cf-fe0d-4aae-a07a-3aee91857c2d", "name":"cli-test", "organization_id":"fa1e3217-dc80-42ac-85c3-3f034b78b552",
      "project_id":"fa1e3217-dc80-42ac-85c3-3f034b78b552", "status":"initializing",
      "engine":"PostgreSQL-15", "upgradable_version":[], "endpoint":null, "tags":[],
      "settings":[], "backup_schedule":{"frequency":24, "retention":7, "disabled":false,
      "next_run_at":"2024-01-23T15:36:04.026242Z"}, "is_ha_cluster":false, "read_replicas":[],
      "node_type":"db-dev-s", "volume":{"type":"lssd", "size":5000000000, "class":"lssd"},
      "init_settings":[], "endpoints":[{"ip":"172.16.0.3", "port":5432, "name":null,
      "id":"0a3561b8-a615-41f9-aa46-d3eb89a240a4", "private_network":{"private_network_id":"5a3374e4-7fc4-4496-80ba-4224b7305d91",
      "service_ip":"172.16.0.3/22", "zone":"fr-par-1"}}], "logs_policy":{"max_age_retention":30,
      "total_disk_retention":null}, "backup_same_region":false, "maintenances":[],
      "created_at":"2024-01-22T15:36:04.026242Z", "region":"fr-par"}'
    headers:
      Content-Length:
      - "971"
      Content-Security-Policy:
      - default-src 'none'; frame-ancestors 'none'
      Content-Type:
      - application/json
      Date:
      - Mon, 22 Jan 2024 15:37:05 GMT
      Server:
      - Scaleway API-Gateway
      Strict-Transport-Security:
      - max-age=63072000
      X-Content-Type-Options:
      - nosniff
      X-Frame-Options:
      - DENY
      X-Request-Id:
      - ffcbe17b-197f-4dce-ad67-885050158e7b
    status: 200 OK
    code: 200
- request:
    body: '{"id":"8e16d3cf-fe0d-4aae-a07a-3aee91857c2d", "name":"cli-test", "organization_id":"fa1e3217-dc80-42ac-85c3-3f034b78b552",
      "project_id":"fa1e3217-dc80-42ac-85c3-3f034b78b552", "status":"initializing",
      "engine":"PostgreSQL-15", "upgradable_version":[], "endpoint":null, "tags":[],
      "settings":[], "backup_schedule":{"frequency":24, "retention":7, "disabled":false,
      "next_run_at":"2024-01-23T15:36:04.026242Z"}, "is_ha_cluster":false, "read_replicas":[],
      "node_type":"db-dev-s", "volume":{"type":"lssd", "size":5000000000, "class":"lssd"},
      "init_settings":[], "endpoints":[{"ip":"172.16.0.3", "port":5432, "name":null,
      "id":"0a3561b8-a615-41f9-aa46-d3eb89a240a4", "private_network":{"private_network_id":"5a3374e4-7fc4-4496-80ba-4224b7305d91",
      "service_ip":"172.16.0.3/22", "zone":"fr-par-1"}}], "logs_policy":{"max_age_retention":30,
      "total_disk_retention":null}, "backup_same_region":false, "maintenances":[],
      "created_at":"2024-01-22T15:36:04.026242Z", "region":"fr-par"}'
    form: {}
    headers:
      User-Agent:
      - scaleway-sdk-go/v1.0.0-beta.7+dev (go1.21.6; linux; amd64) cli-e2e-test
    url: https://api.scaleway.com/rdb/v1/regions/fr-par/instances/8e16d3cf-fe0d-4aae-a07a-3aee91857c2d
    method: GET
  response:
    body: '{"id":"8e16d3cf-fe0d-4aae-a07a-3aee91857c2d", "name":"cli-test", "organization_id":"fa1e3217-dc80-42ac-85c3-3f034b78b552",
      "project_id":"fa1e3217-dc80-42ac-85c3-3f034b78b552", "status":"initializing",
      "engine":"PostgreSQL-15", "upgradable_version":[], "endpoint":null, "tags":[],
      "settings":[], "backup_schedule":{"frequency":24, "retention":7, "disabled":false,
      "next_run_at":"2024-01-23T15:36:04.026242Z"}, "is_ha_cluster":false, "read_replicas":[],
      "node_type":"db-dev-s", "volume":{"type":"lssd", "size":5000000000, "class":"lssd"},
      "init_settings":[], "endpoints":[{"ip":"172.16.0.3", "port":5432, "name":null,
      "id":"0a3561b8-a615-41f9-aa46-d3eb89a240a4", "private_network":{"private_network_id":"5a3374e4-7fc4-4496-80ba-4224b7305d91",
      "service_ip":"172.16.0.3/22", "zone":"fr-par-1"}}], "logs_policy":{"max_age_retention":30,
      "total_disk_retention":null}, "backup_same_region":false, "maintenances":[],
      "created_at":"2024-01-22T15:36:04.026242Z", "region":"fr-par"}'
    headers:
      Content-Length:
      - "971"
      Content-Security-Policy:
      - default-src 'none'; frame-ancestors 'none'
      Content-Type:
      - application/json
      Date:
      - Mon, 22 Jan 2024 15:37:20 GMT
      Server:
      - Scaleway API-Gateway
      Strict-Transport-Security:
      - max-age=63072000
      X-Content-Type-Options:
      - nosniff
      X-Frame-Options:
      - DENY
      X-Request-Id:
      - 63a341b9-7be3-480d-8364-5f7b3639120e
    status: 200 OK
    code: 200
- request:
    body: '{"id":"8e16d3cf-fe0d-4aae-a07a-3aee91857c2d", "name":"cli-test", "organization_id":"fa1e3217-dc80-42ac-85c3-3f034b78b552",
      "project_id":"fa1e3217-dc80-42ac-85c3-3f034b78b552", "status":"initializing",
      "engine":"PostgreSQL-15", "upgradable_version":[], "endpoint":null, "tags":[],
      "settings":[], "backup_schedule":{"frequency":24, "retention":7, "disabled":false,
      "next_run_at":"2024-01-23T15:36:04.026242Z"}, "is_ha_cluster":false, "read_replicas":[],
      "node_type":"db-dev-s", "volume":{"type":"lssd", "size":5000000000, "class":"lssd"},
      "init_settings":[], "endpoints":[{"ip":"172.16.0.3", "port":5432, "name":null,
      "id":"0a3561b8-a615-41f9-aa46-d3eb89a240a4", "private_network":{"private_network_id":"5a3374e4-7fc4-4496-80ba-4224b7305d91",
      "service_ip":"172.16.0.3/22", "zone":"fr-par-1"}}], "logs_policy":{"max_age_retention":30,
      "total_disk_retention":null}, "backup_same_region":false, "maintenances":[],
      "created_at":"2024-01-22T15:36:04.026242Z", "region":"fr-par"}'
    form: {}
    headers:
      User-Agent:
      - scaleway-sdk-go/v1.0.0-beta.7+dev (go1.21.6; linux; amd64) cli-e2e-test
    url: https://api.scaleway.com/rdb/v1/regions/fr-par/instances/8e16d3cf-fe0d-4aae-a07a-3aee91857c2d
    method: GET
  response:
    body: '{"id":"8e16d3cf-fe0d-4aae-a07a-3aee91857c2d", "name":"cli-test", "organization_id":"fa1e3217-dc80-42ac-85c3-3f034b78b552",
      "project_id":"fa1e3217-dc80-42ac-85c3-3f034b78b552", "status":"initializing",
      "engine":"PostgreSQL-15", "upgradable_version":[], "endpoint":null, "tags":[],
      "settings":[], "backup_schedule":{"frequency":24, "retention":7, "disabled":false,
      "next_run_at":"2024-01-23T15:36:04.026242Z"}, "is_ha_cluster":false, "read_replicas":[],
      "node_type":"db-dev-s", "volume":{"type":"lssd", "size":5000000000, "class":"lssd"},
      "init_settings":[], "endpoints":[{"ip":"172.16.0.3", "port":5432, "name":null,
      "id":"0a3561b8-a615-41f9-aa46-d3eb89a240a4", "private_network":{"private_network_id":"5a3374e4-7fc4-4496-80ba-4224b7305d91",
      "service_ip":"172.16.0.3/22", "zone":"fr-par-1"}}], "logs_policy":{"max_age_retention":30,
      "total_disk_retention":null}, "backup_same_region":false, "maintenances":[],
      "created_at":"2024-01-22T15:36:04.026242Z", "region":"fr-par"}'
    headers:
      Content-Length:
      - "971"
      Content-Security-Policy:
      - default-src 'none'; frame-ancestors 'none'
      Content-Type:
      - application/json
      Date:
      - Mon, 22 Jan 2024 15:37:35 GMT
      Server:
      - Scaleway API-Gateway
      Strict-Transport-Security:
      - max-age=63072000
      X-Content-Type-Options:
      - nosniff
      X-Frame-Options:
      - DENY
      X-Request-Id:
      - c9eb721d-afb6-40d0-8ffa-437d2eb106a1
    status: 200 OK
    code: 200
- request:
    body: '{"id":"8e16d3cf-fe0d-4aae-a07a-3aee91857c2d", "name":"cli-test", "organization_id":"fa1e3217-dc80-42ac-85c3-3f034b78b552",
      "project_id":"fa1e3217-dc80-42ac-85c3-3f034b78b552", "status":"initializing",
      "engine":"PostgreSQL-15", "upgradable_version":[], "endpoint":null, "tags":[],
      "settings":[], "backup_schedule":{"frequency":24, "retention":7, "disabled":false,
      "next_run_at":"2024-01-23T15:36:04.026242Z"}, "is_ha_cluster":false, "read_replicas":[],
      "node_type":"db-dev-s", "volume":{"type":"lssd", "size":5000000000, "class":"lssd"},
      "init_settings":[], "endpoints":[{"ip":"172.16.0.3", "port":5432, "name":null,
      "id":"0a3561b8-a615-41f9-aa46-d3eb89a240a4", "private_network":{"private_network_id":"5a3374e4-7fc4-4496-80ba-4224b7305d91",
      "service_ip":"172.16.0.3/22", "zone":"fr-par-1"}}], "logs_policy":{"max_age_retention":30,
      "total_disk_retention":null}, "backup_same_region":false, "maintenances":[],
      "created_at":"2024-01-22T15:36:04.026242Z", "region":"fr-par"}'
    form: {}
    headers:
      User-Agent:
      - scaleway-sdk-go/v1.0.0-beta.7+dev (go1.21.6; linux; amd64) cli-e2e-test
    url: https://api.scaleway.com/rdb/v1/regions/fr-par/instances/8e16d3cf-fe0d-4aae-a07a-3aee91857c2d
    method: GET
  response:
    body: '{"id":"8e16d3cf-fe0d-4aae-a07a-3aee91857c2d", "name":"cli-test", "organization_id":"fa1e3217-dc80-42ac-85c3-3f034b78b552",
      "project_id":"fa1e3217-dc80-42ac-85c3-3f034b78b552", "status":"initializing",
      "engine":"PostgreSQL-15", "upgradable_version":[], "endpoint":null, "tags":[],
      "settings":[], "backup_schedule":{"frequency":24, "retention":7, "disabled":false,
      "next_run_at":"2024-01-23T15:36:04.026242Z"}, "is_ha_cluster":false, "read_replicas":[],
      "node_type":"db-dev-s", "volume":{"type":"lssd", "size":5000000000, "class":"lssd"},
      "init_settings":[], "endpoints":[{"ip":"172.16.0.3", "port":5432, "name":null,
      "id":"0a3561b8-a615-41f9-aa46-d3eb89a240a4", "private_network":{"private_network_id":"5a3374e4-7fc4-4496-80ba-4224b7305d91",
      "service_ip":"172.16.0.3/22", "zone":"fr-par-1"}}], "logs_policy":{"max_age_retention":30,
      "total_disk_retention":null}, "backup_same_region":false, "maintenances":[],
      "created_at":"2024-01-22T15:36:04.026242Z", "region":"fr-par"}'
    headers:
      Content-Length:
      - "971"
      Content-Security-Policy:
      - default-src 'none'; frame-ancestors 'none'
      Content-Type:
      - application/json
      Date:
      - Mon, 22 Jan 2024 15:37:51 GMT
      Server:
      - Scaleway API-Gateway
      Strict-Transport-Security:
      - max-age=63072000
      X-Content-Type-Options:
      - nosniff
      X-Frame-Options:
      - DENY
      X-Request-Id:
      - 349b2cf0-b8cf-4d3b-8e78-d38c35e141f7
    status: 200 OK
    code: 200
- request:
    body: '{"id":"8e16d3cf-fe0d-4aae-a07a-3aee91857c2d", "name":"cli-test", "organization_id":"fa1e3217-dc80-42ac-85c3-3f034b78b552",
      "project_id":"fa1e3217-dc80-42ac-85c3-3f034b78b552", "status":"initializing",
      "engine":"PostgreSQL-15", "upgradable_version":[], "endpoint":null, "tags":[],
      "settings":[], "backup_schedule":{"frequency":24, "retention":7, "disabled":false,
      "next_run_at":"2024-01-23T15:36:04.026242Z"}, "is_ha_cluster":false, "read_replicas":[],
      "node_type":"db-dev-s", "volume":{"type":"lssd", "size":5000000000, "class":"lssd"},
      "init_settings":[], "endpoints":[{"ip":"172.16.0.3", "port":5432, "name":null,
      "id":"0a3561b8-a615-41f9-aa46-d3eb89a240a4", "private_network":{"private_network_id":"5a3374e4-7fc4-4496-80ba-4224b7305d91",
      "service_ip":"172.16.0.3/22", "zone":"fr-par-1"}}], "logs_policy":{"max_age_retention":30,
      "total_disk_retention":null}, "backup_same_region":false, "maintenances":[],
      "created_at":"2024-01-22T15:36:04.026242Z", "region":"fr-par"}'
    form: {}
    headers:
      User-Agent:
      - scaleway-sdk-go/v1.0.0-beta.7+dev (go1.21.6; linux; amd64) cli-e2e-test
    url: https://api.scaleway.com/rdb/v1/regions/fr-par/instances/8e16d3cf-fe0d-4aae-a07a-3aee91857c2d
    method: GET
  response:
    body: '{"id":"8e16d3cf-fe0d-4aae-a07a-3aee91857c2d", "name":"cli-test", "organization_id":"fa1e3217-dc80-42ac-85c3-3f034b78b552",
      "project_id":"fa1e3217-dc80-42ac-85c3-3f034b78b552", "status":"initializing",
      "engine":"PostgreSQL-15", "upgradable_version":[], "endpoint":null, "tags":[],
      "settings":[], "backup_schedule":{"frequency":24, "retention":7, "disabled":false,
      "next_run_at":"2024-01-23T15:36:04.026242Z"}, "is_ha_cluster":false, "read_replicas":[],
      "node_type":"db-dev-s", "volume":{"type":"lssd", "size":5000000000, "class":"lssd"},
      "init_settings":[], "endpoints":[{"ip":"172.16.0.3", "port":5432, "name":null,
      "id":"0a3561b8-a615-41f9-aa46-d3eb89a240a4", "private_network":{"private_network_id":"5a3374e4-7fc4-4496-80ba-4224b7305d91",
      "service_ip":"172.16.0.3/22", "zone":"fr-par-1"}}], "logs_policy":{"max_age_retention":30,
      "total_disk_retention":null}, "backup_same_region":false, "maintenances":[],
      "created_at":"2024-01-22T15:36:04.026242Z", "region":"fr-par"}'
    headers:
      Content-Length:
      - "971"
      Content-Security-Policy:
      - default-src 'none'; frame-ancestors 'none'
      Content-Type:
      - application/json
      Date:
      - Mon, 22 Jan 2024 15:38:06 GMT
      Server:
      - Scaleway API-Gateway
      Strict-Transport-Security:
      - max-age=63072000
      X-Content-Type-Options:
      - nosniff
      X-Frame-Options:
      - DENY
      X-Request-Id:
      - 90cb10f1-ef47-402f-83d4-00e14b7d0d79
    status: 200 OK
    code: 200
- request:
    body: '{"id":"8e16d3cf-fe0d-4aae-a07a-3aee91857c2d", "name":"cli-test", "organization_id":"fa1e3217-dc80-42ac-85c3-3f034b78b552",
      "project_id":"fa1e3217-dc80-42ac-85c3-3f034b78b552", "status":"initializing",
      "engine":"PostgreSQL-15", "upgradable_version":[], "endpoint":null, "tags":[],
      "settings":[], "backup_schedule":{"frequency":24, "retention":7, "disabled":false,
      "next_run_at":"2024-01-23T15:36:04.026242Z"}, "is_ha_cluster":false, "read_replicas":[],
      "node_type":"db-dev-s", "volume":{"type":"lssd", "size":5000000000, "class":"lssd"},
      "init_settings":[], "endpoints":[{"ip":"172.16.0.3", "port":5432, "name":null,
      "id":"0a3561b8-a615-41f9-aa46-d3eb89a240a4", "private_network":{"private_network_id":"5a3374e4-7fc4-4496-80ba-4224b7305d91",
      "service_ip":"172.16.0.3/22", "zone":"fr-par-1"}}], "logs_policy":{"max_age_retention":30,
      "total_disk_retention":null}, "backup_same_region":false, "maintenances":[],
      "created_at":"2024-01-22T15:36:04.026242Z", "region":"fr-par"}'
    form: {}
    headers:
      User-Agent:
      - scaleway-sdk-go/v1.0.0-beta.7+dev (go1.21.6; linux; amd64) cli-e2e-test
    url: https://api.scaleway.com/rdb/v1/regions/fr-par/instances/8e16d3cf-fe0d-4aae-a07a-3aee91857c2d
    method: GET
  response:
    body: '{"id":"8e16d3cf-fe0d-4aae-a07a-3aee91857c2d", "name":"cli-test", "organization_id":"fa1e3217-dc80-42ac-85c3-3f034b78b552",
      "project_id":"fa1e3217-dc80-42ac-85c3-3f034b78b552", "status":"initializing",
      "engine":"PostgreSQL-15", "upgradable_version":[], "endpoint":null, "tags":[],
      "settings":[], "backup_schedule":{"frequency":24, "retention":7, "disabled":false,
      "next_run_at":"2024-01-23T15:36:04.026242Z"}, "is_ha_cluster":false, "read_replicas":[],
      "node_type":"db-dev-s", "volume":{"type":"lssd", "size":5000000000, "class":"lssd"},
      "init_settings":[], "endpoints":[{"ip":"172.16.0.3", "port":5432, "name":null,
      "id":"0a3561b8-a615-41f9-aa46-d3eb89a240a4", "private_network":{"private_network_id":"5a3374e4-7fc4-4496-80ba-4224b7305d91",
      "service_ip":"172.16.0.3/22", "zone":"fr-par-1"}}], "logs_policy":{"max_age_retention":30,
      "total_disk_retention":null}, "backup_same_region":false, "maintenances":[],
      "created_at":"2024-01-22T15:36:04.026242Z", "region":"fr-par"}'
    headers:
      Content-Length:
      - "971"
      Content-Security-Policy:
      - default-src 'none'; frame-ancestors 'none'
      Content-Type:
      - application/json
      Date:
      - Mon, 22 Jan 2024 15:38:21 GMT
      Server:
      - Scaleway API-Gateway
      Strict-Transport-Security:
      - max-age=63072000
      X-Content-Type-Options:
      - nosniff
      X-Frame-Options:
      - DENY
      X-Request-Id:
      - f0104c96-f1e0-4d3d-aa64-8a2dbc8fccd0
    status: 200 OK
    code: 200
- request:
    body: '{"id":"8e16d3cf-fe0d-4aae-a07a-3aee91857c2d", "name":"cli-test", "organization_id":"fa1e3217-dc80-42ac-85c3-3f034b78b552",
      "project_id":"fa1e3217-dc80-42ac-85c3-3f034b78b552", "status":"initializing",
      "engine":"PostgreSQL-15", "upgradable_version":[], "endpoint":null, "tags":[],
      "settings":[{"name":"effective_cache_size", "value":"1300"}, {"name":"maintenance_work_mem",
      "value":"150"}, {"name":"max_connections", "value":"100"}, {"name":"max_parallel_workers",
      "value":"0"}, {"name":"max_parallel_workers_per_gather", "value":"0"}, {"name":"work_mem",
      "value":"4"}], "backup_schedule":{"frequency":24, "retention":7, "disabled":false,
      "next_run_at":"2024-01-23T15:36:04.026242Z"}, "is_ha_cluster":false, "read_replicas":[],
      "node_type":"db-dev-s", "volume":{"type":"lssd", "size":5000000000, "class":"lssd"},
      "init_settings":[], "endpoints":[{"ip":"172.16.0.3", "port":5432, "name":null,
      "id":"0a3561b8-a615-41f9-aa46-d3eb89a240a4", "private_network":{"private_network_id":"5a3374e4-7fc4-4496-80ba-4224b7305d91",
      "service_ip":"172.16.0.3/22", "zone":"fr-par-1"}}], "logs_policy":{"max_age_retention":30,
      "total_disk_retention":null}, "backup_same_region":false, "maintenances":[],
      "created_at":"2024-01-22T15:36:04.026242Z", "region":"fr-par"}'
    form: {}
    headers:
      User-Agent:
      - scaleway-sdk-go/v1.0.0-beta.7+dev (go1.21.6; linux; amd64) cli-e2e-test
    url: https://api.scaleway.com/rdb/v1/regions/fr-par/instances/8e16d3cf-fe0d-4aae-a07a-3aee91857c2d
    method: GET
  response:
    body: '{"id":"8e16d3cf-fe0d-4aae-a07a-3aee91857c2d", "name":"cli-test", "organization_id":"fa1e3217-dc80-42ac-85c3-3f034b78b552",
      "project_id":"fa1e3217-dc80-42ac-85c3-3f034b78b552", "status":"initializing",
      "engine":"PostgreSQL-15", "upgradable_version":[], "endpoint":null, "tags":[],
      "settings":[{"name":"effective_cache_size", "value":"1300"}, {"name":"maintenance_work_mem",
      "value":"150"}, {"name":"max_connections", "value":"100"}, {"name":"max_parallel_workers",
      "value":"0"}, {"name":"max_parallel_workers_per_gather", "value":"0"}, {"name":"work_mem",
      "value":"4"}], "backup_schedule":{"frequency":24, "retention":7, "disabled":false,
      "next_run_at":"2024-01-23T15:36:04.026242Z"}, "is_ha_cluster":false, "read_replicas":[],
      "node_type":"db-dev-s", "volume":{"type":"lssd", "size":5000000000, "class":"lssd"},
      "init_settings":[], "endpoints":[{"ip":"172.16.0.3", "port":5432, "name":null,
      "id":"0a3561b8-a615-41f9-aa46-d3eb89a240a4", "private_network":{"private_network_id":"5a3374e4-7fc4-4496-80ba-4224b7305d91",
      "service_ip":"172.16.0.3/22", "zone":"fr-par-1"}}], "logs_policy":{"max_age_retention":30,
      "total_disk_retention":null}, "backup_same_region":false, "maintenances":[],
      "created_at":"2024-01-22T15:36:04.026242Z", "region":"fr-par"}'
    headers:
      Content-Length:
      - "1246"
      Content-Security-Policy:
      - default-src 'none'; frame-ancestors 'none'
      Content-Type:
      - application/json
      Date:
      - Mon, 22 Jan 2024 15:38:36 GMT
      Server:
      - Scaleway API-Gateway
      Strict-Transport-Security:
      - max-age=63072000
      X-Content-Type-Options:
      - nosniff
      X-Frame-Options:
      - DENY
      X-Request-Id:
      - 5e5d5503-7672-446d-9fe3-92ea1a07d538
    status: 200 OK
    code: 200
- request:
    body: '{"id":"8e16d3cf-fe0d-4aae-a07a-3aee91857c2d", "name":"cli-test", "organization_id":"fa1e3217-dc80-42ac-85c3-3f034b78b552",
      "project_id":"fa1e3217-dc80-42ac-85c3-3f034b78b552", "status":"initializing",
      "engine":"PostgreSQL-15", "upgradable_version":[], "endpoint":null, "tags":[],
      "settings":[{"name":"effective_cache_size", "value":"1300"}, {"name":"maintenance_work_mem",
      "value":"150"}, {"name":"max_connections", "value":"100"}, {"name":"max_parallel_workers",
      "value":"0"}, {"name":"max_parallel_workers_per_gather", "value":"0"}, {"name":"work_mem",
      "value":"4"}], "backup_schedule":{"frequency":24, "retention":7, "disabled":false,
      "next_run_at":"2024-01-23T15:36:04.026242Z"}, "is_ha_cluster":false, "read_replicas":[],
      "node_type":"db-dev-s", "volume":{"type":"lssd", "size":5000000000, "class":"lssd"},
      "init_settings":[], "endpoints":[{"ip":"172.16.0.3", "port":5432, "name":null,
      "id":"0a3561b8-a615-41f9-aa46-d3eb89a240a4", "private_network":{"private_network_id":"5a3374e4-7fc4-4496-80ba-4224b7305d91",
      "service_ip":"172.16.0.3/22", "zone":"fr-par-1"}}], "logs_policy":{"max_age_retention":30,
      "total_disk_retention":null}, "backup_same_region":false, "maintenances":[],
      "created_at":"2024-01-22T15:36:04.026242Z", "region":"fr-par"}'
    form: {}
    headers:
      User-Agent:
      - scaleway-sdk-go/v1.0.0-beta.7+dev (go1.21.6; linux; amd64) cli-e2e-test
    url: https://api.scaleway.com/rdb/v1/regions/fr-par/instances/8e16d3cf-fe0d-4aae-a07a-3aee91857c2d
    method: GET
  response:
    body: '{"id":"8e16d3cf-fe0d-4aae-a07a-3aee91857c2d", "name":"cli-test", "organization_id":"fa1e3217-dc80-42ac-85c3-3f034b78b552",
      "project_id":"fa1e3217-dc80-42ac-85c3-3f034b78b552", "status":"initializing",
      "engine":"PostgreSQL-15", "upgradable_version":[], "endpoint":null, "tags":[],
      "settings":[{"name":"effective_cache_size", "value":"1300"}, {"name":"maintenance_work_mem",
      "value":"150"}, {"name":"max_connections", "value":"100"}, {"name":"max_parallel_workers",
      "value":"0"}, {"name":"max_parallel_workers_per_gather", "value":"0"}, {"name":"work_mem",
      "value":"4"}], "backup_schedule":{"frequency":24, "retention":7, "disabled":false,
      "next_run_at":"2024-01-23T15:36:04.026242Z"}, "is_ha_cluster":false, "read_replicas":[],
      "node_type":"db-dev-s", "volume":{"type":"lssd", "size":5000000000, "class":"lssd"},
      "init_settings":[], "endpoints":[{"ip":"172.16.0.3", "port":5432, "name":null,
      "id":"0a3561b8-a615-41f9-aa46-d3eb89a240a4", "private_network":{"private_network_id":"5a3374e4-7fc4-4496-80ba-4224b7305d91",
      "service_ip":"172.16.0.3/22", "zone":"fr-par-1"}}], "logs_policy":{"max_age_retention":30,
      "total_disk_retention":null}, "backup_same_region":false, "maintenances":[],
      "created_at":"2024-01-22T15:36:04.026242Z", "region":"fr-par"}'
    headers:
      Content-Length:
      - "1246"
      Content-Security-Policy:
      - default-src 'none'; frame-ancestors 'none'
      Content-Type:
      - application/json
      Date:
      - Mon, 22 Jan 2024 15:38:51 GMT
      Server:
      - Scaleway API-Gateway
      Strict-Transport-Security:
      - max-age=63072000
      X-Content-Type-Options:
      - nosniff
      X-Frame-Options:
      - DENY
      X-Request-Id:
      - 4ffc7c4d-39d1-413c-ba6d-34d496e9e29c
    status: 200 OK
    code: 200
- request:
    body: '{"id":"8e16d3cf-fe0d-4aae-a07a-3aee91857c2d", "name":"cli-test", "organization_id":"fa1e3217-dc80-42ac-85c3-3f034b78b552",
      "project_id":"fa1e3217-dc80-42ac-85c3-3f034b78b552", "status":"ready", "engine":"PostgreSQL-15",
      "upgradable_version":[], "endpoint":{"ip":"51.158.57.112", "port":8009, "name":null,
      "id":"c1512b4d-e8c9-4f59-84db-b6f05f34ddc1", "load_balancer":{}}, "tags":[],
      "settings":[{"name":"effective_cache_size", "value":"1300"}, {"name":"maintenance_work_mem",
      "value":"150"}, {"name":"max_connections", "value":"100"}, {"name":"max_parallel_workers",
      "value":"0"}, {"name":"max_parallel_workers_per_gather", "value":"0"}, {"name":"work_mem",
      "value":"4"}], "backup_schedule":{"frequency":24, "retention":7, "disabled":false,
      "next_run_at":"2024-01-23T15:36:04.026242Z"}, "is_ha_cluster":false, "read_replicas":[],
      "node_type":"db-dev-s", "volume":{"type":"lssd", "size":5000000000, "class":"lssd"},
      "init_settings":[], "endpoints":[{"ip":"172.16.0.3", "port":5432, "name":null,
      "id":"0a3561b8-a615-41f9-aa46-d3eb89a240a4", "private_network":{"private_network_id":"5a3374e4-7fc4-4496-80ba-4224b7305d91",
      "service_ip":"172.16.0.3/22", "zone":"fr-par-1"}}, {"ip":"51.158.57.112", "port":8009,
      "name":null, "id":"c1512b4d-e8c9-4f59-84db-b6f05f34ddc1", "load_balancer":{}}],
      "logs_policy":{"max_age_retention":30, "total_disk_retention":null}, "backup_same_region":false,
      "maintenances":[], "created_at":"2024-01-22T15:36:04.026242Z", "region":"fr-par"}'
    form: {}
    headers:
      User-Agent:
      - scaleway-sdk-go/v1.0.0-beta.7+dev (go1.21.6; linux; amd64) cli-e2e-test
    url: https://api.scaleway.com/rdb/v1/regions/fr-par/instances/8e16d3cf-fe0d-4aae-a07a-3aee91857c2d
    method: GET
  response:
    body: '{"id":"8e16d3cf-fe0d-4aae-a07a-3aee91857c2d", "name":"cli-test", "organization_id":"fa1e3217-dc80-42ac-85c3-3f034b78b552",
      "project_id":"fa1e3217-dc80-42ac-85c3-3f034b78b552", "status":"ready", "engine":"PostgreSQL-15",
      "upgradable_version":[], "endpoint":{"ip":"51.158.57.112", "port":8009, "name":null,
      "id":"c1512b4d-e8c9-4f59-84db-b6f05f34ddc1", "load_balancer":{}}, "tags":[],
      "settings":[{"name":"effective_cache_size", "value":"1300"}, {"name":"maintenance_work_mem",
      "value":"150"}, {"name":"max_connections", "value":"100"}, {"name":"max_parallel_workers",
      "value":"0"}, {"name":"max_parallel_workers_per_gather", "value":"0"}, {"name":"work_mem",
      "value":"4"}], "backup_schedule":{"frequency":24, "retention":7, "disabled":false,
      "next_run_at":"2024-01-23T15:36:04.026242Z"}, "is_ha_cluster":false, "read_replicas":[],
      "node_type":"db-dev-s", "volume":{"type":"lssd", "size":5000000000, "class":"lssd"},
      "init_settings":[], "endpoints":[{"ip":"172.16.0.3", "port":5432, "name":null,
      "id":"0a3561b8-a615-41f9-aa46-d3eb89a240a4", "private_network":{"private_network_id":"5a3374e4-7fc4-4496-80ba-4224b7305d91",
      "service_ip":"172.16.0.3/22", "zone":"fr-par-1"}}, {"ip":"51.158.57.112", "port":8009,
      "name":null, "id":"c1512b4d-e8c9-4f59-84db-b6f05f34ddc1", "load_balancer":{}}],
      "logs_policy":{"max_age_retention":30, "total_disk_retention":null}, "backup_same_region":false,
      "maintenances":[], "created_at":"2024-01-22T15:36:04.026242Z", "region":"fr-par"}'
    headers:
      Content-Length:
      - "1463"
      Content-Security-Policy:
      - default-src 'none'; frame-ancestors 'none'
      Content-Type:
      - application/json
      Date:
      - Mon, 22 Jan 2024 15:39:06 GMT
      Server:
      - Scaleway API-Gateway
      Strict-Transport-Security:
      - max-age=63072000
      X-Content-Type-Options:
      - nosniff
      X-Frame-Options:
      - DENY
      X-Request-Id:
      - b566d4bf-e0e2-4cf6-9d3e-d96c74ad489a
    status: 200 OK
    code: 200
- request:
    body: '{"ip":"172.16.0.3", "port":5432, "name":null, "id":"0a3561b8-a615-41f9-aa46-d3eb89a240a4",
      "private_network":{"private_network_id":"5a3374e4-7fc4-4496-80ba-4224b7305d91",
      "service_ip":"172.16.0.3/22", "zone":"fr-par-1"}}'
    form: {}
    headers:
      User-Agent:
      - scaleway-sdk-go/v1.0.0-beta.7+dev (go1.21.6; linux; amd64) cli-e2e-test
    url: https://api.scaleway.com/rdb/v1/regions/fr-par/endpoints/0a3561b8-a615-41f9-aa46-d3eb89a240a4
    method: GET
  response:
    body: '{"ip":"172.16.0.3", "port":5432, "name":null, "id":"0a3561b8-a615-41f9-aa46-d3eb89a240a4",
      "private_network":{"private_network_id":"5a3374e4-7fc4-4496-80ba-4224b7305d91",
      "service_ip":"172.16.0.3/22", "zone":"fr-par-1"}}'
    headers:
      Content-Length:
      - "220"
      Content-Security-Policy:
      - default-src 'none'; frame-ancestors 'none'
      Content-Type:
      - application/json
      Date:
      - Mon, 22 Jan 2024 15:39:06 GMT
      Server:
      - Scaleway API-Gateway
      Strict-Transport-Security:
      - max-age=63072000
      X-Content-Type-Options:
      - nosniff
      X-Frame-Options:
      - DENY
      X-Request-Id:
      - cb5b1dee-4b0d-498f-858f-a43a29cb02f8
    status: 200 OK
    code: 200
- request:
    body: '{"id":"8e16d3cf-fe0d-4aae-a07a-3aee91857c2d", "name":"cli-test", "organization_id":"fa1e3217-dc80-42ac-85c3-3f034b78b552",
      "project_id":"fa1e3217-dc80-42ac-85c3-3f034b78b552", "status":"ready", "engine":"PostgreSQL-15",
      "upgradable_version":[], "endpoint":{"ip":"51.158.57.112", "port":8009, "name":null,
      "id":"c1512b4d-e8c9-4f59-84db-b6f05f34ddc1", "load_balancer":{}}, "tags":[],
      "settings":[{"name":"effective_cache_size", "value":"1300"}, {"name":"maintenance_work_mem",
      "value":"150"}, {"name":"max_connections", "value":"100"}, {"name":"max_parallel_workers",
      "value":"0"}, {"name":"max_parallel_workers_per_gather", "value":"0"}, {"name":"work_mem",
      "value":"4"}], "backup_schedule":{"frequency":24, "retention":7, "disabled":false,
      "next_run_at":"2024-01-23T15:36:04.026242Z"}, "is_ha_cluster":false, "read_replicas":[],
      "node_type":"db-dev-s", "volume":{"type":"lssd", "size":5000000000, "class":"lssd"},
      "init_settings":[], "endpoints":[{"ip":"172.16.0.3", "port":5432, "name":null,
      "id":"0a3561b8-a615-41f9-aa46-d3eb89a240a4", "private_network":{"private_network_id":"5a3374e4-7fc4-4496-80ba-4224b7305d91",
      "service_ip":"172.16.0.3/22", "zone":"fr-par-1"}}, {"ip":"51.158.57.112", "port":8009,
      "name":null, "id":"c1512b4d-e8c9-4f59-84db-b6f05f34ddc1", "load_balancer":{}}],
      "logs_policy":{"max_age_retention":30, "total_disk_retention":null}, "backup_same_region":false,
      "maintenances":[], "created_at":"2024-01-22T15:36:04.026242Z", "region":"fr-par"}'
    form: {}
    headers:
      User-Agent:
      - scaleway-sdk-go/v1.0.0-beta.7+dev (go1.21.6; linux; amd64) cli-e2e-test
    url: https://api.scaleway.com/rdb/v1/regions/fr-par/instances/8e16d3cf-fe0d-4aae-a07a-3aee91857c2d
    method: GET
  response:
    body: '{"id":"8e16d3cf-fe0d-4aae-a07a-3aee91857c2d", "name":"cli-test", "organization_id":"fa1e3217-dc80-42ac-85c3-3f034b78b552",
      "project_id":"fa1e3217-dc80-42ac-85c3-3f034b78b552", "status":"ready", "engine":"PostgreSQL-15",
      "upgradable_version":[], "endpoint":{"ip":"51.158.57.112", "port":8009, "name":null,
      "id":"c1512b4d-e8c9-4f59-84db-b6f05f34ddc1", "load_balancer":{}}, "tags":[],
      "settings":[{"name":"effective_cache_size", "value":"1300"}, {"name":"maintenance_work_mem",
      "value":"150"}, {"name":"max_connections", "value":"100"}, {"name":"max_parallel_workers",
      "value":"0"}, {"name":"max_parallel_workers_per_gather", "value":"0"}, {"name":"work_mem",
      "value":"4"}], "backup_schedule":{"frequency":24, "retention":7, "disabled":false,
      "next_run_at":"2024-01-23T15:36:04.026242Z"}, "is_ha_cluster":false, "read_replicas":[],
      "node_type":"db-dev-s", "volume":{"type":"lssd", "size":5000000000, "class":"lssd"},
      "init_settings":[], "endpoints":[{"ip":"172.16.0.3", "port":5432, "name":null,
      "id":"0a3561b8-a615-41f9-aa46-d3eb89a240a4", "private_network":{"private_network_id":"5a3374e4-7fc4-4496-80ba-4224b7305d91",
      "service_ip":"172.16.0.3/22", "zone":"fr-par-1"}}, {"ip":"51.158.57.112", "port":8009,
      "name":null, "id":"c1512b4d-e8c9-4f59-84db-b6f05f34ddc1", "load_balancer":{}}],
      "logs_policy":{"max_age_retention":30, "total_disk_retention":null}, "backup_same_region":false,
      "maintenances":[], "created_at":"2024-01-22T15:36:04.026242Z", "region":"fr-par"}'
    headers:
      Content-Length:
      - "1463"
      Content-Security-Policy:
      - default-src 'none'; frame-ancestors 'none'
      Content-Type:
      - application/json
      Date:
      - Mon, 22 Jan 2024 15:39:07 GMT
      Server:
      - Scaleway API-Gateway
      Strict-Transport-Security:
      - max-age=63072000
      X-Content-Type-Options:
      - nosniff
      X-Frame-Options:
      - DENY
      X-Request-Id:
      - 483768e9-caaf-44ff-999f-4601a0358706
    status: 200 OK
    code: 200
- request:
    body: '{"total_count":0, "ips":[]}'
    form: {}
    headers:
      User-Agent:
      - scaleway-sdk-go/v1.0.0-beta.7+dev (go1.21.6; linux; amd64) cli-e2e-test
    url: https://api.scaleway.com/ipam/v1/regions/fr-par/ips?is_ipv6=false&order_by=created_at_desc&page=1&resource_id=8e16d3cf-fe0d-4aae-a07a-3aee91857c2d&resource_type=rdb_instance
    method: GET
  response:
    body: '{"total_count":0, "ips":[]}'
    headers:
      Content-Length:
      - "27"
      Content-Security-Policy:
      - default-src 'none'; frame-ancestors 'none'
      Content-Type:
      - application/json
      Date:
      - Mon, 22 Jan 2024 15:39:07 GMT
      Server:
      - Scaleway API-Gateway
      Strict-Transport-Security:
      - max-age=63072000
      X-Content-Type-Options:
      - nosniff
      X-Frame-Options:
      - DENY
      X-Request-Id:
      - a93a9d2c-3556-4db8-b2fa-8f86b6d00cd9
    status: 200 OK
    code: 200
- request:
    body: '{"id":"8e16d3cf-fe0d-4aae-a07a-3aee91857c2d", "name":"cli-test", "organization_id":"fa1e3217-dc80-42ac-85c3-3f034b78b552",
      "project_id":"fa1e3217-dc80-42ac-85c3-3f034b78b552", "status":"deleting", "engine":"PostgreSQL-15",
      "upgradable_version":[], "endpoint":{"ip":"51.158.57.112", "port":8009, "name":null,
      "id":"c1512b4d-e8c9-4f59-84db-b6f05f34ddc1", "load_balancer":{}}, "tags":[],
      "settings":[{"name":"effective_cache_size", "value":"1300"}, {"name":"maintenance_work_mem",
      "value":"150"}, {"name":"max_connections", "value":"100"}, {"name":"max_parallel_workers",
      "value":"0"}, {"name":"max_parallel_workers_per_gather", "value":"0"}, {"name":"work_mem",
      "value":"4"}], "backup_schedule":{"frequency":24, "retention":7, "disabled":false,
      "next_run_at":"2024-01-23T15:36:04.026242Z"}, "is_ha_cluster":false, "read_replicas":[],
      "node_type":"db-dev-s", "volume":{"type":"lssd", "size":5000000000, "class":"lssd"},
      "init_settings":[], "endpoints":[{"ip":"172.16.0.3", "port":5432, "name":null,
      "id":"0a3561b8-a615-41f9-aa46-d3eb89a240a4", "private_network":{"private_network_id":"5a3374e4-7fc4-4496-80ba-4224b7305d91",
      "service_ip":"172.16.0.3/22", "zone":"fr-par-1"}}, {"ip":"51.158.57.112", "port":8009,
      "name":null, "id":"c1512b4d-e8c9-4f59-84db-b6f05f34ddc1", "load_balancer":{}}],
      "logs_policy":{"max_age_retention":30, "total_disk_retention":null}, "backup_same_region":false,
      "maintenances":[], "created_at":"2024-01-22T15:36:04.026242Z", "region":"fr-par"}'
    form: {}
    headers:
      User-Agent:
      - scaleway-sdk-go/v1.0.0-beta.7+dev (go1.21.6; linux; amd64) cli-e2e-test
    url: https://api.scaleway.com/rdb/v1/regions/fr-par/instances/8e16d3cf-fe0d-4aae-a07a-3aee91857c2d
    method: DELETE
  response:
    body: '{"id":"8e16d3cf-fe0d-4aae-a07a-3aee91857c2d", "name":"cli-test", "organization_id":"fa1e3217-dc80-42ac-85c3-3f034b78b552",
      "project_id":"fa1e3217-dc80-42ac-85c3-3f034b78b552", "status":"deleting", "engine":"PostgreSQL-15",
      "upgradable_version":[], "endpoint":{"ip":"51.158.57.112", "port":8009, "name":null,
      "id":"c1512b4d-e8c9-4f59-84db-b6f05f34ddc1", "load_balancer":{}}, "tags":[],
      "settings":[{"name":"effective_cache_size", "value":"1300"}, {"name":"maintenance_work_mem",
      "value":"150"}, {"name":"max_connections", "value":"100"}, {"name":"max_parallel_workers",
      "value":"0"}, {"name":"max_parallel_workers_per_gather", "value":"0"}, {"name":"work_mem",
      "value":"4"}], "backup_schedule":{"frequency":24, "retention":7, "disabled":false,
      "next_run_at":"2024-01-23T15:36:04.026242Z"}, "is_ha_cluster":false, "read_replicas":[],
      "node_type":"db-dev-s", "volume":{"type":"lssd", "size":5000000000, "class":"lssd"},
      "init_settings":[], "endpoints":[{"ip":"172.16.0.3", "port":5432, "name":null,
      "id":"0a3561b8-a615-41f9-aa46-d3eb89a240a4", "private_network":{"private_network_id":"5a3374e4-7fc4-4496-80ba-4224b7305d91",
      "service_ip":"172.16.0.3/22", "zone":"fr-par-1"}}, {"ip":"51.158.57.112", "port":8009,
      "name":null, "id":"c1512b4d-e8c9-4f59-84db-b6f05f34ddc1", "load_balancer":{}}],
      "logs_policy":{"max_age_retention":30, "total_disk_retention":null}, "backup_same_region":false,
      "maintenances":[], "created_at":"2024-01-22T15:36:04.026242Z", "region":"fr-par"}'
    headers:
      Content-Length:
      - "1466"
      Content-Security-Policy:
      - default-src 'none'; frame-ancestors 'none'
      Content-Type:
      - application/json
      Date:
      - Mon, 22 Jan 2024 15:39:07 GMT
      Server:
      - Scaleway API-Gateway
      Strict-Transport-Security:
      - max-age=63072000
      X-Content-Type-Options:
      - nosniff
      X-Frame-Options:
      - DENY
      X-Request-Id:
      - bb47be84-b2e6-48ea-846d-c5e6ed88fd24
    status: 200 OK
    code: 200
- request:
    body: '{"id":"8e16d3cf-fe0d-4aae-a07a-3aee91857c2d", "name":"cli-test", "organization_id":"fa1e3217-dc80-42ac-85c3-3f034b78b552",
      "project_id":"fa1e3217-dc80-42ac-85c3-3f034b78b552", "status":"deleting", "engine":"PostgreSQL-15",
      "upgradable_version":[], "endpoint":{"ip":"51.158.57.112", "port":8009, "name":null,
      "id":"c1512b4d-e8c9-4f59-84db-b6f05f34ddc1", "load_balancer":{}}, "tags":[],
      "settings":[{"name":"effective_cache_size", "value":"1300"}, {"name":"maintenance_work_mem",
      "value":"150"}, {"name":"max_connections", "value":"100"}, {"name":"max_parallel_workers",
      "value":"0"}, {"name":"max_parallel_workers_per_gather", "value":"0"}, {"name":"work_mem",
      "value":"4"}], "backup_schedule":{"frequency":24, "retention":7, "disabled":false,
      "next_run_at":"2024-01-23T15:36:04.026242Z"}, "is_ha_cluster":false, "read_replicas":[],
      "node_type":"db-dev-s", "volume":{"type":"lssd", "size":5000000000, "class":"lssd"},
      "init_settings":[], "endpoints":[{"ip":"172.16.0.3", "port":5432, "name":null,
      "id":"0a3561b8-a615-41f9-aa46-d3eb89a240a4", "private_network":{"private_network_id":"5a3374e4-7fc4-4496-80ba-4224b7305d91",
      "service_ip":"172.16.0.3/22", "zone":"fr-par-1"}}, {"ip":"51.158.57.112", "port":8009,
      "name":null, "id":"c1512b4d-e8c9-4f59-84db-b6f05f34ddc1", "load_balancer":{}}],
      "logs_policy":{"max_age_retention":30, "total_disk_retention":null}, "backup_same_region":false,
      "maintenances":[], "created_at":"2024-01-22T15:36:04.026242Z", "region":"fr-par"}'
    form: {}
    headers:
      User-Agent:
      - scaleway-sdk-go/v1.0.0-beta.7+dev (go1.21.6; linux; amd64) cli-e2e-test
    url: https://api.scaleway.com/rdb/v1/regions/fr-par/instances/8e16d3cf-fe0d-4aae-a07a-3aee91857c2d
    method: GET
  response:
    body: '{"id":"8e16d3cf-fe0d-4aae-a07a-3aee91857c2d", "name":"cli-test", "organization_id":"fa1e3217-dc80-42ac-85c3-3f034b78b552",
      "project_id":"fa1e3217-dc80-42ac-85c3-3f034b78b552", "status":"deleting", "engine":"PostgreSQL-15",
      "upgradable_version":[], "endpoint":{"ip":"51.158.57.112", "port":8009, "name":null,
      "id":"c1512b4d-e8c9-4f59-84db-b6f05f34ddc1", "load_balancer":{}}, "tags":[],
      "settings":[{"name":"effective_cache_size", "value":"1300"}, {"name":"maintenance_work_mem",
      "value":"150"}, {"name":"max_connections", "value":"100"}, {"name":"max_parallel_workers",
      "value":"0"}, {"name":"max_parallel_workers_per_gather", "value":"0"}, {"name":"work_mem",
      "value":"4"}], "backup_schedule":{"frequency":24, "retention":7, "disabled":false,
      "next_run_at":"2024-01-23T15:36:04.026242Z"}, "is_ha_cluster":false, "read_replicas":[],
      "node_type":"db-dev-s", "volume":{"type":"lssd", "size":5000000000, "class":"lssd"},
      "init_settings":[], "endpoints":[{"ip":"172.16.0.3", "port":5432, "name":null,
      "id":"0a3561b8-a615-41f9-aa46-d3eb89a240a4", "private_network":{"private_network_id":"5a3374e4-7fc4-4496-80ba-4224b7305d91",
      "service_ip":"172.16.0.3/22", "zone":"fr-par-1"}}, {"ip":"51.158.57.112", "port":8009,
      "name":null, "id":"c1512b4d-e8c9-4f59-84db-b6f05f34ddc1", "load_balancer":{}}],
      "logs_policy":{"max_age_retention":30, "total_disk_retention":null}, "backup_same_region":false,
      "maintenances":[], "created_at":"2024-01-22T15:36:04.026242Z", "region":"fr-par"}'
    headers:
      Content-Length:
      - "1466"
      Content-Security-Policy:
      - default-src 'none'; frame-ancestors 'none'
      Content-Type:
      - application/json
      Date:
      - Mon, 22 Jan 2024 15:39:07 GMT
      Server:
      - Scaleway API-Gateway
      Strict-Transport-Security:
      - max-age=63072000
      X-Content-Type-Options:
      - nosniff
      X-Frame-Options:
      - DENY
      X-Request-Id:
      - 939c8ea3-879c-4e47-9d78-9d055407a18d
    status: 200 OK
    code: 200
- request:
    body: '{"message":"resource is not found","resource":"instance","resource_id":"8e16d3cf-fe0d-4aae-a07a-3aee91857c2d","type":"not_found"}'
    form: {}
    headers:
      User-Agent:
      - scaleway-sdk-go/v1.0.0-beta.7+dev (go1.21.6; linux; amd64) cli-e2e-test
    url: https://api.scaleway.com/rdb/v1/regions/fr-par/instances/8e16d3cf-fe0d-4aae-a07a-3aee91857c2d
    method: GET
  response:
    body: '{"message":"resource is not found","resource":"instance","resource_id":"8e16d3cf-fe0d-4aae-a07a-3aee91857c2d","type":"not_found"}'
    headers:
      Content-Length:
      - "129"
      Content-Security-Policy:
      - default-src 'none'; frame-ancestors 'none'
      Content-Type:
      - application/json
      Date:
      - Mon, 22 Jan 2024 15:39:22 GMT
      Server:
      - Scaleway API-Gateway
      Strict-Transport-Security:
      - max-age=63072000
      X-Content-Type-Options:
      - nosniff
      X-Frame-Options:
      - DENY
      X-Request-Id:
      - 004e4e90-73e8-46b9-a521-6ce000add397
    status: 404 Not Found
    code: 404
- request:
    body: ""
    form: {}
    headers:
      User-Agent:
      - scaleway-sdk-go/v1.0.0-beta.7+dev (go1.21.6; linux; amd64) cli-e2e-test
    url: https://api.scaleway.com/vpc/v2/regions/fr-par/private-networks/5a3374e4-7fc4-4496-80ba-4224b7305d91
    method: DELETE
  response:
    body: ""
    headers:
      Content-Security-Policy:
      - default-src 'none'; frame-ancestors 'none'
      Content-Type:
      - application/json
      Date:
      - Mon, 22 Jan 2024 15:39:23 GMT
      Server:
      - Scaleway API-Gateway
      Strict-Transport-Security:
      - max-age=63072000
      X-Content-Type-Options:
      - nosniff
      X-Frame-Options:
      - DENY
      X-Request-Id:
      - e86ab6d1-fabc-4b7b-b899-206e990928cf
    status: 204 No Content
    code: 204
