---
version: 1
interactions:
- request:
    body: '{"project_id":"564aa517-68b0-4fd7-8c8c-d21c4bcdcbd5","name":"cli-test","engine":"PostgreSQL-12","user_name":"foobar","password":"{4xdl*#QOoP+\u00263XRkGA)]","node_type":"db-dev-s","is_ha_cluster":false,"disable_backup":false,"tags":null,"init_settings":null,"volume_type":"lssd","volume_size":0,"init_endpoints":null,"backup_same_region":false}'
    form: {}
    headers:
      Content-Type:
      - application/json
      User-Agent:
      - scaleway-sdk-go/v1.0.0-beta.7+dev (go1.18.3; darwin; amd64) cli-e2e-test
    url: https://api.scaleway.com/rdb/v1/regions/fr-par/instances
    method: POST
  response:
    body: '{"id":"eaab3993-c8e1-436b-980d-f4e23eb0d36e","name":"cli-test","organization_id":"564aa517-68b0-4fd7-8c8c-d21c4bcdcbd5","project_id":"564aa517-68b0-4fd7-8c8c-d21c4bcdcbd5","status":"provisioning","engine":"PostgreSQL-12","endpoint":null,"tags":[],"settings":[],"backup_schedule":{"frequency":24,"retention":7,"disabled":false},"is_ha_cluster":false,"read_replicas":[],"node_type":"db-dev-s","volume":{"type":"lssd","size":5000000000},"init_settings":[],"endpoints":[],"logs_policy":{"max_age_retention":30,"total_disk_retention":null},"backup_same_region":false,"maintenances":[],"created_at":"2022-09-01T12:07:38.642313Z","region":"fr-par"}'
    headers:
      Content-Length:
      - "641"
      Content-Security-Policy:
      - default-src 'none'; frame-ancestors 'none'
      Content-Type:
      - application/json
      Date:
      - Thu, 01 Sep 2022 12:07:38 GMT
      Server:
      - Scaleway API-Gateway
      Strict-Transport-Security:
      - max-age=63072000
      X-Content-Type-Options:
      - nosniff
      X-Frame-Options:
      - DENY
      X-Request-Id:
      - dd1f7e6c-e2e3-479b-95ed-3f102ae495b7
    status: 200 OK
    code: 200
    duration: ""
- request:
    body: ""
    form: {}
    headers:
      User-Agent:
      - scaleway-sdk-go/v1.0.0-beta.7+dev (go1.18.3; darwin; amd64) cli-e2e-test
    url: https://api.scaleway.com/rdb/v1/regions/fr-par/instances/eaab3993-c8e1-436b-980d-f4e23eb0d36e
    method: GET
  response:
    body: '{"id":"eaab3993-c8e1-436b-980d-f4e23eb0d36e","name":"cli-test","organization_id":"564aa517-68b0-4fd7-8c8c-d21c4bcdcbd5","project_id":"564aa517-68b0-4fd7-8c8c-d21c4bcdcbd5","status":"provisioning","engine":"PostgreSQL-12","endpoint":null,"tags":[],"settings":[],"backup_schedule":{"frequency":24,"retention":7,"disabled":false},"is_ha_cluster":false,"read_replicas":[],"node_type":"db-dev-s","volume":{"type":"lssd","size":5000000000},"init_settings":[],"endpoints":[],"logs_policy":{"max_age_retention":30,"total_disk_retention":null},"backup_same_region":false,"maintenances":[],"created_at":"2022-09-01T12:07:38.642313Z","region":"fr-par"}'
    headers:
      Content-Length:
      - "641"
      Content-Security-Policy:
      - default-src 'none'; frame-ancestors 'none'
      Content-Type:
      - application/json
      Date:
      - Thu, 01 Sep 2022 12:07:38 GMT
      Server:
      - Scaleway API-Gateway
      Strict-Transport-Security:
      - max-age=63072000
      X-Content-Type-Options:
      - nosniff
      X-Frame-Options:
      - DENY
      X-Request-Id:
      - 234bc87f-536d-447d-8019-1db024e1c644
    status: 200 OK
    code: 200
    duration: ""
- request:
    body: ""
    form: {}
    headers:
      User-Agent:
      - scaleway-sdk-go/v1.0.0-beta.7+dev (go1.18.3; darwin; amd64) cli-e2e-test
    url: https://api.scaleway.com/rdb/v1/regions/fr-par/instances/eaab3993-c8e1-436b-980d-f4e23eb0d36e
    method: GET
  response:
    body: '{"id":"eaab3993-c8e1-436b-980d-f4e23eb0d36e","name":"cli-test","organization_id":"564aa517-68b0-4fd7-8c8c-d21c4bcdcbd5","project_id":"564aa517-68b0-4fd7-8c8c-d21c4bcdcbd5","status":"provisioning","engine":"PostgreSQL-12","endpoint":null,"tags":[],"settings":[],"backup_schedule":{"frequency":24,"retention":7,"disabled":false},"is_ha_cluster":false,"read_replicas":[],"node_type":"db-dev-s","volume":{"type":"lssd","size":5000000000},"init_settings":[],"endpoints":[],"logs_policy":{"max_age_retention":30,"total_disk_retention":null},"backup_same_region":false,"maintenances":[],"created_at":"2022-09-01T12:07:38.642313Z","region":"fr-par"}'
    headers:
      Content-Length:
      - "641"
      Content-Security-Policy:
      - default-src 'none'; frame-ancestors 'none'
      Content-Type:
      - application/json
      Date:
      - Thu, 01 Sep 2022 12:07:54 GMT
      Server:
      - Scaleway API-Gateway
      Strict-Transport-Security:
      - max-age=63072000
      X-Content-Type-Options:
      - nosniff
      X-Frame-Options:
      - DENY
      X-Request-Id:
      - a44126d8-6134-4041-a058-55218da8b8b5
    status: 200 OK
    code: 200
    duration: ""
- request:
    body: ""
    form: {}
    headers:
      User-Agent:
      - scaleway-sdk-go/v1.0.0-beta.7+dev (go1.18.3; darwin; amd64) cli-e2e-test
    url: https://api.scaleway.com/rdb/v1/regions/fr-par/instances/eaab3993-c8e1-436b-980d-f4e23eb0d36e
    method: GET
  response:
    body: '{"id":"eaab3993-c8e1-436b-980d-f4e23eb0d36e","name":"cli-test","organization_id":"564aa517-68b0-4fd7-8c8c-d21c4bcdcbd5","project_id":"564aa517-68b0-4fd7-8c8c-d21c4bcdcbd5","status":"provisioning","engine":"PostgreSQL-12","endpoint":null,"tags":[],"settings":[],"backup_schedule":{"frequency":24,"retention":7,"disabled":false},"is_ha_cluster":false,"read_replicas":[],"node_type":"db-dev-s","volume":{"type":"lssd","size":5000000000},"init_settings":[],"endpoints":[],"logs_policy":{"max_age_retention":30,"total_disk_retention":null},"backup_same_region":false,"maintenances":[],"created_at":"2022-09-01T12:07:38.642313Z","region":"fr-par"}'
    headers:
      Content-Length:
      - "641"
      Content-Security-Policy:
      - default-src 'none'; frame-ancestors 'none'
      Content-Type:
      - application/json
      Date:
      - Thu, 01 Sep 2022 12:08:09 GMT
      Server:
      - Scaleway API-Gateway
      Strict-Transport-Security:
      - max-age=63072000
      X-Content-Type-Options:
      - nosniff
      X-Frame-Options:
      - DENY
      X-Request-Id:
      - 8fc741eb-d606-46e4-9960-c72fa3fb40ed
    status: 200 OK
    code: 200
    duration: ""
- request:
    body: ""
    form: {}
    headers:
      User-Agent:
      - scaleway-sdk-go/v1.0.0-beta.7+dev (go1.18.3; darwin; amd64) cli-e2e-test
    url: https://api.scaleway.com/rdb/v1/regions/fr-par/instances/eaab3993-c8e1-436b-980d-f4e23eb0d36e
    method: GET
  response:
    body: '{"id":"eaab3993-c8e1-436b-980d-f4e23eb0d36e","name":"cli-test","organization_id":"564aa517-68b0-4fd7-8c8c-d21c4bcdcbd5","project_id":"564aa517-68b0-4fd7-8c8c-d21c4bcdcbd5","status":"provisioning","engine":"PostgreSQL-12","endpoint":null,"tags":[],"settings":[],"backup_schedule":{"frequency":24,"retention":7,"disabled":false},"is_ha_cluster":false,"read_replicas":[],"node_type":"db-dev-s","volume":{"type":"lssd","size":5000000000},"init_settings":[],"endpoints":[],"logs_policy":{"max_age_retention":30,"total_disk_retention":null},"backup_same_region":false,"maintenances":[],"created_at":"2022-09-01T12:07:38.642313Z","region":"fr-par"}'
    headers:
      Content-Length:
      - "641"
      Content-Security-Policy:
      - default-src 'none'; frame-ancestors 'none'
      Content-Type:
      - application/json
      Date:
      - Thu, 01 Sep 2022 12:08:24 GMT
      Server:
      - Scaleway API-Gateway
      Strict-Transport-Security:
      - max-age=63072000
      X-Content-Type-Options:
      - nosniff
      X-Frame-Options:
      - DENY
      X-Request-Id:
      - a5d12966-82e1-478d-bf7c-cdde5505a83f
    status: 200 OK
    code: 200
    duration: ""
- request:
    body: ""
    form: {}
    headers:
      User-Agent:
      - scaleway-sdk-go/v1.0.0-beta.7+dev (go1.18.3; darwin; amd64) cli-e2e-test
    url: https://api.scaleway.com/rdb/v1/regions/fr-par/instances/eaab3993-c8e1-436b-980d-f4e23eb0d36e
    method: GET
  response:
    body: '{"id":"eaab3993-c8e1-436b-980d-f4e23eb0d36e","name":"cli-test","organization_id":"564aa517-68b0-4fd7-8c8c-d21c4bcdcbd5","project_id":"564aa517-68b0-4fd7-8c8c-d21c4bcdcbd5","status":"initializing","engine":"PostgreSQL-12","endpoint":null,"tags":[],"settings":[],"backup_schedule":{"frequency":24,"retention":7,"disabled":false},"is_ha_cluster":false,"read_replicas":[],"node_type":"db-dev-s","volume":{"type":"lssd","size":5000000000},"init_settings":[],"endpoints":[],"logs_policy":{"max_age_retention":30,"total_disk_retention":null},"backup_same_region":false,"maintenances":[],"created_at":"2022-09-01T12:07:38.642313Z","region":"fr-par"}'
    headers:
      Content-Length:
      - "641"
      Content-Security-Policy:
      - default-src 'none'; frame-ancestors 'none'
      Content-Type:
      - application/json
      Date:
      - Thu, 01 Sep 2022 12:08:39 GMT
      Server:
      - Scaleway API-Gateway
      Strict-Transport-Security:
      - max-age=63072000
      X-Content-Type-Options:
      - nosniff
      X-Frame-Options:
      - DENY
      X-Request-Id:
      - e7aa6341-aa56-4454-b40d-8f51c9d12b7f
    status: 200 OK
    code: 200
    duration: ""
- request:
    body: ""
    form: {}
    headers:
      User-Agent:
      - scaleway-sdk-go/v1.0.0-beta.7+dev (go1.18.3; darwin; amd64) cli-e2e-test
    url: https://api.scaleway.com/rdb/v1/regions/fr-par/instances/eaab3993-c8e1-436b-980d-f4e23eb0d36e
    method: GET
  response:
    body: '{"id":"eaab3993-c8e1-436b-980d-f4e23eb0d36e","name":"cli-test","organization_id":"564aa517-68b0-4fd7-8c8c-d21c4bcdcbd5","project_id":"564aa517-68b0-4fd7-8c8c-d21c4bcdcbd5","status":"initializing","engine":"PostgreSQL-12","endpoint":null,"tags":[],"settings":[],"backup_schedule":{"frequency":24,"retention":7,"disabled":false},"is_ha_cluster":false,"read_replicas":[],"node_type":"db-dev-s","volume":{"type":"lssd","size":5000000000},"init_settings":[],"endpoints":[],"logs_policy":{"max_age_retention":30,"total_disk_retention":null},"backup_same_region":false,"maintenances":[],"created_at":"2022-09-01T12:07:38.642313Z","region":"fr-par"}'
    headers:
      Content-Length:
      - "641"
      Content-Security-Policy:
      - default-src 'none'; frame-ancestors 'none'
      Content-Type:
      - application/json
      Date:
      - Thu, 01 Sep 2022 12:08:54 GMT
      Server:
      - Scaleway API-Gateway
      Strict-Transport-Security:
      - max-age=63072000
      X-Content-Type-Options:
      - nosniff
      X-Frame-Options:
      - DENY
      X-Request-Id:
      - 97a7498d-8873-4663-941e-a7bd262a88af
    status: 200 OK
    code: 200
    duration: ""
- request:
    body: ""
    form: {}
    headers:
      User-Agent:
      - scaleway-sdk-go/v1.0.0-beta.7+dev (go1.18.3; darwin; amd64) cli-e2e-test
    url: https://api.scaleway.com/rdb/v1/regions/fr-par/instances/eaab3993-c8e1-436b-980d-f4e23eb0d36e
    method: GET
  response:
    body: '{"id":"eaab3993-c8e1-436b-980d-f4e23eb0d36e","name":"cli-test","organization_id":"564aa517-68b0-4fd7-8c8c-d21c4bcdcbd5","project_id":"564aa517-68b0-4fd7-8c8c-d21c4bcdcbd5","status":"initializing","engine":"PostgreSQL-12","endpoint":null,"tags":[],"settings":[],"backup_schedule":{"frequency":24,"retention":7,"disabled":false},"is_ha_cluster":false,"read_replicas":[],"node_type":"db-dev-s","volume":{"type":"lssd","size":5000000000},"init_settings":[],"endpoints":[],"logs_policy":{"max_age_retention":30,"total_disk_retention":null},"backup_same_region":false,"maintenances":[],"created_at":"2022-09-01T12:07:38.642313Z","region":"fr-par"}'
    headers:
      Content-Length:
      - "641"
      Content-Security-Policy:
      - default-src 'none'; frame-ancestors 'none'
      Content-Type:
      - application/json
      Date:
      - Thu, 01 Sep 2022 12:09:09 GMT
      Server:
      - Scaleway API-Gateway
      Strict-Transport-Security:
      - max-age=63072000
      X-Content-Type-Options:
      - nosniff
      X-Frame-Options:
      - DENY
      X-Request-Id:
      - 25c9335d-f86a-4fab-b4e0-e3963ff91a81
    status: 200 OK
    code: 200
    duration: ""
- request:
    body: ""
    form: {}
    headers:
      User-Agent:
      - scaleway-sdk-go/v1.0.0-beta.7+dev (go1.18.3; darwin; amd64) cli-e2e-test
    url: https://api.scaleway.com/rdb/v1/regions/fr-par/instances/eaab3993-c8e1-436b-980d-f4e23eb0d36e
    method: GET
  response:
    body: '{"id":"eaab3993-c8e1-436b-980d-f4e23eb0d36e","name":"cli-test","organization_id":"564aa517-68b0-4fd7-8c8c-d21c4bcdcbd5","project_id":"564aa517-68b0-4fd7-8c8c-d21c4bcdcbd5","status":"initializing","engine":"PostgreSQL-12","endpoint":null,"tags":[],"settings":[],"backup_schedule":{"frequency":24,"retention":7,"disabled":false},"is_ha_cluster":false,"read_replicas":[],"node_type":"db-dev-s","volume":{"type":"lssd","size":5000000000},"init_settings":[],"endpoints":[],"logs_policy":{"max_age_retention":30,"total_disk_retention":null},"backup_same_region":false,"maintenances":[],"created_at":"2022-09-01T12:07:38.642313Z","region":"fr-par"}'
    headers:
      Content-Length:
      - "641"
      Content-Security-Policy:
      - default-src 'none'; frame-ancestors 'none'
      Content-Type:
      - application/json
      Date:
      - Thu, 01 Sep 2022 12:09:24 GMT
      Server:
      - Scaleway API-Gateway
      Strict-Transport-Security:
      - max-age=63072000
      X-Content-Type-Options:
      - nosniff
      X-Frame-Options:
      - DENY
      X-Request-Id:
      - a68b9eae-f0a0-4576-906b-6b44b4127f91
    status: 200 OK
    code: 200
    duration: ""
- request:
    body: ""
    form: {}
    headers:
      User-Agent:
      - scaleway-sdk-go/v1.0.0-beta.7+dev (go1.18.3; darwin; amd64) cli-e2e-test
    url: https://api.scaleway.com/rdb/v1/regions/fr-par/instances/eaab3993-c8e1-436b-980d-f4e23eb0d36e
    method: GET
  response:
    body: '{"id":"eaab3993-c8e1-436b-980d-f4e23eb0d36e","name":"cli-test","organization_id":"564aa517-68b0-4fd7-8c8c-d21c4bcdcbd5","project_id":"564aa517-68b0-4fd7-8c8c-d21c4bcdcbd5","status":"initializing","engine":"PostgreSQL-12","endpoint":null,"tags":[],"settings":[],"backup_schedule":{"frequency":24,"retention":7,"disabled":false},"is_ha_cluster":false,"read_replicas":[],"node_type":"db-dev-s","volume":{"type":"lssd","size":5000000000},"init_settings":[],"endpoints":[],"logs_policy":{"max_age_retention":30,"total_disk_retention":null},"backup_same_region":false,"maintenances":[],"created_at":"2022-09-01T12:07:38.642313Z","region":"fr-par"}'
    headers:
      Content-Length:
      - "641"
      Content-Security-Policy:
      - default-src 'none'; frame-ancestors 'none'
      Content-Type:
      - application/json
      Date:
      - Thu, 01 Sep 2022 12:09:40 GMT
      Server:
      - Scaleway API-Gateway
      Strict-Transport-Security:
      - max-age=63072000
      X-Content-Type-Options:
      - nosniff
      X-Frame-Options:
      - DENY
      X-Request-Id:
      - 8ad5fdaf-cec0-4912-bb35-837a9476f660
    status: 200 OK
    code: 200
    duration: ""
- request:
    body: ""
    form: {}
    headers:
      User-Agent:
      - scaleway-sdk-go/v1.0.0-beta.7+dev (go1.18.3; darwin; amd64) cli-e2e-test
    url: https://api.scaleway.com/rdb/v1/regions/fr-par/instances/eaab3993-c8e1-436b-980d-f4e23eb0d36e
    method: GET
  response:
    body: '{"id":"eaab3993-c8e1-436b-980d-f4e23eb0d36e","name":"cli-test","organization_id":"564aa517-68b0-4fd7-8c8c-d21c4bcdcbd5","project_id":"564aa517-68b0-4fd7-8c8c-d21c4bcdcbd5","status":"initializing","engine":"PostgreSQL-12","endpoint":null,"tags":[],"settings":[],"backup_schedule":{"frequency":24,"retention":7,"disabled":false},"is_ha_cluster":false,"read_replicas":[],"node_type":"db-dev-s","volume":{"type":"lssd","size":5000000000},"init_settings":[],"endpoints":[],"logs_policy":{"max_age_retention":30,"total_disk_retention":null},"backup_same_region":false,"maintenances":[],"created_at":"2022-09-01T12:07:38.642313Z","region":"fr-par"}'
    headers:
      Content-Length:
      - "641"
      Content-Security-Policy:
      - default-src 'none'; frame-ancestors 'none'
      Content-Type:
      - application/json
      Date:
      - Thu, 01 Sep 2022 12:09:55 GMT
      Server:
      - Scaleway API-Gateway
      Strict-Transport-Security:
      - max-age=63072000
      X-Content-Type-Options:
      - nosniff
      X-Frame-Options:
      - DENY
      X-Request-Id:
      - a5353576-e644-40d1-8c40-d6d1d4938ffd
    status: 200 OK
    code: 200
    duration: ""
- request:
    body: ""
    form: {}
    headers:
      User-Agent:
      - scaleway-sdk-go/v1.0.0-beta.7+dev (go1.18.3; darwin; amd64) cli-e2e-test
    url: https://api.scaleway.com/rdb/v1/regions/fr-par/instances/eaab3993-c8e1-436b-980d-f4e23eb0d36e
    method: GET
  response:
    body: '{"id":"eaab3993-c8e1-436b-980d-f4e23eb0d36e","name":"cli-test","organization_id":"564aa517-68b0-4fd7-8c8c-d21c4bcdcbd5","project_id":"564aa517-68b0-4fd7-8c8c-d21c4bcdcbd5","status":"initializing","engine":"PostgreSQL-12","endpoint":null,"tags":[],"settings":[],"backup_schedule":{"frequency":24,"retention":7,"disabled":false},"is_ha_cluster":false,"read_replicas":[],"node_type":"db-dev-s","volume":{"type":"lssd","size":5000000000},"init_settings":[],"endpoints":[],"logs_policy":{"max_age_retention":30,"total_disk_retention":null},"backup_same_region":false,"maintenances":[],"created_at":"2022-09-01T12:07:38.642313Z","region":"fr-par"}'
    headers:
      Content-Length:
      - "641"
      Content-Security-Policy:
      - default-src 'none'; frame-ancestors 'none'
      Content-Type:
      - application/json
      Date:
      - Thu, 01 Sep 2022 12:10:10 GMT
      Server:
      - Scaleway API-Gateway
      Strict-Transport-Security:
      - max-age=63072000
      X-Content-Type-Options:
      - nosniff
      X-Frame-Options:
      - DENY
      X-Request-Id:
      - becbfd02-636f-46f1-8e1c-4d46096e7571
    status: 200 OK
    code: 200
    duration: ""
- request:
    body: ""
    form: {}
    headers:
      User-Agent:
      - scaleway-sdk-go/v1.0.0-beta.7+dev (go1.18.3; darwin; amd64) cli-e2e-test
    url: https://api.scaleway.com/rdb/v1/regions/fr-par/instances/eaab3993-c8e1-436b-980d-f4e23eb0d36e
    method: GET
  response:
    body: '{"id":"eaab3993-c8e1-436b-980d-f4e23eb0d36e","name":"cli-test","organization_id":"564aa517-68b0-4fd7-8c8c-d21c4bcdcbd5","project_id":"564aa517-68b0-4fd7-8c8c-d21c4bcdcbd5","status":"initializing","engine":"PostgreSQL-12","endpoint":null,"tags":[],"settings":[],"backup_schedule":{"frequency":24,"retention":7,"disabled":false},"is_ha_cluster":false,"read_replicas":[],"node_type":"db-dev-s","volume":{"type":"lssd","size":5000000000},"init_settings":[],"endpoints":[],"logs_policy":{"max_age_retention":30,"total_disk_retention":null},"backup_same_region":false,"maintenances":[],"created_at":"2022-09-01T12:07:38.642313Z","region":"fr-par"}'
    headers:
      Content-Length:
      - "641"
      Content-Security-Policy:
      - default-src 'none'; frame-ancestors 'none'
      Content-Type:
      - application/json
      Date:
      - Thu, 01 Sep 2022 12:10:25 GMT
      Server:
      - Scaleway API-Gateway
      Strict-Transport-Security:
      - max-age=63072000
      X-Content-Type-Options:
      - nosniff
      X-Frame-Options:
      - DENY
      X-Request-Id:
      - 7070cd5f-b55d-4fb4-bd72-893b4609a3ed
    status: 200 OK
    code: 200
    duration: ""
- request:
    body: ""
    form: {}
    headers:
      User-Agent:
      - scaleway-sdk-go/v1.0.0-beta.7+dev (go1.18.3; darwin; amd64) cli-e2e-test
    url: https://api.scaleway.com/rdb/v1/regions/fr-par/instances/eaab3993-c8e1-436b-980d-f4e23eb0d36e
    method: GET
  response:
    body: '{"id":"eaab3993-c8e1-436b-980d-f4e23eb0d36e","name":"cli-test","organization_id":"564aa517-68b0-4fd7-8c8c-d21c4bcdcbd5","project_id":"564aa517-68b0-4fd7-8c8c-d21c4bcdcbd5","status":"initializing","engine":"PostgreSQL-12","endpoint":null,"tags":[],"settings":[],"backup_schedule":{"frequency":24,"retention":7,"disabled":false},"is_ha_cluster":false,"read_replicas":[],"node_type":"db-dev-s","volume":{"type":"lssd","size":5000000000},"init_settings":[],"endpoints":[],"logs_policy":{"max_age_retention":30,"total_disk_retention":null},"backup_same_region":false,"maintenances":[],"created_at":"2022-09-01T12:07:38.642313Z","region":"fr-par"}'
    headers:
      Content-Length:
      - "641"
      Content-Security-Policy:
      - default-src 'none'; frame-ancestors 'none'
      Content-Type:
      - application/json
      Date:
      - Thu, 01 Sep 2022 12:10:40 GMT
      Server:
      - Scaleway API-Gateway
      Strict-Transport-Security:
      - max-age=63072000
      X-Content-Type-Options:
      - nosniff
      X-Frame-Options:
      - DENY
      X-Request-Id:
      - fdf4e8aa-c0aa-432b-8da3-39bca89db8e2
    status: 200 OK
    code: 200
    duration: ""
- request:
    body: ""
    form: {}
    headers:
      User-Agent:
      - scaleway-sdk-go/v1.0.0-beta.7+dev (go1.18.3; darwin; amd64) cli-e2e-test
    url: https://api.scaleway.com/rdb/v1/regions/fr-par/instances/eaab3993-c8e1-436b-980d-f4e23eb0d36e
    method: GET
  response:
    body: '{"id":"eaab3993-c8e1-436b-980d-f4e23eb0d36e","name":"cli-test","organization_id":"564aa517-68b0-4fd7-8c8c-d21c4bcdcbd5","project_id":"564aa517-68b0-4fd7-8c8c-d21c4bcdcbd5","status":"ready","engine":"PostgreSQL-12","endpoint":{"ip":"51.158.57.134","port":19658,"name":null,"id":"efc32dd8-6979-48a0-a55f-247febbb5be0","load_balancer":{}},"tags":[],"settings":[{"name":"work_mem","value":"4"},{"name":"max_connections","value":"100"},{"name":"effective_cache_size","value":"1300"},{"name":"maintenance_work_mem","value":"150"},{"name":"max_parallel_workers","value":"0"},{"name":"max_parallel_workers_per_gather","value":"0"}],"backup_schedule":{"frequency":24,"retention":7,"disabled":false},"is_ha_cluster":false,"read_replicas":[],"node_type":"db-dev-s","volume":{"type":"lssd","size":5000000000},"init_settings":[],"endpoints":[{"ip":"51.158.57.134","port":19658,"name":null,"id":"efc32dd8-6979-48a0-a55f-247febbb5be0","load_balancer":{}}],"logs_policy":{"max_age_retention":30,"total_disk_retention":null},"backup_same_region":false,"maintenances":[],"created_at":"2022-09-01T12:07:38.642313Z","region":"fr-par"}'
    headers:
      Content-Length:
      - "1114"
      Content-Security-Policy:
      - default-src 'none'; frame-ancestors 'none'
      Content-Type:
      - application/json
      Date:
      - Thu, 01 Sep 2022 12:10:55 GMT
      Server:
      - Scaleway API-Gateway
      Strict-Transport-Security:
      - max-age=63072000
      X-Content-Type-Options:
      - nosniff
      X-Frame-Options:
      - DENY
      X-Request-Id:
      - a5794071-6b7b-4658-acba-abe079c736b1
    status: 200 OK
    code: 200
    duration: ""
- request:
    body: '{"instance_id":"eaab3993-c8e1-436b-980d-f4e23eb0d36e","database_name":"rdb","name":"will_be_exported","expires_at":"2999-01-02T15:04:05-07:00"}'
    form: {}
    headers:
      Content-Type:
      - application/json
      User-Agent:
      - scaleway-sdk-go/v1.0.0-beta.7+dev (go1.18.3; darwin; amd64) cli-e2e-test
    url: https://api.scaleway.com/rdb/v1/regions/fr-par/backups
    method: POST
  response:
    body: '{"id":"3b662b03-77c7-49c4-920c-1c68ed7fb79a","instance_id":"eaab3993-c8e1-436b-980d-f4e23eb0d36e","database_name":"rdb","name":"will_be_exported","status":"creating","size":null,"expires_at":"2999-01-02T22:04:05Z","created_at":"2022-09-01T12:11:56.062943Z","updated_at":null,"instance_name":"cli-test","download_url":null,"download_url_expires_at":null,"same_region":false,"region":"fr-par"}'
    headers:
      Content-Length:
      - "391"
      Content-Security-Policy:
      - default-src 'none'; frame-ancestors 'none'
      Content-Type:
      - application/json
      Date:
      - Thu, 01 Sep 2022 12:11:56 GMT
      Server:
      - Scaleway API-Gateway
      Strict-Transport-Security:
      - max-age=63072000
      X-Content-Type-Options:
      - nosniff
      X-Frame-Options:
      - DENY
      X-Request-Id:
      - caf2ed33-4034-4f21-a59a-279e9d3530e7
    status: 200 OK
    code: 200
    duration: ""
- request:
    body: ""
    form: {}
    headers:
      User-Agent:
      - scaleway-sdk-go/v1.0.0-beta.7+dev (go1.18.3; darwin; amd64) cli-e2e-test
    url: https://api.scaleway.com/rdb/v1/regions/fr-par/backups/3b662b03-77c7-49c4-920c-1c68ed7fb79a
    method: GET
  response:
    body: '{"id":"3b662b03-77c7-49c4-920c-1c68ed7fb79a","instance_id":"eaab3993-c8e1-436b-980d-f4e23eb0d36e","database_name":"rdb","name":"will_be_exported","status":"creating","size":null,"expires_at":"2999-01-02T22:04:05Z","created_at":"2022-09-01T12:11:56.062943Z","updated_at":null,"instance_name":"cli-test","download_url":null,"download_url_expires_at":null,"same_region":false,"region":"fr-par"}'
    headers:
      Content-Length:
      - "391"
      Content-Security-Policy:
      - default-src 'none'; frame-ancestors 'none'
      Content-Type:
      - application/json
      Date:
      - Thu, 01 Sep 2022 12:11:56 GMT
      Server:
      - Scaleway API-Gateway
      Strict-Transport-Security:
      - max-age=63072000
      X-Content-Type-Options:
      - nosniff
      X-Frame-Options:
      - DENY
      X-Request-Id:
      - 2d145141-c0a3-4e0b-96ad-a36654ffc76e
    status: 200 OK
    code: 200
    duration: ""
- request:
    body: ""
    form: {}
    headers:
      User-Agent:
      - scaleway-sdk-go/v1.0.0-beta.7+dev (go1.18.3; darwin; amd64) cli-e2e-test
    url: https://api.scaleway.com/rdb/v1/regions/fr-par/backups/3b662b03-77c7-49c4-920c-1c68ed7fb79a
    method: GET
  response:
    body: '{"id":"3b662b03-77c7-49c4-920c-1c68ed7fb79a","instance_id":"eaab3993-c8e1-436b-980d-f4e23eb0d36e","database_name":"rdb","name":"will_be_exported","status":"ready","size":2107,"expires_at":"2999-01-02T22:04:05Z","created_at":"2022-09-01T12:11:56.062943Z","updated_at":"2022-09-01T12:11:58.978281Z","instance_name":"cli-test","download_url":null,"download_url_expires_at":null,"same_region":false,"region":"fr-par"}'
    headers:
      Content-Length:
      - "413"
      Content-Security-Policy:
      - default-src 'none'; frame-ancestors 'none'
      Content-Type:
      - application/json
      Date:
      - Thu, 01 Sep 2022 12:12:11 GMT
      Server:
      - Scaleway API-Gateway
      Strict-Transport-Security:
      - max-age=63072000
      X-Content-Type-Options:
      - nosniff
      X-Frame-Options:
      - DENY
      X-Request-Id:
      - 44c6a30e-cc59-4c5b-bc73-08e11abd3fee
    status: 200 OK
    code: 200
    duration: ""
- request:
    body: '{"instance_id":"eaab3993-c8e1-436b-980d-f4e23eb0d36e","database_name":"rdb","name":"will_not_be_exported","expires_at":"2999-01-02T15:04:05-07:00"}'
    form: {}
    headers:
      Content-Type:
      - application/json
      User-Agent:
      - scaleway-sdk-go/v1.0.0-beta.7+dev (go1.18.3; darwin; amd64) cli-e2e-test
    url: https://api.scaleway.com/rdb/v1/regions/fr-par/backups
    method: POST
  response:
    body: '{"id":"7d69e393-2968-4688-86d2-b7e20920cc87","instance_id":"eaab3993-c8e1-436b-980d-f4e23eb0d36e","database_name":"rdb","name":"will_not_be_exported","status":"creating","size":null,"expires_at":"2999-01-02T22:04:05Z","created_at":"2022-09-01T12:12:11.680460Z","updated_at":null,"instance_name":"cli-test","download_url":null,"download_url_expires_at":null,"same_region":false,"region":"fr-par"}'
    headers:
      Content-Length:
      - "395"
      Content-Security-Policy:
      - default-src 'none'; frame-ancestors 'none'
      Content-Type:
      - application/json
      Date:
      - Thu, 01 Sep 2022 12:12:11 GMT
      Server:
      - Scaleway API-Gateway
      Strict-Transport-Security:
      - max-age=63072000
      X-Content-Type-Options:
      - nosniff
      X-Frame-Options:
      - DENY
      X-Request-Id:
      - 71fe66d4-7b32-4227-a277-3a1506605315
    status: 200 OK
    code: 200
    duration: ""
- request:
    body: ""
    form: {}
    headers:
      User-Agent:
      - scaleway-sdk-go/v1.0.0-beta.7+dev (go1.18.3; darwin; amd64) cli-e2e-test
    url: https://api.scaleway.com/rdb/v1/regions/fr-par/backups/7d69e393-2968-4688-86d2-b7e20920cc87
    method: GET
  response:
    body: '{"id":"7d69e393-2968-4688-86d2-b7e20920cc87","instance_id":"eaab3993-c8e1-436b-980d-f4e23eb0d36e","database_name":"rdb","name":"will_not_be_exported","status":"creating","size":null,"expires_at":"2999-01-02T22:04:05Z","created_at":"2022-09-01T12:12:11.680460Z","updated_at":null,"instance_name":"cli-test","download_url":null,"download_url_expires_at":null,"same_region":false,"region":"fr-par"}'
    headers:
      Content-Length:
      - "395"
      Content-Security-Policy:
      - default-src 'none'; frame-ancestors 'none'
      Content-Type:
      - application/json
      Date:
      - Thu, 01 Sep 2022 12:12:11 GMT
      Server:
      - Scaleway API-Gateway
      Strict-Transport-Security:
      - max-age=63072000
      X-Content-Type-Options:
      - nosniff
      X-Frame-Options:
      - DENY
      X-Request-Id:
      - eb475ca6-d411-474f-930b-c398be0d53a6
    status: 200 OK
    code: 200
    duration: ""
- request:
    body: ""
    form: {}
    headers:
      User-Agent:
      - scaleway-sdk-go/v1.0.0-beta.7+dev (go1.18.3; darwin; amd64) cli-e2e-test
    url: https://api.scaleway.com/rdb/v1/regions/fr-par/backups/7d69e393-2968-4688-86d2-b7e20920cc87
    method: GET
  response:
    body: '{"id":"7d69e393-2968-4688-86d2-b7e20920cc87","instance_id":"eaab3993-c8e1-436b-980d-f4e23eb0d36e","database_name":"rdb","name":"will_not_be_exported","status":"ready","size":2107,"expires_at":"2999-01-02T22:04:05Z","created_at":"2022-09-01T12:12:11.680460Z","updated_at":"2022-09-01T12:12:14.549472Z","instance_name":"cli-test","download_url":null,"download_url_expires_at":null,"same_region":false,"region":"fr-par"}'
    headers:
      Content-Length:
      - "417"
      Content-Security-Policy:
      - default-src 'none'; frame-ancestors 'none'
      Content-Type:
      - application/json
      Date:
      - Thu, 01 Sep 2022 12:12:27 GMT
      Server:
      - Scaleway API-Gateway
      Strict-Transport-Security:
      - max-age=63072000
      X-Content-Type-Options:
      - nosniff
      X-Frame-Options:
      - DENY
      X-Request-Id:
      - e8fb3d1c-7321-46f9-95c8-70a33456e35e
    status: 200 OK
    code: 200
    duration: ""
- request:
    body: '{}'
    form: {}
    headers:
      Content-Type:
      - application/json
      User-Agent:
      - scaleway-sdk-go/v1.0.0-beta.7+dev (go1.18.3; darwin; amd64) cli-e2e-test
    url: https://api.scaleway.com/rdb/v1/regions/fr-par/backups/3b662b03-77c7-49c4-920c-1c68ed7fb79a/export
    method: POST
  response:
    body: '{"id":"3b662b03-77c7-49c4-920c-1c68ed7fb79a","instance_id":"eaab3993-c8e1-436b-980d-f4e23eb0d36e","database_name":"rdb","name":"will_be_exported","status":"exporting","size":2107,"expires_at":"2999-01-02T22:04:05Z","created_at":"2022-09-01T12:11:56.062943Z","updated_at":"2022-09-01T12:11:58.978281Z","instance_name":"cli-test","download_url":null,"download_url_expires_at":null,"same_region":false,"region":"fr-par"}'
    headers:
      Content-Length:
      - "417"
      Content-Security-Policy:
      - default-src 'none'; frame-ancestors 'none'
      Content-Type:
      - application/json
      Date:
      - Thu, 01 Sep 2022 12:12:27 GMT
      Server:
      - Scaleway API-Gateway
      Strict-Transport-Security:
      - max-age=63072000
      X-Content-Type-Options:
      - nosniff
      X-Frame-Options:
      - DENY
      X-Request-Id:
      - f7296194-e33c-4a77-bc89-f725a09a5566
    status: 200 OK
    code: 200
    duration: ""
- request:
    body: ""
    form: {}
    headers:
      User-Agent:
      - scaleway-sdk-go/v1.0.0-beta.7+dev (go1.18.3; darwin; amd64) cli-e2e-test
    url: https://api.scaleway.com/rdb/v1/regions/fr-par/backups/3b662b03-77c7-49c4-920c-1c68ed7fb79a
    method: GET
  response:
    body: '{"id":"3b662b03-77c7-49c4-920c-1c68ed7fb79a","instance_id":"eaab3993-c8e1-436b-980d-f4e23eb0d36e","database_name":"rdb","name":"will_be_exported","status":"exporting","size":2107,"expires_at":"2999-01-02T22:04:05Z","created_at":"2022-09-01T12:11:56.062943Z","updated_at":"2022-09-01T12:11:58.978281Z","instance_name":"cli-test","download_url":null,"download_url_expires_at":null,"same_region":false,"region":"fr-par"}'
    headers:
      Content-Length:
      - "417"
      Content-Security-Policy:
      - default-src 'none'; frame-ancestors 'none'
      Content-Type:
      - application/json
      Date:
      - Thu, 01 Sep 2022 12:12:27 GMT
      Server:
      - Scaleway API-Gateway
      Strict-Transport-Security:
      - max-age=63072000
      X-Content-Type-Options:
      - nosniff
      X-Frame-Options:
      - DENY
      X-Request-Id:
      - 6128d502-1528-42cb-88b6-97bc2c1cb494
    status: 200 OK
    code: 200
    duration: ""
- request:
    body: ""
    form: {}
    headers:
      User-Agent:
      - scaleway-sdk-go/v1.0.0-beta.7+dev (go1.18.3; darwin; amd64) cli-e2e-test
    url: https://api.scaleway.com/rdb/v1/regions/fr-par/backups/3b662b03-77c7-49c4-920c-1c68ed7fb79a
    method: GET
  response:
    body: '{"id":"3b662b03-77c7-49c4-920c-1c68ed7fb79a","instance_id":"eaab3993-c8e1-436b-980d-f4e23eb0d36e","database_name":"rdb","name":"will_be_exported","status":"ready","size":2107,"expires_at":"2999-01-02T22:04:05Z","created_at":"2022-09-01T12:11:56.062943Z","updated_at":"2022-09-01T12:11:58.978281Z","instance_name":"cli-test","download_url":"https://s3.nl-ams.scw.cloud/65940610-0e5e-4a98-9306-568aa4eb3673/eaab3993-c8e1-436b-980d-f4e23eb0d36e/3b662b03-77c7-49c4-920c-1c68ed7fb79a.custom?X-Amz-Algorithm=AWS4-HMAC-SHA256\u0026X-Amz-Credential=SCWBTK7RYYS1750DS37K%2F20220901%2Fnl-ams%2Fs3%2Faws4_request\u0026X-Amz-Date=20220901T121228Z\u0026X-Amz-Expires=86400\u0026X-Amz-SignedHeaders=host\u0026X-Amz-Signature=b30e91a863c888e292e6aa83dd7893b49161ad970d01df8a831b9ca52890bd5a","download_url_expires_at":"2022-09-02T12:12:28.182932Z","same_region":false,"region":"fr-par"}'
    headers:
      Content-Length:
      - "871"
      Content-Security-Policy:
      - default-src 'none'; frame-ancestors 'none'
      Content-Type:
      - application/json
      Date:
      - Thu, 01 Sep 2022 12:12:42 GMT
      Server:
      - Scaleway API-Gateway
      Strict-Transport-Security:
      - max-age=63072000
      X-Content-Type-Options:
      - nosniff
      X-Frame-Options:
      - DENY
      X-Request-Id:
      - 0e35fcf5-52d0-4937-838a-46ec96c9c6e9
    status: 200 OK
    code: 200
    duration: ""
- request:
    body: ""
    form: {}
    headers:
      User-Agent:
      - scaleway-sdk-go/v1.0.0-beta.7+dev (go1.18.3; darwin; amd64) cli-e2e-test
    url: https://api.scaleway.com/rdb/v1/regions/fr-par/backups?instance_id=eaab3993-c8e1-436b-980d-f4e23eb0d36e&order_by=created_at_asc&page=1
    method: GET
  response:
    body: '{"database_backups":[{"id":"3b662b03-77c7-49c4-920c-1c68ed7fb79a","instance_id":"eaab3993-c8e1-436b-980d-f4e23eb0d36e","database_name":"rdb","name":"will_be_exported","status":"ready","size":2107,"expires_at":"2999-01-02T22:04:05Z","created_at":"2022-09-01T12:11:56.062943Z","updated_at":"2022-09-01T12:11:58.978281Z","instance_name":"cli-test","download_url":"https://s3.nl-ams.scw.cloud/65940610-0e5e-4a98-9306-568aa4eb3673/eaab3993-c8e1-436b-980d-f4e23eb0d36e/3b662b03-77c7-49c4-920c-1c68ed7fb79a.custom?X-Amz-Algorithm=AWS4-HMAC-SHA256\u0026X-Amz-Credential=SCWBTK7RYYS1750DS37K%2F20220901%2Fnl-ams%2Fs3%2Faws4_request\u0026X-Amz-Date=20220901T121228Z\u0026X-Amz-Expires=86400\u0026X-Amz-SignedHeaders=host\u0026X-Amz-Signature=b30e91a863c888e292e6aa83dd7893b49161ad970d01df8a831b9ca52890bd5a","download_url_expires_at":"2022-09-02T12:12:28.182932Z","same_region":false,"region":"fr-par"},{"id":"7d69e393-2968-4688-86d2-b7e20920cc87","instance_id":"eaab3993-c8e1-436b-980d-f4e23eb0d36e","database_name":"rdb","name":"will_not_be_exported","status":"ready","size":2107,"expires_at":"2999-01-02T22:04:05Z","created_at":"2022-09-01T12:12:11.680460Z","updated_at":"2022-09-01T12:12:14.549472Z","instance_name":"cli-test","download_url":null,"download_url_expires_at":null,"same_region":false,"region":"fr-par"}],"total_count":2}'
    headers:
      Content-Length:
      - "1328"
      Content-Security-Policy:
      - default-src 'none'; frame-ancestors 'none'
      Content-Type:
      - application/json
      Date:
      - Thu, 01 Sep 2022 12:12:42 GMT
      Server:
      - Scaleway API-Gateway
      Strict-Transport-Security:
      - max-age=63072000
      X-Content-Type-Options:
      - nosniff
      X-Frame-Options:
      - DENY
      X-Request-Id:
      - 4100bfcb-8b5f-4c17-bcdc-ae9cd7c4064f
    status: 200 OK
    code: 200
    duration: ""
- request:
    body: ""
    form: {}
    headers:
      User-Agent:
      - scaleway-sdk-go/v1.0.0-beta.7+dev (go1.18.3; darwin; amd64) cli-e2e-test
    url: https://api.scaleway.com/rdb/v1/regions/fr-par/instances/eaab3993-c8e1-436b-980d-f4e23eb0d36e
    method: DELETE
  response:
    body: '{"id":"eaab3993-c8e1-436b-980d-f4e23eb0d36e","name":"cli-test","organization_id":"564aa517-68b0-4fd7-8c8c-d21c4bcdcbd5","project_id":"564aa517-68b0-4fd7-8c8c-d21c4bcdcbd5","status":"deleting","engine":"PostgreSQL-12","endpoint":{"ip":"51.158.57.134","port":19658,"name":null,"id":"efc32dd8-6979-48a0-a55f-247febbb5be0","load_balancer":{}},"tags":[],"settings":[{"name":"work_mem","value":"4"},{"name":"max_connections","value":"100"},{"name":"effective_cache_size","value":"1300"},{"name":"maintenance_work_mem","value":"150"},{"name":"max_parallel_workers","value":"0"},{"name":"max_parallel_workers_per_gather","value":"0"}],"backup_schedule":{"frequency":24,"retention":7,"disabled":false},"is_ha_cluster":false,"read_replicas":[],"node_type":"db-dev-s","volume":{"type":"lssd","size":5000000000},"init_settings":[],"endpoints":[{"ip":"51.158.57.134","port":19658,"name":null,"id":"efc32dd8-6979-48a0-a55f-247febbb5be0","load_balancer":{}}],"logs_policy":{"max_age_retention":30,"total_disk_retention":null},"backup_same_region":false,"maintenances":[],"created_at":"2022-09-01T12:07:38.642313Z","region":"fr-par"}'
    headers:
      Content-Length:
      - "1117"
      Content-Security-Policy:
      - default-src 'none'; frame-ancestors 'none'
      Content-Type:
      - application/json
      Date:
      - Thu, 01 Sep 2022 12:12:42 GMT
      Server:
      - Scaleway API-Gateway
      Strict-Transport-Security:
      - max-age=63072000
      X-Content-Type-Options:
      - nosniff
      X-Frame-Options:
      - DENY
      X-Request-Id:
      - b8350282-9a76-4c19-bd5a-57414252fb84
    status: 200 OK
    code: 200
    duration: ""
