---
version: 1
interactions:
- request:
    body: '{"project_id":"951df375-e094-4d26-97c1-ba548eeb9c42","name":"cli-test","engine":"PostgreSQL-12","user_name":"foobar","password":"{4xdl*#QOoP+\u00263XRkGA)]","node_type":"db-dev-s","is_ha_cluster":false,"disable_backup":false,"tags":null,"init_settings":null,"volume_type":"lssd","volume_size":0,"init_endpoints":null,"backup_same_region":false}'
    form: {}
    headers:
      Content-Type:
      - application/json
      User-Agent:
      - scaleway-sdk-go/v1.0.0-beta.7+dev (go1.18.1; darwin; amd64) cli-e2e-test
    url: https://api.scaleway.com/rdb/v1/regions/fr-par/instances
    method: POST
  response:
    body: '{"id":"4394e72b-df3b-43eb-acdb-608f85c06528","name":"cli-test","organization_id":"951df375-e094-4d26-97c1-ba548eeb9c42","project_id":"951df375-e094-4d26-97c1-ba548eeb9c42","status":"provisioning","engine":"PostgreSQL-12","endpoint":null,"tags":[],"settings":[],"backup_schedule":{"frequency":24,"retention":7,"disabled":false},"is_ha_cluster":false,"read_replicas":[],"node_type":"db-dev-s","volume":{"type":"lssd","size":5000000000},"init_settings":[],"endpoints":[],"logs_policy":{"max_age_retention":30,"total_disk_retention":null},"backup_same_region":false,"maintenances":[],"created_at":"2022-05-03T08:56:34.345548Z","region":"fr-par"}'
    headers:
      Content-Length:
      - "641"
      Content-Security-Policy:
      - default-src 'none'; frame-ancestors 'none'
      Content-Type:
      - application/json
      Date:
      - Tue, 03 May 2022 08:56:34 GMT
      Server:
      - Scaleway API-Gateway
      Strict-Transport-Security:
      - max-age=63072000
      X-Content-Type-Options:
      - nosniff
      X-Frame-Options:
      - DENY
      X-Request-Id:
      - 7cf21f33-19b6-47ed-9e88-6e8b75a5b22f
    status: 200 OK
    code: 200
    duration: ""
- request:
    body: ""
    form: {}
    headers:
      User-Agent:
      - scaleway-sdk-go/v1.0.0-beta.7+dev (go1.18.1; darwin; amd64) cli-e2e-test
    url: https://api.scaleway.com/rdb/v1/regions/fr-par/instances/4394e72b-df3b-43eb-acdb-608f85c06528
    method: GET
  response:
    body: '{"id":"4394e72b-df3b-43eb-acdb-608f85c06528","name":"cli-test","organization_id":"951df375-e094-4d26-97c1-ba548eeb9c42","project_id":"951df375-e094-4d26-97c1-ba548eeb9c42","status":"provisioning","engine":"PostgreSQL-12","endpoint":null,"tags":[],"settings":[],"backup_schedule":{"frequency":24,"retention":7,"disabled":false},"is_ha_cluster":false,"read_replicas":[],"node_type":"db-dev-s","volume":{"type":"lssd","size":5000000000},"init_settings":[],"endpoints":[],"logs_policy":{"max_age_retention":30,"total_disk_retention":null},"backup_same_region":false,"maintenances":[],"created_at":"2022-05-03T08:56:34.345548Z","region":"fr-par"}'
    headers:
      Content-Length:
      - "641"
      Content-Security-Policy:
      - default-src 'none'; frame-ancestors 'none'
      Content-Type:
      - application/json
      Date:
      - Tue, 03 May 2022 08:56:35 GMT
      Server:
      - Scaleway API-Gateway
      Strict-Transport-Security:
      - max-age=63072000
      X-Content-Type-Options:
      - nosniff
      X-Frame-Options:
      - DENY
      X-Request-Id:
      - 6f686c83-88d4-4e9d-aae7-a51daca69531
    status: 200 OK
    code: 200
    duration: ""
- request:
    body: ""
    form: {}
    headers:
      User-Agent:
      - scaleway-sdk-go/v1.0.0-beta.7+dev (go1.18.1; darwin; amd64) cli-e2e-test
    url: https://api.scaleway.com/rdb/v1/regions/fr-par/instances/4394e72b-df3b-43eb-acdb-608f85c06528
    method: GET
  response:
    body: '{"id":"4394e72b-df3b-43eb-acdb-608f85c06528","name":"cli-test","organization_id":"951df375-e094-4d26-97c1-ba548eeb9c42","project_id":"951df375-e094-4d26-97c1-ba548eeb9c42","status":"provisioning","engine":"PostgreSQL-12","endpoint":null,"tags":[],"settings":[],"backup_schedule":{"frequency":24,"retention":7,"disabled":false},"is_ha_cluster":false,"read_replicas":[],"node_type":"db-dev-s","volume":{"type":"lssd","size":5000000000},"init_settings":[],"endpoints":[],"logs_policy":{"max_age_retention":30,"total_disk_retention":null},"backup_same_region":false,"maintenances":[],"created_at":"2022-05-03T08:56:34.345548Z","region":"fr-par"}'
    headers:
      Content-Length:
      - "641"
      Content-Security-Policy:
      - default-src 'none'; frame-ancestors 'none'
      Content-Type:
      - application/json
      Date:
      - Tue, 03 May 2022 08:56:50 GMT
      Server:
      - Scaleway API-Gateway
      Strict-Transport-Security:
      - max-age=63072000
      X-Content-Type-Options:
      - nosniff
      X-Frame-Options:
      - DENY
      X-Request-Id:
      - 7a84859d-f565-4c82-beb4-426e9cb4e684
    status: 200 OK
    code: 200
    duration: ""
- request:
    body: ""
    form: {}
    headers:
      User-Agent:
      - scaleway-sdk-go/v1.0.0-beta.7+dev (go1.18.1; darwin; amd64) cli-e2e-test
    url: https://api.scaleway.com/rdb/v1/regions/fr-par/instances/4394e72b-df3b-43eb-acdb-608f85c06528
    method: GET
  response:
    body: '{"id":"4394e72b-df3b-43eb-acdb-608f85c06528","name":"cli-test","organization_id":"951df375-e094-4d26-97c1-ba548eeb9c42","project_id":"951df375-e094-4d26-97c1-ba548eeb9c42","status":"provisioning","engine":"PostgreSQL-12","endpoint":null,"tags":[],"settings":[],"backup_schedule":{"frequency":24,"retention":7,"disabled":false},"is_ha_cluster":false,"read_replicas":[],"node_type":"db-dev-s","volume":{"type":"lssd","size":5000000000},"init_settings":[],"endpoints":[],"logs_policy":{"max_age_retention":30,"total_disk_retention":null},"backup_same_region":false,"maintenances":[],"created_at":"2022-05-03T08:56:34.345548Z","region":"fr-par"}'
    headers:
      Content-Length:
      - "641"
      Content-Security-Policy:
      - default-src 'none'; frame-ancestors 'none'
      Content-Type:
      - application/json
      Date:
      - Tue, 03 May 2022 08:57:05 GMT
      Server:
      - Scaleway API-Gateway
      Strict-Transport-Security:
      - max-age=63072000
      X-Content-Type-Options:
      - nosniff
      X-Frame-Options:
      - DENY
      X-Request-Id:
      - 0a80e835-aa35-4a9a-aef7-b273ba50bb2a
    status: 200 OK
    code: 200
    duration: ""
- request:
    body: ""
    form: {}
    headers:
      User-Agent:
      - scaleway-sdk-go/v1.0.0-beta.7+dev (go1.18.1; darwin; amd64) cli-e2e-test
    url: https://api.scaleway.com/rdb/v1/regions/fr-par/instances/4394e72b-df3b-43eb-acdb-608f85c06528
    method: GET
  response:
    body: '{"id":"4394e72b-df3b-43eb-acdb-608f85c06528","name":"cli-test","organization_id":"951df375-e094-4d26-97c1-ba548eeb9c42","project_id":"951df375-e094-4d26-97c1-ba548eeb9c42","status":"initializing","engine":"PostgreSQL-12","endpoint":null,"tags":[],"settings":[],"backup_schedule":{"frequency":24,"retention":7,"disabled":false},"is_ha_cluster":false,"read_replicas":[],"node_type":"db-dev-s","volume":{"type":"lssd","size":5000000000},"init_settings":[],"endpoints":[],"logs_policy":{"max_age_retention":30,"total_disk_retention":null},"backup_same_region":false,"maintenances":[],"created_at":"2022-05-03T08:56:34.345548Z","region":"fr-par"}'
    headers:
      Content-Length:
      - "641"
      Content-Security-Policy:
      - default-src 'none'; frame-ancestors 'none'
      Content-Type:
      - application/json
      Date:
      - Tue, 03 May 2022 08:57:20 GMT
      Server:
      - Scaleway API-Gateway
      Strict-Transport-Security:
      - max-age=63072000
      X-Content-Type-Options:
      - nosniff
      X-Frame-Options:
      - DENY
      X-Request-Id:
      - 44ac5565-f99d-4fae-b232-b0ab4ca0eedc
    status: 200 OK
    code: 200
    duration: ""
- request:
    body: ""
    form: {}
    headers:
      User-Agent:
      - scaleway-sdk-go/v1.0.0-beta.7+dev (go1.18.1; darwin; amd64) cli-e2e-test
    url: https://api.scaleway.com/rdb/v1/regions/fr-par/instances/4394e72b-df3b-43eb-acdb-608f85c06528
    method: GET
  response:
    body: '{"id":"4394e72b-df3b-43eb-acdb-608f85c06528","name":"cli-test","organization_id":"951df375-e094-4d26-97c1-ba548eeb9c42","project_id":"951df375-e094-4d26-97c1-ba548eeb9c42","status":"initializing","engine":"PostgreSQL-12","endpoint":null,"tags":[],"settings":[],"backup_schedule":{"frequency":24,"retention":7,"disabled":false},"is_ha_cluster":false,"read_replicas":[],"node_type":"db-dev-s","volume":{"type":"lssd","size":5000000000},"init_settings":[],"endpoints":[],"logs_policy":{"max_age_retention":30,"total_disk_retention":null},"backup_same_region":false,"maintenances":[],"created_at":"2022-05-03T08:56:34.345548Z","region":"fr-par"}'
    headers:
      Content-Length:
      - "641"
      Content-Security-Policy:
      - default-src 'none'; frame-ancestors 'none'
      Content-Type:
      - application/json
      Date:
      - Tue, 03 May 2022 08:57:35 GMT
      Server:
      - Scaleway API-Gateway
      Strict-Transport-Security:
      - max-age=63072000
      X-Content-Type-Options:
      - nosniff
      X-Frame-Options:
      - DENY
      X-Request-Id:
      - ae251b03-c9fd-49b7-8f27-08a146b1a889
    status: 200 OK
    code: 200
    duration: ""
- request:
    body: ""
    form: {}
    headers:
      User-Agent:
      - scaleway-sdk-go/v1.0.0-beta.7+dev (go1.18.1; darwin; amd64) cli-e2e-test
    url: https://api.scaleway.com/rdb/v1/regions/fr-par/instances/4394e72b-df3b-43eb-acdb-608f85c06528
    method: GET
  response:
    body: '{"id":"4394e72b-df3b-43eb-acdb-608f85c06528","name":"cli-test","organization_id":"951df375-e094-4d26-97c1-ba548eeb9c42","project_id":"951df375-e094-4d26-97c1-ba548eeb9c42","status":"initializing","engine":"PostgreSQL-12","endpoint":null,"tags":[],"settings":[],"backup_schedule":{"frequency":24,"retention":7,"disabled":false},"is_ha_cluster":false,"read_replicas":[],"node_type":"db-dev-s","volume":{"type":"lssd","size":5000000000},"init_settings":[],"endpoints":[],"logs_policy":{"max_age_retention":30,"total_disk_retention":null},"backup_same_region":false,"maintenances":[],"created_at":"2022-05-03T08:56:34.345548Z","region":"fr-par"}'
    headers:
      Content-Length:
      - "641"
      Content-Security-Policy:
      - default-src 'none'; frame-ancestors 'none'
      Content-Type:
      - application/json
      Date:
      - Tue, 03 May 2022 08:57:50 GMT
      Server:
      - Scaleway API-Gateway
      Strict-Transport-Security:
      - max-age=63072000
      X-Content-Type-Options:
      - nosniff
      X-Frame-Options:
      - DENY
      X-Request-Id:
      - c21136b5-0a9a-4b75-b871-1e47011a47bd
    status: 200 OK
    code: 200
    duration: ""
- request:
    body: ""
    form: {}
    headers:
      User-Agent:
      - scaleway-sdk-go/v1.0.0-beta.7+dev (go1.18.1; darwin; amd64) cli-e2e-test
    url: https://api.scaleway.com/rdb/v1/regions/fr-par/instances/4394e72b-df3b-43eb-acdb-608f85c06528
    method: GET
  response:
    body: '{"id":"4394e72b-df3b-43eb-acdb-608f85c06528","name":"cli-test","organization_id":"951df375-e094-4d26-97c1-ba548eeb9c42","project_id":"951df375-e094-4d26-97c1-ba548eeb9c42","status":"initializing","engine":"PostgreSQL-12","endpoint":null,"tags":[],"settings":[],"backup_schedule":{"frequency":24,"retention":7,"disabled":false},"is_ha_cluster":false,"read_replicas":[],"node_type":"db-dev-s","volume":{"type":"lssd","size":5000000000},"init_settings":[],"endpoints":[],"logs_policy":{"max_age_retention":30,"total_disk_retention":null},"backup_same_region":false,"maintenances":[],"created_at":"2022-05-03T08:56:34.345548Z","region":"fr-par"}'
    headers:
      Content-Length:
      - "641"
      Content-Security-Policy:
      - default-src 'none'; frame-ancestors 'none'
      Content-Type:
      - application/json
      Date:
      - Tue, 03 May 2022 08:58:06 GMT
      Server:
      - Scaleway API-Gateway
      Strict-Transport-Security:
      - max-age=63072000
      X-Content-Type-Options:
      - nosniff
      X-Frame-Options:
      - DENY
      X-Request-Id:
      - 17304e52-62db-4e96-94de-199f05f8fb7e
    status: 200 OK
    code: 200
    duration: ""
- request:
    body: ""
    form: {}
    headers:
      User-Agent:
      - scaleway-sdk-go/v1.0.0-beta.7+dev (go1.18.1; darwin; amd64) cli-e2e-test
    url: https://api.scaleway.com/rdb/v1/regions/fr-par/instances/4394e72b-df3b-43eb-acdb-608f85c06528
    method: GET
  response:
    body: '{"id":"4394e72b-df3b-43eb-acdb-608f85c06528","name":"cli-test","organization_id":"951df375-e094-4d26-97c1-ba548eeb9c42","project_id":"951df375-e094-4d26-97c1-ba548eeb9c42","status":"initializing","engine":"PostgreSQL-12","endpoint":null,"tags":[],"settings":[],"backup_schedule":{"frequency":24,"retention":7,"disabled":false},"is_ha_cluster":false,"read_replicas":[],"node_type":"db-dev-s","volume":{"type":"lssd","size":5000000000},"init_settings":[],"endpoints":[],"logs_policy":{"max_age_retention":30,"total_disk_retention":null},"backup_same_region":false,"maintenances":[],"created_at":"2022-05-03T08:56:34.345548Z","region":"fr-par"}'
    headers:
      Content-Length:
      - "641"
      Content-Security-Policy:
      - default-src 'none'; frame-ancestors 'none'
      Content-Type:
      - application/json
      Date:
      - Tue, 03 May 2022 08:58:21 GMT
      Server:
      - Scaleway API-Gateway
      Strict-Transport-Security:
      - max-age=63072000
      X-Content-Type-Options:
      - nosniff
      X-Frame-Options:
      - DENY
      X-Request-Id:
      - da9c042d-4f34-4d3a-9ae0-679804943f0f
    status: 200 OK
    code: 200
    duration: ""
- request:
    body: ""
    form: {}
    headers:
      User-Agent:
      - scaleway-sdk-go/v1.0.0-beta.7+dev (go1.18.1; darwin; amd64) cli-e2e-test
    url: https://api.scaleway.com/rdb/v1/regions/fr-par/instances/4394e72b-df3b-43eb-acdb-608f85c06528
    method: GET
  response:
    body: '{"id":"4394e72b-df3b-43eb-acdb-608f85c06528","name":"cli-test","organization_id":"951df375-e094-4d26-97c1-ba548eeb9c42","project_id":"951df375-e094-4d26-97c1-ba548eeb9c42","status":"initializing","engine":"PostgreSQL-12","endpoint":null,"tags":[],"settings":[],"backup_schedule":{"frequency":24,"retention":7,"disabled":false},"is_ha_cluster":false,"read_replicas":[],"node_type":"db-dev-s","volume":{"type":"lssd","size":5000000000},"init_settings":[],"endpoints":[],"logs_policy":{"max_age_retention":30,"total_disk_retention":null},"backup_same_region":false,"maintenances":[],"created_at":"2022-05-03T08:56:34.345548Z","region":"fr-par"}'
    headers:
      Content-Length:
      - "641"
      Content-Security-Policy:
      - default-src 'none'; frame-ancestors 'none'
      Content-Type:
      - application/json
      Date:
      - Tue, 03 May 2022 08:58:36 GMT
      Server:
      - Scaleway API-Gateway
      Strict-Transport-Security:
      - max-age=63072000
      X-Content-Type-Options:
      - nosniff
      X-Frame-Options:
      - DENY
      X-Request-Id:
      - ab3ae370-1caa-4577-96cc-356a8285cc74
    status: 200 OK
    code: 200
    duration: ""
- request:
    body: ""
    form: {}
    headers:
      User-Agent:
      - scaleway-sdk-go/v1.0.0-beta.7+dev (go1.18.1; darwin; amd64) cli-e2e-test
    url: https://api.scaleway.com/rdb/v1/regions/fr-par/instances/4394e72b-df3b-43eb-acdb-608f85c06528
    method: GET
  response:
    body: '{"id":"4394e72b-df3b-43eb-acdb-608f85c06528","name":"cli-test","organization_id":"951df375-e094-4d26-97c1-ba548eeb9c42","project_id":"951df375-e094-4d26-97c1-ba548eeb9c42","status":"initializing","engine":"PostgreSQL-12","endpoint":null,"tags":[],"settings":[],"backup_schedule":{"frequency":24,"retention":7,"disabled":false},"is_ha_cluster":false,"read_replicas":[],"node_type":"db-dev-s","volume":{"type":"lssd","size":5000000000},"init_settings":[],"endpoints":[],"logs_policy":{"max_age_retention":30,"total_disk_retention":null},"backup_same_region":false,"maintenances":[],"created_at":"2022-05-03T08:56:34.345548Z","region":"fr-par"}'
    headers:
      Content-Length:
      - "641"
      Content-Security-Policy:
      - default-src 'none'; frame-ancestors 'none'
      Content-Type:
      - application/json
      Date:
      - Tue, 03 May 2022 08:58:51 GMT
      Server:
      - Scaleway API-Gateway
      Strict-Transport-Security:
      - max-age=63072000
      X-Content-Type-Options:
      - nosniff
      X-Frame-Options:
      - DENY
      X-Request-Id:
      - e71d1dfc-a7e8-46a1-940c-e022a892d33c
    status: 200 OK
    code: 200
    duration: ""
- request:
    body: ""
    form: {}
    headers:
      User-Agent:
      - scaleway-sdk-go/v1.0.0-beta.7+dev (go1.18.1; darwin; amd64) cli-e2e-test
    url: https://api.scaleway.com/rdb/v1/regions/fr-par/instances/4394e72b-df3b-43eb-acdb-608f85c06528
    method: GET
  response:
    body: '{"id":"4394e72b-df3b-43eb-acdb-608f85c06528","name":"cli-test","organization_id":"951df375-e094-4d26-97c1-ba548eeb9c42","project_id":"951df375-e094-4d26-97c1-ba548eeb9c42","status":"initializing","engine":"PostgreSQL-12","endpoint":null,"tags":[],"settings":[],"backup_schedule":{"frequency":24,"retention":7,"disabled":false},"is_ha_cluster":false,"read_replicas":[],"node_type":"db-dev-s","volume":{"type":"lssd","size":5000000000},"init_settings":[],"endpoints":[],"logs_policy":{"max_age_retention":30,"total_disk_retention":null},"backup_same_region":false,"maintenances":[],"created_at":"2022-05-03T08:56:34.345548Z","region":"fr-par"}'
    headers:
      Content-Length:
      - "641"
      Content-Security-Policy:
      - default-src 'none'; frame-ancestors 'none'
      Content-Type:
      - application/json
      Date:
      - Tue, 03 May 2022 08:59:06 GMT
      Server:
      - Scaleway API-Gateway
      Strict-Transport-Security:
      - max-age=63072000
      X-Content-Type-Options:
      - nosniff
      X-Frame-Options:
      - DENY
      X-Request-Id:
      - bb203217-3112-4971-a28c-57f05ea06c97
    status: 200 OK
    code: 200
    duration: ""
- request:
    body: ""
    form: {}
    headers:
      User-Agent:
      - scaleway-sdk-go/v1.0.0-beta.7+dev (go1.18.1; darwin; amd64) cli-e2e-test
    url: https://api.scaleway.com/rdb/v1/regions/fr-par/instances/4394e72b-df3b-43eb-acdb-608f85c06528
    method: GET
  response:
    body: '{"id":"4394e72b-df3b-43eb-acdb-608f85c06528","name":"cli-test","organization_id":"951df375-e094-4d26-97c1-ba548eeb9c42","project_id":"951df375-e094-4d26-97c1-ba548eeb9c42","status":"initializing","engine":"PostgreSQL-12","endpoint":null,"tags":[],"settings":[],"backup_schedule":{"frequency":24,"retention":7,"disabled":false},"is_ha_cluster":false,"read_replicas":[],"node_type":"db-dev-s","volume":{"type":"lssd","size":5000000000},"init_settings":[],"endpoints":[],"logs_policy":{"max_age_retention":30,"total_disk_retention":null},"backup_same_region":false,"maintenances":[],"created_at":"2022-05-03T08:56:34.345548Z","region":"fr-par"}'
    headers:
      Content-Length:
      - "641"
      Content-Security-Policy:
      - default-src 'none'; frame-ancestors 'none'
      Content-Type:
      - application/json
      Date:
      - Tue, 03 May 2022 08:59:21 GMT
      Server:
      - Scaleway API-Gateway
      Strict-Transport-Security:
      - max-age=63072000
      X-Content-Type-Options:
      - nosniff
      X-Frame-Options:
      - DENY
      X-Request-Id:
      - 0d9c3f0e-b502-4ef9-8bf8-d9190569d17d
    status: 200 OK
    code: 200
    duration: ""
- request:
    body: ""
    form: {}
    headers:
      User-Agent:
      - scaleway-sdk-go/v1.0.0-beta.7+dev (go1.18.1; darwin; amd64) cli-e2e-test
    url: https://api.scaleway.com/rdb/v1/regions/fr-par/instances/4394e72b-df3b-43eb-acdb-608f85c06528
    method: GET
  response:
    body: '{"id":"4394e72b-df3b-43eb-acdb-608f85c06528","name":"cli-test","organization_id":"951df375-e094-4d26-97c1-ba548eeb9c42","project_id":"951df375-e094-4d26-97c1-ba548eeb9c42","status":"initializing","engine":"PostgreSQL-12","endpoint":null,"tags":[],"settings":[],"backup_schedule":{"frequency":24,"retention":7,"disabled":false},"is_ha_cluster":false,"read_replicas":[],"node_type":"db-dev-s","volume":{"type":"lssd","size":5000000000},"init_settings":[],"endpoints":[],"logs_policy":{"max_age_retention":30,"total_disk_retention":null},"backup_same_region":false,"maintenances":[],"created_at":"2022-05-03T08:56:34.345548Z","region":"fr-par"}'
    headers:
      Content-Length:
      - "641"
      Content-Security-Policy:
      - default-src 'none'; frame-ancestors 'none'
      Content-Type:
      - application/json
      Date:
      - Tue, 03 May 2022 08:59:36 GMT
      Server:
      - Scaleway API-Gateway
      Strict-Transport-Security:
      - max-age=63072000
      X-Content-Type-Options:
      - nosniff
      X-Frame-Options:
      - DENY
      X-Request-Id:
      - 4783db78-b76b-4cde-8cc7-04f24ff89786
    status: 200 OK
    code: 200
    duration: ""
- request:
    body: ""
    form: {}
    headers:
      User-Agent:
      - scaleway-sdk-go/v1.0.0-beta.7+dev (go1.18.1; darwin; amd64) cli-e2e-test
    url: https://api.scaleway.com/rdb/v1/regions/fr-par/instances/4394e72b-df3b-43eb-acdb-608f85c06528
    method: GET
  response:
    body: '{"id":"4394e72b-df3b-43eb-acdb-608f85c06528","name":"cli-test","organization_id":"951df375-e094-4d26-97c1-ba548eeb9c42","project_id":"951df375-e094-4d26-97c1-ba548eeb9c42","status":"initializing","engine":"PostgreSQL-12","endpoint":null,"tags":[],"settings":[],"backup_schedule":{"frequency":24,"retention":7,"disabled":false},"is_ha_cluster":false,"read_replicas":[],"node_type":"db-dev-s","volume":{"type":"lssd","size":5000000000},"init_settings":[],"endpoints":[],"logs_policy":{"max_age_retention":30,"total_disk_retention":null},"backup_same_region":false,"maintenances":[],"created_at":"2022-05-03T08:56:34.345548Z","region":"fr-par"}'
    headers:
      Content-Length:
      - "641"
      Content-Security-Policy:
      - default-src 'none'; frame-ancestors 'none'
      Content-Type:
      - application/json
      Date:
      - Tue, 03 May 2022 08:59:51 GMT
      Server:
      - Scaleway API-Gateway
      Strict-Transport-Security:
      - max-age=63072000
      X-Content-Type-Options:
      - nosniff
      X-Frame-Options:
      - DENY
      X-Request-Id:
      - b76e35b4-e343-4b4a-b781-af0bd90eb150
    status: 200 OK
    code: 200
    duration: ""
- request:
    body: ""
    form: {}
    headers:
      User-Agent:
      - scaleway-sdk-go/v1.0.0-beta.7+dev (go1.18.1; darwin; amd64) cli-e2e-test
    url: https://api.scaleway.com/rdb/v1/regions/fr-par/instances/4394e72b-df3b-43eb-acdb-608f85c06528
    method: GET
  response:
    body: '{"id":"4394e72b-df3b-43eb-acdb-608f85c06528","name":"cli-test","organization_id":"951df375-e094-4d26-97c1-ba548eeb9c42","project_id":"951df375-e094-4d26-97c1-ba548eeb9c42","status":"ready","engine":"PostgreSQL-12","endpoint":{"ip":"195.154.69.50","port":42609,"name":null,"id":"fb0f23b8-8c13-4748-b1ab-11b160ddf0ab","load_balancer":{}},"tags":[],"settings":[{"name":"work_mem","value":"4"},{"name":"max_connections","value":"100"},{"name":"effective_cache_size","value":"1300"},{"name":"maintenance_work_mem","value":"150"},{"name":"max_parallel_workers","value":"0"},{"name":"max_parallel_workers_per_gather","value":"0"}],"backup_schedule":{"frequency":24,"retention":7,"disabled":false},"is_ha_cluster":false,"read_replicas":[],"node_type":"db-dev-s","volume":{"type":"lssd","size":5000000000},"init_settings":[],"endpoints":[{"ip":"195.154.69.50","port":42609,"name":null,"id":"fb0f23b8-8c13-4748-b1ab-11b160ddf0ab","load_balancer":{}}],"logs_policy":{"max_age_retention":30,"total_disk_retention":null},"backup_same_region":false,"maintenances":[],"created_at":"2022-05-03T08:56:34.345548Z","region":"fr-par"}'
    headers:
      Content-Length:
      - "1114"
      Content-Security-Policy:
      - default-src 'none'; frame-ancestors 'none'
      Content-Type:
      - application/json
      Date:
      - Tue, 03 May 2022 09:00:06 GMT
      Server:
      - Scaleway API-Gateway
      Strict-Transport-Security:
      - max-age=63072000
      X-Content-Type-Options:
      - nosniff
      X-Frame-Options:
      - DENY
      X-Request-Id:
      - 9f087ba8-d5ca-4a91-9a06-abeb78aa6bd7
    status: 200 OK
    code: 200
    duration: ""
- request:
    body: '{"name":"foobar","node_type":"DB-DEV-M"}'
    form: {}
    headers:
      Content-Type:
      - application/json
      User-Agent:
      - scaleway-sdk-go/v1.0.0-beta.7+dev (go1.18.1; darwin; amd64) cli-e2e-test
    url: https://api.scaleway.com/rdb/v1/regions/fr-par/instances/4394e72b-df3b-43eb-acdb-608f85c06528/clone
    method: POST
  response:
    body: '{"id":"1221fbbf-b6b8-48ba-a337-f9df98c8e2a6","name":"foobar","organization_id":"951df375-e094-4d26-97c1-ba548eeb9c42","project_id":"951df375-e094-4d26-97c1-ba548eeb9c42","status":"provisioning","engine":"PostgreSQL-12","endpoint":null,"tags":[],"settings":[{"name":"work_mem","value":"4"},{"name":"max_connections","value":"100"},{"name":"effective_cache_size","value":"1300"},{"name":"maintenance_work_mem","value":"150"},{"name":"max_parallel_workers","value":"0"},{"name":"max_parallel_workers_per_gather","value":"0"}],"backup_schedule":{"frequency":24,"retention":7,"disabled":false},"is_ha_cluster":false,"read_replicas":[],"node_type":"db-dev-m","volume":{"type":"lssd","size":25000000000},"init_settings":[],"endpoints":[],"logs_policy":{"max_age_retention":30,"total_disk_retention":null},"backup_same_region":false,"maintenances":[],"created_at":"2022-05-03T09:00:07.156278Z","region":"fr-par"}'
    headers:
      Content-Length:
      - "904"
      Content-Security-Policy:
      - default-src 'none'; frame-ancestors 'none'
      Content-Type:
      - application/json
      Date:
      - Tue, 03 May 2022 09:00:08 GMT
      Server:
      - Scaleway API-Gateway
      Strict-Transport-Security:
      - max-age=63072000
      X-Content-Type-Options:
      - nosniff
      X-Frame-Options:
      - DENY
      X-Request-Id:
      - 502ff69a-a298-412d-a034-7f854212cf8d
    status: 200 OK
    code: 200
    duration: ""
- request:
    body: ""
    form: {}
    headers:
      User-Agent:
      - scaleway-sdk-go/v1.0.0-beta.7+dev (go1.18.1; darwin; amd64) cli-e2e-test
    url: https://api.scaleway.com/rdb/v1/regions/fr-par/instances/1221fbbf-b6b8-48ba-a337-f9df98c8e2a6
    method: GET
  response:
    body: '{"id":"1221fbbf-b6b8-48ba-a337-f9df98c8e2a6","name":"foobar","organization_id":"951df375-e094-4d26-97c1-ba548eeb9c42","project_id":"951df375-e094-4d26-97c1-ba548eeb9c42","status":"provisioning","engine":"PostgreSQL-12","endpoint":null,"tags":[],"settings":[{"name":"work_mem","value":"4"},{"name":"max_connections","value":"100"},{"name":"effective_cache_size","value":"1300"},{"name":"maintenance_work_mem","value":"150"},{"name":"max_parallel_workers","value":"0"},{"name":"max_parallel_workers_per_gather","value":"0"}],"backup_schedule":{"frequency":24,"retention":7,"disabled":false},"is_ha_cluster":false,"read_replicas":[],"node_type":"db-dev-m","volume":{"type":"lssd","size":25000000000},"init_settings":[],"endpoints":[],"logs_policy":{"max_age_retention":30,"total_disk_retention":null},"backup_same_region":false,"maintenances":[],"created_at":"2022-05-03T09:00:07.156278Z","region":"fr-par"}'
    headers:
      Content-Length:
      - "904"
      Content-Security-Policy:
      - default-src 'none'; frame-ancestors 'none'
      Content-Type:
      - application/json
      Date:
      - Tue, 03 May 2022 09:00:08 GMT
      Server:
      - Scaleway API-Gateway
      Strict-Transport-Security:
      - max-age=63072000
      X-Content-Type-Options:
      - nosniff
      X-Frame-Options:
      - DENY
      X-Request-Id:
      - cb70886c-f755-41df-9fae-ff885dbe0966
    status: 200 OK
    code: 200
    duration: ""
- request:
    body: ""
    form: {}
    headers:
      User-Agent:
      - scaleway-sdk-go/v1.0.0-beta.7+dev (go1.18.1; darwin; amd64) cli-e2e-test
    url: https://api.scaleway.com/rdb/v1/regions/fr-par/instances/1221fbbf-b6b8-48ba-a337-f9df98c8e2a6
    method: GET
  response:
    body: '{"id":"1221fbbf-b6b8-48ba-a337-f9df98c8e2a6","name":"foobar","organization_id":"951df375-e094-4d26-97c1-ba548eeb9c42","project_id":"951df375-e094-4d26-97c1-ba548eeb9c42","status":"provisioning","engine":"PostgreSQL-12","endpoint":null,"tags":[],"settings":[{"name":"work_mem","value":"4"},{"name":"max_connections","value":"100"},{"name":"effective_cache_size","value":"1300"},{"name":"maintenance_work_mem","value":"150"},{"name":"max_parallel_workers","value":"0"},{"name":"max_parallel_workers_per_gather","value":"0"}],"backup_schedule":{"frequency":24,"retention":7,"disabled":false},"is_ha_cluster":false,"read_replicas":[],"node_type":"db-dev-m","volume":{"type":"lssd","size":25000000000},"init_settings":[],"endpoints":[],"logs_policy":{"max_age_retention":30,"total_disk_retention":null},"backup_same_region":false,"maintenances":[],"created_at":"2022-05-03T09:00:07.156278Z","region":"fr-par"}'
    headers:
      Content-Length:
      - "904"
      Content-Security-Policy:
      - default-src 'none'; frame-ancestors 'none'
      Content-Type:
      - application/json
      Date:
      - Tue, 03 May 2022 09:00:23 GMT
      Server:
      - Scaleway API-Gateway
      Strict-Transport-Security:
      - max-age=63072000
      X-Content-Type-Options:
      - nosniff
      X-Frame-Options:
      - DENY
      X-Request-Id:
      - 9f2975cc-372b-4a03-b8fe-ed3f3bd6324f
    status: 200 OK
    code: 200
    duration: ""
- request:
    body: ""
    form: {}
    headers:
      User-Agent:
      - scaleway-sdk-go/v1.0.0-beta.7+dev (go1.18.1; darwin; amd64) cli-e2e-test
    url: https://api.scaleway.com/rdb/v1/regions/fr-par/instances/1221fbbf-b6b8-48ba-a337-f9df98c8e2a6
    method: GET
  response:
    body: '{"id":"1221fbbf-b6b8-48ba-a337-f9df98c8e2a6","name":"foobar","organization_id":"951df375-e094-4d26-97c1-ba548eeb9c42","project_id":"951df375-e094-4d26-97c1-ba548eeb9c42","status":"provisioning","engine":"PostgreSQL-12","endpoint":null,"tags":[],"settings":[{"name":"work_mem","value":"4"},{"name":"max_connections","value":"100"},{"name":"effective_cache_size","value":"1300"},{"name":"maintenance_work_mem","value":"150"},{"name":"max_parallel_workers","value":"0"},{"name":"max_parallel_workers_per_gather","value":"0"}],"backup_schedule":{"frequency":24,"retention":7,"disabled":false},"is_ha_cluster":false,"read_replicas":[],"node_type":"db-dev-m","volume":{"type":"lssd","size":25000000000},"init_settings":[],"endpoints":[],"logs_policy":{"max_age_retention":30,"total_disk_retention":null},"backup_same_region":false,"maintenances":[],"created_at":"2022-05-03T09:00:07.156278Z","region":"fr-par"}'
    headers:
      Content-Length:
      - "904"
      Content-Security-Policy:
      - default-src 'none'; frame-ancestors 'none'
      Content-Type:
      - application/json
      Date:
      - Tue, 03 May 2022 09:00:38 GMT
      Server:
      - Scaleway API-Gateway
      Strict-Transport-Security:
      - max-age=63072000
      X-Content-Type-Options:
      - nosniff
      X-Frame-Options:
      - DENY
      X-Request-Id:
      - 11a0deb8-ae60-4570-8b21-f78b8466b959
    status: 200 OK
    code: 200
    duration: ""
- request:
    body: ""
    form: {}
    headers:
      User-Agent:
      - scaleway-sdk-go/v1.0.0-beta.7+dev (go1.18.1; darwin; amd64) cli-e2e-test
    url: https://api.scaleway.com/rdb/v1/regions/fr-par/instances/1221fbbf-b6b8-48ba-a337-f9df98c8e2a6
    method: GET
  response:
    body: '{"id":"1221fbbf-b6b8-48ba-a337-f9df98c8e2a6","name":"foobar","organization_id":"951df375-e094-4d26-97c1-ba548eeb9c42","project_id":"951df375-e094-4d26-97c1-ba548eeb9c42","status":"provisioning","engine":"PostgreSQL-12","endpoint":null,"tags":[],"settings":[{"name":"work_mem","value":"4"},{"name":"max_connections","value":"100"},{"name":"effective_cache_size","value":"1300"},{"name":"maintenance_work_mem","value":"150"},{"name":"max_parallel_workers","value":"0"},{"name":"max_parallel_workers_per_gather","value":"0"}],"backup_schedule":{"frequency":24,"retention":7,"disabled":false},"is_ha_cluster":false,"read_replicas":[],"node_type":"db-dev-m","volume":{"type":"lssd","size":25000000000},"init_settings":[],"endpoints":[],"logs_policy":{"max_age_retention":30,"total_disk_retention":null},"backup_same_region":false,"maintenances":[],"created_at":"2022-05-03T09:00:07.156278Z","region":"fr-par"}'
    headers:
      Content-Length:
      - "904"
      Content-Security-Policy:
      - default-src 'none'; frame-ancestors 'none'
      Content-Type:
      - application/json
      Date:
      - Tue, 03 May 2022 09:00:53 GMT
      Server:
      - Scaleway API-Gateway
      Strict-Transport-Security:
      - max-age=63072000
      X-Content-Type-Options:
      - nosniff
      X-Frame-Options:
      - DENY
      X-Request-Id:
      - c09875d8-fa82-41a5-b02f-428f222ece4f
    status: 200 OK
    code: 200
    duration: ""
- request:
    body: ""
    form: {}
    headers:
      User-Agent:
      - scaleway-sdk-go/v1.0.0-beta.7+dev (go1.18.1; darwin; amd64) cli-e2e-test
    url: https://api.scaleway.com/rdb/v1/regions/fr-par/instances/1221fbbf-b6b8-48ba-a337-f9df98c8e2a6
    method: GET
  response:
    body: '{"id":"1221fbbf-b6b8-48ba-a337-f9df98c8e2a6","name":"foobar","organization_id":"951df375-e094-4d26-97c1-ba548eeb9c42","project_id":"951df375-e094-4d26-97c1-ba548eeb9c42","status":"provisioning","engine":"PostgreSQL-12","endpoint":null,"tags":[],"settings":[{"name":"work_mem","value":"4"},{"name":"max_connections","value":"100"},{"name":"effective_cache_size","value":"1300"},{"name":"maintenance_work_mem","value":"150"},{"name":"max_parallel_workers","value":"0"},{"name":"max_parallel_workers_per_gather","value":"0"}],"backup_schedule":{"frequency":24,"retention":7,"disabled":false},"is_ha_cluster":false,"read_replicas":[],"node_type":"db-dev-m","volume":{"type":"lssd","size":25000000000},"init_settings":[],"endpoints":[],"logs_policy":{"max_age_retention":30,"total_disk_retention":null},"backup_same_region":false,"maintenances":[],"created_at":"2022-05-03T09:00:07.156278Z","region":"fr-par"}'
    headers:
      Content-Length:
      - "904"
      Content-Security-Policy:
      - default-src 'none'; frame-ancestors 'none'
      Content-Type:
      - application/json
      Date:
      - Tue, 03 May 2022 09:01:08 GMT
      Server:
      - Scaleway API-Gateway
      Strict-Transport-Security:
      - max-age=63072000
      X-Content-Type-Options:
      - nosniff
      X-Frame-Options:
      - DENY
      X-Request-Id:
      - d96d364d-720a-45ff-8ccc-72f34da038fd
    status: 200 OK
    code: 200
    duration: ""
- request:
    body: ""
    form: {}
    headers:
      User-Agent:
      - scaleway-sdk-go/v1.0.0-beta.7+dev (go1.18.1; darwin; amd64) cli-e2e-test
    url: https://api.scaleway.com/rdb/v1/regions/fr-par/instances/1221fbbf-b6b8-48ba-a337-f9df98c8e2a6
    method: GET
  response:
    body: '{"id":"1221fbbf-b6b8-48ba-a337-f9df98c8e2a6","name":"foobar","organization_id":"951df375-e094-4d26-97c1-ba548eeb9c42","project_id":"951df375-e094-4d26-97c1-ba548eeb9c42","status":"provisioning","engine":"PostgreSQL-12","endpoint":null,"tags":[],"settings":[{"name":"work_mem","value":"4"},{"name":"max_connections","value":"100"},{"name":"effective_cache_size","value":"1300"},{"name":"maintenance_work_mem","value":"150"},{"name":"max_parallel_workers","value":"0"},{"name":"max_parallel_workers_per_gather","value":"0"}],"backup_schedule":{"frequency":24,"retention":7,"disabled":false},"is_ha_cluster":false,"read_replicas":[],"node_type":"db-dev-m","volume":{"type":"lssd","size":25000000000},"init_settings":[],"endpoints":[],"logs_policy":{"max_age_retention":30,"total_disk_retention":null},"backup_same_region":false,"maintenances":[],"created_at":"2022-05-03T09:00:07.156278Z","region":"fr-par"}'
    headers:
      Content-Length:
      - "904"
      Content-Security-Policy:
      - default-src 'none'; frame-ancestors 'none'
      Content-Type:
      - application/json
      Date:
      - Tue, 03 May 2022 09:01:23 GMT
      Server:
      - Scaleway API-Gateway
      Strict-Transport-Security:
      - max-age=63072000
      X-Content-Type-Options:
      - nosniff
      X-Frame-Options:
      - DENY
      X-Request-Id:
      - 0a299a9f-2e72-44ce-ab24-4f9d0460992a
    status: 200 OK
    code: 200
    duration: ""
- request:
    body: ""
    form: {}
    headers:
      User-Agent:
      - scaleway-sdk-go/v1.0.0-beta.7+dev (go1.18.1; darwin; amd64) cli-e2e-test
    url: https://api.scaleway.com/rdb/v1/regions/fr-par/instances/1221fbbf-b6b8-48ba-a337-f9df98c8e2a6
    method: GET
  response:
    body: '{"id":"1221fbbf-b6b8-48ba-a337-f9df98c8e2a6","name":"foobar","organization_id":"951df375-e094-4d26-97c1-ba548eeb9c42","project_id":"951df375-e094-4d26-97c1-ba548eeb9c42","status":"provisioning","engine":"PostgreSQL-12","endpoint":null,"tags":[],"settings":[{"name":"work_mem","value":"4"},{"name":"max_connections","value":"100"},{"name":"effective_cache_size","value":"1300"},{"name":"maintenance_work_mem","value":"150"},{"name":"max_parallel_workers","value":"0"},{"name":"max_parallel_workers_per_gather","value":"0"}],"backup_schedule":{"frequency":24,"retention":7,"disabled":false},"is_ha_cluster":false,"read_replicas":[],"node_type":"db-dev-m","volume":{"type":"lssd","size":25000000000},"init_settings":[],"endpoints":[],"logs_policy":{"max_age_retention":30,"total_disk_retention":null},"backup_same_region":false,"maintenances":[],"created_at":"2022-05-03T09:00:07.156278Z","region":"fr-par"}'
    headers:
      Content-Length:
      - "904"
      Content-Security-Policy:
      - default-src 'none'; frame-ancestors 'none'
      Content-Type:
      - application/json
      Date:
      - Tue, 03 May 2022 09:01:38 GMT
      Server:
      - Scaleway API-Gateway
      Strict-Transport-Security:
      - max-age=63072000
      X-Content-Type-Options:
      - nosniff
      X-Frame-Options:
      - DENY
      X-Request-Id:
      - c9d7376b-aede-4bcf-8070-dd71d887bff7
    status: 200 OK
    code: 200
    duration: ""
- request:
    body: ""
    form: {}
    headers:
      User-Agent:
      - scaleway-sdk-go/v1.0.0-beta.7+dev (go1.18.1; darwin; amd64) cli-e2e-test
    url: https://api.scaleway.com/rdb/v1/regions/fr-par/instances/1221fbbf-b6b8-48ba-a337-f9df98c8e2a6
    method: GET
  response:
    body: '{"id":"1221fbbf-b6b8-48ba-a337-f9df98c8e2a6","name":"foobar","organization_id":"951df375-e094-4d26-97c1-ba548eeb9c42","project_id":"951df375-e094-4d26-97c1-ba548eeb9c42","status":"provisioning","engine":"PostgreSQL-12","endpoint":null,"tags":[],"settings":[{"name":"work_mem","value":"4"},{"name":"max_connections","value":"100"},{"name":"effective_cache_size","value":"1300"},{"name":"maintenance_work_mem","value":"150"},{"name":"max_parallel_workers","value":"0"},{"name":"max_parallel_workers_per_gather","value":"0"}],"backup_schedule":{"frequency":24,"retention":7,"disabled":false},"is_ha_cluster":false,"read_replicas":[],"node_type":"db-dev-m","volume":{"type":"lssd","size":25000000000},"init_settings":[],"endpoints":[],"logs_policy":{"max_age_retention":30,"total_disk_retention":null},"backup_same_region":false,"maintenances":[],"created_at":"2022-05-03T09:00:07.156278Z","region":"fr-par"}'
    headers:
      Content-Length:
      - "904"
      Content-Security-Policy:
      - default-src 'none'; frame-ancestors 'none'
      Content-Type:
      - application/json
      Date:
      - Tue, 03 May 2022 09:01:54 GMT
      Server:
      - Scaleway API-Gateway
      Strict-Transport-Security:
      - max-age=63072000
      X-Content-Type-Options:
      - nosniff
      X-Frame-Options:
      - DENY
      X-Request-Id:
      - ecf59739-77cb-483e-81cb-90d4895395be
    status: 200 OK
    code: 200
    duration: ""
- request:
    body: ""
    form: {}
    headers:
      User-Agent:
      - scaleway-sdk-go/v1.0.0-beta.7+dev (go1.18.1; darwin; amd64) cli-e2e-test
    url: https://api.scaleway.com/rdb/v1/regions/fr-par/instances/1221fbbf-b6b8-48ba-a337-f9df98c8e2a6
    method: GET
  response:
    body: '{"id":"1221fbbf-b6b8-48ba-a337-f9df98c8e2a6","name":"foobar","organization_id":"951df375-e094-4d26-97c1-ba548eeb9c42","project_id":"951df375-e094-4d26-97c1-ba548eeb9c42","status":"provisioning","engine":"PostgreSQL-12","endpoint":null,"tags":[],"settings":[{"name":"work_mem","value":"4"},{"name":"max_connections","value":"100"},{"name":"effective_cache_size","value":"1300"},{"name":"maintenance_work_mem","value":"150"},{"name":"max_parallel_workers","value":"0"},{"name":"max_parallel_workers_per_gather","value":"0"}],"backup_schedule":{"frequency":24,"retention":7,"disabled":false},"is_ha_cluster":false,"read_replicas":[],"node_type":"db-dev-m","volume":{"type":"lssd","size":25000000000},"init_settings":[],"endpoints":[],"logs_policy":{"max_age_retention":30,"total_disk_retention":null},"backup_same_region":false,"maintenances":[],"created_at":"2022-05-03T09:00:07.156278Z","region":"fr-par"}'
    headers:
      Content-Length:
      - "904"
      Content-Security-Policy:
      - default-src 'none'; frame-ancestors 'none'
      Content-Type:
      - application/json
      Date:
      - Tue, 03 May 2022 09:02:09 GMT
      Server:
      - Scaleway API-Gateway
      Strict-Transport-Security:
      - max-age=63072000
      X-Content-Type-Options:
      - nosniff
      X-Frame-Options:
      - DENY
      X-Request-Id:
      - 8b4eea6b-e4f3-4293-88cf-a349086bdac8
    status: 200 OK
    code: 200
    duration: ""
- request:
    body: ""
    form: {}
    headers:
      User-Agent:
      - scaleway-sdk-go/v1.0.0-beta.7+dev (go1.18.1; darwin; amd64) cli-e2e-test
    url: https://api.scaleway.com/rdb/v1/regions/fr-par/instances/1221fbbf-b6b8-48ba-a337-f9df98c8e2a6
    method: GET
  response:
    body: '{"id":"1221fbbf-b6b8-48ba-a337-f9df98c8e2a6","name":"foobar","organization_id":"951df375-e094-4d26-97c1-ba548eeb9c42","project_id":"951df375-e094-4d26-97c1-ba548eeb9c42","status":"provisioning","engine":"PostgreSQL-12","endpoint":null,"tags":[],"settings":[{"name":"work_mem","value":"4"},{"name":"max_connections","value":"100"},{"name":"effective_cache_size","value":"1300"},{"name":"maintenance_work_mem","value":"150"},{"name":"max_parallel_workers","value":"0"},{"name":"max_parallel_workers_per_gather","value":"0"}],"backup_schedule":{"frequency":24,"retention":7,"disabled":false},"is_ha_cluster":false,"read_replicas":[],"node_type":"db-dev-m","volume":{"type":"lssd","size":25000000000},"init_settings":[],"endpoints":[],"logs_policy":{"max_age_retention":30,"total_disk_retention":null},"backup_same_region":false,"maintenances":[],"created_at":"2022-05-03T09:00:07.156278Z","region":"fr-par"}'
    headers:
      Content-Length:
      - "904"
      Content-Security-Policy:
      - default-src 'none'; frame-ancestors 'none'
      Content-Type:
      - application/json
      Date:
      - Tue, 03 May 2022 09:02:24 GMT
      Server:
      - Scaleway API-Gateway
      Strict-Transport-Security:
      - max-age=63072000
      X-Content-Type-Options:
      - nosniff
      X-Frame-Options:
      - DENY
      X-Request-Id:
      - 2c8214a4-3b8a-4b6b-94b6-72b2616a3f4f
    status: 200 OK
    code: 200
    duration: ""
- request:
    body: ""
    form: {}
    headers:
      User-Agent:
      - scaleway-sdk-go/v1.0.0-beta.7+dev (go1.18.1; darwin; amd64) cli-e2e-test
    url: https://api.scaleway.com/rdb/v1/regions/fr-par/instances/1221fbbf-b6b8-48ba-a337-f9df98c8e2a6
    method: GET
  response:
    body: '{"id":"1221fbbf-b6b8-48ba-a337-f9df98c8e2a6","name":"foobar","organization_id":"951df375-e094-4d26-97c1-ba548eeb9c42","project_id":"951df375-e094-4d26-97c1-ba548eeb9c42","status":"provisioning","engine":"PostgreSQL-12","endpoint":null,"tags":[],"settings":[{"name":"work_mem","value":"4"},{"name":"max_connections","value":"100"},{"name":"effective_cache_size","value":"1300"},{"name":"maintenance_work_mem","value":"150"},{"name":"max_parallel_workers","value":"0"},{"name":"max_parallel_workers_per_gather","value":"0"}],"backup_schedule":{"frequency":24,"retention":7,"disabled":false},"is_ha_cluster":false,"read_replicas":[],"node_type":"db-dev-m","volume":{"type":"lssd","size":25000000000},"init_settings":[],"endpoints":[],"logs_policy":{"max_age_retention":30,"total_disk_retention":null},"backup_same_region":false,"maintenances":[],"created_at":"2022-05-03T09:00:07.156278Z","region":"fr-par"}'
    headers:
      Content-Length:
      - "904"
      Content-Security-Policy:
      - default-src 'none'; frame-ancestors 'none'
      Content-Type:
      - application/json
      Date:
      - Tue, 03 May 2022 09:02:39 GMT
      Server:
      - Scaleway API-Gateway
      Strict-Transport-Security:
      - max-age=63072000
      X-Content-Type-Options:
      - nosniff
      X-Frame-Options:
      - DENY
      X-Request-Id:
      - 7d9a93fb-253a-40df-98ac-7f88322dbcf6
    status: 200 OK
    code: 200
    duration: ""
- request:
    body: ""
    form: {}
    headers:
      User-Agent:
      - scaleway-sdk-go/v1.0.0-beta.7+dev (go1.18.1; darwin; amd64) cli-e2e-test
    url: https://api.scaleway.com/rdb/v1/regions/fr-par/instances/1221fbbf-b6b8-48ba-a337-f9df98c8e2a6
    method: GET
  response:
    body: '{"id":"1221fbbf-b6b8-48ba-a337-f9df98c8e2a6","name":"foobar","organization_id":"951df375-e094-4d26-97c1-ba548eeb9c42","project_id":"951df375-e094-4d26-97c1-ba548eeb9c42","status":"provisioning","engine":"PostgreSQL-12","endpoint":null,"tags":[],"settings":[{"name":"work_mem","value":"4"},{"name":"max_connections","value":"100"},{"name":"effective_cache_size","value":"1300"},{"name":"maintenance_work_mem","value":"150"},{"name":"max_parallel_workers","value":"0"},{"name":"max_parallel_workers_per_gather","value":"0"}],"backup_schedule":{"frequency":24,"retention":7,"disabled":false},"is_ha_cluster":false,"read_replicas":[],"node_type":"db-dev-m","volume":{"type":"lssd","size":25000000000},"init_settings":[],"endpoints":[],"logs_policy":{"max_age_retention":30,"total_disk_retention":null},"backup_same_region":false,"maintenances":[],"created_at":"2022-05-03T09:00:07.156278Z","region":"fr-par"}'
    headers:
      Content-Length:
      - "904"
      Content-Security-Policy:
      - default-src 'none'; frame-ancestors 'none'
      Content-Type:
      - application/json
      Date:
      - Tue, 03 May 2022 09:02:54 GMT
      Server:
      - Scaleway API-Gateway
      Strict-Transport-Security:
      - max-age=63072000
      X-Content-Type-Options:
      - nosniff
      X-Frame-Options:
      - DENY
      X-Request-Id:
      - 936cdc88-b905-4d37-9c26-d4f79ff7da8c
    status: 200 OK
    code: 200
    duration: ""
- request:
    body: ""
    form: {}
    headers:
      User-Agent:
      - scaleway-sdk-go/v1.0.0-beta.7+dev (go1.18.1; darwin; amd64) cli-e2e-test
    url: https://api.scaleway.com/rdb/v1/regions/fr-par/instances/1221fbbf-b6b8-48ba-a337-f9df98c8e2a6
    method: GET
  response:
    body: '{"id":"1221fbbf-b6b8-48ba-a337-f9df98c8e2a6","name":"foobar","organization_id":"951df375-e094-4d26-97c1-ba548eeb9c42","project_id":"951df375-e094-4d26-97c1-ba548eeb9c42","status":"provisioning","engine":"PostgreSQL-12","endpoint":null,"tags":[],"settings":[{"name":"work_mem","value":"4"},{"name":"max_connections","value":"100"},{"name":"effective_cache_size","value":"1300"},{"name":"maintenance_work_mem","value":"150"},{"name":"max_parallel_workers","value":"0"},{"name":"max_parallel_workers_per_gather","value":"0"}],"backup_schedule":{"frequency":24,"retention":7,"disabled":false},"is_ha_cluster":false,"read_replicas":[],"node_type":"db-dev-m","volume":{"type":"lssd","size":25000000000},"init_settings":[],"endpoints":[],"logs_policy":{"max_age_retention":30,"total_disk_retention":null},"backup_same_region":false,"maintenances":[],"created_at":"2022-05-03T09:00:07.156278Z","region":"fr-par"}'
    headers:
      Content-Length:
      - "904"
      Content-Security-Policy:
      - default-src 'none'; frame-ancestors 'none'
      Content-Type:
      - application/json
      Date:
      - Tue, 03 May 2022 09:03:09 GMT
      Server:
      - Scaleway API-Gateway
      Strict-Transport-Security:
      - max-age=63072000
      X-Content-Type-Options:
      - nosniff
      X-Frame-Options:
      - DENY
      X-Request-Id:
      - 5b9ccef3-fa2d-4f5f-94b8-0d4b26a6a49f
    status: 200 OK
    code: 200
    duration: ""
- request:
    body: ""
    form: {}
    headers:
      User-Agent:
      - scaleway-sdk-go/v1.0.0-beta.7+dev (go1.18.1; darwin; amd64) cli-e2e-test
    url: https://api.scaleway.com/rdb/v1/regions/fr-par/instances/1221fbbf-b6b8-48ba-a337-f9df98c8e2a6
    method: GET
  response:
    body: '{"id":"1221fbbf-b6b8-48ba-a337-f9df98c8e2a6","name":"foobar","organization_id":"951df375-e094-4d26-97c1-ba548eeb9c42","project_id":"951df375-e094-4d26-97c1-ba548eeb9c42","status":"provisioning","engine":"PostgreSQL-12","endpoint":null,"tags":[],"settings":[{"name":"work_mem","value":"4"},{"name":"max_connections","value":"100"},{"name":"effective_cache_size","value":"1300"},{"name":"maintenance_work_mem","value":"150"},{"name":"max_parallel_workers","value":"0"},{"name":"max_parallel_workers_per_gather","value":"0"}],"backup_schedule":{"frequency":24,"retention":7,"disabled":false},"is_ha_cluster":false,"read_replicas":[],"node_type":"db-dev-m","volume":{"type":"lssd","size":25000000000},"init_settings":[],"endpoints":[],"logs_policy":{"max_age_retention":30,"total_disk_retention":null},"backup_same_region":false,"maintenances":[],"created_at":"2022-05-03T09:00:07.156278Z","region":"fr-par"}'
    headers:
      Content-Length:
      - "904"
      Content-Security-Policy:
      - default-src 'none'; frame-ancestors 'none'
      Content-Type:
      - application/json
      Date:
      - Tue, 03 May 2022 09:03:25 GMT
      Server:
      - Scaleway API-Gateway
      Strict-Transport-Security:
      - max-age=63072000
      X-Content-Type-Options:
      - nosniff
      X-Frame-Options:
      - DENY
      X-Request-Id:
      - 7977bb7b-a6a3-43bc-b2e7-e73c7df10545
    status: 200 OK
    code: 200
    duration: ""
- request:
    body: ""
    form: {}
    headers:
      User-Agent:
      - scaleway-sdk-go/v1.0.0-beta.7+dev (go1.18.1; darwin; amd64) cli-e2e-test
    url: https://api.scaleway.com/rdb/v1/regions/fr-par/instances/1221fbbf-b6b8-48ba-a337-f9df98c8e2a6
    method: GET
  response:
    body: '{"id":"1221fbbf-b6b8-48ba-a337-f9df98c8e2a6","name":"foobar","organization_id":"951df375-e094-4d26-97c1-ba548eeb9c42","project_id":"951df375-e094-4d26-97c1-ba548eeb9c42","status":"provisioning","engine":"PostgreSQL-12","endpoint":{"ip":"51.159.112.132","port":10606,"name":null,"id":"389a42f1-9e27-49f6-8a54-73ffa3a80f03","load_balancer":{}},"tags":[],"settings":[{"name":"work_mem","value":"4"},{"name":"max_connections","value":"100"},{"name":"effective_cache_size","value":"1300"},{"name":"maintenance_work_mem","value":"150"},{"name":"max_parallel_workers","value":"0"},{"name":"max_parallel_workers_per_gather","value":"0"}],"backup_schedule":{"frequency":24,"retention":7,"disabled":false},"is_ha_cluster":false,"read_replicas":[],"node_type":"db-dev-m","volume":{"type":"lssd","size":25000000000},"init_settings":[],"endpoints":[{"ip":"51.159.112.132","port":10606,"name":null,"id":"389a42f1-9e27-49f6-8a54-73ffa3a80f03","load_balancer":{}}],"logs_policy":{"max_age_retention":30,"total_disk_retention":null},"backup_same_region":false,"maintenances":[],"created_at":"2022-05-03T09:00:07.156278Z","region":"fr-par"}'
    headers:
      Content-Length:
      - "1122"
      Content-Security-Policy:
      - default-src 'none'; frame-ancestors 'none'
      Content-Type:
      - application/json
      Date:
      - Tue, 03 May 2022 09:03:40 GMT
      Server:
      - Scaleway API-Gateway
      Strict-Transport-Security:
      - max-age=63072000
      X-Content-Type-Options:
      - nosniff
      X-Frame-Options:
      - DENY
      X-Request-Id:
      - e5d51e00-b50c-44c5-bdd3-a4f3d7d61872
    status: 200 OK
    code: 200
    duration: ""
- request:
    body: ""
    form: {}
    headers:
      User-Agent:
      - scaleway-sdk-go/v1.0.0-beta.7+dev (go1.18.1; darwin; amd64) cli-e2e-test
    url: https://api.scaleway.com/rdb/v1/regions/fr-par/instances/1221fbbf-b6b8-48ba-a337-f9df98c8e2a6
    method: GET
  response:
    body: '{"id":"1221fbbf-b6b8-48ba-a337-f9df98c8e2a6","name":"foobar","organization_id":"951df375-e094-4d26-97c1-ba548eeb9c42","project_id":"951df375-e094-4d26-97c1-ba548eeb9c42","status":"ready","engine":"PostgreSQL-12","endpoint":{"ip":"51.159.112.132","port":10606,"name":null,"id":"389a42f1-9e27-49f6-8a54-73ffa3a80f03","load_balancer":{}},"tags":[],"settings":[{"name":"work_mem","value":"4"},{"name":"max_connections","value":"100"},{"name":"effective_cache_size","value":"1300"},{"name":"maintenance_work_mem","value":"150"},{"name":"max_parallel_workers","value":"0"},{"name":"max_parallel_workers_per_gather","value":"0"}],"backup_schedule":{"frequency":24,"retention":7,"disabled":false},"is_ha_cluster":false,"read_replicas":[],"node_type":"db-dev-m","volume":{"type":"lssd","size":25000000000},"init_settings":[],"endpoints":[{"ip":"51.159.112.132","port":10606,"name":null,"id":"389a42f1-9e27-49f6-8a54-73ffa3a80f03","load_balancer":{}}],"logs_policy":{"max_age_retention":30,"total_disk_retention":null},"backup_same_region":false,"maintenances":[],"created_at":"2022-05-03T09:00:07.156278Z","region":"fr-par"}'
    headers:
      Content-Length:
      - "1115"
      Content-Security-Policy:
      - default-src 'none'; frame-ancestors 'none'
      Content-Type:
      - application/json
      Date:
      - Tue, 03 May 2022 09:03:55 GMT
      Server:
      - Scaleway API-Gateway
      Strict-Transport-Security:
      - max-age=63072000
      X-Content-Type-Options:
      - nosniff
      X-Frame-Options:
      - DENY
      X-Request-Id:
      - 5cf7890b-263a-4ff0-9b74-9fcf29122955
    status: 200 OK
    code: 200
    duration: ""
- request:
    body: ""
    form: {}
    headers:
      User-Agent:
      - scaleway-sdk-go/v1.0.0-beta.7+dev (go1.18.1; darwin; amd64) cli-e2e-test
    url: https://api.scaleway.com/rdb/v1/regions/fr-par/instances/4394e72b-df3b-43eb-acdb-608f85c06528
    method: DELETE
  response:
    body: '{"id":"4394e72b-df3b-43eb-acdb-608f85c06528","name":"cli-test","organization_id":"951df375-e094-4d26-97c1-ba548eeb9c42","project_id":"951df375-e094-4d26-97c1-ba548eeb9c42","status":"deleting","engine":"PostgreSQL-12","endpoint":{"ip":"195.154.69.50","port":42609,"name":null,"id":"fb0f23b8-8c13-4748-b1ab-11b160ddf0ab","load_balancer":{}},"tags":[],"settings":[{"name":"work_mem","value":"4"},{"name":"max_connections","value":"100"},{"name":"effective_cache_size","value":"1300"},{"name":"maintenance_work_mem","value":"150"},{"name":"max_parallel_workers","value":"0"},{"name":"max_parallel_workers_per_gather","value":"0"}],"backup_schedule":{"frequency":24,"retention":7,"disabled":false},"is_ha_cluster":false,"read_replicas":[],"node_type":"db-dev-s","volume":{"type":"lssd","size":5000000000},"init_settings":[],"endpoints":[{"ip":"195.154.69.50","port":42609,"name":null,"id":"fb0f23b8-8c13-4748-b1ab-11b160ddf0ab","load_balancer":{}}],"logs_policy":{"max_age_retention":30,"total_disk_retention":null},"backup_same_region":false,"maintenances":[],"created_at":"2022-05-03T08:56:34.345548Z","region":"fr-par"}'
    headers:
      Content-Length:
      - "1117"
      Content-Security-Policy:
      - default-src 'none'; frame-ancestors 'none'
      Content-Type:
      - application/json
      Date:
      - Tue, 03 May 2022 09:03:55 GMT
      Server:
      - Scaleway API-Gateway
      Strict-Transport-Security:
      - max-age=63072000
      X-Content-Type-Options:
      - nosniff
      X-Frame-Options:
      - DENY
      X-Request-Id:
      - dff74d86-6606-4b3e-99f2-243f11c1aa8f
    status: 200 OK
    code: 200
    duration: ""
