---
version: 1
interactions:
- request:
    body: '{"id":"f918d880-279b-472c-9215-4d323af24d82", "name":"cli-test", "organization_id":"fa1e3217-dc80-42ac-85c3-3f034b78b552",
      "project_id":"fa1e3217-dc80-42ac-85c3-3f034b78b552", "status":"provisioning",
      "engine":"PostgreSQL-12", "upgradable_version":[{"id":"2e670f5c-493b-443f-92bd-986f23da2750",
      "name":"PostgreSQL-13", "version":"13", "minor_version":"13.12"}, {"id":"2988cc5e-e0dd-48ba-bd8b-b394db1fc6b9",
      "name":"PostgreSQL-14", "version":"14", "minor_version":"14.9"}, {"id":"d6fa23a8-ff53-464e-b0b0-4c4a3c1eb87d",
      "name":"PostgreSQL-15", "version":"15", "minor_version":"15.4"}], "endpoint":null,
      "tags":[], "settings":[], "backup_schedule":{"frequency":24, "retention":7,
      "disabled":false, "next_run_at":"2023-11-09T21:08:40.005511Z"}, "is_ha_cluster":false,
      "read_replicas":[], "node_type":"db-dev-s", "volume":{"type":"lssd", "size":5000000000,
      "class":"lssd"}, "init_settings":[], "endpoints":[], "logs_policy":{"max_age_retention":30,
      "total_disk_retention":null}, "backup_same_region":false, "maintenances":[],
      "created_at":"2023-11-08T21:08:40.005511Z", "region":"fr-par"}'
    form: {}
    headers:
      Content-Type:
      - application/json
      User-Agent:
      - scaleway-sdk-go/v1.0.0-beta.7+dev (go1.20.4; linux; amd64) cli-e2e-test
    url: https://api.scaleway.com/rdb/v1/regions/fr-par/instances
    method: POST
  response:
    body: '{"id":"f918d880-279b-472c-9215-4d323af24d82", "name":"cli-test", "organization_id":"fa1e3217-dc80-42ac-85c3-3f034b78b552",
      "project_id":"fa1e3217-dc80-42ac-85c3-3f034b78b552", "status":"provisioning",
      "engine":"PostgreSQL-12", "upgradable_version":[{"id":"2e670f5c-493b-443f-92bd-986f23da2750",
      "name":"PostgreSQL-13", "version":"13", "minor_version":"13.12"}, {"id":"2988cc5e-e0dd-48ba-bd8b-b394db1fc6b9",
      "name":"PostgreSQL-14", "version":"14", "minor_version":"14.9"}, {"id":"d6fa23a8-ff53-464e-b0b0-4c4a3c1eb87d",
      "name":"PostgreSQL-15", "version":"15", "minor_version":"15.4"}], "endpoint":null,
      "tags":[], "settings":[], "backup_schedule":{"frequency":24, "retention":7,
      "disabled":false, "next_run_at":"2023-11-09T21:08:40.005511Z"}, "is_ha_cluster":false,
      "read_replicas":[], "node_type":"db-dev-s", "volume":{"type":"lssd", "size":5000000000,
      "class":"lssd"}, "init_settings":[], "endpoints":[], "logs_policy":{"max_age_retention":30,
      "total_disk_retention":null}, "backup_same_region":false, "maintenances":[],
      "created_at":"2023-11-08T21:08:40.005511Z", "region":"fr-par"}'
    headers:
      Content-Length:
      - "1083"
      Content-Security-Policy:
      - default-src 'none'; frame-ancestors 'none'
      Content-Type:
      - application/json
      Date:
      - Wed, 08 Nov 2023 21:08:40 GMT
      Server:
      - Scaleway API-Gateway
      Strict-Transport-Security:
      - max-age=63072000
      X-Content-Type-Options:
      - nosniff
      X-Frame-Options:
      - DENY
      X-Request-Id:
      - 2385a221-d161-4b01-9702-b1d0c0d983ef
    status: 200 OK
    code: 200
    duration: ""
- request:
    body: '{"id":"f918d880-279b-472c-9215-4d323af24d82", "name":"cli-test", "organization_id":"fa1e3217-dc80-42ac-85c3-3f034b78b552",
      "project_id":"fa1e3217-dc80-42ac-85c3-3f034b78b552", "status":"provisioning",
      "engine":"PostgreSQL-12", "upgradable_version":[{"id":"2e670f5c-493b-443f-92bd-986f23da2750",
      "name":"PostgreSQL-13", "version":"13", "minor_version":"13.12"}, {"id":"2988cc5e-e0dd-48ba-bd8b-b394db1fc6b9",
      "name":"PostgreSQL-14", "version":"14", "minor_version":"14.9"}, {"id":"d6fa23a8-ff53-464e-b0b0-4c4a3c1eb87d",
      "name":"PostgreSQL-15", "version":"15", "minor_version":"15.4"}], "endpoint":null,
      "tags":[], "settings":[], "backup_schedule":{"frequency":24, "retention":7,
      "disabled":false, "next_run_at":"2023-11-09T21:08:40.005511Z"}, "is_ha_cluster":false,
      "read_replicas":[], "node_type":"db-dev-s", "volume":{"type":"lssd", "size":5000000000,
      "class":"lssd"}, "init_settings":[], "endpoints":[], "logs_policy":{"max_age_retention":30,
      "total_disk_retention":null}, "backup_same_region":false, "maintenances":[],
      "created_at":"2023-11-08T21:08:40.005511Z", "region":"fr-par"}'
    form: {}
    headers:
      User-Agent:
      - scaleway-sdk-go/v1.0.0-beta.7+dev (go1.20.4; linux; amd64) cli-e2e-test
    url: https://api.scaleway.com/rdb/v1/regions/fr-par/instances/f918d880-279b-472c-9215-4d323af24d82
    method: GET
  response:
    body: '{"id":"f918d880-279b-472c-9215-4d323af24d82", "name":"cli-test", "organization_id":"fa1e3217-dc80-42ac-85c3-3f034b78b552",
      "project_id":"fa1e3217-dc80-42ac-85c3-3f034b78b552", "status":"provisioning",
      "engine":"PostgreSQL-12", "upgradable_version":[{"id":"2e670f5c-493b-443f-92bd-986f23da2750",
      "name":"PostgreSQL-13", "version":"13", "minor_version":"13.12"}, {"id":"2988cc5e-e0dd-48ba-bd8b-b394db1fc6b9",
      "name":"PostgreSQL-14", "version":"14", "minor_version":"14.9"}, {"id":"d6fa23a8-ff53-464e-b0b0-4c4a3c1eb87d",
      "name":"PostgreSQL-15", "version":"15", "minor_version":"15.4"}], "endpoint":null,
      "tags":[], "settings":[], "backup_schedule":{"frequency":24, "retention":7,
      "disabled":false, "next_run_at":"2023-11-09T21:08:40.005511Z"}, "is_ha_cluster":false,
      "read_replicas":[], "node_type":"db-dev-s", "volume":{"type":"lssd", "size":5000000000,
      "class":"lssd"}, "init_settings":[], "endpoints":[], "logs_policy":{"max_age_retention":30,
      "total_disk_retention":null}, "backup_same_region":false, "maintenances":[],
      "created_at":"2023-11-08T21:08:40.005511Z", "region":"fr-par"}'
    headers:
      Content-Length:
      - "1083"
      Content-Security-Policy:
      - default-src 'none'; frame-ancestors 'none'
      Content-Type:
      - application/json
      Date:
      - Wed, 08 Nov 2023 21:08:40 GMT
      Server:
      - Scaleway API-Gateway
      Strict-Transport-Security:
      - max-age=63072000
      X-Content-Type-Options:
      - nosniff
      X-Frame-Options:
      - DENY
      X-Request-Id:
      - fcc07cc7-5c31-4753-bcd8-49ce487dc9c2
    status: 200 OK
    code: 200
    duration: ""
- request:
    body: '{"id":"f918d880-279b-472c-9215-4d323af24d82", "name":"cli-test", "organization_id":"fa1e3217-dc80-42ac-85c3-3f034b78b552",
      "project_id":"fa1e3217-dc80-42ac-85c3-3f034b78b552", "status":"provisioning",
      "engine":"PostgreSQL-12", "upgradable_version":[{"id":"2e670f5c-493b-443f-92bd-986f23da2750",
      "name":"PostgreSQL-13", "version":"13", "minor_version":"13.12"}, {"id":"2988cc5e-e0dd-48ba-bd8b-b394db1fc6b9",
      "name":"PostgreSQL-14", "version":"14", "minor_version":"14.9"}, {"id":"d6fa23a8-ff53-464e-b0b0-4c4a3c1eb87d",
      "name":"PostgreSQL-15", "version":"15", "minor_version":"15.4"}], "endpoint":null,
      "tags":[], "settings":[], "backup_schedule":{"frequency":24, "retention":7,
      "disabled":false, "next_run_at":"2023-11-09T21:08:40.005511Z"}, "is_ha_cluster":false,
      "read_replicas":[], "node_type":"db-dev-s", "volume":{"type":"lssd", "size":5000000000,
      "class":"lssd"}, "init_settings":[], "endpoints":[], "logs_policy":{"max_age_retention":30,
      "total_disk_retention":null}, "backup_same_region":false, "maintenances":[],
      "created_at":"2023-11-08T21:08:40.005511Z", "region":"fr-par"}'
    form: {}
    headers:
      User-Agent:
      - scaleway-sdk-go/v1.0.0-beta.7+dev (go1.20.4; linux; amd64) cli-e2e-test
    url: https://api.scaleway.com/rdb/v1/regions/fr-par/instances/f918d880-279b-472c-9215-4d323af24d82
    method: GET
  response:
    body: '{"id":"f918d880-279b-472c-9215-4d323af24d82", "name":"cli-test", "organization_id":"fa1e3217-dc80-42ac-85c3-3f034b78b552",
      "project_id":"fa1e3217-dc80-42ac-85c3-3f034b78b552", "status":"provisioning",
      "engine":"PostgreSQL-12", "upgradable_version":[{"id":"2e670f5c-493b-443f-92bd-986f23da2750",
      "name":"PostgreSQL-13", "version":"13", "minor_version":"13.12"}, {"id":"2988cc5e-e0dd-48ba-bd8b-b394db1fc6b9",
      "name":"PostgreSQL-14", "version":"14", "minor_version":"14.9"}, {"id":"d6fa23a8-ff53-464e-b0b0-4c4a3c1eb87d",
      "name":"PostgreSQL-15", "version":"15", "minor_version":"15.4"}], "endpoint":null,
      "tags":[], "settings":[], "backup_schedule":{"frequency":24, "retention":7,
      "disabled":false, "next_run_at":"2023-11-09T21:08:40.005511Z"}, "is_ha_cluster":false,
      "read_replicas":[], "node_type":"db-dev-s", "volume":{"type":"lssd", "size":5000000000,
      "class":"lssd"}, "init_settings":[], "endpoints":[], "logs_policy":{"max_age_retention":30,
      "total_disk_retention":null}, "backup_same_region":false, "maintenances":[],
      "created_at":"2023-11-08T21:08:40.005511Z", "region":"fr-par"}'
    headers:
      Content-Length:
      - "1083"
      Content-Security-Policy:
      - default-src 'none'; frame-ancestors 'none'
      Content-Type:
      - application/json
      Date:
      - Wed, 08 Nov 2023 21:08:59 GMT
      Server:
      - Scaleway API-Gateway
      Strict-Transport-Security:
      - max-age=63072000
      X-Content-Type-Options:
      - nosniff
      X-Frame-Options:
      - DENY
      X-Request-Id:
      - 6e5fd8d2-3413-4f0a-973b-44bc92999f39
    status: 200 OK
    code: 200
    duration: ""
- request:
    body: '{"id":"f918d880-279b-472c-9215-4d323af24d82", "name":"cli-test", "organization_id":"fa1e3217-dc80-42ac-85c3-3f034b78b552",
      "project_id":"fa1e3217-dc80-42ac-85c3-3f034b78b552", "status":"provisioning",
      "engine":"PostgreSQL-12", "upgradable_version":[{"id":"2e670f5c-493b-443f-92bd-986f23da2750",
      "name":"PostgreSQL-13", "version":"13", "minor_version":"13.12"}, {"id":"2988cc5e-e0dd-48ba-bd8b-b394db1fc6b9",
      "name":"PostgreSQL-14", "version":"14", "minor_version":"14.9"}, {"id":"d6fa23a8-ff53-464e-b0b0-4c4a3c1eb87d",
      "name":"PostgreSQL-15", "version":"15", "minor_version":"15.4"}], "endpoint":null,
      "tags":[], "settings":[], "backup_schedule":{"frequency":24, "retention":7,
      "disabled":false, "next_run_at":"2023-11-09T21:08:40.005511Z"}, "is_ha_cluster":false,
      "read_replicas":[], "node_type":"db-dev-s", "volume":{"type":"lssd", "size":5000000000,
      "class":"lssd"}, "init_settings":[], "endpoints":[], "logs_policy":{"max_age_retention":30,
      "total_disk_retention":null}, "backup_same_region":false, "maintenances":[],
      "created_at":"2023-11-08T21:08:40.005511Z", "region":"fr-par"}'
    form: {}
    headers:
      User-Agent:
      - scaleway-sdk-go/v1.0.0-beta.7+dev (go1.20.4; linux; amd64) cli-e2e-test
    url: https://api.scaleway.com/rdb/v1/regions/fr-par/instances/f918d880-279b-472c-9215-4d323af24d82
    method: GET
  response:
    body: '{"id":"f918d880-279b-472c-9215-4d323af24d82", "name":"cli-test", "organization_id":"fa1e3217-dc80-42ac-85c3-3f034b78b552",
      "project_id":"fa1e3217-dc80-42ac-85c3-3f034b78b552", "status":"provisioning",
      "engine":"PostgreSQL-12", "upgradable_version":[{"id":"2e670f5c-493b-443f-92bd-986f23da2750",
      "name":"PostgreSQL-13", "version":"13", "minor_version":"13.12"}, {"id":"2988cc5e-e0dd-48ba-bd8b-b394db1fc6b9",
      "name":"PostgreSQL-14", "version":"14", "minor_version":"14.9"}, {"id":"d6fa23a8-ff53-464e-b0b0-4c4a3c1eb87d",
      "name":"PostgreSQL-15", "version":"15", "minor_version":"15.4"}], "endpoint":null,
      "tags":[], "settings":[], "backup_schedule":{"frequency":24, "retention":7,
      "disabled":false, "next_run_at":"2023-11-09T21:08:40.005511Z"}, "is_ha_cluster":false,
      "read_replicas":[], "node_type":"db-dev-s", "volume":{"type":"lssd", "size":5000000000,
      "class":"lssd"}, "init_settings":[], "endpoints":[], "logs_policy":{"max_age_retention":30,
      "total_disk_retention":null}, "backup_same_region":false, "maintenances":[],
      "created_at":"2023-11-08T21:08:40.005511Z", "region":"fr-par"}'
    headers:
      Content-Length:
      - "1083"
      Content-Security-Policy:
      - default-src 'none'; frame-ancestors 'none'
      Content-Type:
      - application/json
      Date:
      - Wed, 08 Nov 2023 21:09:15 GMT
      Server:
      - Scaleway API-Gateway
      Strict-Transport-Security:
      - max-age=63072000
      X-Content-Type-Options:
      - nosniff
      X-Frame-Options:
      - DENY
      X-Request-Id:
      - 2da1a15f-22fa-4d5d-9c4f-3441c6ae93a0
    status: 200 OK
    code: 200
    duration: ""
- request:
    body: '{"id":"f918d880-279b-472c-9215-4d323af24d82", "name":"cli-test", "organization_id":"fa1e3217-dc80-42ac-85c3-3f034b78b552",
      "project_id":"fa1e3217-dc80-42ac-85c3-3f034b78b552", "status":"initializing",
      "engine":"PostgreSQL-12", "upgradable_version":[{"id":"2e670f5c-493b-443f-92bd-986f23da2750",
      "name":"PostgreSQL-13", "version":"13", "minor_version":"13.12"}, {"id":"2988cc5e-e0dd-48ba-bd8b-b394db1fc6b9",
      "name":"PostgreSQL-14", "version":"14", "minor_version":"14.9"}, {"id":"d6fa23a8-ff53-464e-b0b0-4c4a3c1eb87d",
      "name":"PostgreSQL-15", "version":"15", "minor_version":"15.4"}], "endpoint":null,
      "tags":[], "settings":[], "backup_schedule":{"frequency":24, "retention":7,
      "disabled":false, "next_run_at":"2023-11-09T21:08:40.005511Z"}, "is_ha_cluster":false,
      "read_replicas":[], "node_type":"db-dev-s", "volume":{"type":"lssd", "size":5000000000,
      "class":"lssd"}, "init_settings":[], "endpoints":[], "logs_policy":{"max_age_retention":30,
      "total_disk_retention":null}, "backup_same_region":false, "maintenances":[],
      "created_at":"2023-11-08T21:08:40.005511Z", "region":"fr-par"}'
    form: {}
    headers:
      User-Agent:
      - scaleway-sdk-go/v1.0.0-beta.7+dev (go1.20.4; linux; amd64) cli-e2e-test
    url: https://api.scaleway.com/rdb/v1/regions/fr-par/instances/f918d880-279b-472c-9215-4d323af24d82
    method: GET
  response:
    body: '{"id":"f918d880-279b-472c-9215-4d323af24d82", "name":"cli-test", "organization_id":"fa1e3217-dc80-42ac-85c3-3f034b78b552",
      "project_id":"fa1e3217-dc80-42ac-85c3-3f034b78b552", "status":"initializing",
      "engine":"PostgreSQL-12", "upgradable_version":[{"id":"2e670f5c-493b-443f-92bd-986f23da2750",
      "name":"PostgreSQL-13", "version":"13", "minor_version":"13.12"}, {"id":"2988cc5e-e0dd-48ba-bd8b-b394db1fc6b9",
      "name":"PostgreSQL-14", "version":"14", "minor_version":"14.9"}, {"id":"d6fa23a8-ff53-464e-b0b0-4c4a3c1eb87d",
      "name":"PostgreSQL-15", "version":"15", "minor_version":"15.4"}], "endpoint":null,
      "tags":[], "settings":[], "backup_schedule":{"frequency":24, "retention":7,
      "disabled":false, "next_run_at":"2023-11-09T21:08:40.005511Z"}, "is_ha_cluster":false,
      "read_replicas":[], "node_type":"db-dev-s", "volume":{"type":"lssd", "size":5000000000,
      "class":"lssd"}, "init_settings":[], "endpoints":[], "logs_policy":{"max_age_retention":30,
      "total_disk_retention":null}, "backup_same_region":false, "maintenances":[],
      "created_at":"2023-11-08T21:08:40.005511Z", "region":"fr-par"}'
    headers:
      Content-Length:
      - "1083"
      Content-Security-Policy:
      - default-src 'none'; frame-ancestors 'none'
      Content-Type:
      - application/json
      Date:
      - Wed, 08 Nov 2023 21:09:30 GMT
      Server:
      - Scaleway API-Gateway
      Strict-Transport-Security:
      - max-age=63072000
      X-Content-Type-Options:
      - nosniff
      X-Frame-Options:
      - DENY
      X-Request-Id:
      - 1593b565-960a-4370-8a13-4a4dda5796da
    status: 200 OK
    code: 200
    duration: ""
- request:
    body: '{"id":"f918d880-279b-472c-9215-4d323af24d82", "name":"cli-test", "organization_id":"fa1e3217-dc80-42ac-85c3-3f034b78b552",
      "project_id":"fa1e3217-dc80-42ac-85c3-3f034b78b552", "status":"initializing",
      "engine":"PostgreSQL-12", "upgradable_version":[{"id":"2e670f5c-493b-443f-92bd-986f23da2750",
      "name":"PostgreSQL-13", "version":"13", "minor_version":"13.12"}, {"id":"2988cc5e-e0dd-48ba-bd8b-b394db1fc6b9",
      "name":"PostgreSQL-14", "version":"14", "minor_version":"14.9"}, {"id":"d6fa23a8-ff53-464e-b0b0-4c4a3c1eb87d",
      "name":"PostgreSQL-15", "version":"15", "minor_version":"15.4"}], "endpoint":null,
      "tags":[], "settings":[], "backup_schedule":{"frequency":24, "retention":7,
      "disabled":false, "next_run_at":"2023-11-09T21:08:40.005511Z"}, "is_ha_cluster":false,
      "read_replicas":[], "node_type":"db-dev-s", "volume":{"type":"lssd", "size":5000000000,
      "class":"lssd"}, "init_settings":[], "endpoints":[], "logs_policy":{"max_age_retention":30,
      "total_disk_retention":null}, "backup_same_region":false, "maintenances":[],
      "created_at":"2023-11-08T21:08:40.005511Z", "region":"fr-par"}'
    form: {}
    headers:
      User-Agent:
      - scaleway-sdk-go/v1.0.0-beta.7+dev (go1.20.4; linux; amd64) cli-e2e-test
    url: https://api.scaleway.com/rdb/v1/regions/fr-par/instances/f918d880-279b-472c-9215-4d323af24d82
    method: GET
  response:
    body: '{"id":"f918d880-279b-472c-9215-4d323af24d82", "name":"cli-test", "organization_id":"fa1e3217-dc80-42ac-85c3-3f034b78b552",
      "project_id":"fa1e3217-dc80-42ac-85c3-3f034b78b552", "status":"initializing",
      "engine":"PostgreSQL-12", "upgradable_version":[{"id":"2e670f5c-493b-443f-92bd-986f23da2750",
      "name":"PostgreSQL-13", "version":"13", "minor_version":"13.12"}, {"id":"2988cc5e-e0dd-48ba-bd8b-b394db1fc6b9",
      "name":"PostgreSQL-14", "version":"14", "minor_version":"14.9"}, {"id":"d6fa23a8-ff53-464e-b0b0-4c4a3c1eb87d",
      "name":"PostgreSQL-15", "version":"15", "minor_version":"15.4"}], "endpoint":null,
      "tags":[], "settings":[], "backup_schedule":{"frequency":24, "retention":7,
      "disabled":false, "next_run_at":"2023-11-09T21:08:40.005511Z"}, "is_ha_cluster":false,
      "read_replicas":[], "node_type":"db-dev-s", "volume":{"type":"lssd", "size":5000000000,
      "class":"lssd"}, "init_settings":[], "endpoints":[], "logs_policy":{"max_age_retention":30,
      "total_disk_retention":null}, "backup_same_region":false, "maintenances":[],
      "created_at":"2023-11-08T21:08:40.005511Z", "region":"fr-par"}'
    headers:
      Content-Length:
      - "1083"
      Content-Security-Policy:
      - default-src 'none'; frame-ancestors 'none'
      Content-Type:
      - application/json
      Date:
      - Wed, 08 Nov 2023 21:09:45 GMT
      Server:
      - Scaleway API-Gateway
      Strict-Transport-Security:
      - max-age=63072000
      X-Content-Type-Options:
      - nosniff
      X-Frame-Options:
      - DENY
      X-Request-Id:
      - e6b16a7f-02a2-4fed-9bd8-517f4fcb5bdb
    status: 200 OK
    code: 200
    duration: ""
- request:
    body: '{"id":"f918d880-279b-472c-9215-4d323af24d82", "name":"cli-test", "organization_id":"fa1e3217-dc80-42ac-85c3-3f034b78b552",
      "project_id":"fa1e3217-dc80-42ac-85c3-3f034b78b552", "status":"initializing",
      "engine":"PostgreSQL-12", "upgradable_version":[{"id":"2e670f5c-493b-443f-92bd-986f23da2750",
      "name":"PostgreSQL-13", "version":"13", "minor_version":"13.12"}, {"id":"2988cc5e-e0dd-48ba-bd8b-b394db1fc6b9",
      "name":"PostgreSQL-14", "version":"14", "minor_version":"14.9"}, {"id":"d6fa23a8-ff53-464e-b0b0-4c4a3c1eb87d",
      "name":"PostgreSQL-15", "version":"15", "minor_version":"15.4"}], "endpoint":null,
      "tags":[], "settings":[], "backup_schedule":{"frequency":24, "retention":7,
      "disabled":false, "next_run_at":"2023-11-09T21:08:40.005511Z"}, "is_ha_cluster":false,
      "read_replicas":[], "node_type":"db-dev-s", "volume":{"type":"lssd", "size":5000000000,
      "class":"lssd"}, "init_settings":[], "endpoints":[], "logs_policy":{"max_age_retention":30,
      "total_disk_retention":null}, "backup_same_region":false, "maintenances":[],
      "created_at":"2023-11-08T21:08:40.005511Z", "region":"fr-par"}'
    form: {}
    headers:
      User-Agent:
      - scaleway-sdk-go/v1.0.0-beta.7+dev (go1.20.4; linux; amd64) cli-e2e-test
    url: https://api.scaleway.com/rdb/v1/regions/fr-par/instances/f918d880-279b-472c-9215-4d323af24d82
    method: GET
  response:
    body: '{"id":"f918d880-279b-472c-9215-4d323af24d82", "name":"cli-test", "organization_id":"fa1e3217-dc80-42ac-85c3-3f034b78b552",
      "project_id":"fa1e3217-dc80-42ac-85c3-3f034b78b552", "status":"initializing",
      "engine":"PostgreSQL-12", "upgradable_version":[{"id":"2e670f5c-493b-443f-92bd-986f23da2750",
      "name":"PostgreSQL-13", "version":"13", "minor_version":"13.12"}, {"id":"2988cc5e-e0dd-48ba-bd8b-b394db1fc6b9",
      "name":"PostgreSQL-14", "version":"14", "minor_version":"14.9"}, {"id":"d6fa23a8-ff53-464e-b0b0-4c4a3c1eb87d",
      "name":"PostgreSQL-15", "version":"15", "minor_version":"15.4"}], "endpoint":null,
      "tags":[], "settings":[], "backup_schedule":{"frequency":24, "retention":7,
      "disabled":false, "next_run_at":"2023-11-09T21:08:40.005511Z"}, "is_ha_cluster":false,
      "read_replicas":[], "node_type":"db-dev-s", "volume":{"type":"lssd", "size":5000000000,
      "class":"lssd"}, "init_settings":[], "endpoints":[], "logs_policy":{"max_age_retention":30,
      "total_disk_retention":null}, "backup_same_region":false, "maintenances":[],
      "created_at":"2023-11-08T21:08:40.005511Z", "region":"fr-par"}'
    headers:
      Content-Length:
      - "1083"
      Content-Security-Policy:
      - default-src 'none'; frame-ancestors 'none'
      Content-Type:
      - application/json
      Date:
      - Wed, 08 Nov 2023 21:10:00 GMT
      Server:
      - Scaleway API-Gateway
      Strict-Transport-Security:
      - max-age=63072000
      X-Content-Type-Options:
      - nosniff
      X-Frame-Options:
      - DENY
      X-Request-Id:
      - 609b3718-7bcc-442e-b059-6db6ccda8432
    status: 200 OK
    code: 200
    duration: ""
- request:
    body: '{"id":"f918d880-279b-472c-9215-4d323af24d82", "name":"cli-test", "organization_id":"fa1e3217-dc80-42ac-85c3-3f034b78b552",
      "project_id":"fa1e3217-dc80-42ac-85c3-3f034b78b552", "status":"initializing",
      "engine":"PostgreSQL-12", "upgradable_version":[{"id":"2e670f5c-493b-443f-92bd-986f23da2750",
      "name":"PostgreSQL-13", "version":"13", "minor_version":"13.12"}, {"id":"2988cc5e-e0dd-48ba-bd8b-b394db1fc6b9",
      "name":"PostgreSQL-14", "version":"14", "minor_version":"14.9"}, {"id":"d6fa23a8-ff53-464e-b0b0-4c4a3c1eb87d",
      "name":"PostgreSQL-15", "version":"15", "minor_version":"15.4"}], "endpoint":null,
      "tags":[], "settings":[], "backup_schedule":{"frequency":24, "retention":7,
      "disabled":false, "next_run_at":"2023-11-09T21:08:40.005511Z"}, "is_ha_cluster":false,
      "read_replicas":[], "node_type":"db-dev-s", "volume":{"type":"lssd", "size":5000000000,
      "class":"lssd"}, "init_settings":[], "endpoints":[], "logs_policy":{"max_age_retention":30,
      "total_disk_retention":null}, "backup_same_region":false, "maintenances":[],
      "created_at":"2023-11-08T21:08:40.005511Z", "region":"fr-par"}'
    form: {}
    headers:
      User-Agent:
      - scaleway-sdk-go/v1.0.0-beta.7+dev (go1.20.4; linux; amd64) cli-e2e-test
    url: https://api.scaleway.com/rdb/v1/regions/fr-par/instances/f918d880-279b-472c-9215-4d323af24d82
    method: GET
  response:
    body: '{"id":"f918d880-279b-472c-9215-4d323af24d82", "name":"cli-test", "organization_id":"fa1e3217-dc80-42ac-85c3-3f034b78b552",
      "project_id":"fa1e3217-dc80-42ac-85c3-3f034b78b552", "status":"initializing",
      "engine":"PostgreSQL-12", "upgradable_version":[{"id":"2e670f5c-493b-443f-92bd-986f23da2750",
      "name":"PostgreSQL-13", "version":"13", "minor_version":"13.12"}, {"id":"2988cc5e-e0dd-48ba-bd8b-b394db1fc6b9",
      "name":"PostgreSQL-14", "version":"14", "minor_version":"14.9"}, {"id":"d6fa23a8-ff53-464e-b0b0-4c4a3c1eb87d",
      "name":"PostgreSQL-15", "version":"15", "minor_version":"15.4"}], "endpoint":null,
      "tags":[], "settings":[], "backup_schedule":{"frequency":24, "retention":7,
      "disabled":false, "next_run_at":"2023-11-09T21:08:40.005511Z"}, "is_ha_cluster":false,
      "read_replicas":[], "node_type":"db-dev-s", "volume":{"type":"lssd", "size":5000000000,
      "class":"lssd"}, "init_settings":[], "endpoints":[], "logs_policy":{"max_age_retention":30,
      "total_disk_retention":null}, "backup_same_region":false, "maintenances":[],
      "created_at":"2023-11-08T21:08:40.005511Z", "region":"fr-par"}'
    headers:
      Content-Length:
      - "1083"
      Content-Security-Policy:
      - default-src 'none'; frame-ancestors 'none'
      Content-Type:
      - application/json
      Date:
      - Wed, 08 Nov 2023 21:10:15 GMT
      Server:
      - Scaleway API-Gateway
      Strict-Transport-Security:
      - max-age=63072000
      X-Content-Type-Options:
      - nosniff
      X-Frame-Options:
      - DENY
      X-Request-Id:
      - 4e433d17-180b-4630-ab4c-b9a8ccfda36a
    status: 200 OK
    code: 200
    duration: ""
- request:
    body: '{"id":"f918d880-279b-472c-9215-4d323af24d82", "name":"cli-test", "organization_id":"fa1e3217-dc80-42ac-85c3-3f034b78b552",
      "project_id":"fa1e3217-dc80-42ac-85c3-3f034b78b552", "status":"initializing",
      "engine":"PostgreSQL-12", "upgradable_version":[{"id":"2e670f5c-493b-443f-92bd-986f23da2750",
      "name":"PostgreSQL-13", "version":"13", "minor_version":"13.12"}, {"id":"2988cc5e-e0dd-48ba-bd8b-b394db1fc6b9",
      "name":"PostgreSQL-14", "version":"14", "minor_version":"14.9"}, {"id":"d6fa23a8-ff53-464e-b0b0-4c4a3c1eb87d",
      "name":"PostgreSQL-15", "version":"15", "minor_version":"15.4"}], "endpoint":null,
      "tags":[], "settings":[], "backup_schedule":{"frequency":24, "retention":7,
      "disabled":false, "next_run_at":"2023-11-09T21:08:40.005511Z"}, "is_ha_cluster":false,
      "read_replicas":[], "node_type":"db-dev-s", "volume":{"type":"lssd", "size":5000000000,
      "class":"lssd"}, "init_settings":[], "endpoints":[], "logs_policy":{"max_age_retention":30,
      "total_disk_retention":null}, "backup_same_region":false, "maintenances":[],
      "created_at":"2023-11-08T21:08:40.005511Z", "region":"fr-par"}'
    form: {}
    headers:
      User-Agent:
      - scaleway-sdk-go/v1.0.0-beta.7+dev (go1.20.4; linux; amd64) cli-e2e-test
    url: https://api.scaleway.com/rdb/v1/regions/fr-par/instances/f918d880-279b-472c-9215-4d323af24d82
    method: GET
  response:
    body: '{"id":"f918d880-279b-472c-9215-4d323af24d82", "name":"cli-test", "organization_id":"fa1e3217-dc80-42ac-85c3-3f034b78b552",
      "project_id":"fa1e3217-dc80-42ac-85c3-3f034b78b552", "status":"initializing",
      "engine":"PostgreSQL-12", "upgradable_version":[{"id":"2e670f5c-493b-443f-92bd-986f23da2750",
      "name":"PostgreSQL-13", "version":"13", "minor_version":"13.12"}, {"id":"2988cc5e-e0dd-48ba-bd8b-b394db1fc6b9",
      "name":"PostgreSQL-14", "version":"14", "minor_version":"14.9"}, {"id":"d6fa23a8-ff53-464e-b0b0-4c4a3c1eb87d",
      "name":"PostgreSQL-15", "version":"15", "minor_version":"15.4"}], "endpoint":null,
      "tags":[], "settings":[], "backup_schedule":{"frequency":24, "retention":7,
      "disabled":false, "next_run_at":"2023-11-09T21:08:40.005511Z"}, "is_ha_cluster":false,
      "read_replicas":[], "node_type":"db-dev-s", "volume":{"type":"lssd", "size":5000000000,
      "class":"lssd"}, "init_settings":[], "endpoints":[], "logs_policy":{"max_age_retention":30,
      "total_disk_retention":null}, "backup_same_region":false, "maintenances":[],
      "created_at":"2023-11-08T21:08:40.005511Z", "region":"fr-par"}'
    headers:
      Content-Length:
      - "1083"
      Content-Security-Policy:
      - default-src 'none'; frame-ancestors 'none'
      Content-Type:
      - application/json
      Date:
      - Wed, 08 Nov 2023 21:10:31 GMT
      Server:
      - Scaleway API-Gateway
      Strict-Transport-Security:
      - max-age=63072000
      X-Content-Type-Options:
      - nosniff
      X-Frame-Options:
      - DENY
      X-Request-Id:
      - ad94a60a-4578-4f4b-87b8-7e424ba9ca14
    status: 200 OK
    code: 200
    duration: ""
- request:
    body: '{"id":"f918d880-279b-472c-9215-4d323af24d82", "name":"cli-test", "organization_id":"fa1e3217-dc80-42ac-85c3-3f034b78b552",
      "project_id":"fa1e3217-dc80-42ac-85c3-3f034b78b552", "status":"initializing",
      "engine":"PostgreSQL-12", "upgradable_version":[{"id":"2e670f5c-493b-443f-92bd-986f23da2750",
      "name":"PostgreSQL-13", "version":"13", "minor_version":"13.12"}, {"id":"2988cc5e-e0dd-48ba-bd8b-b394db1fc6b9",
      "name":"PostgreSQL-14", "version":"14", "minor_version":"14.9"}, {"id":"d6fa23a8-ff53-464e-b0b0-4c4a3c1eb87d",
      "name":"PostgreSQL-15", "version":"15", "minor_version":"15.4"}], "endpoint":null,
      "tags":[], "settings":[], "backup_schedule":{"frequency":24, "retention":7,
      "disabled":false, "next_run_at":"2023-11-09T21:08:40.005511Z"}, "is_ha_cluster":false,
      "read_replicas":[], "node_type":"db-dev-s", "volume":{"type":"lssd", "size":5000000000,
      "class":"lssd"}, "init_settings":[], "endpoints":[], "logs_policy":{"max_age_retention":30,
      "total_disk_retention":null}, "backup_same_region":false, "maintenances":[],
      "created_at":"2023-11-08T21:08:40.005511Z", "region":"fr-par"}'
    form: {}
    headers:
      User-Agent:
      - scaleway-sdk-go/v1.0.0-beta.7+dev (go1.20.4; linux; amd64) cli-e2e-test
    url: https://api.scaleway.com/rdb/v1/regions/fr-par/instances/f918d880-279b-472c-9215-4d323af24d82
    method: GET
  response:
    body: '{"id":"f918d880-279b-472c-9215-4d323af24d82", "name":"cli-test", "organization_id":"fa1e3217-dc80-42ac-85c3-3f034b78b552",
      "project_id":"fa1e3217-dc80-42ac-85c3-3f034b78b552", "status":"initializing",
      "engine":"PostgreSQL-12", "upgradable_version":[{"id":"2e670f5c-493b-443f-92bd-986f23da2750",
      "name":"PostgreSQL-13", "version":"13", "minor_version":"13.12"}, {"id":"2988cc5e-e0dd-48ba-bd8b-b394db1fc6b9",
      "name":"PostgreSQL-14", "version":"14", "minor_version":"14.9"}, {"id":"d6fa23a8-ff53-464e-b0b0-4c4a3c1eb87d",
      "name":"PostgreSQL-15", "version":"15", "minor_version":"15.4"}], "endpoint":null,
      "tags":[], "settings":[], "backup_schedule":{"frequency":24, "retention":7,
      "disabled":false, "next_run_at":"2023-11-09T21:08:40.005511Z"}, "is_ha_cluster":false,
      "read_replicas":[], "node_type":"db-dev-s", "volume":{"type":"lssd", "size":5000000000,
      "class":"lssd"}, "init_settings":[], "endpoints":[], "logs_policy":{"max_age_retention":30,
      "total_disk_retention":null}, "backup_same_region":false, "maintenances":[],
      "created_at":"2023-11-08T21:08:40.005511Z", "region":"fr-par"}'
    headers:
      Content-Length:
      - "1083"
      Content-Security-Policy:
      - default-src 'none'; frame-ancestors 'none'
      Content-Type:
      - application/json
      Date:
      - Wed, 08 Nov 2023 21:10:46 GMT
      Server:
      - Scaleway API-Gateway
      Strict-Transport-Security:
      - max-age=63072000
      X-Content-Type-Options:
      - nosniff
      X-Frame-Options:
      - DENY
      X-Request-Id:
      - 5537502b-d071-4e21-a6f4-9713db07b06d
    status: 200 OK
    code: 200
    duration: ""
- request:
    body: '{"id":"f918d880-279b-472c-9215-4d323af24d82", "name":"cli-test", "organization_id":"fa1e3217-dc80-42ac-85c3-3f034b78b552",
      "project_id":"fa1e3217-dc80-42ac-85c3-3f034b78b552", "status":"initializing",
      "engine":"PostgreSQL-12", "upgradable_version":[{"id":"2e670f5c-493b-443f-92bd-986f23da2750",
      "name":"PostgreSQL-13", "version":"13", "minor_version":"13.12"}, {"id":"2988cc5e-e0dd-48ba-bd8b-b394db1fc6b9",
      "name":"PostgreSQL-14", "version":"14", "minor_version":"14.9"}, {"id":"d6fa23a8-ff53-464e-b0b0-4c4a3c1eb87d",
      "name":"PostgreSQL-15", "version":"15", "minor_version":"15.4"}], "endpoint":null,
      "tags":[], "settings":[], "backup_schedule":{"frequency":24, "retention":7,
      "disabled":false, "next_run_at":"2023-11-09T21:08:40.005511Z"}, "is_ha_cluster":false,
      "read_replicas":[], "node_type":"db-dev-s", "volume":{"type":"lssd", "size":5000000000,
      "class":"lssd"}, "init_settings":[], "endpoints":[], "logs_policy":{"max_age_retention":30,
      "total_disk_retention":null}, "backup_same_region":false, "maintenances":[],
      "created_at":"2023-11-08T21:08:40.005511Z", "region":"fr-par"}'
    form: {}
    headers:
      User-Agent:
      - scaleway-sdk-go/v1.0.0-beta.7+dev (go1.20.4; linux; amd64) cli-e2e-test
    url: https://api.scaleway.com/rdb/v1/regions/fr-par/instances/f918d880-279b-472c-9215-4d323af24d82
    method: GET
  response:
    body: '{"id":"f918d880-279b-472c-9215-4d323af24d82", "name":"cli-test", "organization_id":"fa1e3217-dc80-42ac-85c3-3f034b78b552",
      "project_id":"fa1e3217-dc80-42ac-85c3-3f034b78b552", "status":"initializing",
      "engine":"PostgreSQL-12", "upgradable_version":[{"id":"2e670f5c-493b-443f-92bd-986f23da2750",
      "name":"PostgreSQL-13", "version":"13", "minor_version":"13.12"}, {"id":"2988cc5e-e0dd-48ba-bd8b-b394db1fc6b9",
      "name":"PostgreSQL-14", "version":"14", "minor_version":"14.9"}, {"id":"d6fa23a8-ff53-464e-b0b0-4c4a3c1eb87d",
      "name":"PostgreSQL-15", "version":"15", "minor_version":"15.4"}], "endpoint":null,
      "tags":[], "settings":[], "backup_schedule":{"frequency":24, "retention":7,
      "disabled":false, "next_run_at":"2023-11-09T21:08:40.005511Z"}, "is_ha_cluster":false,
      "read_replicas":[], "node_type":"db-dev-s", "volume":{"type":"lssd", "size":5000000000,
      "class":"lssd"}, "init_settings":[], "endpoints":[], "logs_policy":{"max_age_retention":30,
      "total_disk_retention":null}, "backup_same_region":false, "maintenances":[],
      "created_at":"2023-11-08T21:08:40.005511Z", "region":"fr-par"}'
    headers:
      Content-Length:
      - "1083"
      Content-Security-Policy:
      - default-src 'none'; frame-ancestors 'none'
      Content-Type:
      - application/json
      Date:
      - Wed, 08 Nov 2023 21:11:01 GMT
      Server:
      - Scaleway API-Gateway
      Strict-Transport-Security:
      - max-age=63072000
      X-Content-Type-Options:
      - nosniff
      X-Frame-Options:
      - DENY
      X-Request-Id:
      - 443c20d4-a84f-4d51-9e33-6e96c81e4f45
    status: 200 OK
    code: 200
    duration: ""
- request:
    body: '{"id":"f918d880-279b-472c-9215-4d323af24d82", "name":"cli-test", "organization_id":"fa1e3217-dc80-42ac-85c3-3f034b78b552",
      "project_id":"fa1e3217-dc80-42ac-85c3-3f034b78b552", "status":"initializing",
      "engine":"PostgreSQL-12", "upgradable_version":[{"id":"2e670f5c-493b-443f-92bd-986f23da2750",
      "name":"PostgreSQL-13", "version":"13", "minor_version":"13.12"}, {"id":"2988cc5e-e0dd-48ba-bd8b-b394db1fc6b9",
      "name":"PostgreSQL-14", "version":"14", "minor_version":"14.9"}, {"id":"d6fa23a8-ff53-464e-b0b0-4c4a3c1eb87d",
      "name":"PostgreSQL-15", "version":"15", "minor_version":"15.4"}], "endpoint":null,
      "tags":[], "settings":[], "backup_schedule":{"frequency":24, "retention":7,
      "disabled":false, "next_run_at":"2023-11-09T21:08:40.005511Z"}, "is_ha_cluster":false,
      "read_replicas":[], "node_type":"db-dev-s", "volume":{"type":"lssd", "size":5000000000,
      "class":"lssd"}, "init_settings":[], "endpoints":[], "logs_policy":{"max_age_retention":30,
      "total_disk_retention":null}, "backup_same_region":false, "maintenances":[],
      "created_at":"2023-11-08T21:08:40.005511Z", "region":"fr-par"}'
    form: {}
    headers:
      User-Agent:
      - scaleway-sdk-go/v1.0.0-beta.7+dev (go1.20.4; linux; amd64) cli-e2e-test
    url: https://api.scaleway.com/rdb/v1/regions/fr-par/instances/f918d880-279b-472c-9215-4d323af24d82
    method: GET
  response:
    body: '{"id":"f918d880-279b-472c-9215-4d323af24d82", "name":"cli-test", "organization_id":"fa1e3217-dc80-42ac-85c3-3f034b78b552",
      "project_id":"fa1e3217-dc80-42ac-85c3-3f034b78b552", "status":"initializing",
      "engine":"PostgreSQL-12", "upgradable_version":[{"id":"2e670f5c-493b-443f-92bd-986f23da2750",
      "name":"PostgreSQL-13", "version":"13", "minor_version":"13.12"}, {"id":"2988cc5e-e0dd-48ba-bd8b-b394db1fc6b9",
      "name":"PostgreSQL-14", "version":"14", "minor_version":"14.9"}, {"id":"d6fa23a8-ff53-464e-b0b0-4c4a3c1eb87d",
      "name":"PostgreSQL-15", "version":"15", "minor_version":"15.4"}], "endpoint":null,
      "tags":[], "settings":[], "backup_schedule":{"frequency":24, "retention":7,
      "disabled":false, "next_run_at":"2023-11-09T21:08:40.005511Z"}, "is_ha_cluster":false,
      "read_replicas":[], "node_type":"db-dev-s", "volume":{"type":"lssd", "size":5000000000,
      "class":"lssd"}, "init_settings":[], "endpoints":[], "logs_policy":{"max_age_retention":30,
      "total_disk_retention":null}, "backup_same_region":false, "maintenances":[],
      "created_at":"2023-11-08T21:08:40.005511Z", "region":"fr-par"}'
    headers:
      Content-Length:
      - "1083"
      Content-Security-Policy:
      - default-src 'none'; frame-ancestors 'none'
      Content-Type:
      - application/json
      Date:
      - Wed, 08 Nov 2023 21:11:16 GMT
      Server:
      - Scaleway API-Gateway
      Strict-Transport-Security:
      - max-age=63072000
      X-Content-Type-Options:
      - nosniff
      X-Frame-Options:
      - DENY
      X-Request-Id:
      - 731a7a55-9be2-4a7f-8bad-bd0727ae0925
    status: 200 OK
    code: 200
    duration: ""
- request:
    body: '{"id":"f918d880-279b-472c-9215-4d323af24d82", "name":"cli-test", "organization_id":"fa1e3217-dc80-42ac-85c3-3f034b78b552",
      "project_id":"fa1e3217-dc80-42ac-85c3-3f034b78b552", "status":"initializing",
      "engine":"PostgreSQL-12", "upgradable_version":[{"id":"2e670f5c-493b-443f-92bd-986f23da2750",
      "name":"PostgreSQL-13", "version":"13", "minor_version":"13.12"}, {"id":"2988cc5e-e0dd-48ba-bd8b-b394db1fc6b9",
      "name":"PostgreSQL-14", "version":"14", "minor_version":"14.9"}, {"id":"d6fa23a8-ff53-464e-b0b0-4c4a3c1eb87d",
      "name":"PostgreSQL-15", "version":"15", "minor_version":"15.4"}], "endpoint":null,
      "tags":[], "settings":[], "backup_schedule":{"frequency":24, "retention":7,
      "disabled":false, "next_run_at":"2023-11-09T21:08:40.005511Z"}, "is_ha_cluster":false,
      "read_replicas":[], "node_type":"db-dev-s", "volume":{"type":"lssd", "size":5000000000,
      "class":"lssd"}, "init_settings":[], "endpoints":[], "logs_policy":{"max_age_retention":30,
      "total_disk_retention":null}, "backup_same_region":false, "maintenances":[],
      "created_at":"2023-11-08T21:08:40.005511Z", "region":"fr-par"}'
    form: {}
    headers:
      User-Agent:
      - scaleway-sdk-go/v1.0.0-beta.7+dev (go1.20.4; linux; amd64) cli-e2e-test
    url: https://api.scaleway.com/rdb/v1/regions/fr-par/instances/f918d880-279b-472c-9215-4d323af24d82
    method: GET
  response:
    body: '{"id":"f918d880-279b-472c-9215-4d323af24d82", "name":"cli-test", "organization_id":"fa1e3217-dc80-42ac-85c3-3f034b78b552",
      "project_id":"fa1e3217-dc80-42ac-85c3-3f034b78b552", "status":"initializing",
      "engine":"PostgreSQL-12", "upgradable_version":[{"id":"2e670f5c-493b-443f-92bd-986f23da2750",
      "name":"PostgreSQL-13", "version":"13", "minor_version":"13.12"}, {"id":"2988cc5e-e0dd-48ba-bd8b-b394db1fc6b9",
      "name":"PostgreSQL-14", "version":"14", "minor_version":"14.9"}, {"id":"d6fa23a8-ff53-464e-b0b0-4c4a3c1eb87d",
      "name":"PostgreSQL-15", "version":"15", "minor_version":"15.4"}], "endpoint":null,
      "tags":[], "settings":[], "backup_schedule":{"frequency":24, "retention":7,
      "disabled":false, "next_run_at":"2023-11-09T21:08:40.005511Z"}, "is_ha_cluster":false,
      "read_replicas":[], "node_type":"db-dev-s", "volume":{"type":"lssd", "size":5000000000,
      "class":"lssd"}, "init_settings":[], "endpoints":[], "logs_policy":{"max_age_retention":30,
      "total_disk_retention":null}, "backup_same_region":false, "maintenances":[],
      "created_at":"2023-11-08T21:08:40.005511Z", "region":"fr-par"}'
    headers:
      Content-Length:
      - "1083"
      Content-Security-Policy:
      - default-src 'none'; frame-ancestors 'none'
      Content-Type:
      - application/json
      Date:
      - Wed, 08 Nov 2023 21:11:32 GMT
      Server:
      - Scaleway API-Gateway
      Strict-Transport-Security:
      - max-age=63072000
      X-Content-Type-Options:
      - nosniff
      X-Frame-Options:
      - DENY
      X-Request-Id:
      - 87e4a7e0-eaaa-49cd-ba82-4611abf69e98
    status: 200 OK
    code: 200
    duration: ""
- request:
    body: '{"id":"f918d880-279b-472c-9215-4d323af24d82", "name":"cli-test", "organization_id":"fa1e3217-dc80-42ac-85c3-3f034b78b552",
      "project_id":"fa1e3217-dc80-42ac-85c3-3f034b78b552", "status":"ready", "engine":"PostgreSQL-12",
      "upgradable_version":[{"id":"2e670f5c-493b-443f-92bd-986f23da2750", "name":"PostgreSQL-13",
      "version":"13", "minor_version":"13.12"}, {"id":"2988cc5e-e0dd-48ba-bd8b-b394db1fc6b9",
      "name":"PostgreSQL-14", "version":"14", "minor_version":"14.9"}, {"id":"d6fa23a8-ff53-464e-b0b0-4c4a3c1eb87d",
      "name":"PostgreSQL-15", "version":"15", "minor_version":"15.4"}], "endpoint":{"ip":"51.159.204.209",
      "port":19063, "name":null, "id":"2c33cd45-77b7-4998-982b-ce9aa0a2c834", "load_balancer":{}},
      "tags":[], "settings":[{"name":"effective_cache_size", "value":"1300"}, {"name":"maintenance_work_mem",
      "value":"150"}, {"name":"max_connections", "value":"100"}, {"name":"max_parallel_workers",
      "value":"0"}, {"name":"max_parallel_workers_per_gather", "value":"0"}, {"name":"work_mem",
      "value":"4"}], "backup_schedule":{"frequency":24, "retention":7, "disabled":false,
      "next_run_at":"2023-11-09T21:08:40.005511Z"}, "is_ha_cluster":false, "read_replicas":[],
      "node_type":"db-dev-s", "volume":{"type":"lssd", "size":5000000000, "class":"lssd"},
      "init_settings":[], "endpoints":[{"ip":"51.159.204.209", "port":19063, "name":null,
      "id":"2c33cd45-77b7-4998-982b-ce9aa0a2c834", "load_balancer":{}}], "logs_policy":{"max_age_retention":30,
      "total_disk_retention":null}, "backup_same_region":false, "maintenances":[],
      "created_at":"2023-11-08T21:08:40.005511Z", "region":"fr-par"}'
    form: {}
    headers:
      User-Agent:
      - scaleway-sdk-go/v1.0.0-beta.7+dev (go1.20.4; linux; amd64) cli-e2e-test
    url: https://api.scaleway.com/rdb/v1/regions/fr-par/instances/f918d880-279b-472c-9215-4d323af24d82
    method: GET
  response:
    body: '{"id":"f918d880-279b-472c-9215-4d323af24d82", "name":"cli-test", "organization_id":"fa1e3217-dc80-42ac-85c3-3f034b78b552",
      "project_id":"fa1e3217-dc80-42ac-85c3-3f034b78b552", "status":"ready", "engine":"PostgreSQL-12",
      "upgradable_version":[{"id":"2e670f5c-493b-443f-92bd-986f23da2750", "name":"PostgreSQL-13",
      "version":"13", "minor_version":"13.12"}, {"id":"2988cc5e-e0dd-48ba-bd8b-b394db1fc6b9",
      "name":"PostgreSQL-14", "version":"14", "minor_version":"14.9"}, {"id":"d6fa23a8-ff53-464e-b0b0-4c4a3c1eb87d",
      "name":"PostgreSQL-15", "version":"15", "minor_version":"15.4"}], "endpoint":{"ip":"51.159.204.209",
      "port":19063, "name":null, "id":"2c33cd45-77b7-4998-982b-ce9aa0a2c834", "load_balancer":{}},
      "tags":[], "settings":[{"name":"effective_cache_size", "value":"1300"}, {"name":"maintenance_work_mem",
      "value":"150"}, {"name":"max_connections", "value":"100"}, {"name":"max_parallel_workers",
      "value":"0"}, {"name":"max_parallel_workers_per_gather", "value":"0"}, {"name":"work_mem",
      "value":"4"}], "backup_schedule":{"frequency":24, "retention":7, "disabled":false,
      "next_run_at":"2023-11-09T21:08:40.005511Z"}, "is_ha_cluster":false, "read_replicas":[],
      "node_type":"db-dev-s", "volume":{"type":"lssd", "size":5000000000, "class":"lssd"},
      "init_settings":[], "endpoints":[{"ip":"51.159.204.209", "port":19063, "name":null,
      "id":"2c33cd45-77b7-4998-982b-ce9aa0a2c834", "load_balancer":{}}], "logs_policy":{"max_age_retention":30,
      "total_disk_retention":null}, "backup_same_region":false, "maintenances":[],
      "created_at":"2023-11-08T21:08:40.005511Z", "region":"fr-par"}'
    headers:
      Content-Length:
      - "1577"
      Content-Security-Policy:
      - default-src 'none'; frame-ancestors 'none'
      Content-Type:
      - application/json
      Date:
      - Wed, 08 Nov 2023 21:11:47 GMT
      Server:
      - Scaleway API-Gateway
      Strict-Transport-Security:
      - max-age=63072000
      X-Content-Type-Options:
      - nosniff
      X-Frame-Options:
      - DENY
      X-Request-Id:
      - 296616a5-e414-49a1-a041-207ef80b72ed
    status: 200 OK
    code: 200
    duration: ""
- request:
    body: '{"id":"f65eb701-5128-4e26-9315-1038f2a657dd", "name":"foobar", "organization_id":"fa1e3217-dc80-42ac-85c3-3f034b78b552",
      "project_id":"fa1e3217-dc80-42ac-85c3-3f034b78b552", "status":"provisioning",
      "engine":"PostgreSQL-12", "upgradable_version":[{"id":"2e670f5c-493b-443f-92bd-986f23da2750",
      "name":"PostgreSQL-13", "version":"13", "minor_version":"13.12"}, {"id":"2988cc5e-e0dd-48ba-bd8b-b394db1fc6b9",
      "name":"PostgreSQL-14", "version":"14", "minor_version":"14.9"}, {"id":"d6fa23a8-ff53-464e-b0b0-4c4a3c1eb87d",
      "name":"PostgreSQL-15", "version":"15", "minor_version":"15.4"}], "endpoint":null,
      "tags":[], "settings":[{"name":"effective_cache_size", "value":"1300"}, {"name":"maintenance_work_mem",
      "value":"150"}, {"name":"max_connections", "value":"100"}, {"name":"max_parallel_workers",
      "value":"0"}, {"name":"max_parallel_workers_per_gather", "value":"0"}, {"name":"work_mem",
      "value":"4"}], "backup_schedule":{"frequency":24, "retention":7, "disabled":false,
      "next_run_at":"2023-11-09T21:11:48.104163Z"}, "is_ha_cluster":false, "read_replicas":[],
      "node_type":"db-dev-m", "volume":{"type":"lssd", "size":25000000000, "class":"lssd"},
      "init_settings":[], "endpoints":[], "logs_policy":{"max_age_retention":30, "total_disk_retention":null},
      "backup_same_region":false, "maintenances":[], "created_at":"2023-11-08T21:11:48.104163Z",
      "region":"fr-par"}'
    form: {}
    headers:
      Content-Type:
      - application/json
      User-Agent:
      - scaleway-sdk-go/v1.0.0-beta.7+dev (go1.20.4; linux; amd64) cli-e2e-test
    url: https://api.scaleway.com/rdb/v1/regions/fr-par/instances/f918d880-279b-472c-9215-4d323af24d82/clone
    method: POST
  response:
    body: '{"id":"f65eb701-5128-4e26-9315-1038f2a657dd", "name":"foobar", "organization_id":"fa1e3217-dc80-42ac-85c3-3f034b78b552",
      "project_id":"fa1e3217-dc80-42ac-85c3-3f034b78b552", "status":"provisioning",
      "engine":"PostgreSQL-12", "upgradable_version":[{"id":"2e670f5c-493b-443f-92bd-986f23da2750",
      "name":"PostgreSQL-13", "version":"13", "minor_version":"13.12"}, {"id":"2988cc5e-e0dd-48ba-bd8b-b394db1fc6b9",
      "name":"PostgreSQL-14", "version":"14", "minor_version":"14.9"}, {"id":"d6fa23a8-ff53-464e-b0b0-4c4a3c1eb87d",
      "name":"PostgreSQL-15", "version":"15", "minor_version":"15.4"}], "endpoint":null,
      "tags":[], "settings":[{"name":"effective_cache_size", "value":"1300"}, {"name":"maintenance_work_mem",
      "value":"150"}, {"name":"max_connections", "value":"100"}, {"name":"max_parallel_workers",
      "value":"0"}, {"name":"max_parallel_workers_per_gather", "value":"0"}, {"name":"work_mem",
      "value":"4"}], "backup_schedule":{"frequency":24, "retention":7, "disabled":false,
      "next_run_at":"2023-11-09T21:11:48.104163Z"}, "is_ha_cluster":false, "read_replicas":[],
      "node_type":"db-dev-m", "volume":{"type":"lssd", "size":25000000000, "class":"lssd"},
      "init_settings":[], "endpoints":[], "logs_policy":{"max_age_retention":30, "total_disk_retention":null},
      "backup_same_region":false, "maintenances":[], "created_at":"2023-11-08T21:11:48.104163Z",
      "region":"fr-par"}'
    headers:
      Content-Length:
      - "1357"
      Content-Security-Policy:
      - default-src 'none'; frame-ancestors 'none'
      Content-Type:
      - application/json
      Date:
      - Wed, 08 Nov 2023 21:11:49 GMT
      Server:
      - Scaleway API-Gateway
      Strict-Transport-Security:
      - max-age=63072000
      X-Content-Type-Options:
      - nosniff
      X-Frame-Options:
      - DENY
      X-Request-Id:
      - 95d5b28a-00f3-4362-a806-703b19e2a52e
    status: 200 OK
    code: 200
    duration: ""
- request:
    body: '{"id":"f65eb701-5128-4e26-9315-1038f2a657dd", "name":"foobar", "organization_id":"fa1e3217-dc80-42ac-85c3-3f034b78b552",
      "project_id":"fa1e3217-dc80-42ac-85c3-3f034b78b552", "status":"provisioning",
      "engine":"PostgreSQL-12", "upgradable_version":[{"id":"2e670f5c-493b-443f-92bd-986f23da2750",
      "name":"PostgreSQL-13", "version":"13", "minor_version":"13.12"}, {"id":"2988cc5e-e0dd-48ba-bd8b-b394db1fc6b9",
      "name":"PostgreSQL-14", "version":"14", "minor_version":"14.9"}, {"id":"d6fa23a8-ff53-464e-b0b0-4c4a3c1eb87d",
      "name":"PostgreSQL-15", "version":"15", "minor_version":"15.4"}], "endpoint":null,
      "tags":[], "settings":[{"name":"effective_cache_size", "value":"1300"}, {"name":"maintenance_work_mem",
      "value":"150"}, {"name":"max_connections", "value":"100"}, {"name":"max_parallel_workers",
      "value":"0"}, {"name":"max_parallel_workers_per_gather", "value":"0"}, {"name":"work_mem",
      "value":"4"}], "backup_schedule":{"frequency":24, "retention":7, "disabled":false,
      "next_run_at":"2023-11-09T21:11:48.104163Z"}, "is_ha_cluster":false, "read_replicas":[],
      "node_type":"db-dev-m", "volume":{"type":"lssd", "size":25000000000, "class":"lssd"},
      "init_settings":[], "endpoints":[], "logs_policy":{"max_age_retention":30, "total_disk_retention":null},
      "backup_same_region":false, "maintenances":[], "created_at":"2023-11-08T21:11:48.104163Z",
      "region":"fr-par"}'
    form: {}
    headers:
      User-Agent:
      - scaleway-sdk-go/v1.0.0-beta.7+dev (go1.20.4; linux; amd64) cli-e2e-test
    url: https://api.scaleway.com/rdb/v1/regions/fr-par/instances/f65eb701-5128-4e26-9315-1038f2a657dd
    method: GET
  response:
    body: '{"id":"f65eb701-5128-4e26-9315-1038f2a657dd", "name":"foobar", "organization_id":"fa1e3217-dc80-42ac-85c3-3f034b78b552",
      "project_id":"fa1e3217-dc80-42ac-85c3-3f034b78b552", "status":"provisioning",
      "engine":"PostgreSQL-12", "upgradable_version":[{"id":"2e670f5c-493b-443f-92bd-986f23da2750",
      "name":"PostgreSQL-13", "version":"13", "minor_version":"13.12"}, {"id":"2988cc5e-e0dd-48ba-bd8b-b394db1fc6b9",
      "name":"PostgreSQL-14", "version":"14", "minor_version":"14.9"}, {"id":"d6fa23a8-ff53-464e-b0b0-4c4a3c1eb87d",
      "name":"PostgreSQL-15", "version":"15", "minor_version":"15.4"}], "endpoint":null,
      "tags":[], "settings":[{"name":"effective_cache_size", "value":"1300"}, {"name":"maintenance_work_mem",
      "value":"150"}, {"name":"max_connections", "value":"100"}, {"name":"max_parallel_workers",
      "value":"0"}, {"name":"max_parallel_workers_per_gather", "value":"0"}, {"name":"work_mem",
      "value":"4"}], "backup_schedule":{"frequency":24, "retention":7, "disabled":false,
      "next_run_at":"2023-11-09T21:11:48.104163Z"}, "is_ha_cluster":false, "read_replicas":[],
      "node_type":"db-dev-m", "volume":{"type":"lssd", "size":25000000000, "class":"lssd"},
      "init_settings":[], "endpoints":[], "logs_policy":{"max_age_retention":30, "total_disk_retention":null},
      "backup_same_region":false, "maintenances":[], "created_at":"2023-11-08T21:11:48.104163Z",
      "region":"fr-par"}'
    headers:
      Content-Length:
      - "1357"
      Content-Security-Policy:
      - default-src 'none'; frame-ancestors 'none'
      Content-Type:
      - application/json
      Date:
      - Wed, 08 Nov 2023 21:11:49 GMT
      Server:
      - Scaleway API-Gateway
      Strict-Transport-Security:
      - max-age=63072000
      X-Content-Type-Options:
      - nosniff
      X-Frame-Options:
      - DENY
      X-Request-Id:
      - cd026039-9922-4298-abd0-c9df739dc1df
    status: 200 OK
    code: 200
    duration: ""
- request:
    body: '{"id":"f65eb701-5128-4e26-9315-1038f2a657dd", "name":"foobar", "organization_id":"fa1e3217-dc80-42ac-85c3-3f034b78b552",
      "project_id":"fa1e3217-dc80-42ac-85c3-3f034b78b552", "status":"provisioning",
      "engine":"PostgreSQL-12", "upgradable_version":[{"id":"2e670f5c-493b-443f-92bd-986f23da2750",
      "name":"PostgreSQL-13", "version":"13", "minor_version":"13.12"}, {"id":"2988cc5e-e0dd-48ba-bd8b-b394db1fc6b9",
      "name":"PostgreSQL-14", "version":"14", "minor_version":"14.9"}, {"id":"d6fa23a8-ff53-464e-b0b0-4c4a3c1eb87d",
      "name":"PostgreSQL-15", "version":"15", "minor_version":"15.4"}], "endpoint":null,
      "tags":[], "settings":[{"name":"effective_cache_size", "value":"1300"}, {"name":"maintenance_work_mem",
      "value":"150"}, {"name":"max_connections", "value":"100"}, {"name":"max_parallel_workers",
      "value":"0"}, {"name":"max_parallel_workers_per_gather", "value":"0"}, {"name":"work_mem",
      "value":"4"}], "backup_schedule":{"frequency":24, "retention":7, "disabled":false,
      "next_run_at":"2023-11-09T21:11:48.104163Z"}, "is_ha_cluster":false, "read_replicas":[],
      "node_type":"db-dev-m", "volume":{"type":"lssd", "size":25000000000, "class":"lssd"},
      "init_settings":[], "endpoints":[], "logs_policy":{"max_age_retention":30, "total_disk_retention":null},
      "backup_same_region":false, "maintenances":[], "created_at":"2023-11-08T21:11:48.104163Z",
      "region":"fr-par"}'
    form: {}
    headers:
      User-Agent:
      - scaleway-sdk-go/v1.0.0-beta.7+dev (go1.20.4; linux; amd64) cli-e2e-test
    url: https://api.scaleway.com/rdb/v1/regions/fr-par/instances/f65eb701-5128-4e26-9315-1038f2a657dd
    method: GET
  response:
    body: '{"id":"f65eb701-5128-4e26-9315-1038f2a657dd", "name":"foobar", "organization_id":"fa1e3217-dc80-42ac-85c3-3f034b78b552",
      "project_id":"fa1e3217-dc80-42ac-85c3-3f034b78b552", "status":"provisioning",
      "engine":"PostgreSQL-12", "upgradable_version":[{"id":"2e670f5c-493b-443f-92bd-986f23da2750",
      "name":"PostgreSQL-13", "version":"13", "minor_version":"13.12"}, {"id":"2988cc5e-e0dd-48ba-bd8b-b394db1fc6b9",
      "name":"PostgreSQL-14", "version":"14", "minor_version":"14.9"}, {"id":"d6fa23a8-ff53-464e-b0b0-4c4a3c1eb87d",
      "name":"PostgreSQL-15", "version":"15", "minor_version":"15.4"}], "endpoint":null,
      "tags":[], "settings":[{"name":"effective_cache_size", "value":"1300"}, {"name":"maintenance_work_mem",
      "value":"150"}, {"name":"max_connections", "value":"100"}, {"name":"max_parallel_workers",
      "value":"0"}, {"name":"max_parallel_workers_per_gather", "value":"0"}, {"name":"work_mem",
      "value":"4"}], "backup_schedule":{"frequency":24, "retention":7, "disabled":false,
      "next_run_at":"2023-11-09T21:11:48.104163Z"}, "is_ha_cluster":false, "read_replicas":[],
      "node_type":"db-dev-m", "volume":{"type":"lssd", "size":25000000000, "class":"lssd"},
      "init_settings":[], "endpoints":[], "logs_policy":{"max_age_retention":30, "total_disk_retention":null},
      "backup_same_region":false, "maintenances":[], "created_at":"2023-11-08T21:11:48.104163Z",
      "region":"fr-par"}'
    headers:
      Content-Length:
      - "1357"
      Content-Security-Policy:
      - default-src 'none'; frame-ancestors 'none'
      Content-Type:
      - application/json
      Date:
      - Wed, 08 Nov 2023 21:12:04 GMT
      Server:
      - Scaleway API-Gateway
      Strict-Transport-Security:
      - max-age=63072000
      X-Content-Type-Options:
      - nosniff
      X-Frame-Options:
      - DENY
      X-Request-Id:
      - e940f0bd-1a8f-4979-af79-d25a79e09d3b
    status: 200 OK
    code: 200
    duration: ""
- request:
    body: '{"id":"f65eb701-5128-4e26-9315-1038f2a657dd", "name":"foobar", "organization_id":"fa1e3217-dc80-42ac-85c3-3f034b78b552",
      "project_id":"fa1e3217-dc80-42ac-85c3-3f034b78b552", "status":"provisioning",
      "engine":"PostgreSQL-12", "upgradable_version":[{"id":"2e670f5c-493b-443f-92bd-986f23da2750",
      "name":"PostgreSQL-13", "version":"13", "minor_version":"13.12"}, {"id":"2988cc5e-e0dd-48ba-bd8b-b394db1fc6b9",
      "name":"PostgreSQL-14", "version":"14", "minor_version":"14.9"}, {"id":"d6fa23a8-ff53-464e-b0b0-4c4a3c1eb87d",
      "name":"PostgreSQL-15", "version":"15", "minor_version":"15.4"}], "endpoint":null,
      "tags":[], "settings":[{"name":"effective_cache_size", "value":"1300"}, {"name":"maintenance_work_mem",
      "value":"150"}, {"name":"max_connections", "value":"100"}, {"name":"max_parallel_workers",
      "value":"0"}, {"name":"max_parallel_workers_per_gather", "value":"0"}, {"name":"work_mem",
      "value":"4"}], "backup_schedule":{"frequency":24, "retention":7, "disabled":false,
      "next_run_at":"2023-11-09T21:11:48.104163Z"}, "is_ha_cluster":false, "read_replicas":[],
      "node_type":"db-dev-m", "volume":{"type":"lssd", "size":25000000000, "class":"lssd"},
      "init_settings":[], "endpoints":[], "logs_policy":{"max_age_retention":30, "total_disk_retention":null},
      "backup_same_region":false, "maintenances":[], "created_at":"2023-11-08T21:11:48.104163Z",
      "region":"fr-par"}'
    form: {}
    headers:
      User-Agent:
      - scaleway-sdk-go/v1.0.0-beta.7+dev (go1.20.4; linux; amd64) cli-e2e-test
    url: https://api.scaleway.com/rdb/v1/regions/fr-par/instances/f65eb701-5128-4e26-9315-1038f2a657dd
    method: GET
  response:
    body: '{"id":"f65eb701-5128-4e26-9315-1038f2a657dd", "name":"foobar", "organization_id":"fa1e3217-dc80-42ac-85c3-3f034b78b552",
      "project_id":"fa1e3217-dc80-42ac-85c3-3f034b78b552", "status":"provisioning",
      "engine":"PostgreSQL-12", "upgradable_version":[{"id":"2e670f5c-493b-443f-92bd-986f23da2750",
      "name":"PostgreSQL-13", "version":"13", "minor_version":"13.12"}, {"id":"2988cc5e-e0dd-48ba-bd8b-b394db1fc6b9",
      "name":"PostgreSQL-14", "version":"14", "minor_version":"14.9"}, {"id":"d6fa23a8-ff53-464e-b0b0-4c4a3c1eb87d",
      "name":"PostgreSQL-15", "version":"15", "minor_version":"15.4"}], "endpoint":null,
      "tags":[], "settings":[{"name":"effective_cache_size", "value":"1300"}, {"name":"maintenance_work_mem",
      "value":"150"}, {"name":"max_connections", "value":"100"}, {"name":"max_parallel_workers",
      "value":"0"}, {"name":"max_parallel_workers_per_gather", "value":"0"}, {"name":"work_mem",
      "value":"4"}], "backup_schedule":{"frequency":24, "retention":7, "disabled":false,
      "next_run_at":"2023-11-09T21:11:48.104163Z"}, "is_ha_cluster":false, "read_replicas":[],
      "node_type":"db-dev-m", "volume":{"type":"lssd", "size":25000000000, "class":"lssd"},
      "init_settings":[], "endpoints":[], "logs_policy":{"max_age_retention":30, "total_disk_retention":null},
      "backup_same_region":false, "maintenances":[], "created_at":"2023-11-08T21:11:48.104163Z",
      "region":"fr-par"}'
    headers:
      Content-Length:
      - "1357"
      Content-Security-Policy:
      - default-src 'none'; frame-ancestors 'none'
      Content-Type:
      - application/json
      Date:
      - Wed, 08 Nov 2023 21:12:19 GMT
      Server:
      - Scaleway API-Gateway
      Strict-Transport-Security:
      - max-age=63072000
      X-Content-Type-Options:
      - nosniff
      X-Frame-Options:
      - DENY
      X-Request-Id:
      - 610c4340-fe43-4ceb-bd8e-44996818d6e2
    status: 200 OK
    code: 200
    duration: ""
- request:
    body: '{"id":"f65eb701-5128-4e26-9315-1038f2a657dd", "name":"foobar", "organization_id":"fa1e3217-dc80-42ac-85c3-3f034b78b552",
      "project_id":"fa1e3217-dc80-42ac-85c3-3f034b78b552", "status":"provisioning",
      "engine":"PostgreSQL-12", "upgradable_version":[{"id":"2e670f5c-493b-443f-92bd-986f23da2750",
      "name":"PostgreSQL-13", "version":"13", "minor_version":"13.12"}, {"id":"2988cc5e-e0dd-48ba-bd8b-b394db1fc6b9",
      "name":"PostgreSQL-14", "version":"14", "minor_version":"14.9"}, {"id":"d6fa23a8-ff53-464e-b0b0-4c4a3c1eb87d",
      "name":"PostgreSQL-15", "version":"15", "minor_version":"15.4"}], "endpoint":null,
      "tags":[], "settings":[{"name":"effective_cache_size", "value":"1300"}, {"name":"maintenance_work_mem",
      "value":"150"}, {"name":"max_connections", "value":"100"}, {"name":"max_parallel_workers",
      "value":"0"}, {"name":"max_parallel_workers_per_gather", "value":"0"}, {"name":"work_mem",
      "value":"4"}], "backup_schedule":{"frequency":24, "retention":7, "disabled":false,
      "next_run_at":"2023-11-09T21:11:48.104163Z"}, "is_ha_cluster":false, "read_replicas":[],
      "node_type":"db-dev-m", "volume":{"type":"lssd", "size":25000000000, "class":"lssd"},
      "init_settings":[], "endpoints":[], "logs_policy":{"max_age_retention":30, "total_disk_retention":null},
      "backup_same_region":false, "maintenances":[], "created_at":"2023-11-08T21:11:48.104163Z",
      "region":"fr-par"}'
    form: {}
    headers:
      User-Agent:
      - scaleway-sdk-go/v1.0.0-beta.7+dev (go1.20.4; linux; amd64) cli-e2e-test
    url: https://api.scaleway.com/rdb/v1/regions/fr-par/instances/f65eb701-5128-4e26-9315-1038f2a657dd
    method: GET
  response:
    body: '{"id":"f65eb701-5128-4e26-9315-1038f2a657dd", "name":"foobar", "organization_id":"fa1e3217-dc80-42ac-85c3-3f034b78b552",
      "project_id":"fa1e3217-dc80-42ac-85c3-3f034b78b552", "status":"provisioning",
      "engine":"PostgreSQL-12", "upgradable_version":[{"id":"2e670f5c-493b-443f-92bd-986f23da2750",
      "name":"PostgreSQL-13", "version":"13", "minor_version":"13.12"}, {"id":"2988cc5e-e0dd-48ba-bd8b-b394db1fc6b9",
      "name":"PostgreSQL-14", "version":"14", "minor_version":"14.9"}, {"id":"d6fa23a8-ff53-464e-b0b0-4c4a3c1eb87d",
      "name":"PostgreSQL-15", "version":"15", "minor_version":"15.4"}], "endpoint":null,
      "tags":[], "settings":[{"name":"effective_cache_size", "value":"1300"}, {"name":"maintenance_work_mem",
      "value":"150"}, {"name":"max_connections", "value":"100"}, {"name":"max_parallel_workers",
      "value":"0"}, {"name":"max_parallel_workers_per_gather", "value":"0"}, {"name":"work_mem",
      "value":"4"}], "backup_schedule":{"frequency":24, "retention":7, "disabled":false,
      "next_run_at":"2023-11-09T21:11:48.104163Z"}, "is_ha_cluster":false, "read_replicas":[],
      "node_type":"db-dev-m", "volume":{"type":"lssd", "size":25000000000, "class":"lssd"},
      "init_settings":[], "endpoints":[], "logs_policy":{"max_age_retention":30, "total_disk_retention":null},
      "backup_same_region":false, "maintenances":[], "created_at":"2023-11-08T21:11:48.104163Z",
      "region":"fr-par"}'
    headers:
      Content-Length:
      - "1357"
      Content-Security-Policy:
      - default-src 'none'; frame-ancestors 'none'
      Content-Type:
      - application/json
      Date:
      - Wed, 08 Nov 2023 21:12:35 GMT
      Server:
      - Scaleway API-Gateway
      Strict-Transport-Security:
      - max-age=63072000
      X-Content-Type-Options:
      - nosniff
      X-Frame-Options:
      - DENY
      X-Request-Id:
      - 9a192514-8ecb-4919-9f16-12ceb52449f6
    status: 200 OK
    code: 200
    duration: ""
- request:
    body: '{"id":"f65eb701-5128-4e26-9315-1038f2a657dd", "name":"foobar", "organization_id":"fa1e3217-dc80-42ac-85c3-3f034b78b552",
      "project_id":"fa1e3217-dc80-42ac-85c3-3f034b78b552", "status":"provisioning",
      "engine":"PostgreSQL-12", "upgradable_version":[{"id":"2e670f5c-493b-443f-92bd-986f23da2750",
      "name":"PostgreSQL-13", "version":"13", "minor_version":"13.12"}, {"id":"2988cc5e-e0dd-48ba-bd8b-b394db1fc6b9",
      "name":"PostgreSQL-14", "version":"14", "minor_version":"14.9"}, {"id":"d6fa23a8-ff53-464e-b0b0-4c4a3c1eb87d",
      "name":"PostgreSQL-15", "version":"15", "minor_version":"15.4"}], "endpoint":null,
      "tags":[], "settings":[{"name":"effective_cache_size", "value":"1300"}, {"name":"maintenance_work_mem",
      "value":"150"}, {"name":"max_connections", "value":"100"}, {"name":"max_parallel_workers",
      "value":"0"}, {"name":"max_parallel_workers_per_gather", "value":"0"}, {"name":"work_mem",
      "value":"4"}], "backup_schedule":{"frequency":24, "retention":7, "disabled":false,
      "next_run_at":"2023-11-09T21:11:48.104163Z"}, "is_ha_cluster":false, "read_replicas":[],
      "node_type":"db-dev-m", "volume":{"type":"lssd", "size":25000000000, "class":"lssd"},
      "init_settings":[], "endpoints":[], "logs_policy":{"max_age_retention":30, "total_disk_retention":null},
      "backup_same_region":false, "maintenances":[], "created_at":"2023-11-08T21:11:48.104163Z",
      "region":"fr-par"}'
    form: {}
    headers:
      User-Agent:
      - scaleway-sdk-go/v1.0.0-beta.7+dev (go1.20.4; linux; amd64) cli-e2e-test
    url: https://api.scaleway.com/rdb/v1/regions/fr-par/instances/f65eb701-5128-4e26-9315-1038f2a657dd
    method: GET
  response:
    body: '{"id":"f65eb701-5128-4e26-9315-1038f2a657dd", "name":"foobar", "organization_id":"fa1e3217-dc80-42ac-85c3-3f034b78b552",
      "project_id":"fa1e3217-dc80-42ac-85c3-3f034b78b552", "status":"provisioning",
      "engine":"PostgreSQL-12", "upgradable_version":[{"id":"2e670f5c-493b-443f-92bd-986f23da2750",
      "name":"PostgreSQL-13", "version":"13", "minor_version":"13.12"}, {"id":"2988cc5e-e0dd-48ba-bd8b-b394db1fc6b9",
      "name":"PostgreSQL-14", "version":"14", "minor_version":"14.9"}, {"id":"d6fa23a8-ff53-464e-b0b0-4c4a3c1eb87d",
      "name":"PostgreSQL-15", "version":"15", "minor_version":"15.4"}], "endpoint":null,
      "tags":[], "settings":[{"name":"effective_cache_size", "value":"1300"}, {"name":"maintenance_work_mem",
      "value":"150"}, {"name":"max_connections", "value":"100"}, {"name":"max_parallel_workers",
      "value":"0"}, {"name":"max_parallel_workers_per_gather", "value":"0"}, {"name":"work_mem",
      "value":"4"}], "backup_schedule":{"frequency":24, "retention":7, "disabled":false,
      "next_run_at":"2023-11-09T21:11:48.104163Z"}, "is_ha_cluster":false, "read_replicas":[],
      "node_type":"db-dev-m", "volume":{"type":"lssd", "size":25000000000, "class":"lssd"},
      "init_settings":[], "endpoints":[], "logs_policy":{"max_age_retention":30, "total_disk_retention":null},
      "backup_same_region":false, "maintenances":[], "created_at":"2023-11-08T21:11:48.104163Z",
      "region":"fr-par"}'
    headers:
      Content-Length:
      - "1357"
      Content-Security-Policy:
      - default-src 'none'; frame-ancestors 'none'
      Content-Type:
      - application/json
      Date:
      - Wed, 08 Nov 2023 21:12:51 GMT
      Server:
      - Scaleway API-Gateway
      Strict-Transport-Security:
      - max-age=63072000
      X-Content-Type-Options:
      - nosniff
      X-Frame-Options:
      - DENY
      X-Request-Id:
      - 424bda0a-bbab-48f5-9da7-0e0bdd72ffb6
    status: 200 OK
    code: 200
    duration: ""
- request:
    body: '{"id":"f65eb701-5128-4e26-9315-1038f2a657dd", "name":"foobar", "organization_id":"fa1e3217-dc80-42ac-85c3-3f034b78b552",
      "project_id":"fa1e3217-dc80-42ac-85c3-3f034b78b552", "status":"provisioning",
      "engine":"PostgreSQL-12", "upgradable_version":[{"id":"2e670f5c-493b-443f-92bd-986f23da2750",
      "name":"PostgreSQL-13", "version":"13", "minor_version":"13.12"}, {"id":"2988cc5e-e0dd-48ba-bd8b-b394db1fc6b9",
      "name":"PostgreSQL-14", "version":"14", "minor_version":"14.9"}, {"id":"d6fa23a8-ff53-464e-b0b0-4c4a3c1eb87d",
      "name":"PostgreSQL-15", "version":"15", "minor_version":"15.4"}], "endpoint":null,
      "tags":[], "settings":[{"name":"effective_cache_size", "value":"1300"}, {"name":"maintenance_work_mem",
      "value":"150"}, {"name":"max_connections", "value":"100"}, {"name":"max_parallel_workers",
      "value":"0"}, {"name":"max_parallel_workers_per_gather", "value":"0"}, {"name":"work_mem",
      "value":"4"}], "backup_schedule":{"frequency":24, "retention":7, "disabled":false,
      "next_run_at":"2023-11-09T21:11:48.104163Z"}, "is_ha_cluster":false, "read_replicas":[],
      "node_type":"db-dev-m", "volume":{"type":"lssd", "size":25000000000, "class":"lssd"},
      "init_settings":[], "endpoints":[], "logs_policy":{"max_age_retention":30, "total_disk_retention":null},
      "backup_same_region":false, "maintenances":[], "created_at":"2023-11-08T21:11:48.104163Z",
      "region":"fr-par"}'
    form: {}
    headers:
      User-Agent:
      - scaleway-sdk-go/v1.0.0-beta.7+dev (go1.20.4; linux; amd64) cli-e2e-test
    url: https://api.scaleway.com/rdb/v1/regions/fr-par/instances/f65eb701-5128-4e26-9315-1038f2a657dd
    method: GET
  response:
    body: '{"id":"f65eb701-5128-4e26-9315-1038f2a657dd", "name":"foobar", "organization_id":"fa1e3217-dc80-42ac-85c3-3f034b78b552",
      "project_id":"fa1e3217-dc80-42ac-85c3-3f034b78b552", "status":"provisioning",
      "engine":"PostgreSQL-12", "upgradable_version":[{"id":"2e670f5c-493b-443f-92bd-986f23da2750",
      "name":"PostgreSQL-13", "version":"13", "minor_version":"13.12"}, {"id":"2988cc5e-e0dd-48ba-bd8b-b394db1fc6b9",
      "name":"PostgreSQL-14", "version":"14", "minor_version":"14.9"}, {"id":"d6fa23a8-ff53-464e-b0b0-4c4a3c1eb87d",
      "name":"PostgreSQL-15", "version":"15", "minor_version":"15.4"}], "endpoint":null,
      "tags":[], "settings":[{"name":"effective_cache_size", "value":"1300"}, {"name":"maintenance_work_mem",
      "value":"150"}, {"name":"max_connections", "value":"100"}, {"name":"max_parallel_workers",
      "value":"0"}, {"name":"max_parallel_workers_per_gather", "value":"0"}, {"name":"work_mem",
      "value":"4"}], "backup_schedule":{"frequency":24, "retention":7, "disabled":false,
      "next_run_at":"2023-11-09T21:11:48.104163Z"}, "is_ha_cluster":false, "read_replicas":[],
      "node_type":"db-dev-m", "volume":{"type":"lssd", "size":25000000000, "class":"lssd"},
      "init_settings":[], "endpoints":[], "logs_policy":{"max_age_retention":30, "total_disk_retention":null},
      "backup_same_region":false, "maintenances":[], "created_at":"2023-11-08T21:11:48.104163Z",
      "region":"fr-par"}'
    headers:
      Content-Length:
      - "1357"
      Content-Security-Policy:
      - default-src 'none'; frame-ancestors 'none'
      Content-Type:
      - application/json
      Date:
      - Wed, 08 Nov 2023 21:13:06 GMT
      Server:
      - Scaleway API-Gateway
      Strict-Transport-Security:
      - max-age=63072000
      X-Content-Type-Options:
      - nosniff
      X-Frame-Options:
      - DENY
      X-Request-Id:
      - 4e22fd7d-23c7-4fd3-8c62-02e638d6fd4f
    status: 200 OK
    code: 200
    duration: ""
- request:
    body: '{"id":"f65eb701-5128-4e26-9315-1038f2a657dd", "name":"foobar", "organization_id":"fa1e3217-dc80-42ac-85c3-3f034b78b552",
      "project_id":"fa1e3217-dc80-42ac-85c3-3f034b78b552", "status":"provisioning",
      "engine":"PostgreSQL-12", "upgradable_version":[{"id":"2e670f5c-493b-443f-92bd-986f23da2750",
      "name":"PostgreSQL-13", "version":"13", "minor_version":"13.12"}, {"id":"2988cc5e-e0dd-48ba-bd8b-b394db1fc6b9",
      "name":"PostgreSQL-14", "version":"14", "minor_version":"14.9"}, {"id":"d6fa23a8-ff53-464e-b0b0-4c4a3c1eb87d",
      "name":"PostgreSQL-15", "version":"15", "minor_version":"15.4"}], "endpoint":null,
      "tags":[], "settings":[{"name":"effective_cache_size", "value":"1300"}, {"name":"maintenance_work_mem",
      "value":"150"}, {"name":"max_connections", "value":"100"}, {"name":"max_parallel_workers",
      "value":"0"}, {"name":"max_parallel_workers_per_gather", "value":"0"}, {"name":"work_mem",
      "value":"4"}], "backup_schedule":{"frequency":24, "retention":7, "disabled":false,
      "next_run_at":"2023-11-09T21:11:48.104163Z"}, "is_ha_cluster":false, "read_replicas":[],
      "node_type":"db-dev-m", "volume":{"type":"lssd", "size":25000000000, "class":"lssd"},
      "init_settings":[], "endpoints":[], "logs_policy":{"max_age_retention":30, "total_disk_retention":null},
      "backup_same_region":false, "maintenances":[], "created_at":"2023-11-08T21:11:48.104163Z",
      "region":"fr-par"}'
    form: {}
    headers:
      User-Agent:
      - scaleway-sdk-go/v1.0.0-beta.7+dev (go1.20.4; linux; amd64) cli-e2e-test
    url: https://api.scaleway.com/rdb/v1/regions/fr-par/instances/f65eb701-5128-4e26-9315-1038f2a657dd
    method: GET
  response:
    body: '{"id":"f65eb701-5128-4e26-9315-1038f2a657dd", "name":"foobar", "organization_id":"fa1e3217-dc80-42ac-85c3-3f034b78b552",
      "project_id":"fa1e3217-dc80-42ac-85c3-3f034b78b552", "status":"provisioning",
      "engine":"PostgreSQL-12", "upgradable_version":[{"id":"2e670f5c-493b-443f-92bd-986f23da2750",
      "name":"PostgreSQL-13", "version":"13", "minor_version":"13.12"}, {"id":"2988cc5e-e0dd-48ba-bd8b-b394db1fc6b9",
      "name":"PostgreSQL-14", "version":"14", "minor_version":"14.9"}, {"id":"d6fa23a8-ff53-464e-b0b0-4c4a3c1eb87d",
      "name":"PostgreSQL-15", "version":"15", "minor_version":"15.4"}], "endpoint":null,
      "tags":[], "settings":[{"name":"effective_cache_size", "value":"1300"}, {"name":"maintenance_work_mem",
      "value":"150"}, {"name":"max_connections", "value":"100"}, {"name":"max_parallel_workers",
      "value":"0"}, {"name":"max_parallel_workers_per_gather", "value":"0"}, {"name":"work_mem",
      "value":"4"}], "backup_schedule":{"frequency":24, "retention":7, "disabled":false,
      "next_run_at":"2023-11-09T21:11:48.104163Z"}, "is_ha_cluster":false, "read_replicas":[],
      "node_type":"db-dev-m", "volume":{"type":"lssd", "size":25000000000, "class":"lssd"},
      "init_settings":[], "endpoints":[], "logs_policy":{"max_age_retention":30, "total_disk_retention":null},
      "backup_same_region":false, "maintenances":[], "created_at":"2023-11-08T21:11:48.104163Z",
      "region":"fr-par"}'
    headers:
      Content-Length:
      - "1357"
      Content-Security-Policy:
      - default-src 'none'; frame-ancestors 'none'
      Content-Type:
      - application/json
      Date:
      - Wed, 08 Nov 2023 21:13:21 GMT
      Server:
      - Scaleway API-Gateway
      Strict-Transport-Security:
      - max-age=63072000
      X-Content-Type-Options:
      - nosniff
      X-Frame-Options:
      - DENY
      X-Request-Id:
      - 1c3b0c9b-0209-44e1-baa2-4d997bcab593
    status: 200 OK
    code: 200
    duration: ""
- request:
    body: '{"id":"f65eb701-5128-4e26-9315-1038f2a657dd", "name":"foobar", "organization_id":"fa1e3217-dc80-42ac-85c3-3f034b78b552",
      "project_id":"fa1e3217-dc80-42ac-85c3-3f034b78b552", "status":"provisioning",
      "engine":"PostgreSQL-12", "upgradable_version":[{"id":"2e670f5c-493b-443f-92bd-986f23da2750",
      "name":"PostgreSQL-13", "version":"13", "minor_version":"13.12"}, {"id":"2988cc5e-e0dd-48ba-bd8b-b394db1fc6b9",
      "name":"PostgreSQL-14", "version":"14", "minor_version":"14.9"}, {"id":"d6fa23a8-ff53-464e-b0b0-4c4a3c1eb87d",
      "name":"PostgreSQL-15", "version":"15", "minor_version":"15.4"}], "endpoint":null,
      "tags":[], "settings":[{"name":"effective_cache_size", "value":"1300"}, {"name":"maintenance_work_mem",
      "value":"150"}, {"name":"max_connections", "value":"100"}, {"name":"max_parallel_workers",
      "value":"0"}, {"name":"max_parallel_workers_per_gather", "value":"0"}, {"name":"work_mem",
      "value":"4"}], "backup_schedule":{"frequency":24, "retention":7, "disabled":false,
      "next_run_at":"2023-11-09T21:11:48.104163Z"}, "is_ha_cluster":false, "read_replicas":[],
      "node_type":"db-dev-m", "volume":{"type":"lssd", "size":25000000000, "class":"lssd"},
      "init_settings":[], "endpoints":[], "logs_policy":{"max_age_retention":30, "total_disk_retention":null},
      "backup_same_region":false, "maintenances":[], "created_at":"2023-11-08T21:11:48.104163Z",
      "region":"fr-par"}'
    form: {}
    headers:
      User-Agent:
      - scaleway-sdk-go/v1.0.0-beta.7+dev (go1.20.4; linux; amd64) cli-e2e-test
    url: https://api.scaleway.com/rdb/v1/regions/fr-par/instances/f65eb701-5128-4e26-9315-1038f2a657dd
    method: GET
  response:
    body: '{"id":"f65eb701-5128-4e26-9315-1038f2a657dd", "name":"foobar", "organization_id":"fa1e3217-dc80-42ac-85c3-3f034b78b552",
      "project_id":"fa1e3217-dc80-42ac-85c3-3f034b78b552", "status":"provisioning",
      "engine":"PostgreSQL-12", "upgradable_version":[{"id":"2e670f5c-493b-443f-92bd-986f23da2750",
      "name":"PostgreSQL-13", "version":"13", "minor_version":"13.12"}, {"id":"2988cc5e-e0dd-48ba-bd8b-b394db1fc6b9",
      "name":"PostgreSQL-14", "version":"14", "minor_version":"14.9"}, {"id":"d6fa23a8-ff53-464e-b0b0-4c4a3c1eb87d",
      "name":"PostgreSQL-15", "version":"15", "minor_version":"15.4"}], "endpoint":null,
      "tags":[], "settings":[{"name":"effective_cache_size", "value":"1300"}, {"name":"maintenance_work_mem",
      "value":"150"}, {"name":"max_connections", "value":"100"}, {"name":"max_parallel_workers",
      "value":"0"}, {"name":"max_parallel_workers_per_gather", "value":"0"}, {"name":"work_mem",
      "value":"4"}], "backup_schedule":{"frequency":24, "retention":7, "disabled":false,
      "next_run_at":"2023-11-09T21:11:48.104163Z"}, "is_ha_cluster":false, "read_replicas":[],
      "node_type":"db-dev-m", "volume":{"type":"lssd", "size":25000000000, "class":"lssd"},
      "init_settings":[], "endpoints":[], "logs_policy":{"max_age_retention":30, "total_disk_retention":null},
      "backup_same_region":false, "maintenances":[], "created_at":"2023-11-08T21:11:48.104163Z",
      "region":"fr-par"}'
    headers:
      Content-Length:
      - "1357"
      Content-Security-Policy:
      - default-src 'none'; frame-ancestors 'none'
      Content-Type:
      - application/json
      Date:
      - Wed, 08 Nov 2023 21:13:36 GMT
      Server:
      - Scaleway API-Gateway
      Strict-Transport-Security:
      - max-age=63072000
      X-Content-Type-Options:
      - nosniff
      X-Frame-Options:
      - DENY
      X-Request-Id:
      - 6f841675-eb45-4c29-be8a-d99b7fb14f36
    status: 200 OK
    code: 200
    duration: ""
- request:
    body: '{"id":"f65eb701-5128-4e26-9315-1038f2a657dd", "name":"foobar", "organization_id":"fa1e3217-dc80-42ac-85c3-3f034b78b552",
      "project_id":"fa1e3217-dc80-42ac-85c3-3f034b78b552", "status":"provisioning",
      "engine":"PostgreSQL-12", "upgradable_version":[{"id":"2e670f5c-493b-443f-92bd-986f23da2750",
      "name":"PostgreSQL-13", "version":"13", "minor_version":"13.12"}, {"id":"2988cc5e-e0dd-48ba-bd8b-b394db1fc6b9",
      "name":"PostgreSQL-14", "version":"14", "minor_version":"14.9"}, {"id":"d6fa23a8-ff53-464e-b0b0-4c4a3c1eb87d",
      "name":"PostgreSQL-15", "version":"15", "minor_version":"15.4"}], "endpoint":null,
      "tags":[], "settings":[{"name":"effective_cache_size", "value":"1300"}, {"name":"maintenance_work_mem",
      "value":"150"}, {"name":"max_connections", "value":"100"}, {"name":"max_parallel_workers",
      "value":"0"}, {"name":"max_parallel_workers_per_gather", "value":"0"}, {"name":"work_mem",
      "value":"4"}], "backup_schedule":{"frequency":24, "retention":7, "disabled":false,
      "next_run_at":"2023-11-09T21:11:48.104163Z"}, "is_ha_cluster":false, "read_replicas":[],
      "node_type":"db-dev-m", "volume":{"type":"lssd", "size":25000000000, "class":"lssd"},
      "init_settings":[], "endpoints":[], "logs_policy":{"max_age_retention":30, "total_disk_retention":null},
      "backup_same_region":false, "maintenances":[], "created_at":"2023-11-08T21:11:48.104163Z",
      "region":"fr-par"}'
    form: {}
    headers:
      User-Agent:
      - scaleway-sdk-go/v1.0.0-beta.7+dev (go1.20.4; linux; amd64) cli-e2e-test
    url: https://api.scaleway.com/rdb/v1/regions/fr-par/instances/f65eb701-5128-4e26-9315-1038f2a657dd
    method: GET
  response:
    body: '{"id":"f65eb701-5128-4e26-9315-1038f2a657dd", "name":"foobar", "organization_id":"fa1e3217-dc80-42ac-85c3-3f034b78b552",
      "project_id":"fa1e3217-dc80-42ac-85c3-3f034b78b552", "status":"provisioning",
      "engine":"PostgreSQL-12", "upgradable_version":[{"id":"2e670f5c-493b-443f-92bd-986f23da2750",
      "name":"PostgreSQL-13", "version":"13", "minor_version":"13.12"}, {"id":"2988cc5e-e0dd-48ba-bd8b-b394db1fc6b9",
      "name":"PostgreSQL-14", "version":"14", "minor_version":"14.9"}, {"id":"d6fa23a8-ff53-464e-b0b0-4c4a3c1eb87d",
      "name":"PostgreSQL-15", "version":"15", "minor_version":"15.4"}], "endpoint":null,
      "tags":[], "settings":[{"name":"effective_cache_size", "value":"1300"}, {"name":"maintenance_work_mem",
      "value":"150"}, {"name":"max_connections", "value":"100"}, {"name":"max_parallel_workers",
      "value":"0"}, {"name":"max_parallel_workers_per_gather", "value":"0"}, {"name":"work_mem",
      "value":"4"}], "backup_schedule":{"frequency":24, "retention":7, "disabled":false,
      "next_run_at":"2023-11-09T21:11:48.104163Z"}, "is_ha_cluster":false, "read_replicas":[],
      "node_type":"db-dev-m", "volume":{"type":"lssd", "size":25000000000, "class":"lssd"},
      "init_settings":[], "endpoints":[], "logs_policy":{"max_age_retention":30, "total_disk_retention":null},
      "backup_same_region":false, "maintenances":[], "created_at":"2023-11-08T21:11:48.104163Z",
      "region":"fr-par"}'
    headers:
      Content-Length:
      - "1357"
      Content-Security-Policy:
      - default-src 'none'; frame-ancestors 'none'
      Content-Type:
      - application/json
      Date:
      - Wed, 08 Nov 2023 21:13:52 GMT
      Server:
      - Scaleway API-Gateway
      Strict-Transport-Security:
      - max-age=63072000
      X-Content-Type-Options:
      - nosniff
      X-Frame-Options:
      - DENY
      X-Request-Id:
      - ed800953-efa5-467c-86de-4205659129f7
    status: 200 OK
    code: 200
    duration: ""
- request:
    body: '{"id":"f65eb701-5128-4e26-9315-1038f2a657dd", "name":"foobar", "organization_id":"fa1e3217-dc80-42ac-85c3-3f034b78b552",
      "project_id":"fa1e3217-dc80-42ac-85c3-3f034b78b552", "status":"provisioning",
      "engine":"PostgreSQL-12", "upgradable_version":[{"id":"2e670f5c-493b-443f-92bd-986f23da2750",
      "name":"PostgreSQL-13", "version":"13", "minor_version":"13.12"}, {"id":"2988cc5e-e0dd-48ba-bd8b-b394db1fc6b9",
      "name":"PostgreSQL-14", "version":"14", "minor_version":"14.9"}, {"id":"d6fa23a8-ff53-464e-b0b0-4c4a3c1eb87d",
      "name":"PostgreSQL-15", "version":"15", "minor_version":"15.4"}], "endpoint":null,
      "tags":[], "settings":[{"name":"effective_cache_size", "value":"1300"}, {"name":"maintenance_work_mem",
      "value":"150"}, {"name":"max_connections", "value":"100"}, {"name":"max_parallel_workers",
      "value":"0"}, {"name":"max_parallel_workers_per_gather", "value":"0"}, {"name":"work_mem",
      "value":"4"}], "backup_schedule":{"frequency":24, "retention":7, "disabled":false,
      "next_run_at":"2023-11-09T21:11:48.104163Z"}, "is_ha_cluster":false, "read_replicas":[],
      "node_type":"db-dev-m", "volume":{"type":"lssd", "size":25000000000, "class":"lssd"},
      "init_settings":[], "endpoints":[], "logs_policy":{"max_age_retention":30, "total_disk_retention":null},
      "backup_same_region":false, "maintenances":[], "created_at":"2023-11-08T21:11:48.104163Z",
      "region":"fr-par"}'
    form: {}
    headers:
      User-Agent:
      - scaleway-sdk-go/v1.0.0-beta.7+dev (go1.20.4; linux; amd64) cli-e2e-test
    url: https://api.scaleway.com/rdb/v1/regions/fr-par/instances/f65eb701-5128-4e26-9315-1038f2a657dd
    method: GET
  response:
    body: '{"id":"f65eb701-5128-4e26-9315-1038f2a657dd", "name":"foobar", "organization_id":"fa1e3217-dc80-42ac-85c3-3f034b78b552",
      "project_id":"fa1e3217-dc80-42ac-85c3-3f034b78b552", "status":"provisioning",
      "engine":"PostgreSQL-12", "upgradable_version":[{"id":"2e670f5c-493b-443f-92bd-986f23da2750",
      "name":"PostgreSQL-13", "version":"13", "minor_version":"13.12"}, {"id":"2988cc5e-e0dd-48ba-bd8b-b394db1fc6b9",
      "name":"PostgreSQL-14", "version":"14", "minor_version":"14.9"}, {"id":"d6fa23a8-ff53-464e-b0b0-4c4a3c1eb87d",
      "name":"PostgreSQL-15", "version":"15", "minor_version":"15.4"}], "endpoint":null,
      "tags":[], "settings":[{"name":"effective_cache_size", "value":"1300"}, {"name":"maintenance_work_mem",
      "value":"150"}, {"name":"max_connections", "value":"100"}, {"name":"max_parallel_workers",
      "value":"0"}, {"name":"max_parallel_workers_per_gather", "value":"0"}, {"name":"work_mem",
      "value":"4"}], "backup_schedule":{"frequency":24, "retention":7, "disabled":false,
      "next_run_at":"2023-11-09T21:11:48.104163Z"}, "is_ha_cluster":false, "read_replicas":[],
      "node_type":"db-dev-m", "volume":{"type":"lssd", "size":25000000000, "class":"lssd"},
      "init_settings":[], "endpoints":[], "logs_policy":{"max_age_retention":30, "total_disk_retention":null},
      "backup_same_region":false, "maintenances":[], "created_at":"2023-11-08T21:11:48.104163Z",
      "region":"fr-par"}'
    headers:
      Content-Length:
      - "1357"
      Content-Security-Policy:
      - default-src 'none'; frame-ancestors 'none'
      Content-Type:
      - application/json
      Date:
      - Wed, 08 Nov 2023 21:14:07 GMT
      Server:
      - Scaleway API-Gateway
      Strict-Transport-Security:
      - max-age=63072000
      X-Content-Type-Options:
      - nosniff
      X-Frame-Options:
      - DENY
      X-Request-Id:
      - e41e88d3-3dcc-4552-a423-c7f359170b56
    status: 200 OK
    code: 200
    duration: ""
- request:
    body: '{"id":"f65eb701-5128-4e26-9315-1038f2a657dd", "name":"foobar", "organization_id":"fa1e3217-dc80-42ac-85c3-3f034b78b552",
      "project_id":"fa1e3217-dc80-42ac-85c3-3f034b78b552", "status":"provisioning",
      "engine":"PostgreSQL-12", "upgradable_version":[{"id":"2e670f5c-493b-443f-92bd-986f23da2750",
      "name":"PostgreSQL-13", "version":"13", "minor_version":"13.12"}, {"id":"2988cc5e-e0dd-48ba-bd8b-b394db1fc6b9",
      "name":"PostgreSQL-14", "version":"14", "minor_version":"14.9"}, {"id":"d6fa23a8-ff53-464e-b0b0-4c4a3c1eb87d",
      "name":"PostgreSQL-15", "version":"15", "minor_version":"15.4"}], "endpoint":null,
      "tags":[], "settings":[{"name":"effective_cache_size", "value":"1300"}, {"name":"maintenance_work_mem",
      "value":"150"}, {"name":"max_connections", "value":"100"}, {"name":"max_parallel_workers",
      "value":"0"}, {"name":"max_parallel_workers_per_gather", "value":"0"}, {"name":"work_mem",
      "value":"4"}], "backup_schedule":{"frequency":24, "retention":7, "disabled":false,
      "next_run_at":"2023-11-09T21:11:48.104163Z"}, "is_ha_cluster":false, "read_replicas":[],
      "node_type":"db-dev-m", "volume":{"type":"lssd", "size":25000000000, "class":"lssd"},
      "init_settings":[], "endpoints":[], "logs_policy":{"max_age_retention":30, "total_disk_retention":null},
      "backup_same_region":false, "maintenances":[], "created_at":"2023-11-08T21:11:48.104163Z",
      "region":"fr-par"}'
    form: {}
    headers:
      User-Agent:
      - scaleway-sdk-go/v1.0.0-beta.7+dev (go1.20.4; linux; amd64) cli-e2e-test
    url: https://api.scaleway.com/rdb/v1/regions/fr-par/instances/f65eb701-5128-4e26-9315-1038f2a657dd
    method: GET
  response:
    body: '{"id":"f65eb701-5128-4e26-9315-1038f2a657dd", "name":"foobar", "organization_id":"fa1e3217-dc80-42ac-85c3-3f034b78b552",
      "project_id":"fa1e3217-dc80-42ac-85c3-3f034b78b552", "status":"provisioning",
      "engine":"PostgreSQL-12", "upgradable_version":[{"id":"2e670f5c-493b-443f-92bd-986f23da2750",
      "name":"PostgreSQL-13", "version":"13", "minor_version":"13.12"}, {"id":"2988cc5e-e0dd-48ba-bd8b-b394db1fc6b9",
      "name":"PostgreSQL-14", "version":"14", "minor_version":"14.9"}, {"id":"d6fa23a8-ff53-464e-b0b0-4c4a3c1eb87d",
      "name":"PostgreSQL-15", "version":"15", "minor_version":"15.4"}], "endpoint":null,
      "tags":[], "settings":[{"name":"effective_cache_size", "value":"1300"}, {"name":"maintenance_work_mem",
      "value":"150"}, {"name":"max_connections", "value":"100"}, {"name":"max_parallel_workers",
      "value":"0"}, {"name":"max_parallel_workers_per_gather", "value":"0"}, {"name":"work_mem",
      "value":"4"}], "backup_schedule":{"frequency":24, "retention":7, "disabled":false,
      "next_run_at":"2023-11-09T21:11:48.104163Z"}, "is_ha_cluster":false, "read_replicas":[],
      "node_type":"db-dev-m", "volume":{"type":"lssd", "size":25000000000, "class":"lssd"},
      "init_settings":[], "endpoints":[], "logs_policy":{"max_age_retention":30, "total_disk_retention":null},
      "backup_same_region":false, "maintenances":[], "created_at":"2023-11-08T21:11:48.104163Z",
      "region":"fr-par"}'
    headers:
      Content-Length:
      - "1357"
      Content-Security-Policy:
      - default-src 'none'; frame-ancestors 'none'
      Content-Type:
      - application/json
      Date:
      - Wed, 08 Nov 2023 21:14:22 GMT
      Server:
      - Scaleway API-Gateway
      Strict-Transport-Security:
      - max-age=63072000
      X-Content-Type-Options:
      - nosniff
      X-Frame-Options:
      - DENY
      X-Request-Id:
      - b5938b82-b150-43ff-9e3b-65c1dd1df1af
    status: 200 OK
    code: 200
    duration: ""
- request:
    body: '{"id":"f65eb701-5128-4e26-9315-1038f2a657dd", "name":"foobar", "organization_id":"fa1e3217-dc80-42ac-85c3-3f034b78b552",
      "project_id":"fa1e3217-dc80-42ac-85c3-3f034b78b552", "status":"provisioning",
      "engine":"PostgreSQL-12", "upgradable_version":[{"id":"2e670f5c-493b-443f-92bd-986f23da2750",
      "name":"PostgreSQL-13", "version":"13", "minor_version":"13.12"}, {"id":"2988cc5e-e0dd-48ba-bd8b-b394db1fc6b9",
      "name":"PostgreSQL-14", "version":"14", "minor_version":"14.9"}, {"id":"d6fa23a8-ff53-464e-b0b0-4c4a3c1eb87d",
      "name":"PostgreSQL-15", "version":"15", "minor_version":"15.4"}], "endpoint":null,
      "tags":[], "settings":[{"name":"effective_cache_size", "value":"1300"}, {"name":"maintenance_work_mem",
      "value":"150"}, {"name":"max_connections", "value":"100"}, {"name":"max_parallel_workers",
      "value":"0"}, {"name":"max_parallel_workers_per_gather", "value":"0"}, {"name":"work_mem",
      "value":"4"}], "backup_schedule":{"frequency":24, "retention":7, "disabled":false,
      "next_run_at":"2023-11-09T21:11:48.104163Z"}, "is_ha_cluster":false, "read_replicas":[],
      "node_type":"db-dev-m", "volume":{"type":"lssd", "size":25000000000, "class":"lssd"},
      "init_settings":[], "endpoints":[], "logs_policy":{"max_age_retention":30, "total_disk_retention":null},
      "backup_same_region":false, "maintenances":[], "created_at":"2023-11-08T21:11:48.104163Z",
      "region":"fr-par"}'
    form: {}
    headers:
      User-Agent:
      - scaleway-sdk-go/v1.0.0-beta.7+dev (go1.20.4; linux; amd64) cli-e2e-test
    url: https://api.scaleway.com/rdb/v1/regions/fr-par/instances/f65eb701-5128-4e26-9315-1038f2a657dd
    method: GET
  response:
    body: '{"id":"f65eb701-5128-4e26-9315-1038f2a657dd", "name":"foobar", "organization_id":"fa1e3217-dc80-42ac-85c3-3f034b78b552",
      "project_id":"fa1e3217-dc80-42ac-85c3-3f034b78b552", "status":"provisioning",
      "engine":"PostgreSQL-12", "upgradable_version":[{"id":"2e670f5c-493b-443f-92bd-986f23da2750",
      "name":"PostgreSQL-13", "version":"13", "minor_version":"13.12"}, {"id":"2988cc5e-e0dd-48ba-bd8b-b394db1fc6b9",
      "name":"PostgreSQL-14", "version":"14", "minor_version":"14.9"}, {"id":"d6fa23a8-ff53-464e-b0b0-4c4a3c1eb87d",
      "name":"PostgreSQL-15", "version":"15", "minor_version":"15.4"}], "endpoint":null,
      "tags":[], "settings":[{"name":"effective_cache_size", "value":"1300"}, {"name":"maintenance_work_mem",
      "value":"150"}, {"name":"max_connections", "value":"100"}, {"name":"max_parallel_workers",
      "value":"0"}, {"name":"max_parallel_workers_per_gather", "value":"0"}, {"name":"work_mem",
      "value":"4"}], "backup_schedule":{"frequency":24, "retention":7, "disabled":false,
      "next_run_at":"2023-11-09T21:11:48.104163Z"}, "is_ha_cluster":false, "read_replicas":[],
      "node_type":"db-dev-m", "volume":{"type":"lssd", "size":25000000000, "class":"lssd"},
      "init_settings":[], "endpoints":[], "logs_policy":{"max_age_retention":30, "total_disk_retention":null},
      "backup_same_region":false, "maintenances":[], "created_at":"2023-11-08T21:11:48.104163Z",
      "region":"fr-par"}'
    headers:
      Content-Length:
      - "1357"
      Content-Security-Policy:
      - default-src 'none'; frame-ancestors 'none'
      Content-Type:
      - application/json
      Date:
      - Wed, 08 Nov 2023 21:14:37 GMT
      Server:
      - Scaleway API-Gateway
      Strict-Transport-Security:
      - max-age=63072000
      X-Content-Type-Options:
      - nosniff
      X-Frame-Options:
      - DENY
      X-Request-Id:
      - 1fc73d1c-a67b-4198-9eeb-b37761b2e692
    status: 200 OK
    code: 200
    duration: ""
- request:
    body: '{"id":"f65eb701-5128-4e26-9315-1038f2a657dd", "name":"foobar", "organization_id":"fa1e3217-dc80-42ac-85c3-3f034b78b552",
      "project_id":"fa1e3217-dc80-42ac-85c3-3f034b78b552", "status":"provisioning",
      "engine":"PostgreSQL-12", "upgradable_version":[{"id":"2e670f5c-493b-443f-92bd-986f23da2750",
      "name":"PostgreSQL-13", "version":"13", "minor_version":"13.12"}, {"id":"2988cc5e-e0dd-48ba-bd8b-b394db1fc6b9",
      "name":"PostgreSQL-14", "version":"14", "minor_version":"14.9"}, {"id":"d6fa23a8-ff53-464e-b0b0-4c4a3c1eb87d",
      "name":"PostgreSQL-15", "version":"15", "minor_version":"15.4"}], "endpoint":null,
      "tags":[], "settings":[{"name":"effective_cache_size", "value":"1300"}, {"name":"maintenance_work_mem",
      "value":"150"}, {"name":"max_connections", "value":"100"}, {"name":"max_parallel_workers",
      "value":"0"}, {"name":"max_parallel_workers_per_gather", "value":"0"}, {"name":"work_mem",
      "value":"4"}], "backup_schedule":{"frequency":24, "retention":7, "disabled":false,
      "next_run_at":"2023-11-09T21:11:48.104163Z"}, "is_ha_cluster":false, "read_replicas":[],
      "node_type":"db-dev-m", "volume":{"type":"lssd", "size":25000000000, "class":"lssd"},
      "init_settings":[], "endpoints":[], "logs_policy":{"max_age_retention":30, "total_disk_retention":null},
      "backup_same_region":false, "maintenances":[], "created_at":"2023-11-08T21:11:48.104163Z",
      "region":"fr-par"}'
    form: {}
    headers:
      User-Agent:
      - scaleway-sdk-go/v1.0.0-beta.7+dev (go1.20.4; linux; amd64) cli-e2e-test
    url: https://api.scaleway.com/rdb/v1/regions/fr-par/instances/f65eb701-5128-4e26-9315-1038f2a657dd
    method: GET
  response:
    body: '{"id":"f65eb701-5128-4e26-9315-1038f2a657dd", "name":"foobar", "organization_id":"fa1e3217-dc80-42ac-85c3-3f034b78b552",
      "project_id":"fa1e3217-dc80-42ac-85c3-3f034b78b552", "status":"provisioning",
      "engine":"PostgreSQL-12", "upgradable_version":[{"id":"2e670f5c-493b-443f-92bd-986f23da2750",
      "name":"PostgreSQL-13", "version":"13", "minor_version":"13.12"}, {"id":"2988cc5e-e0dd-48ba-bd8b-b394db1fc6b9",
      "name":"PostgreSQL-14", "version":"14", "minor_version":"14.9"}, {"id":"d6fa23a8-ff53-464e-b0b0-4c4a3c1eb87d",
      "name":"PostgreSQL-15", "version":"15", "minor_version":"15.4"}], "endpoint":null,
      "tags":[], "settings":[{"name":"effective_cache_size", "value":"1300"}, {"name":"maintenance_work_mem",
      "value":"150"}, {"name":"max_connections", "value":"100"}, {"name":"max_parallel_workers",
      "value":"0"}, {"name":"max_parallel_workers_per_gather", "value":"0"}, {"name":"work_mem",
      "value":"4"}], "backup_schedule":{"frequency":24, "retention":7, "disabled":false,
      "next_run_at":"2023-11-09T21:11:48.104163Z"}, "is_ha_cluster":false, "read_replicas":[],
      "node_type":"db-dev-m", "volume":{"type":"lssd", "size":25000000000, "class":"lssd"},
      "init_settings":[], "endpoints":[], "logs_policy":{"max_age_retention":30, "total_disk_retention":null},
      "backup_same_region":false, "maintenances":[], "created_at":"2023-11-08T21:11:48.104163Z",
      "region":"fr-par"}'
    headers:
      Content-Length:
      - "1357"
      Content-Security-Policy:
      - default-src 'none'; frame-ancestors 'none'
      Content-Type:
      - application/json
      Date:
      - Wed, 08 Nov 2023 21:14:52 GMT
      Server:
      - Scaleway API-Gateway
      Strict-Transport-Security:
      - max-age=63072000
      X-Content-Type-Options:
      - nosniff
      X-Frame-Options:
      - DENY
      X-Request-Id:
      - c3ace6cd-08ca-42ca-ac4c-c98192b3093f
    status: 200 OK
    code: 200
    duration: ""
- request:
    body: '{"id":"f65eb701-5128-4e26-9315-1038f2a657dd", "name":"foobar", "organization_id":"fa1e3217-dc80-42ac-85c3-3f034b78b552",
      "project_id":"fa1e3217-dc80-42ac-85c3-3f034b78b552", "status":"provisioning",
      "engine":"PostgreSQL-12", "upgradable_version":[{"id":"2e670f5c-493b-443f-92bd-986f23da2750",
      "name":"PostgreSQL-13", "version":"13", "minor_version":"13.12"}, {"id":"2988cc5e-e0dd-48ba-bd8b-b394db1fc6b9",
      "name":"PostgreSQL-14", "version":"14", "minor_version":"14.9"}, {"id":"d6fa23a8-ff53-464e-b0b0-4c4a3c1eb87d",
      "name":"PostgreSQL-15", "version":"15", "minor_version":"15.4"}], "endpoint":null,
      "tags":[], "settings":[{"name":"effective_cache_size", "value":"1300"}, {"name":"maintenance_work_mem",
      "value":"150"}, {"name":"max_connections", "value":"100"}, {"name":"max_parallel_workers",
      "value":"0"}, {"name":"max_parallel_workers_per_gather", "value":"0"}, {"name":"work_mem",
      "value":"4"}], "backup_schedule":{"frequency":24, "retention":7, "disabled":false,
      "next_run_at":"2023-11-09T21:11:48.104163Z"}, "is_ha_cluster":false, "read_replicas":[],
      "node_type":"db-dev-m", "volume":{"type":"lssd", "size":25000000000, "class":"lssd"},
      "init_settings":[], "endpoints":[], "logs_policy":{"max_age_retention":30, "total_disk_retention":null},
      "backup_same_region":false, "maintenances":[], "created_at":"2023-11-08T21:11:48.104163Z",
      "region":"fr-par"}'
    form: {}
    headers:
      User-Agent:
      - scaleway-sdk-go/v1.0.0-beta.7+dev (go1.20.4; linux; amd64) cli-e2e-test
    url: https://api.scaleway.com/rdb/v1/regions/fr-par/instances/f65eb701-5128-4e26-9315-1038f2a657dd
    method: GET
  response:
    body: '{"id":"f65eb701-5128-4e26-9315-1038f2a657dd", "name":"foobar", "organization_id":"fa1e3217-dc80-42ac-85c3-3f034b78b552",
      "project_id":"fa1e3217-dc80-42ac-85c3-3f034b78b552", "status":"provisioning",
      "engine":"PostgreSQL-12", "upgradable_version":[{"id":"2e670f5c-493b-443f-92bd-986f23da2750",
      "name":"PostgreSQL-13", "version":"13", "minor_version":"13.12"}, {"id":"2988cc5e-e0dd-48ba-bd8b-b394db1fc6b9",
      "name":"PostgreSQL-14", "version":"14", "minor_version":"14.9"}, {"id":"d6fa23a8-ff53-464e-b0b0-4c4a3c1eb87d",
      "name":"PostgreSQL-15", "version":"15", "minor_version":"15.4"}], "endpoint":null,
      "tags":[], "settings":[{"name":"effective_cache_size", "value":"1300"}, {"name":"maintenance_work_mem",
      "value":"150"}, {"name":"max_connections", "value":"100"}, {"name":"max_parallel_workers",
      "value":"0"}, {"name":"max_parallel_workers_per_gather", "value":"0"}, {"name":"work_mem",
      "value":"4"}], "backup_schedule":{"frequency":24, "retention":7, "disabled":false,
      "next_run_at":"2023-11-09T21:11:48.104163Z"}, "is_ha_cluster":false, "read_replicas":[],
      "node_type":"db-dev-m", "volume":{"type":"lssd", "size":25000000000, "class":"lssd"},
      "init_settings":[], "endpoints":[], "logs_policy":{"max_age_retention":30, "total_disk_retention":null},
      "backup_same_region":false, "maintenances":[], "created_at":"2023-11-08T21:11:48.104163Z",
      "region":"fr-par"}'
    headers:
      Content-Length:
      - "1357"
      Content-Security-Policy:
      - default-src 'none'; frame-ancestors 'none'
      Content-Type:
      - application/json
      Date:
      - Wed, 08 Nov 2023 21:15:07 GMT
      Server:
      - Scaleway API-Gateway
      Strict-Transport-Security:
      - max-age=63072000
      X-Content-Type-Options:
      - nosniff
      X-Frame-Options:
      - DENY
      X-Request-Id:
      - 1e35f662-bb9c-444e-8e51-20e1376a6401
    status: 200 OK
    code: 200
    duration: ""
- request:
    body: '{"id":"f65eb701-5128-4e26-9315-1038f2a657dd", "name":"foobar", "organization_id":"fa1e3217-dc80-42ac-85c3-3f034b78b552",
      "project_id":"fa1e3217-dc80-42ac-85c3-3f034b78b552", "status":"ready", "engine":"PostgreSQL-12",
      "upgradable_version":[{"id":"2e670f5c-493b-443f-92bd-986f23da2750", "name":"PostgreSQL-13",
      "version":"13", "minor_version":"13.12"}, {"id":"2988cc5e-e0dd-48ba-bd8b-b394db1fc6b9",
      "name":"PostgreSQL-14", "version":"14", "minor_version":"14.9"}, {"id":"d6fa23a8-ff53-464e-b0b0-4c4a3c1eb87d",
      "name":"PostgreSQL-15", "version":"15", "minor_version":"15.4"}], "endpoint":{"ip":"51.159.204.209",
      "port":28479, "name":null, "id":"08f281c9-099c-40c0-9db5-683eb5e2d25d", "load_balancer":{}},
      "tags":[], "settings":[{"name":"effective_cache_size", "value":"1300"}, {"name":"maintenance_work_mem",
      "value":"150"}, {"name":"max_connections", "value":"100"}, {"name":"max_parallel_workers",
      "value":"0"}, {"name":"max_parallel_workers_per_gather", "value":"0"}, {"name":"work_mem",
      "value":"4"}], "backup_schedule":{"frequency":24, "retention":7, "disabled":false,
      "next_run_at":"2023-11-09T21:11:48.104163Z"}, "is_ha_cluster":false, "read_replicas":[],
      "node_type":"db-dev-m", "volume":{"type":"lssd", "size":25000000000, "class":"lssd"},
      "init_settings":[], "endpoints":[{"ip":"51.159.204.209", "port":28479, "name":null,
      "id":"08f281c9-099c-40c0-9db5-683eb5e2d25d", "load_balancer":{}}], "logs_policy":{"max_age_retention":30,
      "total_disk_retention":null}, "backup_same_region":false, "maintenances":[],
      "created_at":"2023-11-08T21:11:48.104163Z", "region":"fr-par"}'
    form: {}
    headers:
      User-Agent:
      - scaleway-sdk-go/v1.0.0-beta.7+dev (go1.20.4; linux; amd64) cli-e2e-test
    url: https://api.scaleway.com/rdb/v1/regions/fr-par/instances/f65eb701-5128-4e26-9315-1038f2a657dd
    method: GET
  response:
    body: '{"id":"f65eb701-5128-4e26-9315-1038f2a657dd", "name":"foobar", "organization_id":"fa1e3217-dc80-42ac-85c3-3f034b78b552",
      "project_id":"fa1e3217-dc80-42ac-85c3-3f034b78b552", "status":"ready", "engine":"PostgreSQL-12",
      "upgradable_version":[{"id":"2e670f5c-493b-443f-92bd-986f23da2750", "name":"PostgreSQL-13",
      "version":"13", "minor_version":"13.12"}, {"id":"2988cc5e-e0dd-48ba-bd8b-b394db1fc6b9",
      "name":"PostgreSQL-14", "version":"14", "minor_version":"14.9"}, {"id":"d6fa23a8-ff53-464e-b0b0-4c4a3c1eb87d",
      "name":"PostgreSQL-15", "version":"15", "minor_version":"15.4"}], "endpoint":{"ip":"51.159.204.209",
      "port":28479, "name":null, "id":"08f281c9-099c-40c0-9db5-683eb5e2d25d", "load_balancer":{}},
      "tags":[], "settings":[{"name":"effective_cache_size", "value":"1300"}, {"name":"maintenance_work_mem",
      "value":"150"}, {"name":"max_connections", "value":"100"}, {"name":"max_parallel_workers",
      "value":"0"}, {"name":"max_parallel_workers_per_gather", "value":"0"}, {"name":"work_mem",
      "value":"4"}], "backup_schedule":{"frequency":24, "retention":7, "disabled":false,
      "next_run_at":"2023-11-09T21:11:48.104163Z"}, "is_ha_cluster":false, "read_replicas":[],
      "node_type":"db-dev-m", "volume":{"type":"lssd", "size":25000000000, "class":"lssd"},
      "init_settings":[], "endpoints":[{"ip":"51.159.204.209", "port":28479, "name":null,
      "id":"08f281c9-099c-40c0-9db5-683eb5e2d25d", "load_balancer":{}}], "logs_policy":{"max_age_retention":30,
      "total_disk_retention":null}, "backup_same_region":false, "maintenances":[],
      "created_at":"2023-11-08T21:11:48.104163Z", "region":"fr-par"}'
    headers:
      Content-Length:
      - "1576"
      Content-Security-Policy:
      - default-src 'none'; frame-ancestors 'none'
      Content-Type:
      - application/json
      Date:
      - Wed, 08 Nov 2023 21:15:23 GMT
      Server:
      - Scaleway API-Gateway
      Strict-Transport-Security:
      - max-age=63072000
      X-Content-Type-Options:
      - nosniff
      X-Frame-Options:
      - DENY
      X-Request-Id:
      - a37688eb-5134-4a30-ba23-4eb480d6e5ea
    status: 200 OK
    code: 200
    duration: ""
- request:
    body: '{"id":"f918d880-279b-472c-9215-4d323af24d82", "name":"cli-test", "organization_id":"fa1e3217-dc80-42ac-85c3-3f034b78b552",
      "project_id":"fa1e3217-dc80-42ac-85c3-3f034b78b552", "status":"deleting", "engine":"PostgreSQL-12",
      "upgradable_version":[{"id":"2e670f5c-493b-443f-92bd-986f23da2750", "name":"PostgreSQL-13",
      "version":"13", "minor_version":"13.12"}, {"id":"2988cc5e-e0dd-48ba-bd8b-b394db1fc6b9",
      "name":"PostgreSQL-14", "version":"14", "minor_version":"14.9"}, {"id":"d6fa23a8-ff53-464e-b0b0-4c4a3c1eb87d",
      "name":"PostgreSQL-15", "version":"15", "minor_version":"15.4"}], "endpoint":{"ip":"51.159.204.209",
      "port":19063, "name":null, "id":"2c33cd45-77b7-4998-982b-ce9aa0a2c834", "load_balancer":{}},
      "tags":[], "settings":[{"name":"effective_cache_size", "value":"1300"}, {"name":"maintenance_work_mem",
      "value":"150"}, {"name":"max_connections", "value":"100"}, {"name":"max_parallel_workers",
      "value":"0"}, {"name":"max_parallel_workers_per_gather", "value":"0"}, {"name":"work_mem",
      "value":"4"}], "backup_schedule":{"frequency":24, "retention":7, "disabled":false,
      "next_run_at":"2023-11-09T21:08:40.005511Z"}, "is_ha_cluster":false, "read_replicas":[],
      "node_type":"db-dev-s", "volume":{"type":"lssd", "size":5000000000, "class":"lssd"},
      "init_settings":[], "endpoints":[{"ip":"51.159.204.209", "port":19063, "name":null,
      "id":"2c33cd45-77b7-4998-982b-ce9aa0a2c834", "load_balancer":{}}], "logs_policy":{"max_age_retention":30,
      "total_disk_retention":null}, "backup_same_region":false, "maintenances":[],
      "created_at":"2023-11-08T21:08:40.005511Z", "region":"fr-par"}'
    form: {}
    headers:
      User-Agent:
      - scaleway-sdk-go/v1.0.0-beta.7+dev (go1.20.4; linux; amd64) cli-e2e-test
    url: https://api.scaleway.com/rdb/v1/regions/fr-par/instances/f918d880-279b-472c-9215-4d323af24d82
    method: DELETE
  response:
    body: '{"id":"f918d880-279b-472c-9215-4d323af24d82", "name":"cli-test", "organization_id":"fa1e3217-dc80-42ac-85c3-3f034b78b552",
      "project_id":"fa1e3217-dc80-42ac-85c3-3f034b78b552", "status":"deleting", "engine":"PostgreSQL-12",
      "upgradable_version":[{"id":"2e670f5c-493b-443f-92bd-986f23da2750", "name":"PostgreSQL-13",
      "version":"13", "minor_version":"13.12"}, {"id":"2988cc5e-e0dd-48ba-bd8b-b394db1fc6b9",
      "name":"PostgreSQL-14", "version":"14", "minor_version":"14.9"}, {"id":"d6fa23a8-ff53-464e-b0b0-4c4a3c1eb87d",
      "name":"PostgreSQL-15", "version":"15", "minor_version":"15.4"}], "endpoint":{"ip":"51.159.204.209",
      "port":19063, "name":null, "id":"2c33cd45-77b7-4998-982b-ce9aa0a2c834", "load_balancer":{}},
      "tags":[], "settings":[{"name":"effective_cache_size", "value":"1300"}, {"name":"maintenance_work_mem",
      "value":"150"}, {"name":"max_connections", "value":"100"}, {"name":"max_parallel_workers",
      "value":"0"}, {"name":"max_parallel_workers_per_gather", "value":"0"}, {"name":"work_mem",
      "value":"4"}], "backup_schedule":{"frequency":24, "retention":7, "disabled":false,
      "next_run_at":"2023-11-09T21:08:40.005511Z"}, "is_ha_cluster":false, "read_replicas":[],
      "node_type":"db-dev-s", "volume":{"type":"lssd", "size":5000000000, "class":"lssd"},
      "init_settings":[], "endpoints":[{"ip":"51.159.204.209", "port":19063, "name":null,
      "id":"2c33cd45-77b7-4998-982b-ce9aa0a2c834", "load_balancer":{}}], "logs_policy":{"max_age_retention":30,
      "total_disk_retention":null}, "backup_same_region":false, "maintenances":[],
      "created_at":"2023-11-08T21:08:40.005511Z", "region":"fr-par"}'
    headers:
      Content-Length:
      - "1580"
      Content-Security-Policy:
      - default-src 'none'; frame-ancestors 'none'
      Content-Type:
      - application/json
      Date:
      - Wed, 08 Nov 2023 21:15:23 GMT
      Server:
      - Scaleway API-Gateway
      Strict-Transport-Security:
      - max-age=63072000
      X-Content-Type-Options:
      - nosniff
      X-Frame-Options:
      - DENY
      X-Request-Id:
      - 8843418e-fc95-4679-bba0-95e9da975509
    status: 200 OK
    code: 200
    duration: ""
