---
version: 1
interactions:
- request:
    body: ""
    form: {}
    headers:
      User-Agent:
      - scaleway-sdk-go/v1.0.0-beta.6+dev (go1.14; darwin; amd64) cli-e2e-test
    url: https://api.scaleway.com/baremetal/v1alpha1/zones/fr-par-2/offers?page=1
    method: GET
  response:
    body: '{"total_count":7,"offers":[{"id":"3ab0dc29-2fd4-486e-88bf-d08fbf49214b","name":"HC-BM1-L","stock":"available","bandwidth":1000,"commercial_range":"high_cpu","price_by_minute":{"currency_code":"EUR","units":1,"nanos":499900000},"price_by_month":{"currency_code":"EUR","units":749,"nanos":990000000},"disk":[{"capacity":1024,"type":"NVMe"},{"capacity":1024,"type":"NVMe"},{"capacity":1024,"type":"NVMe"},{"capacity":1024,"type":"NVMe"}],"enable":true,"cpu":[{"name":"Intel
      Xeon Gold 5120","cores":28,"threads":56,"frequency":2200},{"name":"Intel Xeon
      Gold 5120","cores":28,"threads":56,"frequency":2200}],"memory":[{"capacity":384,"type":"DDR4","frequency":2133,"ecc":true}],"quota_name":"bmaas_high","price_per_sixty_minutes":{"currency_code":"EUR","units":1,"nanos":499900000},"price_per_month":{"currency_code":"EUR","units":749,"nanos":990000000}},{"id":"5363865f-2266-40f9-a43f-4f3aba251524","name":"HM-BM1-XL","stock":"empty","bandwidth":1000,"commercial_range":"high_memory","price_by_minute":{"currency_code":"EUR","units":2,"nanos":599900000},"price_by_month":{"currency_code":"EUR","units":1299,"nanos":990000000},"disk":[{"capacity":1024,"type":"NVMe"},{"capacity":1024,"type":"NVMe"},{"capacity":1024,"type":"NVMe"},{"capacity":1024,"type":"NVMe"},{"capacity":1024,"type":"NVMe"},{"capacity":1024,"type":"NVMe"},{"capacity":1024,"type":"NVMe"},{"capacity":1024,"type":"NVMe"}],"enable":true,"cpu":[{"name":"Intel
      Xeon Gold 6140","cores":36,"threads":72,"frequency":2300},{"name":"Intel Xeon
      Gold 6140","cores":36,"threads":72,"frequency":2300}],"memory":[{"capacity":768,"type":"DDR4","frequency":2133,"ecc":true}],"quota_name":"bmaas_high","price_per_sixty_minutes":{"currency_code":"EUR","units":2,"nanos":599900000},"price_per_month":{"currency_code":"EUR","units":1299,"nanos":990000000}},{"id":"737f18c8-febc-4408-b69e-776bca0a3f48","name":"HC-BM1-S","stock":"available","bandwidth":1000,"commercial_range":"high_cpu","price_by_minute":{"currency_code":"EUR","units":0,"nanos":659900000},"price_by_month":{"currency_code":"EUR","units":329,"nanos":990000000},"disk":[{"capacity":1024,"type":"NVMe"},{"capacity":1024,"type":"NVMe"}],"enable":true,"cpu":[{"name":"Intel
      Xeon Silver 4114","cores":10,"threads":20,"frequency":2200},{"name":"Intel Xeon
      Silver 4114","cores":10,"threads":20,"frequency":2200}],"memory":[{"capacity":128,"type":"DDR4","frequency":2400,"ecc":true}],"quota_name":"bmaas_high","price_per_sixty_minutes":{"currency_code":"EUR","units":0,"nanos":659900000},"price_per_month":{"currency_code":"EUR","units":329,"nanos":990000000}},{"id":"7fde3890-9787-488c-ac89-c4e00a4e5f83","name":"GP-BM1-S","stock":"available","bandwidth":500,"commercial_range":"general_purpose","price_by_minute":{"currency_code":"EUR","units":0,"nanos":240000000},"price_by_month":{"currency_code":"EUR","units":119,"nanos":990000000},"disk":[{"capacity":250,"type":"SSD"},{"capacity":250,"type":"SSD"}],"enable":true,"cpu":[{"name":"Intel
      Xeon E3 1240v6","cores":4,"threads":8,"frequency":3700}],"memory":[{"capacity":32,"type":"DDR4","frequency":2133,"ecc":true}],"quota_name":"bmaas_gp","price_per_sixty_minutes":{"currency_code":"EUR","units":0,"nanos":240000000},"price_per_month":{"currency_code":"EUR","units":119,"nanos":990000000}},{"id":"8090d302-3545-4905-9cf3-bcb77a299f47","name":"GP-BM1-L","stock":"available","bandwidth":750,"commercial_range":"general_purpose","price_by_minute":{"currency_code":"EUR","units":0,"nanos":499900000},"price_by_month":{"currency_code":"EUR","units":249,"nanos":990000000},"disk":[{"capacity":1024,"type":"NVMe"},{"capacity":1024,"type":"NVMe"}],"enable":true,"cpu":[{"name":"AMD
      EPYC 7281","cores":16,"threads":32,"frequency":2100}],"memory":[{"capacity":96,"type":"DDR4","frequency":2133,"ecc":true}],"quota_name":"bmaas_gp","price_per_sixty_minutes":{"currency_code":"EUR","units":0,"nanos":499900000},"price_per_month":{"currency_code":"EUR","units":249,"nanos":990000000}},{"id":"964f9b38-577e-470f-a220-7d762f9e8672","name":"GP-BM1-M","stock":"available","bandwidth":500,"commercial_range":"general_purpose","price_by_minute":{"currency_code":"EUR","units":0,"nanos":399900000},"price_by_month":{"currency_code":"EUR","units":199,"nanos":990000000},"disk":[{"capacity":1024,"type":"SSD"},{"capacity":1024,"type":"SSD"},{"capacity":1024,"type":"SSD"}],"enable":true,"cpu":[{"name":"Intel
      Xeon E3 1240v6","cores":4,"threads":8,"frequency":3700}],"memory":[{"capacity":64,"type":"DDR4","frequency":2133,"ecc":true}],"quota_name":"bmaas_gp","price_per_sixty_minutes":{"currency_code":"EUR","units":0,"nanos":399900000},"price_per_month":{"currency_code":"EUR","units":199,"nanos":990000000}},{"id":"c452f76a-2cda-4a1b-9658-a16952dc5ff0","name":"HM-BM1-M","stock":"available","bandwidth":1000,"commercial_range":"high_memory","price_by_minute":{"currency_code":"EUR","units":0,"nanos":799900000},"price_by_month":{"currency_code":"EUR","units":399,"nanos":990000000},"disk":[{"capacity":1024,"type":"NVMe"},{"capacity":1024,"type":"NVMe"},{"capacity":1024,"type":"NVMe"}],"enable":true,"cpu":[{"name":"AMD
      EPYC 7401P","cores":24,"threads":48,"frequency":2000}],"memory":[{"capacity":256,"type":"DDR4","frequency":2133,"ecc":true}],"quota_name":"bmaas_high","price_per_sixty_minutes":{"currency_code":"EUR","units":0,"nanos":799900000},"price_per_month":{"currency_code":"EUR","units":399,"nanos":990000000}}]}'
    headers:
      Content-Security-Policy:
      - default-src 'none'; frame-ancestors 'none'
      Content-Type:
      - application/json
      Date:
      - Thu, 26 Mar 2020 19:50:22 GMT
      Server:
      - scaleway_api
      Strict-Transport-Security:
      - max-age=63072000
      X-Content-Type-Options:
      - nosniff
      X-Frame-Options:
      - DENY
      X-Request-Id:
      - 9c245406-eef2-4927-b749-ecf4d0ac8242
    status: 200 OK
    code: 200
    duration: ""
- request:
    body: '{"offer_id":"964f9b38-577e-470f-a220-7d762f9e8672","organization_id":"951df375-e094-4d26-97c1-ba548eeb9c42","name":"cli-bm-cocky-khorana","description":"","tags":null}'
    form: {}
    headers:
      Content-Type:
      - application/json
      User-Agent:
      - scaleway-sdk-go/v1.0.0-beta.6+dev (go1.14; darwin; amd64) cli-e2e-test
    url: https://api.scaleway.com/baremetal/v1alpha1/zones/fr-par-2/servers
    method: POST
  response:
    body: '{"id":"10bad816-0137-4547-853d-cb50525d2642","organization_id":"951df375-e094-4d26-97c1-ba548eeb9c42","name":"cli-bm-cocky-khorana","description":"","updated_at":"2020-03-26T19:50:22.480899320Z","created_at":"2020-03-26T19:50:22.480899320Z","status":"undelivered","offer_id":"964f9b38-577e-470f-a220-7d762f9e8672","install":null,"tags":[],"ips":[],"domain":"","boot_type":"normal","zone":"fr-par-2"}'
    headers:
      Content-Length:
      - "399"
      Content-Security-Policy:
      - default-src 'none'; frame-ancestors 'none'
      Content-Type:
      - application/json
      Date:
      - Thu, 26 Mar 2020 19:50:22 GMT
      Server:
      - scaleway_api
      Strict-Transport-Security:
      - max-age=63072000
      X-Content-Type-Options:
      - nosniff
      X-Frame-Options:
      - DENY
      X-Request-Id:
      - 115f310a-b164-4e7b-af0e-53ccf9b65693
    status: 200 OK
    code: 200
    duration: ""
- request:
    body: '{"boot_type":"normal"}'
    form: {}
    headers:
      Content-Type:
      - application/json
      User-Agent:
      - scaleway-sdk-go/v1.0.0-beta.6+dev (go1.14; darwin; amd64) cli-e2e-test
    url: https://api.scaleway.com/baremetal/v1alpha1/zones/fr-par-2/servers/10bad816-0137-4547-853d-cb50525d2642/reboot
    method: POST
  response:
    body: '{"message":"Server is not delivered"}'
    headers:
      Content-Length:
      - "37"
      Content-Security-Policy:
      - default-src 'none'; frame-ancestors 'none'
      Content-Type:
      - application/json
      Date:
      - Thu, 26 Mar 2020 19:50:22 GMT
      Server:
      - scaleway_api
      Strict-Transport-Security:
      - max-age=63072000
      X-Content-Type-Options:
      - nosniff
      X-Frame-Options:
      - DENY
      X-Request-Id:
      - dd8806a3-76b9-46e7-9c9a-670094231a6f
    status: 400 Bad Request
    code: 400
    duration: ""
- request:
    body: ""
    form: {}
    headers:
      User-Agent:
      - scaleway-sdk-go/v1.0.0-beta.6+dev (go1.14; darwin; amd64) cli-e2e-test
    url: https://api.scaleway.com/baremetal/v1alpha1/zones/fr-par-2/servers/10bad816-0137-4547-853d-cb50525d2642
    method: GET
  response:
    body: '{"id":"10bad816-0137-4547-853d-cb50525d2642","organization_id":"951df375-e094-4d26-97c1-ba548eeb9c42","name":"cli-bm-cocky-khorana","description":"","updated_at":"2020-03-26T19:50:22.480899Z","created_at":"2020-03-26T19:50:22.480899Z","status":"undelivered","offer_id":"964f9b38-577e-470f-a220-7d762f9e8672","install":null,"tags":[],"ips":[],"domain":"","boot_type":"normal","zone":"fr-par-2"}'
    headers:
      Content-Length:
      - "393"
      Content-Security-Policy:
      - default-src 'none'; frame-ancestors 'none'
      Content-Type:
      - application/json
      Date:
      - Thu, 26 Mar 2020 19:50:22 GMT
      Server:
      - scaleway_api
      Strict-Transport-Security:
      - max-age=63072000
      X-Content-Type-Options:
      - nosniff
      X-Frame-Options:
      - DENY
      X-Request-Id:
      - 9987130a-222a-4cb4-8931-40da94ee8afb
    status: 200 OK
    code: 200
    duration: ""
- request:
    body: ""
    form: {}
    headers:
      User-Agent:
      - scaleway-sdk-go/v1.0.0-beta.6+dev (go1.14; darwin; amd64) cli-e2e-test
    url: https://api.scaleway.com/baremetal/v1alpha1/zones/fr-par-2/servers/10bad816-0137-4547-853d-cb50525d2642
    method: GET
  response:
    body: '{"id":"10bad816-0137-4547-853d-cb50525d2642","organization_id":"951df375-e094-4d26-97c1-ba548eeb9c42","name":"cli-bm-cocky-khorana","description":"","updated_at":"2020-03-26T19:50:23.123991Z","created_at":"2020-03-26T19:50:22.480899Z","status":"undelivered","offer_id":"964f9b38-577e-470f-a220-7d762f9e8672","install":null,"tags":[],"ips":[],"domain":"","boot_type":"normal","zone":"fr-par-2"}'
    headers:
      Content-Length:
      - "393"
      Content-Security-Policy:
      - default-src 'none'; frame-ancestors 'none'
      Content-Type:
      - application/json
      Date:
      - Thu, 26 Mar 2020 19:55:13 GMT
      Server:
      - scaleway_api
      Strict-Transport-Security:
      - max-age=63072000
      X-Content-Type-Options:
      - nosniff
      X-Frame-Options:
      - DENY
      X-Request-Id:
      - 849b79dc-8b3c-4401-a939-c7f7c82ed2cb
    status: 200 OK
    code: 200
    duration: ""
- request:
    body: ""
    form: {}
    headers:
      User-Agent:
      - scaleway-sdk-go/v1.0.0-beta.6+dev (go1.14; darwin; amd64) cli-e2e-test
    url: https://api.scaleway.com/baremetal/v1alpha1/zones/fr-par-2/servers/10bad816-0137-4547-853d-cb50525d2642
    method: GET
  response:
    body: '{"id":"10bad816-0137-4547-853d-cb50525d2642","organization_id":"951df375-e094-4d26-97c1-ba548eeb9c42","name":"cli-bm-cocky-khorana","description":"","updated_at":"2020-03-26T19:55:25.974314Z","created_at":"2020-03-26T19:50:22.480899Z","status":"ready","offer_id":"964f9b38-577e-470f-a220-7d762f9e8672","install":null,"tags":[],"ips":[{"id":"354b59ab-b544-4200-98af-ca1366dd5457","address":"51.159.56.164","reverse":"10bad816-0137-4547-853d-cb50525d2642.fr-par-2.baremetal.scw.cloud","version":"Ipv4","reverse_status":"pending","reverse_status_message":null},{"id":"991d760e-e68d-41e3-8c2b-9bfa5a4f167d","address":"2001:0bc8:1200:0000:dac4:97ff:fe5b:7bb5","reverse":"10bad816-0137-4547-853d-cb50525d2642.fr-par-2.baremetal.scw.cloud","version":"Ipv6","reverse_status":"pending","reverse_status_message":null}],"domain":"10bad816-0137-4547-853d-cb50525d2642.fr-par-2.baremetal.scw.cloud","boot_type":"normal","zone":"fr-par-2"}'
    headers:
      Content-Length:
      - "925"
      Content-Security-Policy:
      - default-src 'none'; frame-ancestors 'none'
      Content-Type:
      - application/json
      Date:
      - Thu, 26 Mar 2020 19:55:28 GMT
      Server:
      - scaleway_api
      Strict-Transport-Security:
      - max-age=63072000
      X-Content-Type-Options:
      - nosniff
      X-Frame-Options:
      - DENY
      X-Request-Id:
      - 8064b625-1887-4bc4-bc0b-e590ad62917a
    status: 200 OK
    code: 200
    duration: ""
- request:
    body: ""
    form: {}
    headers:
      User-Agent:
      - scaleway-sdk-go/v1.0.0-beta.6+dev (go1.14; darwin; amd64) cli-e2e-test
    url: https://api.scaleway.com/baremetal/v1alpha1/zones/fr-par-2/servers/10bad816-0137-4547-853d-cb50525d2642
    method: DELETE
  response:
    body: '{"id":"10bad816-0137-4547-853d-cb50525d2642","organization_id":"951df375-e094-4d26-97c1-ba548eeb9c42","name":"cli-bm-cocky-khorana","description":"","updated_at":"2020-03-26T19:55:29.286402Z","created_at":"2020-03-26T19:50:22.480899Z","status":"deleting","offer_id":"964f9b38-577e-470f-a220-7d762f9e8672","install":null,"tags":[],"ips":[{"id":"354b59ab-b544-4200-98af-ca1366dd5457","address":"51.159.56.164","reverse":"10bad816-0137-4547-853d-cb50525d2642.fr-par-2.baremetal.scw.cloud","version":"Ipv4","reverse_status":"pending","reverse_status_message":null},{"id":"991d760e-e68d-41e3-8c2b-9bfa5a4f167d","address":"2001:0bc8:1200:0000:dac4:97ff:fe5b:7bb5","reverse":"10bad816-0137-4547-853d-cb50525d2642.fr-par-2.baremetal.scw.cloud","version":"Ipv6","reverse_status":"pending","reverse_status_message":null}],"domain":"10bad816-0137-4547-853d-cb50525d2642.fr-par-2.baremetal.scw.cloud","boot_type":"normal","zone":"fr-par-2"}'
    headers:
      Content-Length:
      - "928"
      Content-Security-Policy:
      - default-src 'none'; frame-ancestors 'none'
      Content-Type:
      - application/json
      Date:
      - Thu, 26 Mar 2020 19:55:28 GMT
      Server:
      - scaleway_api
      Strict-Transport-Security:
      - max-age=63072000
      X-Content-Type-Options:
      - nosniff
      X-Frame-Options:
      - DENY
      X-Request-Id:
      - a3b60462-27d9-4a74-b1d7-7232cec30564
    status: 200 OK
    code: 200
    duration: ""
