---
version: 1
interactions:
- request:
    body: '{"name":"","public_key":"ssh-rsa AAAAB3NzaC1yc2EAAAADAQABAAAAgQCbJuYSOQc01zjHsMyn4OUsW61cqRvttKt3StJgbvt2WBuGpwi1/5RtSoMQpudYlZpdeivFb21S8QRas8zcOc+6WqgWa2nj/8yA+cauRlV6CMWY+hOTkkg39xaekstuQ+WR2/AP7O/9hjVx5735+9ZNIxxHsFjVYdBEuk9gEX+1Rw==
      foobar@foobar","organization_id":"951df375-e094-4d26-97c1-ba548eeb9c42"}'
    form: {}
    headers:
      Content-Type:
      - application/json
      User-Agent:
      - scaleway-sdk-go/v1.0.0-beta.6+dev (go1.14.3; darwin; amd64) cli-e2e-test
    url: https://api.scaleway.com/account/v2alpha1/ssh-keys
    method: POST
  response:
    body: '{"id":"f06d9273-385e-4747-806c-d4673c410f9d","name":"","public_key":"ssh-rsa
      AAAAB3NzaC1yc2EAAAADAQABAAAAgQCbJuYSOQc01zjHsMyn4OUsW61cqRvttKt3StJgbvt2WBuGpwi1/5RtSoMQpudYlZpdeivFb21S8QRas8zcOc+6WqgWa2nj/8yA+cauRlV6CMWY+hOTkkg39xaekstuQ+WR2/AP7O/9hjVx5735+9ZNIxxHsFjVYdBEuk9gEX+1Rw==
      foobar@foobar","fingerprint":"1024 MD5:da:0f:06:4c:de:fe:a1:c0:6c:e9:bb:78:e1:a4:e8:ce
      foobar@foobar (ssh-rsa)","created_at":"2020-04-16T14:47:24.725962Z","updated_at":"2020-05-27T14:46:26.727202Z","creation_info":{"address":"","user_agent":"","country_code":""},"organization_id":"951df375-e094-4d26-97c1-ba548eeb9c42"}'
    headers:
      Content-Length:
      - "602"
      Content-Security-Policy:
      - default-src 'none'; frame-ancestors 'none'
      Content-Type:
      - application/json
      Date:
      - Wed, 27 May 2020 14:46:26 GMT
      Server:
      - agw_listener_public_anycast
      Strict-Transport-Security:
      - max-age=63072000
      X-Content-Type-Options:
      - nosniff
      X-Frame-Options:
      - DENY
      X-Request-Id:
      - a749b8de-1a57-42bf-9bb9-7a1b15a40b74
    status: 200 OK
    code: 200
    duration: ""
- request:
    body: ""
    form: {}
    headers:
      User-Agent:
      - scaleway-sdk-go/v1.0.0-beta.6+dev (go1.14.3; darwin; amd64) cli-e2e-test
    url: https://api.scaleway.com/baremetal/v1alpha1/zones/fr-par-2/offers?page=1
    method: GET
  response:
    body: '{"total_count":7,"offers":[{"id":"3ab0dc29-2fd4-486e-88bf-d08fbf49214b","name":"HC-BM1-L","stock":"available","bandwidth":1000,"commercial_range":"high_cpu","price_by_minute":{"currency_code":"EUR","units":1,"nanos":499900000},"price_by_month":{"currency_code":"EUR","units":749,"nanos":990000000},"disk":[{"capacity":1024,"type":"NVMe"},{"capacity":1024,"type":"NVMe"},{"capacity":1024,"type":"NVMe"},{"capacity":1024,"type":"NVMe"}],"enable":true,"cpu":[{"name":"Intel
      Xeon Gold 5120","cores":14,"threads":28,"frequency":2200},{"name":"Intel Xeon
      Gold 5120","cores":14,"threads":28,"frequency":2200}],"memory":[{"capacity":384,"type":"DDR4","frequency":2133,"ecc":true}],"quota_name":"bmaas_high","price_per_sixty_minutes":{"currency_code":"EUR","units":1,"nanos":499900000},"price_per_month":{"currency_code":"EUR","units":749,"nanos":990000000}},{"id":"5363865f-2266-40f9-a43f-4f3aba251524","name":"HM-BM1-XL","stock":"available","bandwidth":1000,"commercial_range":"high_memory","price_by_minute":{"currency_code":"EUR","units":2,"nanos":599900000},"price_by_month":{"currency_code":"EUR","units":1299,"nanos":990000000},"disk":[{"capacity":1024,"type":"NVMe"},{"capacity":1024,"type":"NVMe"},{"capacity":1024,"type":"NVMe"},{"capacity":1024,"type":"NVMe"},{"capacity":1024,"type":"NVMe"},{"capacity":1024,"type":"NVMe"},{"capacity":1024,"type":"NVMe"},{"capacity":1024,"type":"NVMe"}],"enable":true,"cpu":[{"name":"Intel
      Xeon Gold 6140","cores":18,"threads":36,"frequency":2300},{"name":"Intel Xeon
      Gold 6140","cores":18,"threads":36,"frequency":2300}],"memory":[{"capacity":768,"type":"DDR4","frequency":2133,"ecc":true}],"quota_name":"bmaas_high","price_per_sixty_minutes":{"currency_code":"EUR","units":2,"nanos":599900000},"price_per_month":{"currency_code":"EUR","units":1299,"nanos":990000000}},{"id":"737f18c8-febc-4408-b69e-776bca0a3f48","name":"HC-BM1-S","stock":"available","bandwidth":1000,"commercial_range":"high_cpu","price_by_minute":{"currency_code":"EUR","units":0,"nanos":659900000},"price_by_month":{"currency_code":"EUR","units":329,"nanos":990000000},"disk":[{"capacity":1024,"type":"NVMe"},{"capacity":1024,"type":"NVMe"}],"enable":true,"cpu":[{"name":"Intel
      Xeon Silver 4114","cores":10,"threads":20,"frequency":2200},{"name":"Intel Xeon
      Silver 4114","cores":10,"threads":20,"frequency":2200}],"memory":[{"capacity":128,"type":"DDR4","frequency":2400,"ecc":true}],"quota_name":"bmaas_high","price_per_sixty_minutes":{"currency_code":"EUR","units":0,"nanos":659900000},"price_per_month":{"currency_code":"EUR","units":329,"nanos":990000000}},{"id":"7fde3890-9787-488c-ac89-c4e00a4e5f83","name":"GP-BM1-S","stock":"available","bandwidth":500,"commercial_range":"general_purpose","price_by_minute":{"currency_code":"EUR","units":0,"nanos":240000000},"price_by_month":{"currency_code":"EUR","units":119,"nanos":990000000},"disk":[{"capacity":250,"type":"SSD"},{"capacity":250,"type":"SSD"}],"enable":true,"cpu":[{"name":"Intel
      Xeon E3 1240v6","cores":4,"threads":8,"frequency":3700}],"memory":[{"capacity":32,"type":"DDR4","frequency":2133,"ecc":true}],"quota_name":"bmaas_gp","price_per_sixty_minutes":{"currency_code":"EUR","units":0,"nanos":240000000},"price_per_month":{"currency_code":"EUR","units":119,"nanos":990000000}},{"id":"8090d302-3545-4905-9cf3-bcb77a299f47","name":"GP-BM1-L","stock":"empty","bandwidth":750,"commercial_range":"general_purpose","price_by_minute":{"currency_code":"EUR","units":0,"nanos":499900000},"price_by_month":{"currency_code":"EUR","units":249,"nanos":990000000},"disk":[{"capacity":1024,"type":"NVMe"},{"capacity":1024,"type":"NVMe"}],"enable":true,"cpu":[{"name":"AMD
      EPYC 7281","cores":16,"threads":32,"frequency":2100}],"memory":[{"capacity":96,"type":"DDR4","frequency":2133,"ecc":true}],"quota_name":"bmaas_gp","price_per_sixty_minutes":{"currency_code":"EUR","units":0,"nanos":499900000},"price_per_month":{"currency_code":"EUR","units":249,"nanos":990000000}},{"id":"964f9b38-577e-470f-a220-7d762f9e8672","name":"GP-BM1-M","stock":"available","bandwidth":500,"commercial_range":"general_purpose","price_by_minute":{"currency_code":"EUR","units":0,"nanos":399900000},"price_by_month":{"currency_code":"EUR","units":199,"nanos":990000000},"disk":[{"capacity":1024,"type":"SSD"},{"capacity":1024,"type":"SSD"},{"capacity":1024,"type":"SSD"}],"enable":true,"cpu":[{"name":"Intel
      Xeon E3 1240v6","cores":4,"threads":8,"frequency":3700}],"memory":[{"capacity":64,"type":"DDR4","frequency":2133,"ecc":true}],"quota_name":"bmaas_gp","price_per_sixty_minutes":{"currency_code":"EUR","units":0,"nanos":399900000},"price_per_month":{"currency_code":"EUR","units":199,"nanos":990000000}},{"id":"c452f76a-2cda-4a1b-9658-a16952dc5ff0","name":"HM-BM1-M","stock":"available","bandwidth":1000,"commercial_range":"high_memory","price_by_minute":{"currency_code":"EUR","units":0,"nanos":799900000},"price_by_month":{"currency_code":"EUR","units":399,"nanos":990000000},"disk":[{"capacity":1024,"type":"NVMe"},{"capacity":1024,"type":"NVMe"},{"capacity":1024,"type":"NVMe"}],"enable":true,"cpu":[{"name":"AMD
      EPYC 7401P","cores":24,"threads":48,"frequency":2000}],"memory":[{"capacity":256,"type":"DDR4","frequency":2133,"ecc":true}],"quota_name":"bmaas_high","price_per_sixty_minutes":{"currency_code":"EUR","units":0,"nanos":799900000},"price_per_month":{"currency_code":"EUR","units":399,"nanos":990000000}}]}'
    headers:
      Content-Security-Policy:
      - default-src 'none'; frame-ancestors 'none'
      Content-Type:
      - application/json
      Date:
      - Wed, 27 May 2020 14:46:26 GMT
      Server:
      - agw_listener_public_anycast
      Strict-Transport-Security:
      - max-age=63072000
      X-Content-Type-Options:
      - nosniff
      X-Frame-Options:
      - DENY
      X-Request-Id:
      - fbb29362-d0ff-4911-8353-80b88e3029f2
    status: 200 OK
    code: 200
    duration: ""
- request:
    body: '{"offer_id":"7fde3890-9787-488c-ac89-c4e00a4e5f83","organization_id":"951df375-e094-4d26-97c1-ba548eeb9c42","name":"cli-bm-romantic-merkle","description":"","tags":null}'
    form: {}
    headers:
      Content-Type:
      - application/json
      User-Agent:
      - scaleway-sdk-go/v1.0.0-beta.6+dev (go1.14.3; darwin; amd64) cli-e2e-test
    url: https://api.scaleway.com/baremetal/v1alpha1/zones/fr-par-2/servers
    method: POST
  response:
    body: '{"id":"8a4d926e-8162-46d8-ab88-f3a3e603b54a","organization_id":"951df375-e094-4d26-97c1-ba548eeb9c42","name":"cli-bm-romantic-merkle","description":"","updated_at":"2020-05-27T14:46:27.008100239Z","created_at":"2020-05-27T14:46:27.008100239Z","status":"undelivered","offer_id":"7fde3890-9787-488c-ac89-c4e00a4e5f83","install":null,"tags":[],"ips":[],"domain":"","boot_type":"normal","ping_status":"ping_status_unknown","zone":"fr-par-2"}'
    headers:
      Content-Length:
      - "437"
      Content-Security-Policy:
      - default-src 'none'; frame-ancestors 'none'
      Content-Type:
      - application/json
      Date:
      - Wed, 27 May 2020 14:46:26 GMT
      Server:
      - agw_listener_public_anycast
      Strict-Transport-Security:
      - max-age=63072000
      X-Content-Type-Options:
      - nosniff
      X-Frame-Options:
      - DENY
      X-Request-Id:
      - 27e25539-6c84-4eec-afe6-12a7c8f02d04
    status: 200 OK
    code: 200
    duration: ""
- request:
    body: ""
    form: {}
    headers:
      User-Agent:
      - scaleway-sdk-go/v1.0.0-beta.6+dev (go1.14.3; darwin; amd64) cli-e2e-test
    url: https://api.scaleway.com/baremetal/v1alpha1/zones/fr-par-2/servers/8a4d926e-8162-46d8-ab88-f3a3e603b54a
    method: GET
  response:
    body: '{"id":"8a4d926e-8162-46d8-ab88-f3a3e603b54a","organization_id":"951df375-e094-4d26-97c1-ba548eeb9c42","name":"cli-bm-romantic-merkle","description":"","updated_at":"2020-05-27T14:46:27.008100Z","created_at":"2020-05-27T14:46:27.008100Z","status":"undelivered","offer_id":"7fde3890-9787-488c-ac89-c4e00a4e5f83","install":null,"tags":[],"ips":[],"domain":"","boot_type":"normal","ping_status":"ping_status_unknown","zone":"fr-par-2"}'
    headers:
      Content-Length:
      - "431"
      Content-Security-Policy:
      - default-src 'none'; frame-ancestors 'none'
      Content-Type:
      - application/json
      Date:
      - Wed, 27 May 2020 14:46:26 GMT
      Server:
      - agw_listener_public_anycast
      Strict-Transport-Security:
      - max-age=63072000
      X-Content-Type-Options:
      - nosniff
      X-Frame-Options:
      - DENY
      X-Request-Id:
      - a9fac526-fabc-40d8-806d-8a3f7e9795c7
    status: 200 OK
    code: 200
    duration: ""
- request:
    body: ""
    form: {}
    headers:
      User-Agent:
      - scaleway-sdk-go/v1.0.0-beta.6+dev (go1.14.3; darwin; amd64) cli-e2e-test
    url: https://api.scaleway.com/baremetal/v1alpha1/zones/fr-par-2/servers/8a4d926e-8162-46d8-ab88-f3a3e603b54a
    method: GET
  response:
    body: '{"id":"8a4d926e-8162-46d8-ab88-f3a3e603b54a","organization_id":"951df375-e094-4d26-97c1-ba548eeb9c42","name":"cli-bm-romantic-merkle","description":"","updated_at":"2020-05-27T14:46:27.550645Z","created_at":"2020-05-27T14:46:27.008100Z","status":"undelivered","offer_id":"7fde3890-9787-488c-ac89-c4e00a4e5f83","install":null,"tags":[],"ips":[],"domain":"","boot_type":"normal","ping_status":"ping_status_unknown","zone":"fr-par-2"}'
    headers:
      Content-Length:
      - "431"
      Content-Security-Policy:
      - default-src 'none'; frame-ancestors 'none'
      Content-Type:
      - application/json
      Date:
      - Wed, 27 May 2020 14:46:42 GMT
      Server:
      - agw_listener_public_anycast
      Strict-Transport-Security:
      - max-age=63072000
      X-Content-Type-Options:
      - nosniff
      X-Frame-Options:
      - DENY
      X-Request-Id:
      - ad50635b-fab6-424c-986d-c775c419dc92
    status: 200 OK
    code: 200
    duration: ""
- request:
    body: ""
    form: {}
    headers:
      User-Agent:
      - scaleway-sdk-go/v1.0.0-beta.6+dev (go1.14.3; darwin; amd64) cli-e2e-test
    url: https://api.scaleway.com/baremetal/v1alpha1/zones/fr-par-2/servers/8a4d926e-8162-46d8-ab88-f3a3e603b54a
    method: GET
  response:
    body: '{"id":"8a4d926e-8162-46d8-ab88-f3a3e603b54a","organization_id":"951df375-e094-4d26-97c1-ba548eeb9c42","name":"cli-bm-romantic-merkle","description":"","updated_at":"2020-05-27T14:46:27.550645Z","created_at":"2020-05-27T14:46:27.008100Z","status":"undelivered","offer_id":"7fde3890-9787-488c-ac89-c4e00a4e5f83","install":null,"tags":[],"ips":[],"domain":"","boot_type":"normal","ping_status":"ping_status_unknown","zone":"fr-par-2"}'
    headers:
      Content-Length:
      - "431"
      Content-Security-Policy:
      - default-src 'none'; frame-ancestors 'none'
      Content-Type:
      - application/json
      Date:
      - Wed, 27 May 2020 14:46:57 GMT
      Server:
      - agw_listener_public_anycast
      Strict-Transport-Security:
      - max-age=63072000
      X-Content-Type-Options:
      - nosniff
      X-Frame-Options:
      - DENY
      X-Request-Id:
      - 05bd5e49-33f4-4712-bc0d-131e1d19e2b8
    status: 200 OK
    code: 200
    duration: ""
- request:
    body: ""
    form: {}
    headers:
      User-Agent:
      - scaleway-sdk-go/v1.0.0-beta.6+dev (go1.14.3; darwin; amd64) cli-e2e-test
    url: https://api.scaleway.com/baremetal/v1alpha1/zones/fr-par-2/servers/8a4d926e-8162-46d8-ab88-f3a3e603b54a
    method: GET
  response:
    body: '{"id":"8a4d926e-8162-46d8-ab88-f3a3e603b54a","organization_id":"951df375-e094-4d26-97c1-ba548eeb9c42","name":"cli-bm-romantic-merkle","description":"","updated_at":"2020-05-27T14:46:27.550645Z","created_at":"2020-05-27T14:46:27.008100Z","status":"undelivered","offer_id":"7fde3890-9787-488c-ac89-c4e00a4e5f83","install":null,"tags":[],"ips":[],"domain":"","boot_type":"normal","ping_status":"ping_status_unknown","zone":"fr-par-2"}'
    headers:
      Content-Length:
      - "431"
      Content-Security-Policy:
      - default-src 'none'; frame-ancestors 'none'
      Content-Type:
      - application/json
      Date:
      - Wed, 27 May 2020 14:47:12 GMT
      Server:
      - agw_listener_public_anycast
      Strict-Transport-Security:
      - max-age=63072000
      X-Content-Type-Options:
      - nosniff
      X-Frame-Options:
      - DENY
      X-Request-Id:
      - 01dce7f5-171b-40c5-b071-d4a74fbd5e4d
    status: 200 OK
    code: 200
    duration: ""
- request:
    body: ""
    form: {}
    headers:
      User-Agent:
      - scaleway-sdk-go/v1.0.0-beta.6+dev (go1.14.3; darwin; amd64) cli-e2e-test
    url: https://api.scaleway.com/baremetal/v1alpha1/zones/fr-par-2/servers/8a4d926e-8162-46d8-ab88-f3a3e603b54a
    method: GET
  response:
    body: '{"id":"8a4d926e-8162-46d8-ab88-f3a3e603b54a","organization_id":"951df375-e094-4d26-97c1-ba548eeb9c42","name":"cli-bm-romantic-merkle","description":"","updated_at":"2020-05-27T14:46:27.550645Z","created_at":"2020-05-27T14:46:27.008100Z","status":"undelivered","offer_id":"7fde3890-9787-488c-ac89-c4e00a4e5f83","install":null,"tags":[],"ips":[],"domain":"","boot_type":"normal","ping_status":"ping_status_unknown","zone":"fr-par-2"}'
    headers:
      Content-Length:
      - "431"
      Content-Security-Policy:
      - default-src 'none'; frame-ancestors 'none'
      Content-Type:
      - application/json
      Date:
      - Wed, 27 May 2020 14:47:27 GMT
      Server:
      - agw_listener_public_anycast
      Strict-Transport-Security:
      - max-age=63072000
      X-Content-Type-Options:
      - nosniff
      X-Frame-Options:
      - DENY
      X-Request-Id:
      - a1d1c2d1-4d21-470c-9507-7a3465e0fc14
    status: 200 OK
    code: 200
    duration: ""
- request:
    body: ""
    form: {}
    headers:
      User-Agent:
      - scaleway-sdk-go/v1.0.0-beta.6+dev (go1.14.3; darwin; amd64) cli-e2e-test
    url: https://api.scaleway.com/baremetal/v1alpha1/zones/fr-par-2/servers/8a4d926e-8162-46d8-ab88-f3a3e603b54a
    method: GET
  response:
    body: '{"id":"8a4d926e-8162-46d8-ab88-f3a3e603b54a","organization_id":"951df375-e094-4d26-97c1-ba548eeb9c42","name":"cli-bm-romantic-merkle","description":"","updated_at":"2020-05-27T14:46:27.550645Z","created_at":"2020-05-27T14:46:27.008100Z","status":"undelivered","offer_id":"7fde3890-9787-488c-ac89-c4e00a4e5f83","install":null,"tags":[],"ips":[],"domain":"","boot_type":"normal","ping_status":"ping_status_unknown","zone":"fr-par-2"}'
    headers:
      Content-Length:
      - "431"
      Content-Security-Policy:
      - default-src 'none'; frame-ancestors 'none'
      Content-Type:
      - application/json
      Date:
      - Wed, 27 May 2020 14:47:42 GMT
      Server:
      - agw_listener_public_anycast
      Strict-Transport-Security:
      - max-age=63072000
      X-Content-Type-Options:
      - nosniff
      X-Frame-Options:
      - DENY
      X-Request-Id:
      - 3322ede5-3834-48c9-b89f-fcf093623b7e
    status: 200 OK
    code: 200
    duration: ""
- request:
    body: ""
    form: {}
    headers:
      User-Agent:
      - scaleway-sdk-go/v1.0.0-beta.6+dev (go1.14.3; darwin; amd64) cli-e2e-test
    url: https://api.scaleway.com/baremetal/v1alpha1/zones/fr-par-2/servers/8a4d926e-8162-46d8-ab88-f3a3e603b54a
    method: GET
  response:
    body: '{"id":"8a4d926e-8162-46d8-ab88-f3a3e603b54a","organization_id":"951df375-e094-4d26-97c1-ba548eeb9c42","name":"cli-bm-romantic-merkle","description":"","updated_at":"2020-05-27T14:46:27.550645Z","created_at":"2020-05-27T14:46:27.008100Z","status":"undelivered","offer_id":"7fde3890-9787-488c-ac89-c4e00a4e5f83","install":null,"tags":[],"ips":[],"domain":"","boot_type":"normal","ping_status":"ping_status_unknown","zone":"fr-par-2"}'
    headers:
      Content-Length:
      - "431"
      Content-Security-Policy:
      - default-src 'none'; frame-ancestors 'none'
      Content-Type:
      - application/json
      Date:
      - Wed, 27 May 2020 14:47:57 GMT
      Server:
      - agw_listener_public_anycast
      Strict-Transport-Security:
      - max-age=63072000
      X-Content-Type-Options:
      - nosniff
      X-Frame-Options:
      - DENY
      X-Request-Id:
      - 64fdc188-3505-479d-ae4d-424a7d1e0600
    status: 200 OK
    code: 200
    duration: ""
- request:
    body: ""
    form: {}
    headers:
      User-Agent:
      - scaleway-sdk-go/v1.0.0-beta.6+dev (go1.14.3; darwin; amd64) cli-e2e-test
    url: https://api.scaleway.com/baremetal/v1alpha1/zones/fr-par-2/servers/8a4d926e-8162-46d8-ab88-f3a3e603b54a
    method: GET
  response:
    body: '{"id":"8a4d926e-8162-46d8-ab88-f3a3e603b54a","organization_id":"951df375-e094-4d26-97c1-ba548eeb9c42","name":"cli-bm-romantic-merkle","description":"","updated_at":"2020-05-27T14:46:27.550645Z","created_at":"2020-05-27T14:46:27.008100Z","status":"undelivered","offer_id":"7fde3890-9787-488c-ac89-c4e00a4e5f83","install":null,"tags":[],"ips":[],"domain":"","boot_type":"normal","ping_status":"ping_status_unknown","zone":"fr-par-2"}'
    headers:
      Content-Length:
      - "431"
      Content-Security-Policy:
      - default-src 'none'; frame-ancestors 'none'
      Content-Type:
      - application/json
      Date:
      - Wed, 27 May 2020 14:48:12 GMT
      Server:
      - agw_listener_public_anycast
      Strict-Transport-Security:
      - max-age=63072000
      X-Content-Type-Options:
      - nosniff
      X-Frame-Options:
      - DENY
      X-Request-Id:
      - 49207b4d-3c98-41dd-8d53-51ac2f348dcc
    status: 200 OK
    code: 200
    duration: ""
- request:
    body: ""
    form: {}
    headers:
      User-Agent:
      - scaleway-sdk-go/v1.0.0-beta.6+dev (go1.14.3; darwin; amd64) cli-e2e-test
    url: https://api.scaleway.com/baremetal/v1alpha1/zones/fr-par-2/servers/8a4d926e-8162-46d8-ab88-f3a3e603b54a
    method: GET
  response:
    body: '{"id":"8a4d926e-8162-46d8-ab88-f3a3e603b54a","organization_id":"951df375-e094-4d26-97c1-ba548eeb9c42","name":"cli-bm-romantic-merkle","description":"","updated_at":"2020-05-27T14:46:27.550645Z","created_at":"2020-05-27T14:46:27.008100Z","status":"undelivered","offer_id":"7fde3890-9787-488c-ac89-c4e00a4e5f83","install":null,"tags":[],"ips":[],"domain":"","boot_type":"normal","ping_status":"ping_status_unknown","zone":"fr-par-2"}'
    headers:
      Content-Length:
      - "431"
      Content-Security-Policy:
      - default-src 'none'; frame-ancestors 'none'
      Content-Type:
      - application/json
      Date:
      - Wed, 27 May 2020 14:48:27 GMT
      Server:
      - agw_listener_public_anycast
      Strict-Transport-Security:
      - max-age=63072000
      X-Content-Type-Options:
      - nosniff
      X-Frame-Options:
      - DENY
      X-Request-Id:
      - ba09e17a-ffcb-4243-b431-3cc0f54260c9
    status: 200 OK
    code: 200
    duration: ""
- request:
    body: ""
    form: {}
    headers:
      User-Agent:
      - scaleway-sdk-go/v1.0.0-beta.6+dev (go1.14.3; darwin; amd64) cli-e2e-test
    url: https://api.scaleway.com/baremetal/v1alpha1/zones/fr-par-2/servers/8a4d926e-8162-46d8-ab88-f3a3e603b54a
    method: GET
  response:
    body: '{"id":"8a4d926e-8162-46d8-ab88-f3a3e603b54a","organization_id":"951df375-e094-4d26-97c1-ba548eeb9c42","name":"cli-bm-romantic-merkle","description":"","updated_at":"2020-05-27T14:46:27.550645Z","created_at":"2020-05-27T14:46:27.008100Z","status":"undelivered","offer_id":"7fde3890-9787-488c-ac89-c4e00a4e5f83","install":null,"tags":[],"ips":[],"domain":"","boot_type":"normal","ping_status":"ping_status_unknown","zone":"fr-par-2"}'
    headers:
      Content-Length:
      - "431"
      Content-Security-Policy:
      - default-src 'none'; frame-ancestors 'none'
      Content-Type:
      - application/json
      Date:
      - Wed, 27 May 2020 14:48:42 GMT
      Server:
      - agw_listener_public_anycast
      Strict-Transport-Security:
      - max-age=63072000
      X-Content-Type-Options:
      - nosniff
      X-Frame-Options:
      - DENY
      X-Request-Id:
      - 55679bc7-753f-4b60-bf69-4a0628fbf5bb
    status: 200 OK
    code: 200
    duration: ""
- request:
    body: ""
    form: {}
    headers:
      User-Agent:
      - scaleway-sdk-go/v1.0.0-beta.6+dev (go1.14.3; darwin; amd64) cli-e2e-test
    url: https://api.scaleway.com/baremetal/v1alpha1/zones/fr-par-2/servers/8a4d926e-8162-46d8-ab88-f3a3e603b54a
    method: GET
  response:
    body: '{"id":"8a4d926e-8162-46d8-ab88-f3a3e603b54a","organization_id":"951df375-e094-4d26-97c1-ba548eeb9c42","name":"cli-bm-romantic-merkle","description":"","updated_at":"2020-05-27T14:46:27.550645Z","created_at":"2020-05-27T14:46:27.008100Z","status":"undelivered","offer_id":"7fde3890-9787-488c-ac89-c4e00a4e5f83","install":null,"tags":[],"ips":[],"domain":"","boot_type":"normal","ping_status":"ping_status_unknown","zone":"fr-par-2"}'
    headers:
      Content-Length:
      - "431"
      Content-Security-Policy:
      - default-src 'none'; frame-ancestors 'none'
      Content-Type:
      - application/json
      Date:
      - Wed, 27 May 2020 14:48:57 GMT
      Server:
      - agw_listener_public_anycast
      Strict-Transport-Security:
      - max-age=63072000
      X-Content-Type-Options:
      - nosniff
      X-Frame-Options:
      - DENY
      X-Request-Id:
      - 6802f34f-427a-4520-8027-bb54c3ea870e
    status: 200 OK
    code: 200
    duration: ""
- request:
    body: ""
    form: {}
    headers:
      User-Agent:
      - scaleway-sdk-go/v1.0.0-beta.6+dev (go1.14.3; darwin; amd64) cli-e2e-test
    url: https://api.scaleway.com/baremetal/v1alpha1/zones/fr-par-2/servers/8a4d926e-8162-46d8-ab88-f3a3e603b54a
    method: GET
  response:
    body: '{"id":"8a4d926e-8162-46d8-ab88-f3a3e603b54a","organization_id":"951df375-e094-4d26-97c1-ba548eeb9c42","name":"cli-bm-romantic-merkle","description":"","updated_at":"2020-05-27T14:46:27.550645Z","created_at":"2020-05-27T14:46:27.008100Z","status":"undelivered","offer_id":"7fde3890-9787-488c-ac89-c4e00a4e5f83","install":null,"tags":[],"ips":[],"domain":"","boot_type":"normal","ping_status":"ping_status_unknown","zone":"fr-par-2"}'
    headers:
      Content-Length:
      - "431"
      Content-Security-Policy:
      - default-src 'none'; frame-ancestors 'none'
      Content-Type:
      - application/json
      Date:
      - Wed, 27 May 2020 14:49:12 GMT
      Server:
      - agw_listener_public_anycast
      Strict-Transport-Security:
      - max-age=63072000
      X-Content-Type-Options:
      - nosniff
      X-Frame-Options:
      - DENY
      X-Request-Id:
      - ee292c32-e88e-453c-87ca-1b1f3ef136c6
    status: 200 OK
    code: 200
    duration: ""
- request:
    body: ""
    form: {}
    headers:
      User-Agent:
      - scaleway-sdk-go/v1.0.0-beta.6+dev (go1.14.3; darwin; amd64) cli-e2e-test
    url: https://api.scaleway.com/baremetal/v1alpha1/zones/fr-par-2/servers/8a4d926e-8162-46d8-ab88-f3a3e603b54a
    method: GET
  response:
    body: '{"id":"8a4d926e-8162-46d8-ab88-f3a3e603b54a","organization_id":"951df375-e094-4d26-97c1-ba548eeb9c42","name":"cli-bm-romantic-merkle","description":"","updated_at":"2020-05-27T14:46:27.550645Z","created_at":"2020-05-27T14:46:27.008100Z","status":"undelivered","offer_id":"7fde3890-9787-488c-ac89-c4e00a4e5f83","install":null,"tags":[],"ips":[],"domain":"","boot_type":"normal","ping_status":"ping_status_unknown","zone":"fr-par-2"}'
    headers:
      Content-Length:
      - "431"
      Content-Security-Policy:
      - default-src 'none'; frame-ancestors 'none'
      Content-Type:
      - application/json
      Date:
      - Wed, 27 May 2020 14:49:27 GMT
      Server:
      - agw_listener_public_anycast
      Strict-Transport-Security:
      - max-age=63072000
      X-Content-Type-Options:
      - nosniff
      X-Frame-Options:
      - DENY
      X-Request-Id:
      - 85d9675b-04af-4dba-bfe8-990b4cccfa1a
    status: 200 OK
    code: 200
    duration: ""
- request:
    body: ""
    form: {}
    headers:
      User-Agent:
      - scaleway-sdk-go/v1.0.0-beta.6+dev (go1.14.3; darwin; amd64) cli-e2e-test
    url: https://api.scaleway.com/baremetal/v1alpha1/zones/fr-par-2/servers/8a4d926e-8162-46d8-ab88-f3a3e603b54a
    method: GET
  response:
    body: '{"id":"8a4d926e-8162-46d8-ab88-f3a3e603b54a","organization_id":"951df375-e094-4d26-97c1-ba548eeb9c42","name":"cli-bm-romantic-merkle","description":"","updated_at":"2020-05-27T14:46:27.550645Z","created_at":"2020-05-27T14:46:27.008100Z","status":"undelivered","offer_id":"7fde3890-9787-488c-ac89-c4e00a4e5f83","install":null,"tags":[],"ips":[],"domain":"","boot_type":"normal","ping_status":"ping_status_unknown","zone":"fr-par-2"}'
    headers:
      Content-Length:
      - "431"
      Content-Security-Policy:
      - default-src 'none'; frame-ancestors 'none'
      Content-Type:
      - application/json
      Date:
      - Wed, 27 May 2020 14:49:42 GMT
      Server:
      - agw_listener_public_anycast
      Strict-Transport-Security:
      - max-age=63072000
      X-Content-Type-Options:
      - nosniff
      X-Frame-Options:
      - DENY
      X-Request-Id:
      - 78fee935-7cd0-4eec-891f-59b9dbeb6ef0
    status: 200 OK
    code: 200
    duration: ""
- request:
    body: ""
    form: {}
    headers:
      User-Agent:
      - scaleway-sdk-go/v1.0.0-beta.6+dev (go1.14.3; darwin; amd64) cli-e2e-test
    url: https://api.scaleway.com/baremetal/v1alpha1/zones/fr-par-2/servers/8a4d926e-8162-46d8-ab88-f3a3e603b54a
    method: GET
  response:
    body: '{"id":"8a4d926e-8162-46d8-ab88-f3a3e603b54a","organization_id":"951df375-e094-4d26-97c1-ba548eeb9c42","name":"cli-bm-romantic-merkle","description":"","updated_at":"2020-05-27T14:46:27.550645Z","created_at":"2020-05-27T14:46:27.008100Z","status":"undelivered","offer_id":"7fde3890-9787-488c-ac89-c4e00a4e5f83","install":null,"tags":[],"ips":[],"domain":"","boot_type":"normal","ping_status":"ping_status_unknown","zone":"fr-par-2"}'
    headers:
      Content-Length:
      - "431"
      Content-Security-Policy:
      - default-src 'none'; frame-ancestors 'none'
      Content-Type:
      - application/json
      Date:
      - Wed, 27 May 2020 14:49:57 GMT
      Server:
      - agw_listener_public_anycast
      Strict-Transport-Security:
      - max-age=63072000
      X-Content-Type-Options:
      - nosniff
      X-Frame-Options:
      - DENY
      X-Request-Id:
      - 83a0dac8-d3d9-4a23-85c1-939228490430
    status: 200 OK
    code: 200
    duration: ""
- request:
    body: ""
    form: {}
    headers:
      User-Agent:
      - scaleway-sdk-go/v1.0.0-beta.6+dev (go1.14.3; darwin; amd64) cli-e2e-test
    url: https://api.scaleway.com/baremetal/v1alpha1/zones/fr-par-2/servers/8a4d926e-8162-46d8-ab88-f3a3e603b54a
    method: GET
  response:
    body: '{"id":"8a4d926e-8162-46d8-ab88-f3a3e603b54a","organization_id":"951df375-e094-4d26-97c1-ba548eeb9c42","name":"cli-bm-romantic-merkle","description":"","updated_at":"2020-05-27T14:50:09.847227Z","created_at":"2020-05-27T14:46:27.008100Z","status":"ready","offer_id":"7fde3890-9787-488c-ac89-c4e00a4e5f83","install":null,"tags":[],"ips":[{"id":"4262b735-ad16-4e19-b0b1-7851ecc47551","address":"51.159.31.77","reverse":"8a4d926e-8162-46d8-ab88-f3a3e603b54a.fr-par-2.baremetal.scw.cloud","version":"Ipv4","reverse_status":"pending","reverse_status_message":null},{"id":"64142317-3594-4001-ae62-f38c0fd1adc1","address":"2001:0bc8:6005:001b:dac4:97ff:fe2a:2ed4","reverse":"8a4d926e-8162-46d8-ab88-f3a3e603b54a.fr-par-2.baremetal.scw.cloud","version":"Ipv6","reverse_status":"pending","reverse_status_message":null}],"domain":"8a4d926e-8162-46d8-ab88-f3a3e603b54a.fr-par-2.baremetal.scw.cloud","boot_type":"normal","ping_status":"ping_status_unknown","zone":"fr-par-2"}'
    headers:
      Content-Length:
      - "962"
      Content-Security-Policy:
      - default-src 'none'; frame-ancestors 'none'
      Content-Type:
      - application/json
      Date:
      - Wed, 27 May 2020 14:50:12 GMT
      Server:
      - agw_listener_public_anycast
      Strict-Transport-Security:
      - max-age=63072000
      X-Content-Type-Options:
      - nosniff
      X-Frame-Options:
      - DENY
      X-Request-Id:
      - 7d768803-1238-481f-8225-ab82a8b8b8df
    status: 200 OK
    code: 200
    duration: ""
- request:
    body: ""
    form: {}
    headers:
      User-Agent:
      - scaleway-sdk-go/v1.0.0-beta.6+dev (go1.14.3; darwin; amd64) cli-e2e-test
    url: https://api.scaleway.com/account/v2alpha1/ssh-keys?order_by=created_at_asc&organization_id=11111111-1111-1111-1111-111111111111&page=1
    method: GET
  response:
    body: '{"ssh_keys":[{"id":"9bf6c340-687c-4f31-8aad-6a525761d8cd","name":"sieben-macbook","public_key":"ssh-rsa
      AAAAB3NzaC1yc2EAAAADAQABAAACAQDZrUk+hFs8hYZVu6PVzXIZH83glJfiqZU7gzxw9zSkinCNHZnJ0KViZmol/XUEvGPu0toWOnM5t9MUVRq3xMldo6TKOZ7tvqBDoYD/hMHSBZb+b5f12l7i43wV7dunypy+nKtlb+rv9YJdMdbVaXy29K5EPaQujYTZTvXFEB9b8P0NXt0jA+qsUEf6/TK7dONdh2PFrUFiLXtNxkw21n/q6JGfR78etQ3mIaDKffjoVYHKgMv2edGWpjAkZeM5eBg6U6kb7CMMstpxPfOPADkXu4hbWhMGG5TC4tuizfq8YAeE8t2nyfB+xq8MtQe5jTPLK1/B+NVuKvp+3WLDSrai6dbsMpFsZDXJL34BkoY7XsRf8FeaPiy5Z3ScD6YLTl986rztAPyLCKJrfPSSc2tAOgne9cGFVUPS+tehqtW+VPeD4qu00h7H9hX/x+hefqYL5cfS3h/qgpcUFw+69rVK6r1zcBwJyJAI9gUQ08628iirYku3KkUQ0VdlavrYYfB9wyStQ4VBUYpXKMhKgk5gCRRkEuJ2gETffj+nLZAqL13yFPm8lCOgRztp06S+K9Xq/cYVvAnDh8R2IsBGbs4KmpKMM7PA7mYf3XMI1KzAWXqc6RCv1a+PUwMK/AIKqnk040n2Q0yxuJSOufcVE6mWxVywHag9Ucww1FuSR54i7w==
      rleone@scaleway.com","fingerprint":"4096 MD5:43:ba:7c:ec:66:6b:cc:fe:02:91:04:29:32:19:30:bf
      rleone@scaleway.com (ssh-rsa)","created_at":"2019-05-02T08:26:01.304954Z","updated_at":"2020-05-13T22:32:46.471097Z","creation_info":{"address":"195.154.228.158","user_agent":"ansible
      2.7.0.dev0 Python 2.7.16","country_code":"FR"},"organization_id":"951df375-e094-4d26-97c1-ba548eeb9c42"},{"id":"cffa1bb1-57f0-4ad8-be20-f335df743b27","name":"juliencastets-macbook","public_key":"ssh-rsa
      AAAAB3NzaC1yc2EAAAADAQABAAABAQDMiV5DEMsYihbdS3kCJwzSBLgGO7L2j5z2/9+HVbJbzDvAz0HcUQ+sKOlvzEUzDgtNKNP+zs7C9sMcDKKUPsVzx2jpZgGN0hP9taDzWuMX+A4B4CBftTQHtZBV8dg+EVeI5Xv6HmY/WtAWC1Xfb8mvz5z+a/8D0u9IVURqiZy/n8moQwhjpK9+m634GorgMwduMZX1pPskSVL1m2ocaP8NFq8oV9L6zf9kSi7/Jwgci1TTsGYGsRSbpc665nP7MgyxZqpP0oQK8f6VW1ndFjsSgE1fT83/1WH8ro2Ou0Esh/FTs0Wxt2A5vIShYJIO+o680rNjbIhoWHLg5tU9+ip1
      macbook","fingerprint":"2048 MD5:00:43:dc:7f:26:64:70:a2:b9:cd:06:77:35:f2:f6:f6
      macbook (ssh-rsa)","created_at":"2020-02-26T12:46:58.241993Z","updated_at":"2020-02-26T12:46:58.241993Z","creation_info":{"address":"195.154.229.35","user_agent":"Mozilla/5.0
      (Macintosh; Intel Mac OS X 10_15_3) AppleWebKit/537.36 (KHTML, like Gecko) Chrome/79.0.3945.130
      Safari/537.36","country_code":"FR"},"organization_id":"951df375-e094-4d26-97c1-ba548eeb9c42"},{"id":"f06d9273-385e-4747-806c-d4673c410f9d","name":"","public_key":"ssh-rsa
      AAAAB3NzaC1yc2EAAAADAQABAAAAgQCbJuYSOQc01zjHsMyn4OUsW61cqRvttKt3StJgbvt2WBuGpwi1/5RtSoMQpudYlZpdeivFb21S8QRas8zcOc+6WqgWa2nj/8yA+cauRlV6CMWY+hOTkkg39xaekstuQ+WR2/AP7O/9hjVx5735+9ZNIxxHsFjVYdBEuk9gEX+1Rw==
      foobar@foobar","fingerprint":"1024 MD5:da:0f:06:4c:de:fe:a1:c0:6c:e9:bb:78:e1:a4:e8:ce
      foobar@foobar (ssh-rsa)","created_at":"2020-04-16T14:47:24.725962Z","updated_at":"2020-05-27T14:46:26.727202Z","creation_info":{"address":"","user_agent":"","country_code":""},"organization_id":"951df375-e094-4d26-97c1-ba548eeb9c42"}],"total_count":3}'
    headers:
      Content-Length:
      - "2740"
      Content-Security-Policy:
      - default-src 'none'; frame-ancestors 'none'
      Content-Type:
      - application/json
      Date:
      - Wed, 27 May 2020 14:50:12 GMT
      Server:
      - agw_listener_public_anycast
      Strict-Transport-Security:
      - max-age=63072000
      X-Content-Type-Options:
      - nosniff
      X-Frame-Options:
      - DENY
      X-Request-Id:
      - 793983f3-774b-4bb8-b96f-386993da0f35
    status: 200 OK
    code: 200
    duration: ""
- request:
    body: '{"os_id":"d859aa89-8b4a-4551-af42-ff7c0c27260a","hostname":"test-install-server","ssh_key_ids":["9bf6c340-687c-4f31-8aad-6a525761d8cd","cffa1bb1-57f0-4ad8-be20-f335df743b27","f06d9273-385e-4747-806c-d4673c410f9d"]}'
    form: {}
    headers:
      Content-Type:
      - application/json
      User-Agent:
      - scaleway-sdk-go/v1.0.0-beta.6+dev (go1.14.3; darwin; amd64) cli-e2e-test
    url: https://api.scaleway.com/baremetal/v1alpha1/zones/fr-par-2/servers/8a4d926e-8162-46d8-ab88-f3a3e603b54a/install
    method: POST
  response:
    body: '{"id":"8a4d926e-8162-46d8-ab88-f3a3e603b54a","organization_id":"951df375-e094-4d26-97c1-ba548eeb9c42","name":"cli-bm-romantic-merkle","description":"","updated_at":"2020-05-27T14:50:09.847227Z","created_at":"2020-05-27T14:46:27.008100Z","status":"ready","offer_id":"7fde3890-9787-488c-ac89-c4e00a4e5f83","install":{"os_id":"d859aa89-8b4a-4551-af42-ff7c0c27260a","hostname":"test-install-server","ssh_key_ids":["9bf6c340-687c-4f31-8aad-6a525761d8cd","cffa1bb1-57f0-4ad8-be20-f335df743b27","f06d9273-385e-4747-806c-d4673c410f9d"],"status":"to_install"},"tags":[],"ips":[{"id":"4262b735-ad16-4e19-b0b1-7851ecc47551","address":"51.159.31.77","reverse":"8a4d926e-8162-46d8-ab88-f3a3e603b54a.fr-par-2.baremetal.scw.cloud","version":"Ipv4","reverse_status":"pending","reverse_status_message":null},{"id":"64142317-3594-4001-ae62-f38c0fd1adc1","address":"2001:0bc8:6005:001b:dac4:97ff:fe2a:2ed4","reverse":"8a4d926e-8162-46d8-ab88-f3a3e603b54a.fr-par-2.baremetal.scw.cloud","version":"Ipv6","reverse_status":"pending","reverse_status_message":null}],"domain":"8a4d926e-8162-46d8-ab88-f3a3e603b54a.fr-par-2.baremetal.scw.cloud","boot_type":"normal","ping_status":"ping_status_unknown","zone":"fr-par-2"}'
    headers:
      Content-Length:
      - "1194"
      Content-Security-Policy:
      - default-src 'none'; frame-ancestors 'none'
      Content-Type:
      - application/json
      Date:
      - Wed, 27 May 2020 14:50:12 GMT
      Server:
      - agw_listener_public_anycast
      Strict-Transport-Security:
      - max-age=63072000
      X-Content-Type-Options:
      - nosniff
      X-Frame-Options:
      - DENY
      X-Request-Id:
      - 93388b1e-f3ef-4882-85bb-d3c6606f9ca5
    status: 200 OK
    code: 200
    duration: ""
- request:
    body: ""
    form: {}
    headers:
      User-Agent:
      - scaleway-sdk-go/v1.0.0-beta.6+dev (go1.14.3; darwin; amd64) cli-e2e-test
    url: https://api.scaleway.com/baremetal/v1alpha1/zones/fr-par-2/servers/8a4d926e-8162-46d8-ab88-f3a3e603b54a
    method: GET
  response:
    body: '{"id":"8a4d926e-8162-46d8-ab88-f3a3e603b54a","organization_id":"951df375-e094-4d26-97c1-ba548eeb9c42","name":"cli-bm-romantic-merkle","description":"","updated_at":"2020-05-27T14:50:09.847227Z","created_at":"2020-05-27T14:46:27.008100Z","status":"ready","offer_id":"7fde3890-9787-488c-ac89-c4e00a4e5f83","install":{"os_id":"d859aa89-8b4a-4551-af42-ff7c0c27260a","hostname":"test-install-server","ssh_key_ids":["9bf6c340-687c-4f31-8aad-6a525761d8cd","cffa1bb1-57f0-4ad8-be20-f335df743b27","f06d9273-385e-4747-806c-d4673c410f9d"],"status":"to_install"},"tags":[],"ips":[{"id":"4262b735-ad16-4e19-b0b1-7851ecc47551","address":"51.159.31.77","reverse":"8a4d926e-8162-46d8-ab88-f3a3e603b54a.fr-par-2.baremetal.scw.cloud","version":"Ipv4","reverse_status":"pending","reverse_status_message":null},{"id":"64142317-3594-4001-ae62-f38c0fd1adc1","address":"2001:0bc8:6005:001b:dac4:97ff:fe2a:2ed4","reverse":"8a4d926e-8162-46d8-ab88-f3a3e603b54a.fr-par-2.baremetal.scw.cloud","version":"Ipv6","reverse_status":"pending","reverse_status_message":null}],"domain":"8a4d926e-8162-46d8-ab88-f3a3e603b54a.fr-par-2.baremetal.scw.cloud","boot_type":"normal","ping_status":"ping_status_unknown","zone":"fr-par-2"}'
    headers:
      Content-Length:
      - "1194"
      Content-Security-Policy:
      - default-src 'none'; frame-ancestors 'none'
      Content-Type:
      - application/json
      Date:
      - Wed, 27 May 2020 14:50:12 GMT
      Server:
      - agw_listener_public_anycast
      Strict-Transport-Security:
      - max-age=63072000
      X-Content-Type-Options:
      - nosniff
      X-Frame-Options:
      - DENY
      X-Request-Id:
      - 7329e720-4173-4280-b8d1-46c3b5355957
    status: 200 OK
    code: 200
    duration: ""
- request:
    body: ""
    form: {}
    headers:
      User-Agent:
      - scaleway-sdk-go/v1.0.0-beta.6+dev (go1.14.3; darwin; amd64) cli-e2e-test
    url: https://api.scaleway.com/baremetal/v1alpha1/zones/fr-par-2/servers/8a4d926e-8162-46d8-ab88-f3a3e603b54a
    method: GET
  response:
    body: '{"id":"8a4d926e-8162-46d8-ab88-f3a3e603b54a","organization_id":"951df375-e094-4d26-97c1-ba548eeb9c42","name":"cli-bm-romantic-merkle","description":"","updated_at":"2020-05-27T14:50:09.847227Z","created_at":"2020-05-27T14:46:27.008100Z","status":"ready","offer_id":"7fde3890-9787-488c-ac89-c4e00a4e5f83","install":{"os_id":"d859aa89-8b4a-4551-af42-ff7c0c27260a","hostname":"test-install-server","ssh_key_ids":["9bf6c340-687c-4f31-8aad-6a525761d8cd","cffa1bb1-57f0-4ad8-be20-f335df743b27","f06d9273-385e-4747-806c-d4673c410f9d"],"status":"installing"},"tags":[],"ips":[{"id":"4262b735-ad16-4e19-b0b1-7851ecc47551","address":"51.159.31.77","reverse":"8a4d926e-8162-46d8-ab88-f3a3e603b54a.fr-par-2.baremetal.scw.cloud","version":"Ipv4","reverse_status":"pending","reverse_status_message":null},{"id":"64142317-3594-4001-ae62-f38c0fd1adc1","address":"2001:0bc8:6005:001b:dac4:97ff:fe2a:2ed4","reverse":"8a4d926e-8162-46d8-ab88-f3a3e603b54a.fr-par-2.baremetal.scw.cloud","version":"Ipv6","reverse_status":"pending","reverse_status_message":null}],"domain":"8a4d926e-8162-46d8-ab88-f3a3e603b54a.fr-par-2.baremetal.scw.cloud","boot_type":"normal","ping_status":"ping_status_unknown","zone":"fr-par-2"}'
    headers:
      Content-Length:
      - "1194"
      Content-Security-Policy:
      - default-src 'none'; frame-ancestors 'none'
      Content-Type:
      - application/json
      Date:
      - Wed, 27 May 2020 14:50:27 GMT
      Server:
      - agw_listener_public_anycast
      Strict-Transport-Security:
      - max-age=63072000
      X-Content-Type-Options:
      - nosniff
      X-Frame-Options:
      - DENY
      X-Request-Id:
      - ac51b8f0-3b4b-4484-9b75-a5291ea84f5b
    status: 200 OK
    code: 200
    duration: ""
- request:
    body: ""
    form: {}
    headers:
      User-Agent:
      - scaleway-sdk-go/v1.0.0-beta.6+dev (go1.14.3; darwin; amd64) cli-e2e-test
    url: https://api.scaleway.com/baremetal/v1alpha1/zones/fr-par-2/servers/8a4d926e-8162-46d8-ab88-f3a3e603b54a
    method: GET
  response:
    body: '{"id":"8a4d926e-8162-46d8-ab88-f3a3e603b54a","organization_id":"951df375-e094-4d26-97c1-ba548eeb9c42","name":"cli-bm-romantic-merkle","description":"","updated_at":"2020-05-27T14:50:09.847227Z","created_at":"2020-05-27T14:46:27.008100Z","status":"ready","offer_id":"7fde3890-9787-488c-ac89-c4e00a4e5f83","install":{"os_id":"d859aa89-8b4a-4551-af42-ff7c0c27260a","hostname":"test-install-server","ssh_key_ids":["9bf6c340-687c-4f31-8aad-6a525761d8cd","cffa1bb1-57f0-4ad8-be20-f335df743b27","f06d9273-385e-4747-806c-d4673c410f9d"],"status":"installing"},"tags":[],"ips":[{"id":"4262b735-ad16-4e19-b0b1-7851ecc47551","address":"51.159.31.77","reverse":"8a4d926e-8162-46d8-ab88-f3a3e603b54a.fr-par-2.baremetal.scw.cloud","version":"Ipv4","reverse_status":"pending","reverse_status_message":null},{"id":"64142317-3594-4001-ae62-f38c0fd1adc1","address":"2001:0bc8:6005:001b:dac4:97ff:fe2a:2ed4","reverse":"8a4d926e-8162-46d8-ab88-f3a3e603b54a.fr-par-2.baremetal.scw.cloud","version":"Ipv6","reverse_status":"pending","reverse_status_message":null}],"domain":"8a4d926e-8162-46d8-ab88-f3a3e603b54a.fr-par-2.baremetal.scw.cloud","boot_type":"normal","ping_status":"ping_status_unknown","zone":"fr-par-2"}'
    headers:
      Content-Length:
      - "1194"
      Content-Security-Policy:
      - default-src 'none'; frame-ancestors 'none'
      Content-Type:
      - application/json
      Date:
      - Wed, 27 May 2020 14:50:42 GMT
      Server:
      - agw_listener_public_anycast
      Strict-Transport-Security:
      - max-age=63072000
      X-Content-Type-Options:
      - nosniff
      X-Frame-Options:
      - DENY
      X-Request-Id:
      - a3cb438a-3604-4aa0-acc2-8f5611d161ab
    status: 200 OK
    code: 200
    duration: ""
- request:
    body: ""
    form: {}
    headers:
      User-Agent:
      - scaleway-sdk-go/v1.0.0-beta.6+dev (go1.14.3; darwin; amd64) cli-e2e-test
    url: https://api.scaleway.com/baremetal/v1alpha1/zones/fr-par-2/servers/8a4d926e-8162-46d8-ab88-f3a3e603b54a
    method: GET
  response:
    body: '{"id":"8a4d926e-8162-46d8-ab88-f3a3e603b54a","organization_id":"951df375-e094-4d26-97c1-ba548eeb9c42","name":"cli-bm-romantic-merkle","description":"","updated_at":"2020-05-27T14:50:09.847227Z","created_at":"2020-05-27T14:46:27.008100Z","status":"ready","offer_id":"7fde3890-9787-488c-ac89-c4e00a4e5f83","install":{"os_id":"d859aa89-8b4a-4551-af42-ff7c0c27260a","hostname":"test-install-server","ssh_key_ids":["9bf6c340-687c-4f31-8aad-6a525761d8cd","cffa1bb1-57f0-4ad8-be20-f335df743b27","f06d9273-385e-4747-806c-d4673c410f9d"],"status":"installing"},"tags":[],"ips":[{"id":"4262b735-ad16-4e19-b0b1-7851ecc47551","address":"51.159.31.77","reverse":"8a4d926e-8162-46d8-ab88-f3a3e603b54a.fr-par-2.baremetal.scw.cloud","version":"Ipv4","reverse_status":"pending","reverse_status_message":null},{"id":"64142317-3594-4001-ae62-f38c0fd1adc1","address":"2001:0bc8:6005:001b:dac4:97ff:fe2a:2ed4","reverse":"8a4d926e-8162-46d8-ab88-f3a3e603b54a.fr-par-2.baremetal.scw.cloud","version":"Ipv6","reverse_status":"pending","reverse_status_message":null}],"domain":"8a4d926e-8162-46d8-ab88-f3a3e603b54a.fr-par-2.baremetal.scw.cloud","boot_type":"normal","ping_status":"ping_status_unknown","zone":"fr-par-2"}'
    headers:
      Content-Length:
      - "1194"
      Content-Security-Policy:
      - default-src 'none'; frame-ancestors 'none'
      Content-Type:
      - application/json
      Date:
      - Wed, 27 May 2020 14:50:57 GMT
      Server:
      - agw_listener_public_anycast
      Strict-Transport-Security:
      - max-age=63072000
      X-Content-Type-Options:
      - nosniff
      X-Frame-Options:
      - DENY
      X-Request-Id:
      - 053ce522-d71b-40c3-8fc6-6d5bad34b714
    status: 200 OK
    code: 200
    duration: ""
- request:
    body: ""
    form: {}
    headers:
      User-Agent:
      - scaleway-sdk-go/v1.0.0-beta.6+dev (go1.14.3; darwin; amd64) cli-e2e-test
    url: https://api.scaleway.com/baremetal/v1alpha1/zones/fr-par-2/servers/8a4d926e-8162-46d8-ab88-f3a3e603b54a
    method: GET
  response:
    body: '{"id":"8a4d926e-8162-46d8-ab88-f3a3e603b54a","organization_id":"951df375-e094-4d26-97c1-ba548eeb9c42","name":"cli-bm-romantic-merkle","description":"","updated_at":"2020-05-27T14:50:09.847227Z","created_at":"2020-05-27T14:46:27.008100Z","status":"ready","offer_id":"7fde3890-9787-488c-ac89-c4e00a4e5f83","install":{"os_id":"d859aa89-8b4a-4551-af42-ff7c0c27260a","hostname":"test-install-server","ssh_key_ids":["9bf6c340-687c-4f31-8aad-6a525761d8cd","cffa1bb1-57f0-4ad8-be20-f335df743b27","f06d9273-385e-4747-806c-d4673c410f9d"],"status":"installing"},"tags":[],"ips":[{"id":"4262b735-ad16-4e19-b0b1-7851ecc47551","address":"51.159.31.77","reverse":"8a4d926e-8162-46d8-ab88-f3a3e603b54a.fr-par-2.baremetal.scw.cloud","version":"Ipv4","reverse_status":"pending","reverse_status_message":null},{"id":"64142317-3594-4001-ae62-f38c0fd1adc1","address":"2001:0bc8:6005:001b:dac4:97ff:fe2a:2ed4","reverse":"8a4d926e-8162-46d8-ab88-f3a3e603b54a.fr-par-2.baremetal.scw.cloud","version":"Ipv6","reverse_status":"pending","reverse_status_message":null}],"domain":"8a4d926e-8162-46d8-ab88-f3a3e603b54a.fr-par-2.baremetal.scw.cloud","boot_type":"normal","ping_status":"ping_status_unknown","zone":"fr-par-2"}'
    headers:
      Content-Length:
      - "1194"
      Content-Security-Policy:
      - default-src 'none'; frame-ancestors 'none'
      Content-Type:
      - application/json
      Date:
      - Wed, 27 May 2020 14:51:12 GMT
      Server:
      - agw_listener_public_anycast
      Strict-Transport-Security:
      - max-age=63072000
      X-Content-Type-Options:
      - nosniff
      X-Frame-Options:
      - DENY
      X-Request-Id:
      - f7ec0b67-988a-44e2-8496-7a93fd293bf4
    status: 200 OK
    code: 200
    duration: ""
- request:
    body: ""
    form: {}
    headers:
      User-Agent:
      - scaleway-sdk-go/v1.0.0-beta.6+dev (go1.14.3; darwin; amd64) cli-e2e-test
    url: https://api.scaleway.com/baremetal/v1alpha1/zones/fr-par-2/servers/8a4d926e-8162-46d8-ab88-f3a3e603b54a
    method: GET
  response:
    body: '{"id":"8a4d926e-8162-46d8-ab88-f3a3e603b54a","organization_id":"951df375-e094-4d26-97c1-ba548eeb9c42","name":"cli-bm-romantic-merkle","description":"","updated_at":"2020-05-27T14:50:09.847227Z","created_at":"2020-05-27T14:46:27.008100Z","status":"ready","offer_id":"7fde3890-9787-488c-ac89-c4e00a4e5f83","install":{"os_id":"d859aa89-8b4a-4551-af42-ff7c0c27260a","hostname":"test-install-server","ssh_key_ids":["9bf6c340-687c-4f31-8aad-6a525761d8cd","cffa1bb1-57f0-4ad8-be20-f335df743b27","f06d9273-385e-4747-806c-d4673c410f9d"],"status":"installing"},"tags":[],"ips":[{"id":"4262b735-ad16-4e19-b0b1-7851ecc47551","address":"51.159.31.77","reverse":"8a4d926e-8162-46d8-ab88-f3a3e603b54a.fr-par-2.baremetal.scw.cloud","version":"Ipv4","reverse_status":"pending","reverse_status_message":null},{"id":"64142317-3594-4001-ae62-f38c0fd1adc1","address":"2001:0bc8:6005:001b:dac4:97ff:fe2a:2ed4","reverse":"8a4d926e-8162-46d8-ab88-f3a3e603b54a.fr-par-2.baremetal.scw.cloud","version":"Ipv6","reverse_status":"pending","reverse_status_message":null}],"domain":"8a4d926e-8162-46d8-ab88-f3a3e603b54a.fr-par-2.baremetal.scw.cloud","boot_type":"normal","ping_status":"ping_status_unknown","zone":"fr-par-2"}'
    headers:
      Content-Length:
      - "1194"
      Content-Security-Policy:
      - default-src 'none'; frame-ancestors 'none'
      Content-Type:
      - application/json
      Date:
      - Wed, 27 May 2020 14:51:28 GMT
      Server:
      - agw_listener_public_anycast
      Strict-Transport-Security:
      - max-age=63072000
      X-Content-Type-Options:
      - nosniff
      X-Frame-Options:
      - DENY
      X-Request-Id:
      - 388a1c1f-3155-4f00-a9aa-53aad2017783
    status: 200 OK
    code: 200
    duration: ""
- request:
    body: ""
    form: {}
    headers:
      User-Agent:
      - scaleway-sdk-go/v1.0.0-beta.6+dev (go1.14.3; darwin; amd64) cli-e2e-test
    url: https://api.scaleway.com/baremetal/v1alpha1/zones/fr-par-2/servers/8a4d926e-8162-46d8-ab88-f3a3e603b54a
    method: GET
  response:
    body: '{"id":"8a4d926e-8162-46d8-ab88-f3a3e603b54a","organization_id":"951df375-e094-4d26-97c1-ba548eeb9c42","name":"cli-bm-romantic-merkle","description":"","updated_at":"2020-05-27T14:50:09.847227Z","created_at":"2020-05-27T14:46:27.008100Z","status":"ready","offer_id":"7fde3890-9787-488c-ac89-c4e00a4e5f83","install":{"os_id":"d859aa89-8b4a-4551-af42-ff7c0c27260a","hostname":"test-install-server","ssh_key_ids":["9bf6c340-687c-4f31-8aad-6a525761d8cd","cffa1bb1-57f0-4ad8-be20-f335df743b27","f06d9273-385e-4747-806c-d4673c410f9d"],"status":"installing"},"tags":[],"ips":[{"id":"4262b735-ad16-4e19-b0b1-7851ecc47551","address":"51.159.31.77","reverse":"8a4d926e-8162-46d8-ab88-f3a3e603b54a.fr-par-2.baremetal.scw.cloud","version":"Ipv4","reverse_status":"pending","reverse_status_message":null},{"id":"64142317-3594-4001-ae62-f38c0fd1adc1","address":"2001:0bc8:6005:001b:dac4:97ff:fe2a:2ed4","reverse":"8a4d926e-8162-46d8-ab88-f3a3e603b54a.fr-par-2.baremetal.scw.cloud","version":"Ipv6","reverse_status":"pending","reverse_status_message":null}],"domain":"8a4d926e-8162-46d8-ab88-f3a3e603b54a.fr-par-2.baremetal.scw.cloud","boot_type":"normal","ping_status":"ping_status_unknown","zone":"fr-par-2"}'
    headers:
      Content-Length:
      - "1194"
      Content-Security-Policy:
      - default-src 'none'; frame-ancestors 'none'
      Content-Type:
      - application/json
      Date:
      - Wed, 27 May 2020 14:51:43 GMT
      Server:
      - agw_listener_public_anycast
      Strict-Transport-Security:
      - max-age=63072000
      X-Content-Type-Options:
      - nosniff
      X-Frame-Options:
      - DENY
      X-Request-Id:
      - 25ea55df-319a-4419-9cf4-f02d5e9f3daa
    status: 200 OK
    code: 200
    duration: ""
- request:
    body: ""
    form: {}
    headers:
      User-Agent:
      - scaleway-sdk-go/v1.0.0-beta.6+dev (go1.14.3; darwin; amd64) cli-e2e-test
    url: https://api.scaleway.com/baremetal/v1alpha1/zones/fr-par-2/servers/8a4d926e-8162-46d8-ab88-f3a3e603b54a
    method: GET
  response:
    body: '{"id":"8a4d926e-8162-46d8-ab88-f3a3e603b54a","organization_id":"951df375-e094-4d26-97c1-ba548eeb9c42","name":"cli-bm-romantic-merkle","description":"","updated_at":"2020-05-27T14:50:09.847227Z","created_at":"2020-05-27T14:46:27.008100Z","status":"ready","offer_id":"7fde3890-9787-488c-ac89-c4e00a4e5f83","install":{"os_id":"d859aa89-8b4a-4551-af42-ff7c0c27260a","hostname":"test-install-server","ssh_key_ids":["9bf6c340-687c-4f31-8aad-6a525761d8cd","cffa1bb1-57f0-4ad8-be20-f335df743b27","f06d9273-385e-4747-806c-d4673c410f9d"],"status":"installing"},"tags":[],"ips":[{"id":"4262b735-ad16-4e19-b0b1-7851ecc47551","address":"51.159.31.77","reverse":"8a4d926e-8162-46d8-ab88-f3a3e603b54a.fr-par-2.baremetal.scw.cloud","version":"Ipv4","reverse_status":"pending","reverse_status_message":null},{"id":"64142317-3594-4001-ae62-f38c0fd1adc1","address":"2001:0bc8:6005:001b:dac4:97ff:fe2a:2ed4","reverse":"8a4d926e-8162-46d8-ab88-f3a3e603b54a.fr-par-2.baremetal.scw.cloud","version":"Ipv6","reverse_status":"pending","reverse_status_message":null}],"domain":"8a4d926e-8162-46d8-ab88-f3a3e603b54a.fr-par-2.baremetal.scw.cloud","boot_type":"normal","ping_status":"ping_status_unknown","zone":"fr-par-2"}'
    headers:
      Content-Length:
      - "1194"
      Content-Security-Policy:
      - default-src 'none'; frame-ancestors 'none'
      Content-Type:
      - application/json
      Date:
      - Wed, 27 May 2020 14:51:58 GMT
      Server:
      - agw_listener_public_anycast
      Strict-Transport-Security:
      - max-age=63072000
      X-Content-Type-Options:
      - nosniff
      X-Frame-Options:
      - DENY
      X-Request-Id:
      - 9bcd7dfb-c200-4c07-ba8c-68424f117299
    status: 200 OK
    code: 200
    duration: ""
- request:
    body: ""
    form: {}
    headers:
      User-Agent:
      - scaleway-sdk-go/v1.0.0-beta.6+dev (go1.14.3; darwin; amd64) cli-e2e-test
    url: https://api.scaleway.com/baremetal/v1alpha1/zones/fr-par-2/servers/8a4d926e-8162-46d8-ab88-f3a3e603b54a
    method: GET
  response:
    body: '{"id":"8a4d926e-8162-46d8-ab88-f3a3e603b54a","organization_id":"951df375-e094-4d26-97c1-ba548eeb9c42","name":"cli-bm-romantic-merkle","description":"","updated_at":"2020-05-27T14:50:09.847227Z","created_at":"2020-05-27T14:46:27.008100Z","status":"ready","offer_id":"7fde3890-9787-488c-ac89-c4e00a4e5f83","install":{"os_id":"d859aa89-8b4a-4551-af42-ff7c0c27260a","hostname":"test-install-server","ssh_key_ids":["9bf6c340-687c-4f31-8aad-6a525761d8cd","cffa1bb1-57f0-4ad8-be20-f335df743b27","f06d9273-385e-4747-806c-d4673c410f9d"],"status":"installing"},"tags":[],"ips":[{"id":"4262b735-ad16-4e19-b0b1-7851ecc47551","address":"51.159.31.77","reverse":"8a4d926e-8162-46d8-ab88-f3a3e603b54a.fr-par-2.baremetal.scw.cloud","version":"Ipv4","reverse_status":"pending","reverse_status_message":null},{"id":"64142317-3594-4001-ae62-f38c0fd1adc1","address":"2001:0bc8:6005:001b:dac4:97ff:fe2a:2ed4","reverse":"8a4d926e-8162-46d8-ab88-f3a3e603b54a.fr-par-2.baremetal.scw.cloud","version":"Ipv6","reverse_status":"pending","reverse_status_message":null}],"domain":"8a4d926e-8162-46d8-ab88-f3a3e603b54a.fr-par-2.baremetal.scw.cloud","boot_type":"normal","ping_status":"ping_status_unknown","zone":"fr-par-2"}'
    headers:
      Content-Length:
      - "1194"
      Content-Security-Policy:
      - default-src 'none'; frame-ancestors 'none'
      Content-Type:
      - application/json
      Date:
      - Wed, 27 May 2020 14:52:13 GMT
      Server:
      - agw_listener_public_anycast
      Strict-Transport-Security:
      - max-age=63072000
      X-Content-Type-Options:
      - nosniff
      X-Frame-Options:
      - DENY
      X-Request-Id:
      - 036c5ce0-be32-4b2f-9151-be3570cc3958
    status: 200 OK
    code: 200
    duration: ""
- request:
    body: ""
    form: {}
    headers:
      User-Agent:
      - scaleway-sdk-go/v1.0.0-beta.6+dev (go1.14.3; darwin; amd64) cli-e2e-test
    url: https://api.scaleway.com/baremetal/v1alpha1/zones/fr-par-2/servers/8a4d926e-8162-46d8-ab88-f3a3e603b54a
    method: GET
  response:
    body: '{"id":"8a4d926e-8162-46d8-ab88-f3a3e603b54a","organization_id":"951df375-e094-4d26-97c1-ba548eeb9c42","name":"cli-bm-romantic-merkle","description":"","updated_at":"2020-05-27T14:50:09.847227Z","created_at":"2020-05-27T14:46:27.008100Z","status":"ready","offer_id":"7fde3890-9787-488c-ac89-c4e00a4e5f83","install":{"os_id":"d859aa89-8b4a-4551-af42-ff7c0c27260a","hostname":"test-install-server","ssh_key_ids":["9bf6c340-687c-4f31-8aad-6a525761d8cd","cffa1bb1-57f0-4ad8-be20-f335df743b27","f06d9273-385e-4747-806c-d4673c410f9d"],"status":"installing"},"tags":[],"ips":[{"id":"4262b735-ad16-4e19-b0b1-7851ecc47551","address":"51.159.31.77","reverse":"8a4d926e-8162-46d8-ab88-f3a3e603b54a.fr-par-2.baremetal.scw.cloud","version":"Ipv4","reverse_status":"pending","reverse_status_message":null},{"id":"64142317-3594-4001-ae62-f38c0fd1adc1","address":"2001:0bc8:6005:001b:dac4:97ff:fe2a:2ed4","reverse":"8a4d926e-8162-46d8-ab88-f3a3e603b54a.fr-par-2.baremetal.scw.cloud","version":"Ipv6","reverse_status":"pending","reverse_status_message":null}],"domain":"8a4d926e-8162-46d8-ab88-f3a3e603b54a.fr-par-2.baremetal.scw.cloud","boot_type":"normal","ping_status":"ping_status_unknown","zone":"fr-par-2"}'
    headers:
      Content-Length:
      - "1194"
      Content-Security-Policy:
      - default-src 'none'; frame-ancestors 'none'
      Content-Type:
      - application/json
      Date:
      - Wed, 27 May 2020 14:52:28 GMT
      Server:
      - agw_listener_public_anycast
      Strict-Transport-Security:
      - max-age=63072000
      X-Content-Type-Options:
      - nosniff
      X-Frame-Options:
      - DENY
      X-Request-Id:
      - cb35999e-7fd4-4b3b-bc4d-764326a9dab2
    status: 200 OK
    code: 200
    duration: ""
- request:
    body: ""
    form: {}
    headers:
      User-Agent:
      - scaleway-sdk-go/v1.0.0-beta.6+dev (go1.14.3; darwin; amd64) cli-e2e-test
    url: https://api.scaleway.com/baremetal/v1alpha1/zones/fr-par-2/servers/8a4d926e-8162-46d8-ab88-f3a3e603b54a
    method: GET
  response:
    body: '{"id":"8a4d926e-8162-46d8-ab88-f3a3e603b54a","organization_id":"951df375-e094-4d26-97c1-ba548eeb9c42","name":"cli-bm-romantic-merkle","description":"","updated_at":"2020-05-27T14:50:09.847227Z","created_at":"2020-05-27T14:46:27.008100Z","status":"ready","offer_id":"7fde3890-9787-488c-ac89-c4e00a4e5f83","install":{"os_id":"d859aa89-8b4a-4551-af42-ff7c0c27260a","hostname":"test-install-server","ssh_key_ids":["9bf6c340-687c-4f31-8aad-6a525761d8cd","cffa1bb1-57f0-4ad8-be20-f335df743b27","f06d9273-385e-4747-806c-d4673c410f9d"],"status":"installing"},"tags":[],"ips":[{"id":"4262b735-ad16-4e19-b0b1-7851ecc47551","address":"51.159.31.77","reverse":"8a4d926e-8162-46d8-ab88-f3a3e603b54a.fr-par-2.baremetal.scw.cloud","version":"Ipv4","reverse_status":"pending","reverse_status_message":null},{"id":"64142317-3594-4001-ae62-f38c0fd1adc1","address":"2001:0bc8:6005:001b:dac4:97ff:fe2a:2ed4","reverse":"8a4d926e-8162-46d8-ab88-f3a3e603b54a.fr-par-2.baremetal.scw.cloud","version":"Ipv6","reverse_status":"pending","reverse_status_message":null}],"domain":"8a4d926e-8162-46d8-ab88-f3a3e603b54a.fr-par-2.baremetal.scw.cloud","boot_type":"normal","ping_status":"ping_status_unknown","zone":"fr-par-2"}'
    headers:
      Content-Length:
      - "1194"
      Content-Security-Policy:
      - default-src 'none'; frame-ancestors 'none'
      Content-Type:
      - application/json
      Date:
      - Wed, 27 May 2020 14:52:43 GMT
      Server:
      - agw_listener_public_anycast
      Strict-Transport-Security:
      - max-age=63072000
      X-Content-Type-Options:
      - nosniff
      X-Frame-Options:
      - DENY
      X-Request-Id:
      - b6af9990-b2a8-488b-9734-4b487cf01de0
    status: 200 OK
    code: 200
    duration: ""
- request:
    body: ""
    form: {}
    headers:
      User-Agent:
      - scaleway-sdk-go/v1.0.0-beta.6+dev (go1.14.3; darwin; amd64) cli-e2e-test
    url: https://api.scaleway.com/baremetal/v1alpha1/zones/fr-par-2/servers/8a4d926e-8162-46d8-ab88-f3a3e603b54a
    method: GET
  response:
    body: '{"id":"8a4d926e-8162-46d8-ab88-f3a3e603b54a","organization_id":"951df375-e094-4d26-97c1-ba548eeb9c42","name":"cli-bm-romantic-merkle","description":"","updated_at":"2020-05-27T14:50:09.847227Z","created_at":"2020-05-27T14:46:27.008100Z","status":"ready","offer_id":"7fde3890-9787-488c-ac89-c4e00a4e5f83","install":{"os_id":"d859aa89-8b4a-4551-af42-ff7c0c27260a","hostname":"test-install-server","ssh_key_ids":["9bf6c340-687c-4f31-8aad-6a525761d8cd","cffa1bb1-57f0-4ad8-be20-f335df743b27","f06d9273-385e-4747-806c-d4673c410f9d"],"status":"installing"},"tags":[],"ips":[{"id":"4262b735-ad16-4e19-b0b1-7851ecc47551","address":"51.159.31.77","reverse":"8a4d926e-8162-46d8-ab88-f3a3e603b54a.fr-par-2.baremetal.scw.cloud","version":"Ipv4","reverse_status":"pending","reverse_status_message":null},{"id":"64142317-3594-4001-ae62-f38c0fd1adc1","address":"2001:0bc8:6005:001b:dac4:97ff:fe2a:2ed4","reverse":"8a4d926e-8162-46d8-ab88-f3a3e603b54a.fr-par-2.baremetal.scw.cloud","version":"Ipv6","reverse_status":"pending","reverse_status_message":null}],"domain":"8a4d926e-8162-46d8-ab88-f3a3e603b54a.fr-par-2.baremetal.scw.cloud","boot_type":"normal","ping_status":"ping_status_unknown","zone":"fr-par-2"}'
    headers:
      Content-Length:
      - "1194"
      Content-Security-Policy:
      - default-src 'none'; frame-ancestors 'none'
      Content-Type:
      - application/json
      Date:
      - Wed, 27 May 2020 14:52:58 GMT
      Server:
      - agw_listener_public_anycast
      Strict-Transport-Security:
      - max-age=63072000
      X-Content-Type-Options:
      - nosniff
      X-Frame-Options:
      - DENY
      X-Request-Id:
      - 5bab0ebf-38a5-4cc9-b215-c23d2c4046f7
    status: 200 OK
    code: 200
    duration: ""
- request:
    body: ""
    form: {}
    headers:
      User-Agent:
      - scaleway-sdk-go/v1.0.0-beta.6+dev (go1.14.3; darwin; amd64) cli-e2e-test
    url: https://api.scaleway.com/baremetal/v1alpha1/zones/fr-par-2/servers/8a4d926e-8162-46d8-ab88-f3a3e603b54a
    method: GET
  response:
    body: '{"id":"8a4d926e-8162-46d8-ab88-f3a3e603b54a","organization_id":"951df375-e094-4d26-97c1-ba548eeb9c42","name":"cli-bm-romantic-merkle","description":"","updated_at":"2020-05-27T14:50:09.847227Z","created_at":"2020-05-27T14:46:27.008100Z","status":"ready","offer_id":"7fde3890-9787-488c-ac89-c4e00a4e5f83","install":{"os_id":"d859aa89-8b4a-4551-af42-ff7c0c27260a","hostname":"test-install-server","ssh_key_ids":["9bf6c340-687c-4f31-8aad-6a525761d8cd","cffa1bb1-57f0-4ad8-be20-f335df743b27","f06d9273-385e-4747-806c-d4673c410f9d"],"status":"installing"},"tags":[],"ips":[{"id":"4262b735-ad16-4e19-b0b1-7851ecc47551","address":"51.159.31.77","reverse":"8a4d926e-8162-46d8-ab88-f3a3e603b54a.fr-par-2.baremetal.scw.cloud","version":"Ipv4","reverse_status":"pending","reverse_status_message":null},{"id":"64142317-3594-4001-ae62-f38c0fd1adc1","address":"2001:0bc8:6005:001b:dac4:97ff:fe2a:2ed4","reverse":"8a4d926e-8162-46d8-ab88-f3a3e603b54a.fr-par-2.baremetal.scw.cloud","version":"Ipv6","reverse_status":"pending","reverse_status_message":null}],"domain":"8a4d926e-8162-46d8-ab88-f3a3e603b54a.fr-par-2.baremetal.scw.cloud","boot_type":"normal","ping_status":"ping_status_unknown","zone":"fr-par-2"}'
    headers:
      Content-Length:
      - "1194"
      Content-Security-Policy:
      - default-src 'none'; frame-ancestors 'none'
      Content-Type:
      - application/json
      Date:
      - Wed, 27 May 2020 14:53:13 GMT
      Server:
      - agw_listener_public_anycast
      Strict-Transport-Security:
      - max-age=63072000
      X-Content-Type-Options:
      - nosniff
      X-Frame-Options:
      - DENY
      X-Request-Id:
      - 78e705f5-ad93-47c4-97de-4ebdfbc334fe
    status: 200 OK
    code: 200
    duration: ""
- request:
    body: ""
    form: {}
    headers:
      User-Agent:
      - scaleway-sdk-go/v1.0.0-beta.6+dev (go1.14.3; darwin; amd64) cli-e2e-test
    url: https://api.scaleway.com/baremetal/v1alpha1/zones/fr-par-2/servers/8a4d926e-8162-46d8-ab88-f3a3e603b54a
    method: GET
  response:
    body: '{"id":"8a4d926e-8162-46d8-ab88-f3a3e603b54a","organization_id":"951df375-e094-4d26-97c1-ba548eeb9c42","name":"cli-bm-romantic-merkle","description":"","updated_at":"2020-05-27T14:50:09.847227Z","created_at":"2020-05-27T14:46:27.008100Z","status":"ready","offer_id":"7fde3890-9787-488c-ac89-c4e00a4e5f83","install":{"os_id":"d859aa89-8b4a-4551-af42-ff7c0c27260a","hostname":"test-install-server","ssh_key_ids":["9bf6c340-687c-4f31-8aad-6a525761d8cd","cffa1bb1-57f0-4ad8-be20-f335df743b27","f06d9273-385e-4747-806c-d4673c410f9d"],"status":"installing"},"tags":[],"ips":[{"id":"4262b735-ad16-4e19-b0b1-7851ecc47551","address":"51.159.31.77","reverse":"8a4d926e-8162-46d8-ab88-f3a3e603b54a.fr-par-2.baremetal.scw.cloud","version":"Ipv4","reverse_status":"pending","reverse_status_message":null},{"id":"64142317-3594-4001-ae62-f38c0fd1adc1","address":"2001:0bc8:6005:001b:dac4:97ff:fe2a:2ed4","reverse":"8a4d926e-8162-46d8-ab88-f3a3e603b54a.fr-par-2.baremetal.scw.cloud","version":"Ipv6","reverse_status":"pending","reverse_status_message":null}],"domain":"8a4d926e-8162-46d8-ab88-f3a3e603b54a.fr-par-2.baremetal.scw.cloud","boot_type":"normal","ping_status":"ping_status_unknown","zone":"fr-par-2"}'
    headers:
      Content-Length:
      - "1194"
      Content-Security-Policy:
      - default-src 'none'; frame-ancestors 'none'
      Content-Type:
      - application/json
      Date:
      - Wed, 27 May 2020 14:53:28 GMT
      Server:
      - agw_listener_public_anycast
      Strict-Transport-Security:
      - max-age=63072000
      X-Content-Type-Options:
      - nosniff
      X-Frame-Options:
      - DENY
      X-Request-Id:
      - b8e19a95-45b4-4a37-8393-bb94be65bee8
    status: 200 OK
    code: 200
    duration: ""
- request:
    body: ""
    form: {}
    headers:
      User-Agent:
      - scaleway-sdk-go/v1.0.0-beta.6+dev (go1.14.3; darwin; amd64) cli-e2e-test
    url: https://api.scaleway.com/baremetal/v1alpha1/zones/fr-par-2/servers/8a4d926e-8162-46d8-ab88-f3a3e603b54a
    method: GET
  response:
    body: '{"id":"8a4d926e-8162-46d8-ab88-f3a3e603b54a","organization_id":"951df375-e094-4d26-97c1-ba548eeb9c42","name":"cli-bm-romantic-merkle","description":"","updated_at":"2020-05-27T14:50:09.847227Z","created_at":"2020-05-27T14:46:27.008100Z","status":"ready","offer_id":"7fde3890-9787-488c-ac89-c4e00a4e5f83","install":{"os_id":"d859aa89-8b4a-4551-af42-ff7c0c27260a","hostname":"test-install-server","ssh_key_ids":["9bf6c340-687c-4f31-8aad-6a525761d8cd","cffa1bb1-57f0-4ad8-be20-f335df743b27","f06d9273-385e-4747-806c-d4673c410f9d"],"status":"installing"},"tags":[],"ips":[{"id":"4262b735-ad16-4e19-b0b1-7851ecc47551","address":"51.159.31.77","reverse":"8a4d926e-8162-46d8-ab88-f3a3e603b54a.fr-par-2.baremetal.scw.cloud","version":"Ipv4","reverse_status":"active","reverse_status_message":null},{"id":"64142317-3594-4001-ae62-f38c0fd1adc1","address":"2001:0bc8:6005:001b:dac4:97ff:fe2a:2ed4","reverse":"8a4d926e-8162-46d8-ab88-f3a3e603b54a.fr-par-2.baremetal.scw.cloud","version":"Ipv6","reverse_status":"active","reverse_status_message":null}],"domain":"8a4d926e-8162-46d8-ab88-f3a3e603b54a.fr-par-2.baremetal.scw.cloud","boot_type":"normal","ping_status":"ping_status_unknown","zone":"fr-par-2"}'
    headers:
      Content-Length:
      - "1192"
      Content-Security-Policy:
      - default-src 'none'; frame-ancestors 'none'
      Content-Type:
      - application/json
      Date:
      - Wed, 27 May 2020 14:53:43 GMT
      Server:
      - agw_listener_public_anycast
      Strict-Transport-Security:
      - max-age=63072000
      X-Content-Type-Options:
      - nosniff
      X-Frame-Options:
      - DENY
      X-Request-Id:
      - 2ec6add7-2520-42a0-b103-0b0d0f2a8ea1
    status: 200 OK
    code: 200
    duration: ""
- request:
    body: ""
    form: {}
    headers:
      User-Agent:
      - scaleway-sdk-go/v1.0.0-beta.6+dev (go1.14.3; darwin; amd64) cli-e2e-test
    url: https://api.scaleway.com/baremetal/v1alpha1/zones/fr-par-2/servers/8a4d926e-8162-46d8-ab88-f3a3e603b54a
    method: GET
  response:
    body: '{"id":"8a4d926e-8162-46d8-ab88-f3a3e603b54a","organization_id":"951df375-e094-4d26-97c1-ba548eeb9c42","name":"cli-bm-romantic-merkle","description":"","updated_at":"2020-05-27T14:50:09.847227Z","created_at":"2020-05-27T14:46:27.008100Z","status":"ready","offer_id":"7fde3890-9787-488c-ac89-c4e00a4e5f83","install":{"os_id":"d859aa89-8b4a-4551-af42-ff7c0c27260a","hostname":"test-install-server","ssh_key_ids":["9bf6c340-687c-4f31-8aad-6a525761d8cd","cffa1bb1-57f0-4ad8-be20-f335df743b27","f06d9273-385e-4747-806c-d4673c410f9d"],"status":"installing"},"tags":[],"ips":[{"id":"4262b735-ad16-4e19-b0b1-7851ecc47551","address":"51.159.31.77","reverse":"8a4d926e-8162-46d8-ab88-f3a3e603b54a.fr-par-2.baremetal.scw.cloud","version":"Ipv4","reverse_status":"active","reverse_status_message":null},{"id":"64142317-3594-4001-ae62-f38c0fd1adc1","address":"2001:0bc8:6005:001b:dac4:97ff:fe2a:2ed4","reverse":"8a4d926e-8162-46d8-ab88-f3a3e603b54a.fr-par-2.baremetal.scw.cloud","version":"Ipv6","reverse_status":"active","reverse_status_message":null}],"domain":"8a4d926e-8162-46d8-ab88-f3a3e603b54a.fr-par-2.baremetal.scw.cloud","boot_type":"normal","ping_status":"ping_status_unknown","zone":"fr-par-2"}'
    headers:
      Content-Length:
      - "1192"
      Content-Security-Policy:
      - default-src 'none'; frame-ancestors 'none'
      Content-Type:
      - application/json
      Date:
      - Wed, 27 May 2020 14:53:58 GMT
      Server:
      - agw_listener_public_anycast
      Strict-Transport-Security:
      - max-age=63072000
      X-Content-Type-Options:
      - nosniff
      X-Frame-Options:
      - DENY
      X-Request-Id:
      - c70da941-c223-40a7-8e87-a4e699fb4f59
    status: 200 OK
    code: 200
    duration: ""
- request:
    body: ""
    form: {}
    headers:
      User-Agent:
      - scaleway-sdk-go/v1.0.0-beta.6+dev (go1.14.3; darwin; amd64) cli-e2e-test
    url: https://api.scaleway.com/baremetal/v1alpha1/zones/fr-par-2/servers/8a4d926e-8162-46d8-ab88-f3a3e603b54a
    method: GET
  response:
    body: '{"id":"8a4d926e-8162-46d8-ab88-f3a3e603b54a","organization_id":"951df375-e094-4d26-97c1-ba548eeb9c42","name":"cli-bm-romantic-merkle","description":"","updated_at":"2020-05-27T14:50:09.847227Z","created_at":"2020-05-27T14:46:27.008100Z","status":"ready","offer_id":"7fde3890-9787-488c-ac89-c4e00a4e5f83","install":{"os_id":"d859aa89-8b4a-4551-af42-ff7c0c27260a","hostname":"test-install-server","ssh_key_ids":["9bf6c340-687c-4f31-8aad-6a525761d8cd","cffa1bb1-57f0-4ad8-be20-f335df743b27","f06d9273-385e-4747-806c-d4673c410f9d"],"status":"installing"},"tags":[],"ips":[{"id":"4262b735-ad16-4e19-b0b1-7851ecc47551","address":"51.159.31.77","reverse":"8a4d926e-8162-46d8-ab88-f3a3e603b54a.fr-par-2.baremetal.scw.cloud","version":"Ipv4","reverse_status":"active","reverse_status_message":null},{"id":"64142317-3594-4001-ae62-f38c0fd1adc1","address":"2001:0bc8:6005:001b:dac4:97ff:fe2a:2ed4","reverse":"8a4d926e-8162-46d8-ab88-f3a3e603b54a.fr-par-2.baremetal.scw.cloud","version":"Ipv6","reverse_status":"active","reverse_status_message":null}],"domain":"8a4d926e-8162-46d8-ab88-f3a3e603b54a.fr-par-2.baremetal.scw.cloud","boot_type":"normal","ping_status":"ping_status_unknown","zone":"fr-par-2"}'
    headers:
      Content-Length:
      - "1192"
      Content-Security-Policy:
      - default-src 'none'; frame-ancestors 'none'
      Content-Type:
      - application/json
      Date:
      - Wed, 27 May 2020 14:54:13 GMT
      Server:
      - agw_listener_public_anycast
      Strict-Transport-Security:
      - max-age=63072000
      X-Content-Type-Options:
      - nosniff
      X-Frame-Options:
      - DENY
      X-Request-Id:
      - 8e0aa246-adef-40c3-8223-a3d3bde99a57
    status: 200 OK
    code: 200
    duration: ""
- request:
    body: ""
    form: {}
    headers:
      User-Agent:
      - scaleway-sdk-go/v1.0.0-beta.6+dev (go1.14.3; darwin; amd64) cli-e2e-test
    url: https://api.scaleway.com/baremetal/v1alpha1/zones/fr-par-2/servers/8a4d926e-8162-46d8-ab88-f3a3e603b54a
    method: GET
  response:
    body: '{"id":"8a4d926e-8162-46d8-ab88-f3a3e603b54a","organization_id":"951df375-e094-4d26-97c1-ba548eeb9c42","name":"cli-bm-romantic-merkle","description":"","updated_at":"2020-05-27T14:50:09.847227Z","created_at":"2020-05-27T14:46:27.008100Z","status":"ready","offer_id":"7fde3890-9787-488c-ac89-c4e00a4e5f83","install":{"os_id":"d859aa89-8b4a-4551-af42-ff7c0c27260a","hostname":"test-install-server","ssh_key_ids":["9bf6c340-687c-4f31-8aad-6a525761d8cd","cffa1bb1-57f0-4ad8-be20-f335df743b27","f06d9273-385e-4747-806c-d4673c410f9d"],"status":"installing"},"tags":[],"ips":[{"id":"4262b735-ad16-4e19-b0b1-7851ecc47551","address":"51.159.31.77","reverse":"8a4d926e-8162-46d8-ab88-f3a3e603b54a.fr-par-2.baremetal.scw.cloud","version":"Ipv4","reverse_status":"active","reverse_status_message":null},{"id":"64142317-3594-4001-ae62-f38c0fd1adc1","address":"2001:0bc8:6005:001b:dac4:97ff:fe2a:2ed4","reverse":"8a4d926e-8162-46d8-ab88-f3a3e603b54a.fr-par-2.baremetal.scw.cloud","version":"Ipv6","reverse_status":"active","reverse_status_message":null}],"domain":"8a4d926e-8162-46d8-ab88-f3a3e603b54a.fr-par-2.baremetal.scw.cloud","boot_type":"normal","ping_status":"ping_status_unknown","zone":"fr-par-2"}'
    headers:
      Content-Length:
      - "1192"
      Content-Security-Policy:
      - default-src 'none'; frame-ancestors 'none'
      Content-Type:
      - application/json
      Date:
      - Wed, 27 May 2020 14:54:28 GMT
      Server:
      - agw_listener_public_anycast
      Strict-Transport-Security:
      - max-age=63072000
      X-Content-Type-Options:
      - nosniff
      X-Frame-Options:
      - DENY
      X-Request-Id:
      - 440f1353-125b-4846-948c-b72fddfb7979
    status: 200 OK
    code: 200
    duration: ""
- request:
    body: ""
    form: {}
    headers:
      User-Agent:
      - scaleway-sdk-go/v1.0.0-beta.6+dev (go1.14.3; darwin; amd64) cli-e2e-test
    url: https://api.scaleway.com/baremetal/v1alpha1/zones/fr-par-2/servers/8a4d926e-8162-46d8-ab88-f3a3e603b54a
    method: GET
  response:
    body: '{"id":"8a4d926e-8162-46d8-ab88-f3a3e603b54a","organization_id":"951df375-e094-4d26-97c1-ba548eeb9c42","name":"cli-bm-romantic-merkle","description":"","updated_at":"2020-05-27T14:50:09.847227Z","created_at":"2020-05-27T14:46:27.008100Z","status":"ready","offer_id":"7fde3890-9787-488c-ac89-c4e00a4e5f83","install":{"os_id":"d859aa89-8b4a-4551-af42-ff7c0c27260a","hostname":"test-install-server","ssh_key_ids":["9bf6c340-687c-4f31-8aad-6a525761d8cd","cffa1bb1-57f0-4ad8-be20-f335df743b27","f06d9273-385e-4747-806c-d4673c410f9d"],"status":"installing"},"tags":[],"ips":[{"id":"4262b735-ad16-4e19-b0b1-7851ecc47551","address":"51.159.31.77","reverse":"8a4d926e-8162-46d8-ab88-f3a3e603b54a.fr-par-2.baremetal.scw.cloud","version":"Ipv4","reverse_status":"active","reverse_status_message":null},{"id":"64142317-3594-4001-ae62-f38c0fd1adc1","address":"2001:0bc8:6005:001b:dac4:97ff:fe2a:2ed4","reverse":"8a4d926e-8162-46d8-ab88-f3a3e603b54a.fr-par-2.baremetal.scw.cloud","version":"Ipv6","reverse_status":"active","reverse_status_message":null}],"domain":"8a4d926e-8162-46d8-ab88-f3a3e603b54a.fr-par-2.baremetal.scw.cloud","boot_type":"normal","ping_status":"ping_status_unknown","zone":"fr-par-2"}'
    headers:
      Content-Length:
      - "1192"
      Content-Security-Policy:
      - default-src 'none'; frame-ancestors 'none'
      Content-Type:
      - application/json
      Date:
      - Wed, 27 May 2020 14:54:43 GMT
      Server:
      - agw_listener_public_anycast
      Strict-Transport-Security:
      - max-age=63072000
      X-Content-Type-Options:
      - nosniff
      X-Frame-Options:
      - DENY
      X-Request-Id:
      - 7ef1c33f-4d72-4c49-96ea-dc456ec86535
    status: 200 OK
    code: 200
    duration: ""
- request:
    body: ""
    form: {}
    headers:
      User-Agent:
      - scaleway-sdk-go/v1.0.0-beta.6+dev (go1.14.3; darwin; amd64) cli-e2e-test
    url: https://api.scaleway.com/baremetal/v1alpha1/zones/fr-par-2/servers/8a4d926e-8162-46d8-ab88-f3a3e603b54a
    method: GET
  response:
    body: '{"id":"8a4d926e-8162-46d8-ab88-f3a3e603b54a","organization_id":"951df375-e094-4d26-97c1-ba548eeb9c42","name":"cli-bm-romantic-merkle","description":"","updated_at":"2020-05-27T14:50:09.847227Z","created_at":"2020-05-27T14:46:27.008100Z","status":"ready","offer_id":"7fde3890-9787-488c-ac89-c4e00a4e5f83","install":{"os_id":"d859aa89-8b4a-4551-af42-ff7c0c27260a","hostname":"test-install-server","ssh_key_ids":["9bf6c340-687c-4f31-8aad-6a525761d8cd","cffa1bb1-57f0-4ad8-be20-f335df743b27","f06d9273-385e-4747-806c-d4673c410f9d"],"status":"installing"},"tags":[],"ips":[{"id":"4262b735-ad16-4e19-b0b1-7851ecc47551","address":"51.159.31.77","reverse":"8a4d926e-8162-46d8-ab88-f3a3e603b54a.fr-par-2.baremetal.scw.cloud","version":"Ipv4","reverse_status":"active","reverse_status_message":null},{"id":"64142317-3594-4001-ae62-f38c0fd1adc1","address":"2001:0bc8:6005:001b:dac4:97ff:fe2a:2ed4","reverse":"8a4d926e-8162-46d8-ab88-f3a3e603b54a.fr-par-2.baremetal.scw.cloud","version":"Ipv6","reverse_status":"active","reverse_status_message":null}],"domain":"8a4d926e-8162-46d8-ab88-f3a3e603b54a.fr-par-2.baremetal.scw.cloud","boot_type":"normal","ping_status":"ping_status_unknown","zone":"fr-par-2"}'
    headers:
      Content-Length:
      - "1192"
      Content-Security-Policy:
      - default-src 'none'; frame-ancestors 'none'
      Content-Type:
      - application/json
      Date:
      - Wed, 27 May 2020 14:54:58 GMT
      Server:
      - agw_listener_public_anycast
      Strict-Transport-Security:
      - max-age=63072000
      X-Content-Type-Options:
      - nosniff
      X-Frame-Options:
      - DENY
      X-Request-Id:
      - 344d42df-6549-42b7-a21e-73521420a608
    status: 200 OK
    code: 200
    duration: ""
- request:
    body: ""
    form: {}
    headers:
      User-Agent:
      - scaleway-sdk-go/v1.0.0-beta.6+dev (go1.14.3; darwin; amd64) cli-e2e-test
    url: https://api.scaleway.com/baremetal/v1alpha1/zones/fr-par-2/servers/8a4d926e-8162-46d8-ab88-f3a3e603b54a
    method: GET
  response:
    body: '{"id":"8a4d926e-8162-46d8-ab88-f3a3e603b54a","organization_id":"951df375-e094-4d26-97c1-ba548eeb9c42","name":"cli-bm-romantic-merkle","description":"","updated_at":"2020-05-27T14:50:09.847227Z","created_at":"2020-05-27T14:46:27.008100Z","status":"ready","offer_id":"7fde3890-9787-488c-ac89-c4e00a4e5f83","install":{"os_id":"d859aa89-8b4a-4551-af42-ff7c0c27260a","hostname":"test-install-server","ssh_key_ids":["9bf6c340-687c-4f31-8aad-6a525761d8cd","cffa1bb1-57f0-4ad8-be20-f335df743b27","f06d9273-385e-4747-806c-d4673c410f9d"],"status":"installing"},"tags":[],"ips":[{"id":"4262b735-ad16-4e19-b0b1-7851ecc47551","address":"51.159.31.77","reverse":"8a4d926e-8162-46d8-ab88-f3a3e603b54a.fr-par-2.baremetal.scw.cloud","version":"Ipv4","reverse_status":"active","reverse_status_message":null},{"id":"64142317-3594-4001-ae62-f38c0fd1adc1","address":"2001:0bc8:6005:001b:dac4:97ff:fe2a:2ed4","reverse":"8a4d926e-8162-46d8-ab88-f3a3e603b54a.fr-par-2.baremetal.scw.cloud","version":"Ipv6","reverse_status":"active","reverse_status_message":null}],"domain":"8a4d926e-8162-46d8-ab88-f3a3e603b54a.fr-par-2.baremetal.scw.cloud","boot_type":"normal","ping_status":"ping_status_unknown","zone":"fr-par-2"}'
    headers:
      Content-Length:
      - "1192"
      Content-Security-Policy:
      - default-src 'none'; frame-ancestors 'none'
      Content-Type:
      - application/json
      Date:
      - Wed, 27 May 2020 14:55:13 GMT
      Server:
      - agw_listener_public_anycast
      Strict-Transport-Security:
      - max-age=63072000
      X-Content-Type-Options:
      - nosniff
      X-Frame-Options:
      - DENY
      X-Request-Id:
      - 96e9e3dd-216f-4936-96ff-9cfbd8541e6f
    status: 200 OK
    code: 200
    duration: ""
- request:
    body: ""
    form: {}
    headers:
      User-Agent:
      - scaleway-sdk-go/v1.0.0-beta.6+dev (go1.14.3; darwin; amd64) cli-e2e-test
    url: https://api.scaleway.com/baremetal/v1alpha1/zones/fr-par-2/servers/8a4d926e-8162-46d8-ab88-f3a3e603b54a
    method: GET
  response:
    body: '{"id":"8a4d926e-8162-46d8-ab88-f3a3e603b54a","organization_id":"951df375-e094-4d26-97c1-ba548eeb9c42","name":"cli-bm-romantic-merkle","description":"","updated_at":"2020-05-27T14:50:09.847227Z","created_at":"2020-05-27T14:46:27.008100Z","status":"ready","offer_id":"7fde3890-9787-488c-ac89-c4e00a4e5f83","install":{"os_id":"d859aa89-8b4a-4551-af42-ff7c0c27260a","hostname":"test-install-server","ssh_key_ids":["9bf6c340-687c-4f31-8aad-6a525761d8cd","cffa1bb1-57f0-4ad8-be20-f335df743b27","f06d9273-385e-4747-806c-d4673c410f9d"],"status":"installing"},"tags":[],"ips":[{"id":"4262b735-ad16-4e19-b0b1-7851ecc47551","address":"51.159.31.77","reverse":"8a4d926e-8162-46d8-ab88-f3a3e603b54a.fr-par-2.baremetal.scw.cloud","version":"Ipv4","reverse_status":"active","reverse_status_message":null},{"id":"64142317-3594-4001-ae62-f38c0fd1adc1","address":"2001:0bc8:6005:001b:dac4:97ff:fe2a:2ed4","reverse":"8a4d926e-8162-46d8-ab88-f3a3e603b54a.fr-par-2.baremetal.scw.cloud","version":"Ipv6","reverse_status":"active","reverse_status_message":null}],"domain":"8a4d926e-8162-46d8-ab88-f3a3e603b54a.fr-par-2.baremetal.scw.cloud","boot_type":"normal","ping_status":"ping_status_unknown","zone":"fr-par-2"}'
    headers:
      Content-Length:
      - "1192"
      Content-Security-Policy:
      - default-src 'none'; frame-ancestors 'none'
      Content-Type:
      - application/json
      Date:
      - Wed, 27 May 2020 14:55:28 GMT
      Server:
      - agw_listener_public_anycast
      Strict-Transport-Security:
      - max-age=63072000
      X-Content-Type-Options:
      - nosniff
      X-Frame-Options:
      - DENY
      X-Request-Id:
      - cd252036-6b08-426e-9569-a85afc493581
    status: 200 OK
    code: 200
    duration: ""
- request:
    body: ""
    form: {}
    headers:
      User-Agent:
      - scaleway-sdk-go/v1.0.0-beta.6+dev (go1.14.3; darwin; amd64) cli-e2e-test
    url: https://api.scaleway.com/baremetal/v1alpha1/zones/fr-par-2/servers/8a4d926e-8162-46d8-ab88-f3a3e603b54a
    method: GET
  response:
    body: '{"id":"8a4d926e-8162-46d8-ab88-f3a3e603b54a","organization_id":"951df375-e094-4d26-97c1-ba548eeb9c42","name":"cli-bm-romantic-merkle","description":"","updated_at":"2020-05-27T14:50:09.847227Z","created_at":"2020-05-27T14:46:27.008100Z","status":"ready","offer_id":"7fde3890-9787-488c-ac89-c4e00a4e5f83","install":{"os_id":"d859aa89-8b4a-4551-af42-ff7c0c27260a","hostname":"test-install-server","ssh_key_ids":["9bf6c340-687c-4f31-8aad-6a525761d8cd","cffa1bb1-57f0-4ad8-be20-f335df743b27","f06d9273-385e-4747-806c-d4673c410f9d"],"status":"installing"},"tags":[],"ips":[{"id":"4262b735-ad16-4e19-b0b1-7851ecc47551","address":"51.159.31.77","reverse":"8a4d926e-8162-46d8-ab88-f3a3e603b54a.fr-par-2.baremetal.scw.cloud","version":"Ipv4","reverse_status":"active","reverse_status_message":null},{"id":"64142317-3594-4001-ae62-f38c0fd1adc1","address":"2001:0bc8:6005:001b:dac4:97ff:fe2a:2ed4","reverse":"8a4d926e-8162-46d8-ab88-f3a3e603b54a.fr-par-2.baremetal.scw.cloud","version":"Ipv6","reverse_status":"active","reverse_status_message":null}],"domain":"8a4d926e-8162-46d8-ab88-f3a3e603b54a.fr-par-2.baremetal.scw.cloud","boot_type":"normal","ping_status":"ping_status_unknown","zone":"fr-par-2"}'
    headers:
      Content-Length:
      - "1192"
      Content-Security-Policy:
      - default-src 'none'; frame-ancestors 'none'
      Content-Type:
      - application/json
      Date:
      - Wed, 27 May 2020 14:55:43 GMT
      Server:
      - agw_listener_public_anycast
      Strict-Transport-Security:
      - max-age=63072000
      X-Content-Type-Options:
      - nosniff
      X-Frame-Options:
      - DENY
      X-Request-Id:
      - a59b7adc-98be-4a89-965a-fd3c51b8b67a
    status: 200 OK
    code: 200
    duration: ""
- request:
    body: ""
    form: {}
    headers:
      User-Agent:
      - scaleway-sdk-go/v1.0.0-beta.6+dev (go1.14.3; darwin; amd64) cli-e2e-test
    url: https://api.scaleway.com/baremetal/v1alpha1/zones/fr-par-2/servers/8a4d926e-8162-46d8-ab88-f3a3e603b54a
    method: GET
  response:
    body: '{"id":"8a4d926e-8162-46d8-ab88-f3a3e603b54a","organization_id":"951df375-e094-4d26-97c1-ba548eeb9c42","name":"cli-bm-romantic-merkle","description":"","updated_at":"2020-05-27T14:50:09.847227Z","created_at":"2020-05-27T14:46:27.008100Z","status":"ready","offer_id":"7fde3890-9787-488c-ac89-c4e00a4e5f83","install":{"os_id":"d859aa89-8b4a-4551-af42-ff7c0c27260a","hostname":"test-install-server","ssh_key_ids":["9bf6c340-687c-4f31-8aad-6a525761d8cd","cffa1bb1-57f0-4ad8-be20-f335df743b27","f06d9273-385e-4747-806c-d4673c410f9d"],"status":"installing"},"tags":[],"ips":[{"id":"4262b735-ad16-4e19-b0b1-7851ecc47551","address":"51.159.31.77","reverse":"8a4d926e-8162-46d8-ab88-f3a3e603b54a.fr-par-2.baremetal.scw.cloud","version":"Ipv4","reverse_status":"active","reverse_status_message":null},{"id":"64142317-3594-4001-ae62-f38c0fd1adc1","address":"2001:0bc8:6005:001b:dac4:97ff:fe2a:2ed4","reverse":"8a4d926e-8162-46d8-ab88-f3a3e603b54a.fr-par-2.baremetal.scw.cloud","version":"Ipv6","reverse_status":"active","reverse_status_message":null}],"domain":"8a4d926e-8162-46d8-ab88-f3a3e603b54a.fr-par-2.baremetal.scw.cloud","boot_type":"normal","ping_status":"ping_status_unknown","zone":"fr-par-2"}'
    headers:
      Content-Length:
      - "1192"
      Content-Security-Policy:
      - default-src 'none'; frame-ancestors 'none'
      Content-Type:
      - application/json
      Date:
      - Wed, 27 May 2020 14:55:58 GMT
      Server:
      - agw_listener_public_anycast
      Strict-Transport-Security:
      - max-age=63072000
      X-Content-Type-Options:
      - nosniff
      X-Frame-Options:
      - DENY
      X-Request-Id:
      - a495a2e6-f374-44f6-af9a-fb331d438354
    status: 200 OK
    code: 200
    duration: ""
- request:
    body: ""
    form: {}
    headers:
      User-Agent:
      - scaleway-sdk-go/v1.0.0-beta.6+dev (go1.14.3; darwin; amd64) cli-e2e-test
    url: https://api.scaleway.com/baremetal/v1alpha1/zones/fr-par-2/servers/8a4d926e-8162-46d8-ab88-f3a3e603b54a
    method: GET
  response:
    body: '{"id":"8a4d926e-8162-46d8-ab88-f3a3e603b54a","organization_id":"951df375-e094-4d26-97c1-ba548eeb9c42","name":"cli-bm-romantic-merkle","description":"","updated_at":"2020-05-27T14:50:09.847227Z","created_at":"2020-05-27T14:46:27.008100Z","status":"ready","offer_id":"7fde3890-9787-488c-ac89-c4e00a4e5f83","install":{"os_id":"d859aa89-8b4a-4551-af42-ff7c0c27260a","hostname":"test-install-server","ssh_key_ids":["9bf6c340-687c-4f31-8aad-6a525761d8cd","cffa1bb1-57f0-4ad8-be20-f335df743b27","f06d9273-385e-4747-806c-d4673c410f9d"],"status":"installing"},"tags":[],"ips":[{"id":"4262b735-ad16-4e19-b0b1-7851ecc47551","address":"51.159.31.77","reverse":"8a4d926e-8162-46d8-ab88-f3a3e603b54a.fr-par-2.baremetal.scw.cloud","version":"Ipv4","reverse_status":"active","reverse_status_message":null},{"id":"64142317-3594-4001-ae62-f38c0fd1adc1","address":"2001:0bc8:6005:001b:dac4:97ff:fe2a:2ed4","reverse":"8a4d926e-8162-46d8-ab88-f3a3e603b54a.fr-par-2.baremetal.scw.cloud","version":"Ipv6","reverse_status":"active","reverse_status_message":null}],"domain":"8a4d926e-8162-46d8-ab88-f3a3e603b54a.fr-par-2.baremetal.scw.cloud","boot_type":"normal","ping_status":"ping_status_unknown","zone":"fr-par-2"}'
    headers:
      Content-Length:
      - "1192"
      Content-Security-Policy:
      - default-src 'none'; frame-ancestors 'none'
      Content-Type:
      - application/json
      Date:
      - Wed, 27 May 2020 14:56:13 GMT
      Server:
      - agw_listener_public_anycast
      Strict-Transport-Security:
      - max-age=63072000
      X-Content-Type-Options:
      - nosniff
      X-Frame-Options:
      - DENY
      X-Request-Id:
      - 54db76b3-3c11-4673-b2f3-e601af56d05d
    status: 200 OK
    code: 200
    duration: ""
- request:
    body: ""
    form: {}
    headers:
      User-Agent:
      - scaleway-sdk-go/v1.0.0-beta.6+dev (go1.14.3; darwin; amd64) cli-e2e-test
    url: https://api.scaleway.com/baremetal/v1alpha1/zones/fr-par-2/servers/8a4d926e-8162-46d8-ab88-f3a3e603b54a
    method: GET
  response:
    body: '{"id":"8a4d926e-8162-46d8-ab88-f3a3e603b54a","organization_id":"951df375-e094-4d26-97c1-ba548eeb9c42","name":"cli-bm-romantic-merkle","description":"","updated_at":"2020-05-27T14:50:09.847227Z","created_at":"2020-05-27T14:46:27.008100Z","status":"ready","offer_id":"7fde3890-9787-488c-ac89-c4e00a4e5f83","install":{"os_id":"d859aa89-8b4a-4551-af42-ff7c0c27260a","hostname":"test-install-server","ssh_key_ids":["9bf6c340-687c-4f31-8aad-6a525761d8cd","cffa1bb1-57f0-4ad8-be20-f335df743b27","f06d9273-385e-4747-806c-d4673c410f9d"],"status":"installing"},"tags":[],"ips":[{"id":"4262b735-ad16-4e19-b0b1-7851ecc47551","address":"51.159.31.77","reverse":"8a4d926e-8162-46d8-ab88-f3a3e603b54a.fr-par-2.baremetal.scw.cloud","version":"Ipv4","reverse_status":"active","reverse_status_message":null},{"id":"64142317-3594-4001-ae62-f38c0fd1adc1","address":"2001:0bc8:6005:001b:dac4:97ff:fe2a:2ed4","reverse":"8a4d926e-8162-46d8-ab88-f3a3e603b54a.fr-par-2.baremetal.scw.cloud","version":"Ipv6","reverse_status":"active","reverse_status_message":null}],"domain":"8a4d926e-8162-46d8-ab88-f3a3e603b54a.fr-par-2.baremetal.scw.cloud","boot_type":"normal","ping_status":"ping_status_unknown","zone":"fr-par-2"}'
    headers:
      Content-Length:
      - "1192"
      Content-Security-Policy:
      - default-src 'none'; frame-ancestors 'none'
      Content-Type:
      - application/json
      Date:
      - Wed, 27 May 2020 14:56:29 GMT
      Server:
      - agw_listener_public_anycast
      Strict-Transport-Security:
      - max-age=63072000
      X-Content-Type-Options:
      - nosniff
      X-Frame-Options:
      - DENY
      X-Request-Id:
      - c3c7c08d-8238-4319-93d2-39546ceee1e2
    status: 200 OK
    code: 200
    duration: ""
- request:
    body: ""
    form: {}
    headers:
      User-Agent:
      - scaleway-sdk-go/v1.0.0-beta.6+dev (go1.14.3; darwin; amd64) cli-e2e-test
    url: https://api.scaleway.com/baremetal/v1alpha1/zones/fr-par-2/servers/8a4d926e-8162-46d8-ab88-f3a3e603b54a
    method: GET
  response:
    body: '{"id":"8a4d926e-8162-46d8-ab88-f3a3e603b54a","organization_id":"951df375-e094-4d26-97c1-ba548eeb9c42","name":"cli-bm-romantic-merkle","description":"","updated_at":"2020-05-27T14:50:09.847227Z","created_at":"2020-05-27T14:46:27.008100Z","status":"ready","offer_id":"7fde3890-9787-488c-ac89-c4e00a4e5f83","install":{"os_id":"d859aa89-8b4a-4551-af42-ff7c0c27260a","hostname":"test-install-server","ssh_key_ids":["9bf6c340-687c-4f31-8aad-6a525761d8cd","cffa1bb1-57f0-4ad8-be20-f335df743b27","f06d9273-385e-4747-806c-d4673c410f9d"],"status":"installing"},"tags":[],"ips":[{"id":"4262b735-ad16-4e19-b0b1-7851ecc47551","address":"51.159.31.77","reverse":"8a4d926e-8162-46d8-ab88-f3a3e603b54a.fr-par-2.baremetal.scw.cloud","version":"Ipv4","reverse_status":"active","reverse_status_message":null},{"id":"64142317-3594-4001-ae62-f38c0fd1adc1","address":"2001:0bc8:6005:001b:dac4:97ff:fe2a:2ed4","reverse":"8a4d926e-8162-46d8-ab88-f3a3e603b54a.fr-par-2.baremetal.scw.cloud","version":"Ipv6","reverse_status":"active","reverse_status_message":null}],"domain":"8a4d926e-8162-46d8-ab88-f3a3e603b54a.fr-par-2.baremetal.scw.cloud","boot_type":"normal","ping_status":"ping_status_unknown","zone":"fr-par-2"}'
    headers:
      Content-Length:
      - "1192"
      Content-Security-Policy:
      - default-src 'none'; frame-ancestors 'none'
      Content-Type:
      - application/json
      Date:
      - Wed, 27 May 2020 14:56:44 GMT
      Server:
      - agw_listener_public_anycast
      Strict-Transport-Security:
      - max-age=63072000
      X-Content-Type-Options:
      - nosniff
      X-Frame-Options:
      - DENY
      X-Request-Id:
      - ee7b5d96-1933-47c0-8ae6-dbc817ff41c5
    status: 200 OK
    code: 200
    duration: ""
- request:
    body: ""
    form: {}
    headers:
      User-Agent:
      - scaleway-sdk-go/v1.0.0-beta.6+dev (go1.14.3; darwin; amd64) cli-e2e-test
    url: https://api.scaleway.com/baremetal/v1alpha1/zones/fr-par-2/servers/8a4d926e-8162-46d8-ab88-f3a3e603b54a
    method: GET
  response:
    body: '{"id":"8a4d926e-8162-46d8-ab88-f3a3e603b54a","organization_id":"951df375-e094-4d26-97c1-ba548eeb9c42","name":"cli-bm-romantic-merkle","description":"","updated_at":"2020-05-27T14:50:09.847227Z","created_at":"2020-05-27T14:46:27.008100Z","status":"ready","offer_id":"7fde3890-9787-488c-ac89-c4e00a4e5f83","install":{"os_id":"d859aa89-8b4a-4551-af42-ff7c0c27260a","hostname":"test-install-server","ssh_key_ids":["9bf6c340-687c-4f31-8aad-6a525761d8cd","cffa1bb1-57f0-4ad8-be20-f335df743b27","f06d9273-385e-4747-806c-d4673c410f9d"],"status":"installing"},"tags":[],"ips":[{"id":"4262b735-ad16-4e19-b0b1-7851ecc47551","address":"51.159.31.77","reverse":"8a4d926e-8162-46d8-ab88-f3a3e603b54a.fr-par-2.baremetal.scw.cloud","version":"Ipv4","reverse_status":"active","reverse_status_message":null},{"id":"64142317-3594-4001-ae62-f38c0fd1adc1","address":"2001:0bc8:6005:001b:dac4:97ff:fe2a:2ed4","reverse":"8a4d926e-8162-46d8-ab88-f3a3e603b54a.fr-par-2.baremetal.scw.cloud","version":"Ipv6","reverse_status":"active","reverse_status_message":null}],"domain":"8a4d926e-8162-46d8-ab88-f3a3e603b54a.fr-par-2.baremetal.scw.cloud","boot_type":"normal","ping_status":"ping_status_unknown","zone":"fr-par-2"}'
    headers:
      Content-Length:
      - "1192"
      Content-Security-Policy:
      - default-src 'none'; frame-ancestors 'none'
      Content-Type:
      - application/json
      Date:
      - Wed, 27 May 2020 14:56:59 GMT
      Server:
      - agw_listener_public_anycast
      Strict-Transport-Security:
      - max-age=63072000
      X-Content-Type-Options:
      - nosniff
      X-Frame-Options:
      - DENY
      X-Request-Id:
      - 98333e02-fb11-402f-a64a-bb3838b39491
    status: 200 OK
    code: 200
    duration: ""
- request:
    body: ""
    form: {}
    headers:
      User-Agent:
      - scaleway-sdk-go/v1.0.0-beta.6+dev (go1.14.3; darwin; amd64) cli-e2e-test
    url: https://api.scaleway.com/baremetal/v1alpha1/zones/fr-par-2/servers/8a4d926e-8162-46d8-ab88-f3a3e603b54a
    method: GET
  response:
    body: '{"id":"8a4d926e-8162-46d8-ab88-f3a3e603b54a","organization_id":"951df375-e094-4d26-97c1-ba548eeb9c42","name":"cli-bm-romantic-merkle","description":"","updated_at":"2020-05-27T14:50:09.847227Z","created_at":"2020-05-27T14:46:27.008100Z","status":"ready","offer_id":"7fde3890-9787-488c-ac89-c4e00a4e5f83","install":{"os_id":"d859aa89-8b4a-4551-af42-ff7c0c27260a","hostname":"test-install-server","ssh_key_ids":["9bf6c340-687c-4f31-8aad-6a525761d8cd","cffa1bb1-57f0-4ad8-be20-f335df743b27","f06d9273-385e-4747-806c-d4673c410f9d"],"status":"installing"},"tags":[],"ips":[{"id":"4262b735-ad16-4e19-b0b1-7851ecc47551","address":"51.159.31.77","reverse":"8a4d926e-8162-46d8-ab88-f3a3e603b54a.fr-par-2.baremetal.scw.cloud","version":"Ipv4","reverse_status":"active","reverse_status_message":null},{"id":"64142317-3594-4001-ae62-f38c0fd1adc1","address":"2001:0bc8:6005:001b:dac4:97ff:fe2a:2ed4","reverse":"8a4d926e-8162-46d8-ab88-f3a3e603b54a.fr-par-2.baremetal.scw.cloud","version":"Ipv6","reverse_status":"active","reverse_status_message":null}],"domain":"8a4d926e-8162-46d8-ab88-f3a3e603b54a.fr-par-2.baremetal.scw.cloud","boot_type":"normal","ping_status":"ping_status_unknown","zone":"fr-par-2"}'
    headers:
      Content-Length:
      - "1192"
      Content-Security-Policy:
      - default-src 'none'; frame-ancestors 'none'
      Content-Type:
      - application/json
      Date:
      - Wed, 27 May 2020 14:57:14 GMT
      Server:
      - agw_listener_public_anycast
      Strict-Transport-Security:
      - max-age=63072000
      X-Content-Type-Options:
      - nosniff
      X-Frame-Options:
      - DENY
      X-Request-Id:
      - 4aebf749-5802-4ed9-a668-4aa7d793029e
    status: 200 OK
    code: 200
    duration: ""
- request:
    body: ""
    form: {}
    headers:
      User-Agent:
      - scaleway-sdk-go/v1.0.0-beta.6+dev (go1.14.3; darwin; amd64) cli-e2e-test
    url: https://api.scaleway.com/baremetal/v1alpha1/zones/fr-par-2/servers/8a4d926e-8162-46d8-ab88-f3a3e603b54a
    method: GET
  response:
    body: '{"id":"8a4d926e-8162-46d8-ab88-f3a3e603b54a","organization_id":"951df375-e094-4d26-97c1-ba548eeb9c42","name":"cli-bm-romantic-merkle","description":"","updated_at":"2020-05-27T14:50:09.847227Z","created_at":"2020-05-27T14:46:27.008100Z","status":"ready","offer_id":"7fde3890-9787-488c-ac89-c4e00a4e5f83","install":{"os_id":"d859aa89-8b4a-4551-af42-ff7c0c27260a","hostname":"test-install-server","ssh_key_ids":["9bf6c340-687c-4f31-8aad-6a525761d8cd","cffa1bb1-57f0-4ad8-be20-f335df743b27","f06d9273-385e-4747-806c-d4673c410f9d"],"status":"installing"},"tags":[],"ips":[{"id":"4262b735-ad16-4e19-b0b1-7851ecc47551","address":"51.159.31.77","reverse":"8a4d926e-8162-46d8-ab88-f3a3e603b54a.fr-par-2.baremetal.scw.cloud","version":"Ipv4","reverse_status":"active","reverse_status_message":null},{"id":"64142317-3594-4001-ae62-f38c0fd1adc1","address":"2001:0bc8:6005:001b:dac4:97ff:fe2a:2ed4","reverse":"8a4d926e-8162-46d8-ab88-f3a3e603b54a.fr-par-2.baremetal.scw.cloud","version":"Ipv6","reverse_status":"active","reverse_status_message":null}],"domain":"8a4d926e-8162-46d8-ab88-f3a3e603b54a.fr-par-2.baremetal.scw.cloud","boot_type":"normal","ping_status":"ping_status_unknown","zone":"fr-par-2"}'
    headers:
      Content-Length:
      - "1192"
      Content-Security-Policy:
      - default-src 'none'; frame-ancestors 'none'
      Content-Type:
      - application/json
      Date:
      - Wed, 27 May 2020 14:57:29 GMT
      Server:
      - agw_listener_public_anycast
      Strict-Transport-Security:
      - max-age=63072000
      X-Content-Type-Options:
      - nosniff
      X-Frame-Options:
      - DENY
      X-Request-Id:
      - e4c661c2-db7d-4af3-81b1-a908aa9b8b18
    status: 200 OK
    code: 200
    duration: ""
- request:
    body: ""
    form: {}
    headers:
      User-Agent:
      - scaleway-sdk-go/v1.0.0-beta.6+dev (go1.14.3; darwin; amd64) cli-e2e-test
    url: https://api.scaleway.com/baremetal/v1alpha1/zones/fr-par-2/servers/8a4d926e-8162-46d8-ab88-f3a3e603b54a
    method: GET
  response:
    body: '{"id":"8a4d926e-8162-46d8-ab88-f3a3e603b54a","organization_id":"951df375-e094-4d26-97c1-ba548eeb9c42","name":"cli-bm-romantic-merkle","description":"","updated_at":"2020-05-27T14:50:09.847227Z","created_at":"2020-05-27T14:46:27.008100Z","status":"ready","offer_id":"7fde3890-9787-488c-ac89-c4e00a4e5f83","install":{"os_id":"d859aa89-8b4a-4551-af42-ff7c0c27260a","hostname":"test-install-server","ssh_key_ids":["9bf6c340-687c-4f31-8aad-6a525761d8cd","cffa1bb1-57f0-4ad8-be20-f335df743b27","f06d9273-385e-4747-806c-d4673c410f9d"],"status":"installing"},"tags":[],"ips":[{"id":"4262b735-ad16-4e19-b0b1-7851ecc47551","address":"51.159.31.77","reverse":"8a4d926e-8162-46d8-ab88-f3a3e603b54a.fr-par-2.baremetal.scw.cloud","version":"Ipv4","reverse_status":"active","reverse_status_message":null},{"id":"64142317-3594-4001-ae62-f38c0fd1adc1","address":"2001:0bc8:6005:001b:dac4:97ff:fe2a:2ed4","reverse":"8a4d926e-8162-46d8-ab88-f3a3e603b54a.fr-par-2.baremetal.scw.cloud","version":"Ipv6","reverse_status":"active","reverse_status_message":null}],"domain":"8a4d926e-8162-46d8-ab88-f3a3e603b54a.fr-par-2.baremetal.scw.cloud","boot_type":"normal","ping_status":"ping_status_unknown","zone":"fr-par-2"}'
    headers:
      Content-Length:
      - "1192"
      Content-Security-Policy:
      - default-src 'none'; frame-ancestors 'none'
      Content-Type:
      - application/json
      Date:
      - Wed, 27 May 2020 14:57:44 GMT
      Server:
      - agw_listener_public_anycast
      Strict-Transport-Security:
      - max-age=63072000
      X-Content-Type-Options:
      - nosniff
      X-Frame-Options:
      - DENY
      X-Request-Id:
      - b9d6bd92-7f8d-47a3-be51-197594c50420
    status: 200 OK
    code: 200
    duration: ""
- request:
    body: ""
    form: {}
    headers:
      User-Agent:
      - scaleway-sdk-go/v1.0.0-beta.6+dev (go1.14.3; darwin; amd64) cli-e2e-test
    url: https://api.scaleway.com/baremetal/v1alpha1/zones/fr-par-2/servers/8a4d926e-8162-46d8-ab88-f3a3e603b54a
    method: GET
  response:
    body: '{"id":"8a4d926e-8162-46d8-ab88-f3a3e603b54a","organization_id":"951df375-e094-4d26-97c1-ba548eeb9c42","name":"cli-bm-romantic-merkle","description":"","updated_at":"2020-05-27T14:50:09.847227Z","created_at":"2020-05-27T14:46:27.008100Z","status":"ready","offer_id":"7fde3890-9787-488c-ac89-c4e00a4e5f83","install":{"os_id":"d859aa89-8b4a-4551-af42-ff7c0c27260a","hostname":"test-install-server","ssh_key_ids":["9bf6c340-687c-4f31-8aad-6a525761d8cd","cffa1bb1-57f0-4ad8-be20-f335df743b27","f06d9273-385e-4747-806c-d4673c410f9d"],"status":"installing"},"tags":[],"ips":[{"id":"4262b735-ad16-4e19-b0b1-7851ecc47551","address":"51.159.31.77","reverse":"8a4d926e-8162-46d8-ab88-f3a3e603b54a.fr-par-2.baremetal.scw.cloud","version":"Ipv4","reverse_status":"active","reverse_status_message":null},{"id":"64142317-3594-4001-ae62-f38c0fd1adc1","address":"2001:0bc8:6005:001b:dac4:97ff:fe2a:2ed4","reverse":"8a4d926e-8162-46d8-ab88-f3a3e603b54a.fr-par-2.baremetal.scw.cloud","version":"Ipv6","reverse_status":"active","reverse_status_message":null}],"domain":"8a4d926e-8162-46d8-ab88-f3a3e603b54a.fr-par-2.baremetal.scw.cloud","boot_type":"normal","ping_status":"ping_status_unknown","zone":"fr-par-2"}'
    headers:
      Content-Length:
      - "1192"
      Content-Security-Policy:
      - default-src 'none'; frame-ancestors 'none'
      Content-Type:
      - application/json
      Date:
      - Wed, 27 May 2020 14:57:59 GMT
      Server:
      - agw_listener_public_anycast
      Strict-Transport-Security:
      - max-age=63072000
      X-Content-Type-Options:
      - nosniff
      X-Frame-Options:
      - DENY
      X-Request-Id:
      - bc07e499-be23-47c6-a8de-a752dacddb0c
    status: 200 OK
    code: 200
    duration: ""
- request:
    body: ""
    form: {}
    headers:
      User-Agent:
      - scaleway-sdk-go/v1.0.0-beta.6+dev (go1.14.3; darwin; amd64) cli-e2e-test
    url: https://api.scaleway.com/baremetal/v1alpha1/zones/fr-par-2/servers/8a4d926e-8162-46d8-ab88-f3a3e603b54a
    method: GET
  response:
    body: '{"id":"8a4d926e-8162-46d8-ab88-f3a3e603b54a","organization_id":"951df375-e094-4d26-97c1-ba548eeb9c42","name":"cli-bm-romantic-merkle","description":"","updated_at":"2020-05-27T14:50:09.847227Z","created_at":"2020-05-27T14:46:27.008100Z","status":"ready","offer_id":"7fde3890-9787-488c-ac89-c4e00a4e5f83","install":{"os_id":"d859aa89-8b4a-4551-af42-ff7c0c27260a","hostname":"test-install-server","ssh_key_ids":["9bf6c340-687c-4f31-8aad-6a525761d8cd","cffa1bb1-57f0-4ad8-be20-f335df743b27","f06d9273-385e-4747-806c-d4673c410f9d"],"status":"installing"},"tags":[],"ips":[{"id":"4262b735-ad16-4e19-b0b1-7851ecc47551","address":"51.159.31.77","reverse":"8a4d926e-8162-46d8-ab88-f3a3e603b54a.fr-par-2.baremetal.scw.cloud","version":"Ipv4","reverse_status":"active","reverse_status_message":null},{"id":"64142317-3594-4001-ae62-f38c0fd1adc1","address":"2001:0bc8:6005:001b:dac4:97ff:fe2a:2ed4","reverse":"8a4d926e-8162-46d8-ab88-f3a3e603b54a.fr-par-2.baremetal.scw.cloud","version":"Ipv6","reverse_status":"active","reverse_status_message":null}],"domain":"8a4d926e-8162-46d8-ab88-f3a3e603b54a.fr-par-2.baremetal.scw.cloud","boot_type":"normal","ping_status":"ping_status_unknown","zone":"fr-par-2"}'
    headers:
      Content-Length:
      - "1192"
      Content-Security-Policy:
      - default-src 'none'; frame-ancestors 'none'
      Content-Type:
      - application/json
      Date:
      - Wed, 27 May 2020 14:58:14 GMT
      Server:
      - agw_listener_public_anycast
      Strict-Transport-Security:
      - max-age=63072000
      X-Content-Type-Options:
      - nosniff
      X-Frame-Options:
      - DENY
      X-Request-Id:
      - e1ff4dc9-f7cb-4855-b444-b32521a0cee5
    status: 200 OK
    code: 200
    duration: ""
- request:
    body: ""
    form: {}
    headers:
      User-Agent:
      - scaleway-sdk-go/v1.0.0-beta.6+dev (go1.14.3; darwin; amd64) cli-e2e-test
    url: https://api.scaleway.com/baremetal/v1alpha1/zones/fr-par-2/servers/8a4d926e-8162-46d8-ab88-f3a3e603b54a
    method: GET
  response:
    body: '{"id":"8a4d926e-8162-46d8-ab88-f3a3e603b54a","organization_id":"951df375-e094-4d26-97c1-ba548eeb9c42","name":"cli-bm-romantic-merkle","description":"","updated_at":"2020-05-27T14:50:09.847227Z","created_at":"2020-05-27T14:46:27.008100Z","status":"ready","offer_id":"7fde3890-9787-488c-ac89-c4e00a4e5f83","install":{"os_id":"d859aa89-8b4a-4551-af42-ff7c0c27260a","hostname":"test-install-server","ssh_key_ids":["9bf6c340-687c-4f31-8aad-6a525761d8cd","cffa1bb1-57f0-4ad8-be20-f335df743b27","f06d9273-385e-4747-806c-d4673c410f9d"],"status":"installing"},"tags":[],"ips":[{"id":"4262b735-ad16-4e19-b0b1-7851ecc47551","address":"51.159.31.77","reverse":"8a4d926e-8162-46d8-ab88-f3a3e603b54a.fr-par-2.baremetal.scw.cloud","version":"Ipv4","reverse_status":"active","reverse_status_message":null},{"id":"64142317-3594-4001-ae62-f38c0fd1adc1","address":"2001:0bc8:6005:001b:dac4:97ff:fe2a:2ed4","reverse":"8a4d926e-8162-46d8-ab88-f3a3e603b54a.fr-par-2.baremetal.scw.cloud","version":"Ipv6","reverse_status":"active","reverse_status_message":null}],"domain":"8a4d926e-8162-46d8-ab88-f3a3e603b54a.fr-par-2.baremetal.scw.cloud","boot_type":"normal","ping_status":"ping_status_unknown","zone":"fr-par-2"}'
    headers:
      Content-Length:
      - "1192"
      Content-Security-Policy:
      - default-src 'none'; frame-ancestors 'none'
      Content-Type:
      - application/json
      Date:
      - Wed, 27 May 2020 14:58:29 GMT
      Server:
      - agw_listener_public_anycast
      Strict-Transport-Security:
      - max-age=63072000
      X-Content-Type-Options:
      - nosniff
      X-Frame-Options:
      - DENY
      X-Request-Id:
      - d0b0d41c-874e-4e14-97d3-3ec43c9148be
    status: 200 OK
    code: 200
    duration: ""
- request:
    body: ""
    form: {}
    headers:
      User-Agent:
      - scaleway-sdk-go/v1.0.0-beta.6+dev (go1.14.3; darwin; amd64) cli-e2e-test
    url: https://api.scaleway.com/baremetal/v1alpha1/zones/fr-par-2/servers/8a4d926e-8162-46d8-ab88-f3a3e603b54a
    method: GET
  response:
    body: '{"id":"8a4d926e-8162-46d8-ab88-f3a3e603b54a","organization_id":"951df375-e094-4d26-97c1-ba548eeb9c42","name":"cli-bm-romantic-merkle","description":"","updated_at":"2020-05-27T14:50:09.847227Z","created_at":"2020-05-27T14:46:27.008100Z","status":"ready","offer_id":"7fde3890-9787-488c-ac89-c4e00a4e5f83","install":{"os_id":"d859aa89-8b4a-4551-af42-ff7c0c27260a","hostname":"test-install-server","ssh_key_ids":["9bf6c340-687c-4f31-8aad-6a525761d8cd","cffa1bb1-57f0-4ad8-be20-f335df743b27","f06d9273-385e-4747-806c-d4673c410f9d"],"status":"installing"},"tags":[],"ips":[{"id":"4262b735-ad16-4e19-b0b1-7851ecc47551","address":"51.159.31.77","reverse":"8a4d926e-8162-46d8-ab88-f3a3e603b54a.fr-par-2.baremetal.scw.cloud","version":"Ipv4","reverse_status":"active","reverse_status_message":null},{"id":"64142317-3594-4001-ae62-f38c0fd1adc1","address":"2001:0bc8:6005:001b:dac4:97ff:fe2a:2ed4","reverse":"8a4d926e-8162-46d8-ab88-f3a3e603b54a.fr-par-2.baremetal.scw.cloud","version":"Ipv6","reverse_status":"active","reverse_status_message":null}],"domain":"8a4d926e-8162-46d8-ab88-f3a3e603b54a.fr-par-2.baremetal.scw.cloud","boot_type":"normal","ping_status":"ping_status_unknown","zone":"fr-par-2"}'
    headers:
      Content-Length:
      - "1192"
      Content-Security-Policy:
      - default-src 'none'; frame-ancestors 'none'
      Content-Type:
      - application/json
      Date:
      - Wed, 27 May 2020 14:58:44 GMT
      Server:
      - agw_listener_public_anycast
      Strict-Transport-Security:
      - max-age=63072000
      X-Content-Type-Options:
      - nosniff
      X-Frame-Options:
      - DENY
      X-Request-Id:
      - fe858685-6a40-418c-9710-a7d1d7ea860d
    status: 200 OK
    code: 200
    duration: ""
- request:
    body: ""
    form: {}
    headers:
      User-Agent:
      - scaleway-sdk-go/v1.0.0-beta.6+dev (go1.14.3; darwin; amd64) cli-e2e-test
    url: https://api.scaleway.com/baremetal/v1alpha1/zones/fr-par-2/servers/8a4d926e-8162-46d8-ab88-f3a3e603b54a
    method: GET
  response:
    body: '{"id":"8a4d926e-8162-46d8-ab88-f3a3e603b54a","organization_id":"951df375-e094-4d26-97c1-ba548eeb9c42","name":"cli-bm-romantic-merkle","description":"","updated_at":"2020-05-27T14:50:09.847227Z","created_at":"2020-05-27T14:46:27.008100Z","status":"ready","offer_id":"7fde3890-9787-488c-ac89-c4e00a4e5f83","install":{"os_id":"d859aa89-8b4a-4551-af42-ff7c0c27260a","hostname":"test-install-server","ssh_key_ids":["9bf6c340-687c-4f31-8aad-6a525761d8cd","cffa1bb1-57f0-4ad8-be20-f335df743b27","f06d9273-385e-4747-806c-d4673c410f9d"],"status":"installing"},"tags":[],"ips":[{"id":"4262b735-ad16-4e19-b0b1-7851ecc47551","address":"51.159.31.77","reverse":"8a4d926e-8162-46d8-ab88-f3a3e603b54a.fr-par-2.baremetal.scw.cloud","version":"Ipv4","reverse_status":"active","reverse_status_message":null},{"id":"64142317-3594-4001-ae62-f38c0fd1adc1","address":"2001:0bc8:6005:001b:dac4:97ff:fe2a:2ed4","reverse":"8a4d926e-8162-46d8-ab88-f3a3e603b54a.fr-par-2.baremetal.scw.cloud","version":"Ipv6","reverse_status":"active","reverse_status_message":null}],"domain":"8a4d926e-8162-46d8-ab88-f3a3e603b54a.fr-par-2.baremetal.scw.cloud","boot_type":"normal","ping_status":"ping_status_unknown","zone":"fr-par-2"}'
    headers:
      Content-Length:
      - "1192"
      Content-Security-Policy:
      - default-src 'none'; frame-ancestors 'none'
      Content-Type:
      - application/json
      Date:
      - Wed, 27 May 2020 14:58:59 GMT
      Server:
      - agw_listener_public_anycast
      Strict-Transport-Security:
      - max-age=63072000
      X-Content-Type-Options:
      - nosniff
      X-Frame-Options:
      - DENY
      X-Request-Id:
      - 2c7f5c45-14ba-49af-84bd-e97e2dfceca2
    status: 200 OK
    code: 200
    duration: ""
- request:
    body: ""
    form: {}
    headers:
      User-Agent:
      - scaleway-sdk-go/v1.0.0-beta.6+dev (go1.14.3; darwin; amd64) cli-e2e-test
    url: https://api.scaleway.com/baremetal/v1alpha1/zones/fr-par-2/servers/8a4d926e-8162-46d8-ab88-f3a3e603b54a
    method: GET
  response:
    body: '{"id":"8a4d926e-8162-46d8-ab88-f3a3e603b54a","organization_id":"951df375-e094-4d26-97c1-ba548eeb9c42","name":"cli-bm-romantic-merkle","description":"","updated_at":"2020-05-27T14:50:09.847227Z","created_at":"2020-05-27T14:46:27.008100Z","status":"ready","offer_id":"7fde3890-9787-488c-ac89-c4e00a4e5f83","install":{"os_id":"d859aa89-8b4a-4551-af42-ff7c0c27260a","hostname":"test-install-server","ssh_key_ids":["9bf6c340-687c-4f31-8aad-6a525761d8cd","cffa1bb1-57f0-4ad8-be20-f335df743b27","f06d9273-385e-4747-806c-d4673c410f9d"],"status":"installing"},"tags":[],"ips":[{"id":"4262b735-ad16-4e19-b0b1-7851ecc47551","address":"51.159.31.77","reverse":"8a4d926e-8162-46d8-ab88-f3a3e603b54a.fr-par-2.baremetal.scw.cloud","version":"Ipv4","reverse_status":"active","reverse_status_message":null},{"id":"64142317-3594-4001-ae62-f38c0fd1adc1","address":"2001:0bc8:6005:001b:dac4:97ff:fe2a:2ed4","reverse":"8a4d926e-8162-46d8-ab88-f3a3e603b54a.fr-par-2.baremetal.scw.cloud","version":"Ipv6","reverse_status":"active","reverse_status_message":null}],"domain":"8a4d926e-8162-46d8-ab88-f3a3e603b54a.fr-par-2.baremetal.scw.cloud","boot_type":"normal","ping_status":"ping_status_unknown","zone":"fr-par-2"}'
    headers:
      Content-Length:
      - "1192"
      Content-Security-Policy:
      - default-src 'none'; frame-ancestors 'none'
      Content-Type:
      - application/json
      Date:
      - Wed, 27 May 2020 14:59:14 GMT
      Server:
      - agw_listener_public_anycast
      Strict-Transport-Security:
      - max-age=63072000
      X-Content-Type-Options:
      - nosniff
      X-Frame-Options:
      - DENY
      X-Request-Id:
      - c401df9f-30a0-49d4-a092-2936df725849
    status: 200 OK
    code: 200
    duration: ""
- request:
    body: ""
    form: {}
    headers:
      User-Agent:
      - scaleway-sdk-go/v1.0.0-beta.6+dev (go1.14.3; darwin; amd64) cli-e2e-test
    url: https://api.scaleway.com/baremetal/v1alpha1/zones/fr-par-2/servers/8a4d926e-8162-46d8-ab88-f3a3e603b54a
    method: GET
  response:
    body: '{"id":"8a4d926e-8162-46d8-ab88-f3a3e603b54a","organization_id":"951df375-e094-4d26-97c1-ba548eeb9c42","name":"cli-bm-romantic-merkle","description":"","updated_at":"2020-05-27T14:50:09.847227Z","created_at":"2020-05-27T14:46:27.008100Z","status":"ready","offer_id":"7fde3890-9787-488c-ac89-c4e00a4e5f83","install":{"os_id":"d859aa89-8b4a-4551-af42-ff7c0c27260a","hostname":"test-install-server","ssh_key_ids":["9bf6c340-687c-4f31-8aad-6a525761d8cd","cffa1bb1-57f0-4ad8-be20-f335df743b27","f06d9273-385e-4747-806c-d4673c410f9d"],"status":"installing"},"tags":[],"ips":[{"id":"4262b735-ad16-4e19-b0b1-7851ecc47551","address":"51.159.31.77","reverse":"8a4d926e-8162-46d8-ab88-f3a3e603b54a.fr-par-2.baremetal.scw.cloud","version":"Ipv4","reverse_status":"active","reverse_status_message":null},{"id":"64142317-3594-4001-ae62-f38c0fd1adc1","address":"2001:0bc8:6005:001b:dac4:97ff:fe2a:2ed4","reverse":"8a4d926e-8162-46d8-ab88-f3a3e603b54a.fr-par-2.baremetal.scw.cloud","version":"Ipv6","reverse_status":"active","reverse_status_message":null}],"domain":"8a4d926e-8162-46d8-ab88-f3a3e603b54a.fr-par-2.baremetal.scw.cloud","boot_type":"normal","ping_status":"ping_status_unknown","zone":"fr-par-2"}'
    headers:
      Content-Length:
      - "1192"
      Content-Security-Policy:
      - default-src 'none'; frame-ancestors 'none'
      Content-Type:
      - application/json
      Date:
      - Wed, 27 May 2020 14:59:29 GMT
      Server:
      - agw_listener_public_anycast
      Strict-Transport-Security:
      - max-age=63072000
      X-Content-Type-Options:
      - nosniff
      X-Frame-Options:
      - DENY
      X-Request-Id:
      - c12de4c6-638f-40bf-aac4-6c203b2db081
    status: 200 OK
    code: 200
    duration: ""
- request:
    body: ""
    form: {}
    headers:
      User-Agent:
      - scaleway-sdk-go/v1.0.0-beta.6+dev (go1.14.3; darwin; amd64) cli-e2e-test
    url: https://api.scaleway.com/baremetal/v1alpha1/zones/fr-par-2/servers/8a4d926e-8162-46d8-ab88-f3a3e603b54a
    method: GET
  response:
    body: '{"id":"8a4d926e-8162-46d8-ab88-f3a3e603b54a","organization_id":"951df375-e094-4d26-97c1-ba548eeb9c42","name":"cli-bm-romantic-merkle","description":"","updated_at":"2020-05-27T14:50:09.847227Z","created_at":"2020-05-27T14:46:27.008100Z","status":"ready","offer_id":"7fde3890-9787-488c-ac89-c4e00a4e5f83","install":{"os_id":"d859aa89-8b4a-4551-af42-ff7c0c27260a","hostname":"test-install-server","ssh_key_ids":["9bf6c340-687c-4f31-8aad-6a525761d8cd","cffa1bb1-57f0-4ad8-be20-f335df743b27","f06d9273-385e-4747-806c-d4673c410f9d"],"status":"installing"},"tags":[],"ips":[{"id":"4262b735-ad16-4e19-b0b1-7851ecc47551","address":"51.159.31.77","reverse":"8a4d926e-8162-46d8-ab88-f3a3e603b54a.fr-par-2.baremetal.scw.cloud","version":"Ipv4","reverse_status":"active","reverse_status_message":null},{"id":"64142317-3594-4001-ae62-f38c0fd1adc1","address":"2001:0bc8:6005:001b:dac4:97ff:fe2a:2ed4","reverse":"8a4d926e-8162-46d8-ab88-f3a3e603b54a.fr-par-2.baremetal.scw.cloud","version":"Ipv6","reverse_status":"active","reverse_status_message":null}],"domain":"8a4d926e-8162-46d8-ab88-f3a3e603b54a.fr-par-2.baremetal.scw.cloud","boot_type":"normal","ping_status":"ping_status_unknown","zone":"fr-par-2"}'
    headers:
      Content-Length:
      - "1192"
      Content-Security-Policy:
      - default-src 'none'; frame-ancestors 'none'
      Content-Type:
      - application/json
      Date:
      - Wed, 27 May 2020 14:59:44 GMT
      Server:
      - agw_listener_public_anycast
      Strict-Transport-Security:
      - max-age=63072000
      X-Content-Type-Options:
      - nosniff
      X-Frame-Options:
      - DENY
      X-Request-Id:
      - 568f5245-44e5-48a1-91d1-390f7ce0e354
    status: 200 OK
    code: 200
    duration: ""
- request:
    body: ""
    form: {}
    headers:
      User-Agent:
      - scaleway-sdk-go/v1.0.0-beta.6+dev (go1.14.3; darwin; amd64) cli-e2e-test
    url: https://api.scaleway.com/baremetal/v1alpha1/zones/fr-par-2/servers/8a4d926e-8162-46d8-ab88-f3a3e603b54a
    method: GET
  response:
    body: '{"id":"8a4d926e-8162-46d8-ab88-f3a3e603b54a","organization_id":"951df375-e094-4d26-97c1-ba548eeb9c42","name":"cli-bm-romantic-merkle","description":"","updated_at":"2020-05-27T14:50:09.847227Z","created_at":"2020-05-27T14:46:27.008100Z","status":"ready","offer_id":"7fde3890-9787-488c-ac89-c4e00a4e5f83","install":{"os_id":"d859aa89-8b4a-4551-af42-ff7c0c27260a","hostname":"test-install-server","ssh_key_ids":["9bf6c340-687c-4f31-8aad-6a525761d8cd","cffa1bb1-57f0-4ad8-be20-f335df743b27","f06d9273-385e-4747-806c-d4673c410f9d"],"status":"installing"},"tags":[],"ips":[{"id":"4262b735-ad16-4e19-b0b1-7851ecc47551","address":"51.159.31.77","reverse":"8a4d926e-8162-46d8-ab88-f3a3e603b54a.fr-par-2.baremetal.scw.cloud","version":"Ipv4","reverse_status":"active","reverse_status_message":null},{"id":"64142317-3594-4001-ae62-f38c0fd1adc1","address":"2001:0bc8:6005:001b:dac4:97ff:fe2a:2ed4","reverse":"8a4d926e-8162-46d8-ab88-f3a3e603b54a.fr-par-2.baremetal.scw.cloud","version":"Ipv6","reverse_status":"active","reverse_status_message":null}],"domain":"8a4d926e-8162-46d8-ab88-f3a3e603b54a.fr-par-2.baremetal.scw.cloud","boot_type":"normal","ping_status":"ping_status_unknown","zone":"fr-par-2"}'
    headers:
      Content-Length:
      - "1192"
      Content-Security-Policy:
      - default-src 'none'; frame-ancestors 'none'
      Content-Type:
      - application/json
      Date:
      - Wed, 27 May 2020 15:00:00 GMT
      Server:
      - agw_listener_public_anycast
      Strict-Transport-Security:
      - max-age=63072000
      X-Content-Type-Options:
      - nosniff
      X-Frame-Options:
      - DENY
      X-Request-Id:
      - 6b2dc539-d5f2-440b-85b7-62090917bc57
    status: 200 OK
    code: 200
    duration: ""
- request:
    body: ""
    form: {}
    headers:
      User-Agent:
      - scaleway-sdk-go/v1.0.0-beta.6+dev (go1.14.3; darwin; amd64) cli-e2e-test
    url: https://api.scaleway.com/baremetal/v1alpha1/zones/fr-par-2/servers/8a4d926e-8162-46d8-ab88-f3a3e603b54a
    method: GET
  response:
    body: '{"id":"8a4d926e-8162-46d8-ab88-f3a3e603b54a","organization_id":"951df375-e094-4d26-97c1-ba548eeb9c42","name":"cli-bm-romantic-merkle","description":"","updated_at":"2020-05-27T14:50:09.847227Z","created_at":"2020-05-27T14:46:27.008100Z","status":"ready","offer_id":"7fde3890-9787-488c-ac89-c4e00a4e5f83","install":{"os_id":"d859aa89-8b4a-4551-af42-ff7c0c27260a","hostname":"test-install-server","ssh_key_ids":["9bf6c340-687c-4f31-8aad-6a525761d8cd","cffa1bb1-57f0-4ad8-be20-f335df743b27","f06d9273-385e-4747-806c-d4673c410f9d"],"status":"installing"},"tags":[],"ips":[{"id":"4262b735-ad16-4e19-b0b1-7851ecc47551","address":"51.159.31.77","reverse":"8a4d926e-8162-46d8-ab88-f3a3e603b54a.fr-par-2.baremetal.scw.cloud","version":"Ipv4","reverse_status":"active","reverse_status_message":null},{"id":"64142317-3594-4001-ae62-f38c0fd1adc1","address":"2001:0bc8:6005:001b:dac4:97ff:fe2a:2ed4","reverse":"8a4d926e-8162-46d8-ab88-f3a3e603b54a.fr-par-2.baremetal.scw.cloud","version":"Ipv6","reverse_status":"active","reverse_status_message":null}],"domain":"8a4d926e-8162-46d8-ab88-f3a3e603b54a.fr-par-2.baremetal.scw.cloud","boot_type":"normal","ping_status":"ping_status_up","zone":"fr-par-2"}'
    headers:
      Content-Length:
      - "1187"
      Content-Security-Policy:
      - default-src 'none'; frame-ancestors 'none'
      Content-Type:
      - application/json
      Date:
      - Wed, 27 May 2020 15:00:15 GMT
      Server:
      - agw_listener_public_anycast
      Strict-Transport-Security:
      - max-age=63072000
      X-Content-Type-Options:
      - nosniff
      X-Frame-Options:
      - DENY
      X-Request-Id:
      - a4e20cea-f8d5-4964-a3ae-4534ad5d6e0d
    status: 200 OK
    code: 200
    duration: ""
- request:
    body: ""
    form: {}
    headers:
      User-Agent:
      - scaleway-sdk-go/v1.0.0-beta.6+dev (go1.14.3; darwin; amd64) cli-e2e-test
    url: https://api.scaleway.com/baremetal/v1alpha1/zones/fr-par-2/servers/8a4d926e-8162-46d8-ab88-f3a3e603b54a
    method: GET
  response:
    body: '{"id":"8a4d926e-8162-46d8-ab88-f3a3e603b54a","organization_id":"951df375-e094-4d26-97c1-ba548eeb9c42","name":"cli-bm-romantic-merkle","description":"","updated_at":"2020-05-27T14:50:09.847227Z","created_at":"2020-05-27T14:46:27.008100Z","status":"ready","offer_id":"7fde3890-9787-488c-ac89-c4e00a4e5f83","install":{"os_id":"d859aa89-8b4a-4551-af42-ff7c0c27260a","hostname":"test-install-server","ssh_key_ids":["9bf6c340-687c-4f31-8aad-6a525761d8cd","cffa1bb1-57f0-4ad8-be20-f335df743b27","f06d9273-385e-4747-806c-d4673c410f9d"],"status":"completed"},"tags":[],"ips":[{"id":"4262b735-ad16-4e19-b0b1-7851ecc47551","address":"51.159.31.77","reverse":"8a4d926e-8162-46d8-ab88-f3a3e603b54a.fr-par-2.baremetal.scw.cloud","version":"Ipv4","reverse_status":"active","reverse_status_message":null},{"id":"64142317-3594-4001-ae62-f38c0fd1adc1","address":"2001:0bc8:6005:001b:dac4:97ff:fe2a:2ed4","reverse":"8a4d926e-8162-46d8-ab88-f3a3e603b54a.fr-par-2.baremetal.scw.cloud","version":"Ipv6","reverse_status":"active","reverse_status_message":null}],"domain":"8a4d926e-8162-46d8-ab88-f3a3e603b54a.fr-par-2.baremetal.scw.cloud","boot_type":"normal","ping_status":"ping_status_up","zone":"fr-par-2"}'
    headers:
      Content-Length:
      - "1186"
      Content-Security-Policy:
      - default-src 'none'; frame-ancestors 'none'
      Content-Type:
      - application/json
      Date:
      - Wed, 27 May 2020 15:00:30 GMT
      Server:
      - agw_listener_public_anycast
      Strict-Transport-Security:
      - max-age=63072000
      X-Content-Type-Options:
      - nosniff
      X-Frame-Options:
      - DENY
      X-Request-Id:
      - f8bf6b92-f374-4e61-be9a-e326069cfa69
    status: 200 OK
    code: 200
    duration: ""
- request:
    body: ""
    form: {}
    headers:
      User-Agent:
      - scaleway-sdk-go/v1.0.0-beta.6+dev (go1.14.3; darwin; amd64) cli-e2e-test
    url: https://api.scaleway.com/baremetal/v1alpha1/zones/fr-par-2/servers/8a4d926e-8162-46d8-ab88-f3a3e603b54a
    method: DELETE
  response:
    body: '{"id":"8a4d926e-8162-46d8-ab88-f3a3e603b54a","organization_id":"951df375-e094-4d26-97c1-ba548eeb9c42","name":"cli-bm-romantic-merkle","description":"","updated_at":"2020-05-27T15:00:30.483768Z","created_at":"2020-05-27T14:46:27.008100Z","status":"deleting","offer_id":"7fde3890-9787-488c-ac89-c4e00a4e5f83","install":{"os_id":"d859aa89-8b4a-4551-af42-ff7c0c27260a","hostname":"test-install-server","ssh_key_ids":["9bf6c340-687c-4f31-8aad-6a525761d8cd","cffa1bb1-57f0-4ad8-be20-f335df743b27","f06d9273-385e-4747-806c-d4673c410f9d"],"status":"completed"},"tags":[],"ips":[{"id":"4262b735-ad16-4e19-b0b1-7851ecc47551","address":"51.159.31.77","reverse":"8a4d926e-8162-46d8-ab88-f3a3e603b54a.fr-par-2.baremetal.scw.cloud","version":"Ipv4","reverse_status":"active","reverse_status_message":null},{"id":"64142317-3594-4001-ae62-f38c0fd1adc1","address":"2001:0bc8:6005:001b:dac4:97ff:fe2a:2ed4","reverse":"8a4d926e-8162-46d8-ab88-f3a3e603b54a.fr-par-2.baremetal.scw.cloud","version":"Ipv6","reverse_status":"active","reverse_status_message":null}],"domain":"8a4d926e-8162-46d8-ab88-f3a3e603b54a.fr-par-2.baremetal.scw.cloud","boot_type":"normal","ping_status":"ping_status_up","zone":"fr-par-2"}'
    headers:
      Content-Length:
      - "1189"
      Content-Security-Policy:
      - default-src 'none'; frame-ancestors 'none'
      Content-Type:
      - application/json
      Date:
      - Wed, 27 May 2020 15:00:30 GMT
      Server:
      - agw_listener_public_anycast
      Strict-Transport-Security:
      - max-age=63072000
      X-Content-Type-Options:
      - nosniff
      X-Frame-Options:
      - DENY
      X-Request-Id:
      - e0c4d18b-0750-4bb8-8abe-cec03b0df3e6
    status: 200 OK
    code: 200
    duration: ""
