---
version: 1
interactions:
- request:
    body: ""
    form: {}
    headers:
      Accept-Encoding:
      - identity
      Amz-Sdk-Invocation-Id:
      - 6304f93d-5b87-4351-85d8-761c478f77a3
      Amz-Sdk-Request:
      - attempt=1; max=3
      Authorization:
      - AWS4-HMAC-SHA256 Credential=SCWSV64P0TT9Y0XKBM6D/20240430/fr-par/s3/aws4_request,
        SignedHeaders=accept-encoding;amz-sdk-invocation-id;amz-sdk-request;content-length;content-type;host;x-amz-acl;x-amz-bucket-object-lock-enabled;x-amz-content-sha256;x-amz-date,
        Signature=2ed0ad38652ebf33abf8f932c5772c3e2d3ca06730620661e9153985e5805bb9
      Content-Type:
      - application/xml
      User-Agent:
      - aws-sdk-go-v2/1.26.1 os/linux lang/go#1.22.2 md/GOOS#linux md/GOARCH#amd64
        api/s3#1.53.1
      X-Amz-Acl:
      - private
      X-Amz-Bucket-Object-Lock-Enabled:
      - "false"
      X-Amz-Content-Sha256:
      - 2cb57fad7b7168921a4c94426cfcb9ee2953f126430595df844e22d50f029060
      X-Amz-Date:
      - 20240430T155710Z
    url: https://cli-test-bucket-delete-7330776632822006415.s3.fr-par.scw.cloud/
    method: PUT
  response:
    body: ""
    headers:
      Content-Length:
      - "0"
      Date:
      - Tue, 30 Apr 2024 15:57:10 GMT
      Location:
      - /cli-test-bucket-delete-7330776632822006415
      X-Amz-Id-2:
      - txg84970e6d74664e09a7a0-00663114d6
      X-Amz-Request-Id:
      - txg84970e6d74664e09a7a0-00663114d6
    status: 200 OK
    code: 200
    duration: ""
- request:
    body: ""
    form: {}
    headers:
      Accept-Encoding:
      - identity
      Amz-Sdk-Invocation-Id:
      - 6a3c2deb-1900-41f8-b7c0-0ec4e0f4593e
      Amz-Sdk-Request:
      - attempt=1; max=3
      Authorization:
      - AWS4-HMAC-SHA256 Credential=SCWSV64P0TT9Y0XKBM6D/20240430/fr-par/s3/aws4_request,
        SignedHeaders=accept-encoding;amz-sdk-invocation-id;amz-sdk-request;content-length;content-md5;content-type;host;x-amz-content-sha256;x-amz-date,
        Signature=5e18f55f2f8afb29b25024f2c395568e8fe87d673a6fe0dd68ca4094b54c5e00
      Content-Md5:
      - orZUUp7E9srl53Od8p1glA==
      Content-Type:
      - application/xml
      User-Agent:
      - aws-sdk-go-v2/1.26.1 os/linux lang/go#1.22.2 md/GOOS#linux md/GOARCH#amd64
        api/s3#1.53.1
      X-Amz-Content-Sha256:
      - d7f1d7ed35d188f6a89d394cc2055f5910c14a3abccf41e808e7f7327d21e129
      X-Amz-Date:
      - 20240430T155710Z
    url: https://cli-test-bucket-delete-7330776632822006415.s3.fr-par.scw.cloud/?versioning=
    method: PUT
  response:
    body: ""
    headers:
      Content-Length:
      - "0"
      Date:
      - Tue, 30 Apr 2024 15:57:10 GMT
      X-Amz-Id-2:
      - txg14602182c2e943b581a3-00663114d6
      X-Amz-Request-Id:
      - txg14602182c2e943b581a3-00663114d6
    status: 200 OK
    code: 200
    duration: ""
- request:
    body: |-
      <?xml version="1.0" encoding="UTF-8"?>
      <VersioningConfiguration xmlns="http://s3.amazonaws.com/doc/2006-03-01/"><Status>Suspended</Status></VersioningConfiguration>
    form: {}
    headers:
      Accept-Encoding:
      - identity
      Amz-Sdk-Invocation-Id:
      - 537c8b14-361d-4dd7-b6fe-1240f4551c29
      Amz-Sdk-Request:
      - attempt=1; max=3
      Authorization:
      - AWS4-HMAC-SHA256 Credential=SCWSV64P0TT9Y0XKBM6D/20240430/fr-par/s3/aws4_request,
        SignedHeaders=accept-encoding;amz-sdk-invocation-id;amz-sdk-request;host;x-amz-content-sha256;x-amz-date,
        Signature=5b4dd4309d6bf4bd8448985acf8006dcee4bb474d36db8a154f6607af1da08b7
      User-Agent:
      - aws-sdk-go-v2/1.26.1 os/linux lang/go#1.22.2 md/GOOS#linux md/GOARCH#amd64
        api/s3#1.53.1
      X-Amz-Content-Sha256:
      - e3b0c44298fc1c149afbf4c8996fb92427ae41e4649b934ca495991b7852b855
      X-Amz-Date:
      - 20240430T155710Z
    url: https://cli-test-bucket-delete-7330776632822006415.s3.fr-par.scw.cloud/?versioning=
    method: GET
  response:
    body: |-
      <?xml version="1.0" encoding="UTF-8"?>
      <VersioningConfiguration xmlns="http://s3.amazonaws.com/doc/2006-03-01/"><Status>Suspended</Status></VersioningConfiguration>
    headers:
      Content-Length:
      - "164"
      Content-Type:
      - text/xml; charset=utf-8
      Date:
      - Tue, 30 Apr 2024 15:57:10 GMT
      X-Amz-Id-2:
      - txg6905cea824f1437bb967-00663114d6
      X-Amz-Request-Id:
      - txg6905cea824f1437bb967-00663114d6
    status: 200 OK
    code: 200
    duration: ""
- request:
    body: <Error><Code>NoSuchTagSet</Code><Message>The TagSet does not exist</Message><RequestId>txgec26d2508948439183f7-00663114d6</RequestId><HostId>txgec26d2508948439183f7-00663114d6</HostId><Resource>/cli-test-bucket-delete-7330776632822006415</Resource><BucketName>cli-test-bucket-delete-7330776632822006415</BucketName></Error>
    form: {}
    headers:
      Accept-Encoding:
      - identity
      Amz-Sdk-Invocation-Id:
      - 728be260-fa5f-4a09-8cbb-7f0cc13888ce
      Amz-Sdk-Request:
      - attempt=1; max=3
      Authorization:
      - AWS4-HMAC-SHA256 Credential=SCWSV64P0TT9Y0XKBM6D/20240430/fr-par/s3/aws4_request,
        SignedHeaders=accept-encoding;amz-sdk-invocation-id;amz-sdk-request;host;x-amz-content-sha256;x-amz-date,
        Signature=a8287e1afd08083ba3f934985e68cc711c1284217d06c62180380c26fc020648
      User-Agent:
      - aws-sdk-go-v2/1.26.1 os/linux lang/go#1.22.2 md/GOOS#linux md/GOARCH#amd64
        api/s3#1.53.1
      X-Amz-Content-Sha256:
      - e3b0c44298fc1c149afbf4c8996fb92427ae41e4649b934ca495991b7852b855
      X-Amz-Date:
      - 20240430T155710Z
    url: https://cli-test-bucket-delete-7330776632822006415.s3.fr-par.scw.cloud/?tagging=
    method: GET
  response:
    body: <Error><Code>NoSuchTagSet</Code><Message>The TagSet does not exist</Message><RequestId>txgec26d2508948439183f7-00663114d6</RequestId><HostId>txgec26d2508948439183f7-00663114d6</HostId><Resource>/cli-test-bucket-delete-7330776632822006415</Resource><BucketName>cli-test-bucket-delete-7330776632822006415</BucketName></Error>
    headers:
      Content-Length:
      - "323"
      Content-Type:
      - application/xml
      Date:
      - Tue, 30 Apr 2024 15:57:10 GMT
      X-Amz-Id-2:
      - txgec26d2508948439183f7-00663114d6
      X-Amz-Request-Id:
      - txgec26d2508948439183f7-00663114d6
    status: 404 Not Found
    code: 404
    duration: ""
- request:
    body: |-
      <?xml version="1.0" encoding="UTF-8"?>
      <AccessControlPolicy xmlns="http://s3.amazonaws.com/doc/2006-03-01/"><Owner><DisplayName>105bdce1-64c0-48ab-899d-868455867ecf:105bdce1-64c0-48ab-899d-868455867ecf</DisplayName><ID>105bdce1-64c0-48ab-899d-868455867ecf:105bdce1-64c0-48ab-899d-868455867ecf</ID></Owner><AccessControlList><Grant><Grantee xmlns:xsi="http://www.w3.org/2001/XMLSchema-instance" xsi:type="CanonicalUser"><ID>105bdce1-64c0-48ab-899d-868455867ecf:105bdce1-64c0-48ab-899d-868455867ecf</ID><DisplayName>105bdce1-64c0-48ab-899d-868455867ecf:105bdce1-64c0-48ab-899d-868455867ecf</DisplayName></Grantee><Permission>FULL_CONTROL</Permission></Grant></AccessControlList></AccessControlPolicy>
    form: {}
    headers:
      Accept-Encoding:
      - identity
      Amz-Sdk-Invocation-Id:
      - fd0d393b-9ddd-4262-85ae-f375e39aca46
      Amz-Sdk-Request:
      - attempt=1; max=3
      Authorization:
      - AWS4-HMAC-SHA256 Credential=SCWSV64P0TT9Y0XKBM6D/20240430/fr-par/s3/aws4_request,
        SignedHeaders=accept-encoding;amz-sdk-invocation-id;amz-sdk-request;host;x-amz-content-sha256;x-amz-date,
        Signature=61a152facb1d81e2644cd656360897cd0df1069d4ac21413aa37515780d6c529
      User-Agent:
      - aws-sdk-go-v2/1.26.1 os/linux lang/go#1.22.2 md/GOOS#linux md/GOARCH#amd64
        api/s3#1.53.1
      X-Amz-Content-Sha256:
      - e3b0c44298fc1c149afbf4c8996fb92427ae41e4649b934ca495991b7852b855
      X-Amz-Date:
      - 20240430T155710Z
    url: https://cli-test-bucket-delete-7330776632822006415.s3.fr-par.scw.cloud/?acl=
    method: GET
  response:
    body: |-
      <?xml version="1.0" encoding="UTF-8"?>
      <AccessControlPolicy xmlns="http://s3.amazonaws.com/doc/2006-03-01/"><Owner><DisplayName>105bdce1-64c0-48ab-899d-868455867ecf:105bdce1-64c0-48ab-899d-868455867ecf</DisplayName><ID>105bdce1-64c0-48ab-899d-868455867ecf:105bdce1-64c0-48ab-899d-868455867ecf</ID></Owner><AccessControlList><Grant><Grantee xmlns:xsi="http://www.w3.org/2001/XMLSchema-instance" xsi:type="CanonicalUser"><ID>105bdce1-64c0-48ab-899d-868455867ecf:105bdce1-64c0-48ab-899d-868455867ecf</ID><DisplayName>105bdce1-64c0-48ab-899d-868455867ecf:105bdce1-64c0-48ab-899d-868455867ecf</DisplayName></Grantee><Permission>FULL_CONTROL</Permission></Grant></AccessControlList></AccessControlPolicy>
    headers:
      Content-Length:
      - "698"
      Content-Type:
      - text/xml; charset=utf-8
      Date:
      - Tue, 30 Apr 2024 15:57:10 GMT
      X-Amz-Id-2:
      - txg88e768721fc24ea583e9-00663114d6
      X-Amz-Request-Id:
      - txg88e768721fc24ea583e9-00663114d6
    status: 200 OK
    code: 200
    duration: ""
- request:
    body: ""
    form: {}
    headers:
      Accept-Encoding:
      - identity
      Amz-Sdk-Invocation-Id:
      - 2779f58e-8a00-4ff3-b979-191bc40aaf25
      Amz-Sdk-Request:
      - attempt=1; max=3
      Authorization:
      - AWS4-HMAC-SHA256 Credential=SCWSV64P0TT9Y0XKBM6D/20240430/fr-par/s3/aws4_request,
        SignedHeaders=accept-encoding;amz-sdk-invocation-id;amz-sdk-request;host;x-amz-content-sha256;x-amz-date,
        Signature=13714ef144e800223c9fee54b4940fb70a6b9c9c57fb1a50ba50b39a4e9efeda
      User-Agent:
      - aws-sdk-go-v2/1.26.1 os/linux lang/go#1.22.2 md/GOOS#linux md/GOARCH#amd64
        api/s3#1.53.1
      X-Amz-Content-Sha256:
      - e3b0c44298fc1c149afbf4c8996fb92427ae41e4649b934ca495991b7852b855
      X-Amz-Date:
      - 20240430T155710Z
    url: https://cli-test-bucket-delete-7330776632822006415.s3.fr-par.scw.cloud/
    method: DELETE
  response:
    body: ""
    headers:
      Date:
      - Tue, 30 Apr 2024 15:57:10 GMT
      X-Amz-Id-2:
      - txgbfb6f86c89394efca1d7-00663114d6
      X-Amz-Request-Id:
      - txgbfb6f86c89394efca1d7-00663114d6
    status: 204 No Content
    code: 204
    duration: ""
