---
version: 1
interactions:
- request:
    body: '{"organization_id":"951df375-e094-4d26-97c1-ba548eeb9c42","name":"foobar","description":"foobar","ip_id":null,"tags":null,"type":"LB-S","ssl_compatibility_level":"ssl_compatibility_level_unknown"}'
    form: {}
    headers:
      Content-Type:
      - application/json
      User-Agent:
      - scaleway-sdk-go/v1.0.0-beta.6+dev (go1.14.5; darwin; amd64) cli-e2e-test
    url: https://api.scaleway.com/lb/v1/regions/fr-par/lbs
    method: POST
  response:
    body: '{"id":"6ef0e23c-3bb8-4198-ba36-b7790491ec1a","name":"foobar","description":"foobar","status":"pending","instances":[],"organization_id":"951df375-e094-4d26-97c1-ba548eeb9c42","ip":[{"id":"50d49130-2d74-47b8-ab6b-1b360e49723a","ip_address":"51.159.75.242","organization_id":"951df375-e094-4d26-97c1-ba548eeb9c42","lb_id":"6ef0e23c-3bb8-4198-ba36-b7790491ec1a","reverse":"51-159-75-242.lb.fr-par.scw.cloud","region":"fr-par"}],"tags":[],"frontend_count":0,"backend_count":0,"type":"lb-s","subscriber":null,"ssl_compatibility_level":"ssl_compatibility_level_intermediate","region":"fr-par"}'
    headers:
      Content-Length:
      - "587"
      Content-Security-Policy:
      - default-src 'none'; frame-ancestors 'none'
      Content-Type:
      - application/json
      Date:
      - Tue, 21 Jul 2020 09:15:40 GMT
      Server:
      - agw_listener_public_vip
      Strict-Transport-Security:
      - max-age=63072000
      X-Content-Type-Options:
      - nosniff
      X-Frame-Options:
      - DENY
      X-Request-Id:
      - 95028f99-470d-4e90-b661-3b767ffeffcb
    status: 200 OK
    code: 200
    duration: ""
- request:
    body: ""
    form: {}
    headers:
      User-Agent:
      - scaleway-sdk-go/v1.0.0-beta.6+dev (go1.14.5; darwin; amd64) cli-e2e-test
    url: https://api.scaleway.com/lb/v1/regions/fr-par/lbs/6ef0e23c-3bb8-4198-ba36-b7790491ec1a
    method: GET
  response:
    body: '{"id":"6ef0e23c-3bb8-4198-ba36-b7790491ec1a","name":"foobar","description":"foobar","status":"pending","instances":[{"id":"24513814-8844-4a01-9ff1-164c6a4da521","status":"unknown","ip_address":"10.64.52.151","region":"fr-par"},{"id":"06cf9cf1-82df-44b1-bc16-d873e69778b1","status":"unknown","ip_address":"10.64.104.67","region":"fr-par"}],"organization_id":"951df375-e094-4d26-97c1-ba548eeb9c42","ip":[{"id":"50d49130-2d74-47b8-ab6b-1b360e49723a","ip_address":"51.159.75.242","organization_id":"951df375-e094-4d26-97c1-ba548eeb9c42","lb_id":"6ef0e23c-3bb8-4198-ba36-b7790491ec1a","reverse":"51-159-75-242.lb.fr-par.scw.cloud","region":"fr-par"}],"tags":[],"frontend_count":0,"backend_count":0,"type":"lb-s","subscriber":null,"ssl_compatibility_level":"ssl_compatibility_level_intermediate","region":"fr-par"}'
    headers:
      Content-Length:
      - "808"
      Content-Security-Policy:
      - default-src 'none'; frame-ancestors 'none'
      Content-Type:
      - application/json
      Date:
      - Tue, 21 Jul 2020 09:15:40 GMT
      Server:
      - agw_listener_public_vip
      Strict-Transport-Security:
      - max-age=63072000
      X-Content-Type-Options:
      - nosniff
      X-Frame-Options:
      - DENY
      X-Request-Id:
      - 2e459d4b-c431-4cf3-a06c-7efa9d8078d5
    status: 200 OK
    code: 200
    duration: ""
- request:
    body: ""
    form: {}
    headers:
      User-Agent:
      - scaleway-sdk-go/v1.0.0-beta.6+dev (go1.14.5; darwin; amd64) cli-e2e-test
    url: https://api.scaleway.com/lb/v1/regions/fr-par/lbs/6ef0e23c-3bb8-4198-ba36-b7790491ec1a
    method: GET
  response:
    body: '{"id":"6ef0e23c-3bb8-4198-ba36-b7790491ec1a","name":"foobar","description":"foobar","status":"ready","instances":[{"id":"24513814-8844-4a01-9ff1-164c6a4da521","status":"ready","ip_address":"10.64.52.151","region":"fr-par"},{"id":"06cf9cf1-82df-44b1-bc16-d873e69778b1","status":"ready","ip_address":"10.64.104.67","region":"fr-par"}],"organization_id":"951df375-e094-4d26-97c1-ba548eeb9c42","ip":[{"id":"50d49130-2d74-47b8-ab6b-1b360e49723a","ip_address":"51.159.75.242","organization_id":"951df375-e094-4d26-97c1-ba548eeb9c42","lb_id":"6ef0e23c-3bb8-4198-ba36-b7790491ec1a","reverse":"51-159-75-242.lb.fr-par.scw.cloud","region":"fr-par"}],"tags":[],"frontend_count":0,"backend_count":0,"type":"lb-s","subscriber":null,"ssl_compatibility_level":"ssl_compatibility_level_intermediate","region":"fr-par"}'
    headers:
      Content-Length:
      - "802"
      Content-Security-Policy:
      - default-src 'none'; frame-ancestors 'none'
      Content-Type:
      - application/json
      Date:
      - Tue, 21 Jul 2020 09:15:42 GMT
      Server:
      - agw_listener_public_vip
      Strict-Transport-Security:
      - max-age=63072000
      X-Content-Type-Options:
      - nosniff
      X-Frame-Options:
      - DENY
      X-Request-Id:
      - e215c2bb-74f9-425d-ac5e-263ba8636dbb
    status: 200 OK
    code: 200
    duration: ""
- request:
    body: ""
    form: {}
    headers:
      User-Agent:
      - scaleway-sdk-go/v1.0.0-beta.6+dev (go1.14.5; darwin; amd64) cli-e2e-test
    url: https://api.scaleway.com/lb/v1/regions/fr-par/lbs/6ef0e23c-3bb8-4198-ba36-b7790491ec1a?release_ip=false
    method: DELETE
  response:
    body: ""
    headers:
      Content-Security-Policy:
      - default-src 'none'; frame-ancestors 'none'
      Content-Type:
      - application/json
      Date:
      - Tue, 21 Jul 2020 09:15:43 GMT
      Server:
      - agw_listener_public_vip
      Strict-Transport-Security:
      - max-age=63072000
      X-Content-Type-Options:
      - nosniff
      X-Frame-Options:
      - DENY
      X-Request-Id:
      - 1a3c7999-ea94-4a48-8117-6f6ec7360ae0
    status: 204 No Content
    code: 204
    duration: ""
