---
version: 1
interactions:
- request:
    body: '{"project_id":"564aa517-68b0-4fd7-8c8c-d21c4bcdcbd5","name":"cli-test","description":"cli-test","ip_id":null,"tags":null,"type":"LB-S","ssl_compatibility_level":"ssl_compatibility_level_unknown"}'
    form: {}
    headers:
      Content-Type:
      - application/json
      User-Agent:
      - scaleway-sdk-go/v1.0.0-beta.7+dev (go1.19.1; darwin; amd64) cli-e2e-test
    url: https://api.scaleway.com/lb/v1/zones/fr-par-1/lbs
    method: POST
  response:
    body: '{"id":"f2873b5f-0be0-417c-b216-700419eb6528","name":"cli-test","description":"cli-test","status":"to_create","instances":[],"organization_id":"564aa517-68b0-4fd7-8c8c-d21c4bcdcbd5","project_id":"564aa517-68b0-4fd7-8c8c-d21c4bcdcbd5","ip":[{"id":"a9ac4e7a-9099-4cad-a7e9-d4f20a49b963","ip_address":"51.159.206.158","organization_id":"564aa517-68b0-4fd7-8c8c-d21c4bcdcbd5","project_id":"564aa517-68b0-4fd7-8c8c-d21c4bcdcbd5","lb_id":"f2873b5f-0be0-417c-b216-700419eb6528","reverse":"51-159-206-158.lb.fr-par.scw.cloud","region":"fr-par","zone":"fr-par-1"}],"tags":[],"frontend_count":0,"backend_count":0,"type":"lb-s","subscriber":null,"ssl_compatibility_level":"ssl_compatibility_level_intermediate","created_at":"2022-11-14T15:43:48.882776595Z","updated_at":"2022-11-14T15:43:48.882776595Z","private_network_count":0,"route_count":0,"region":"fr-par","zone":"fr-par-1"}'
    headers:
      Content-Length:
      - "869"
      Content-Security-Policy:
      - default-src 'none'; frame-ancestors 'none'
      Content-Type:
      - application/json
      Date:
      - Mon, 14 Nov 2022 15:43:49 GMT
      Server:
      - Scaleway API-Gateway
      Strict-Transport-Security:
      - max-age=63072000
      X-Content-Type-Options:
      - nosniff
      X-Frame-Options:
      - DENY
      X-Request-Id:
      - 090adfa5-ee7b-489f-939e-f7a6aec54f43
    status: 200 OK
    code: 200
    duration: ""
- request:
    body: ""
    form: {}
    headers:
      User-Agent:
      - scaleway-sdk-go/v1.0.0-beta.7+dev (go1.19.1; darwin; amd64) cli-e2e-test
    url: https://api.scaleway.com/lb/v1/zones/fr-par-1/lbs/f2873b5f-0be0-417c-b216-700419eb6528
    method: GET
  response:
    body: '{"id":"f2873b5f-0be0-417c-b216-700419eb6528","name":"cli-test","description":"cli-test","status":"to_create","instances":[{"id":"0c37adc1-c896-4d1f-abbc-50fab537f657","status":"unknown","ip_address":"10.64.122.27","created_at":"2022-11-14T15:23:21.690645Z","updated_at":"2022-11-14T15:43:49.179884Z","region":"fr-par","zone":"fr-par-1"}],"organization_id":"564aa517-68b0-4fd7-8c8c-d21c4bcdcbd5","project_id":"564aa517-68b0-4fd7-8c8c-d21c4bcdcbd5","ip":[{"id":"a9ac4e7a-9099-4cad-a7e9-d4f20a49b963","ip_address":"51.159.206.158","organization_id":"564aa517-68b0-4fd7-8c8c-d21c4bcdcbd5","project_id":"564aa517-68b0-4fd7-8c8c-d21c4bcdcbd5","lb_id":"f2873b5f-0be0-417c-b216-700419eb6528","reverse":"51-159-206-158.lb.fr-par.scw.cloud","region":"fr-par","zone":"fr-par-1"}],"tags":[],"frontend_count":0,"backend_count":0,"type":"lb-s","subscriber":null,"ssl_compatibility_level":"ssl_compatibility_level_intermediate","created_at":"2022-11-14T15:43:48.882777Z","updated_at":"2022-11-14T15:43:48.882777Z","private_network_count":0,"route_count":0,"region":"fr-par","zone":"fr-par-1"}'
    headers:
      Content-Length:
      - "1077"
      Content-Security-Policy:
      - default-src 'none'; frame-ancestors 'none'
      Content-Type:
      - application/json
      Date:
      - Mon, 14 Nov 2022 15:43:49 GMT
      Server:
      - Scaleway API-Gateway
      Strict-Transport-Security:
      - max-age=63072000
      X-Content-Type-Options:
      - nosniff
      X-Frame-Options:
      - DENY
      X-Request-Id:
      - 54f021da-b864-49f4-8985-e6e4fd56b2f4
    status: 200 OK
    code: 200
    duration: ""
- request:
    body: ""
    form: {}
    headers:
      User-Agent:
      - scaleway-sdk-go/v1.0.0-beta.7+dev (go1.19.1; darwin; amd64) cli-e2e-test
    url: https://api.scaleway.com/lb/v1/zones/fr-par-1/lbs/f2873b5f-0be0-417c-b216-700419eb6528
    method: GET
  response:
    body: '{"id":"f2873b5f-0be0-417c-b216-700419eb6528","name":"cli-test","description":"cli-test","status":"ready","instances":[{"id":"0c37adc1-c896-4d1f-abbc-50fab537f657","status":"ready","ip_address":"10.64.122.27","created_at":"2022-11-14T15:23:21.690645Z","updated_at":"2022-11-14T15:43:49.478249Z","region":"fr-par","zone":"fr-par-1"}],"organization_id":"564aa517-68b0-4fd7-8c8c-d21c4bcdcbd5","project_id":"564aa517-68b0-4fd7-8c8c-d21c4bcdcbd5","ip":[{"id":"a9ac4e7a-9099-4cad-a7e9-d4f20a49b963","ip_address":"51.159.206.158","organization_id":"564aa517-68b0-4fd7-8c8c-d21c4bcdcbd5","project_id":"564aa517-68b0-4fd7-8c8c-d21c4bcdcbd5","lb_id":"f2873b5f-0be0-417c-b216-700419eb6528","reverse":"51-159-206-158.lb.fr-par.scw.cloud","region":"fr-par","zone":"fr-par-1"}],"tags":[],"frontend_count":0,"backend_count":0,"type":"lb-s","subscriber":null,"ssl_compatibility_level":"ssl_compatibility_level_intermediate","created_at":"2022-11-14T15:43:48.882777Z","updated_at":"2022-11-14T15:43:50.089379Z","private_network_count":0,"route_count":0,"region":"fr-par","zone":"fr-par-1"}'
    headers:
      Content-Length:
      - "1071"
      Content-Security-Policy:
      - default-src 'none'; frame-ancestors 'none'
      Content-Type:
      - application/json
      Date:
      - Mon, 14 Nov 2022 15:43:51 GMT
      Server:
      - Scaleway API-Gateway
      Strict-Transport-Security:
      - max-age=63072000
      X-Content-Type-Options:
      - nosniff
      X-Frame-Options:
      - DENY
      X-Request-Id:
      - 61d64b2d-9683-48f4-80f1-1b482c33b891
    status: 200 OK
    code: 200
    duration: ""
- request:
    body: ""
    form: {}
    headers:
      User-Agent:
      - scaleway-sdk-go/v1.0.0-beta.7+dev (go1.19.1; darwin; amd64) cli-e2e-test
    url: https://api.scaleway.com/lb/v1/zones/fr-par-1/lbs/f2873b5f-0be0-417c-b216-700419eb6528?release_ip=false
    method: DELETE
  response:
    body: ""
    headers:
      Content-Security-Policy:
      - default-src 'none'; frame-ancestors 'none'
      Content-Type:
      - application/json
      Date:
      - Mon, 14 Nov 2022 15:43:51 GMT
      Server:
      - Scaleway API-Gateway
      Strict-Transport-Security:
      - max-age=63072000
      X-Content-Type-Options:
      - nosniff
      X-Frame-Options:
      - DENY
      X-Request-Id:
      - 647bace0-3c26-4eb7-9214-729f64f06cb9
    status: 204 No Content
    code: 204
    duration: ""
