---
version: 1
interactions:
- request:
    body: '{"id":"17ddd2f8-61b9-4015-a96f-a4573a8f06b0", "name":"cli-test", "description":"cli-test",
      "status":"to_create", "instances":[], "organization_id":"ee7bd9e1-9cbd-4724-b2f4-19e50f3cf38b",
      "project_id":"ee7bd9e1-9cbd-4724-b2f4-19e50f3cf38b", "ip":[{"id":"dd9039c7-8449-474c-b0b2-bdd24dc87717",
      "ip_address":"51.159.112.89", "organization_id":"ee7bd9e1-9cbd-4724-b2f4-19e50f3cf38b",
      "project_id":"ee7bd9e1-9cbd-4724-b2f4-19e50f3cf38b", "lb_id":"17ddd2f8-61b9-4015-a96f-a4573a8f06b0",
      "reverse":"51-159-112-89.lb.fr-par.scw.cloud", "region":"fr-par", "zone":"fr-par-1"}],
      "tags":[], "frontend_count":0, "backend_count":0, "type":"lb-s", "subscriber":null,
      "ssl_compatibility_level":"ssl_compatibility_level_intermediate", "created_at":"2023-12-06T15:48:13.281064440Z",
      "updated_at":"2023-12-06T15:48:13.281064440Z", "private_network_count":0, "route_count":0,
      "region":"fr-par", "zone":"fr-par-1"}'
    form: {}
    headers:
      Content-Type:
      - application/json
      User-Agent:
      - scaleway-sdk-go/v1.0.0-beta.7+dev (go1.21.1; linux; amd64) cli-e2e-test
    url: https://api.scaleway.com/lb/v1/zones/fr-par-1/lbs
    method: POST
  response:
    body: '{"id":"17ddd2f8-61b9-4015-a96f-a4573a8f06b0", "name":"cli-test", "description":"cli-test",
      "status":"to_create", "instances":[], "organization_id":"ee7bd9e1-9cbd-4724-b2f4-19e50f3cf38b",
      "project_id":"ee7bd9e1-9cbd-4724-b2f4-19e50f3cf38b", "ip":[{"id":"dd9039c7-8449-474c-b0b2-bdd24dc87717",
      "ip_address":"51.159.112.89", "organization_id":"ee7bd9e1-9cbd-4724-b2f4-19e50f3cf38b",
      "project_id":"ee7bd9e1-9cbd-4724-b2f4-19e50f3cf38b", "lb_id":"17ddd2f8-61b9-4015-a96f-a4573a8f06b0",
      "reverse":"51-159-112-89.lb.fr-par.scw.cloud", "region":"fr-par", "zone":"fr-par-1"}],
      "tags":[], "frontend_count":0, "backend_count":0, "type":"lb-s", "subscriber":null,
      "ssl_compatibility_level":"ssl_compatibility_level_intermediate", "created_at":"2023-12-06T15:48:13.281064440Z",
      "updated_at":"2023-12-06T15:48:13.281064440Z", "private_network_count":0, "route_count":0,
      "region":"fr-par", "zone":"fr-par-1"}'
    headers:
      Content-Length:
      - "893"
      Content-Security-Policy:
      - default-src 'none'; frame-ancestors 'none'
      Content-Type:
      - application/json
      Date:
      - Wed, 06 Dec 2023 15:48:13 GMT
      Server:
      - Scaleway API-Gateway
      Strict-Transport-Security:
      - max-age=63072000
      X-Content-Type-Options:
      - nosniff
      X-Frame-Options:
      - DENY
      X-Request-Id:
      - da2d68b0-0f2e-447d-8774-b3832471e9bb
    status: 200 OK
    code: 200
    duration: ""
- request:
    body: '{"id":"17ddd2f8-61b9-4015-a96f-a4573a8f06b0", "name":"cli-test", "description":"cli-test",
      "status":"creating", "instances":[{"id":"9750308c-0fd9-4345-8ac3-1b0a2687d6f2",
      "status":"unknown", "ip_address":"", "created_at":"2023-12-06T15:46:15.261514Z",
      "updated_at":"2023-12-06T15:48:13.556231Z", "region":"fr-par", "zone":"fr-par-1"}],
      "organization_id":"ee7bd9e1-9cbd-4724-b2f4-19e50f3cf38b", "project_id":"ee7bd9e1-9cbd-4724-b2f4-19e50f3cf38b",
      "ip":[{"id":"dd9039c7-8449-474c-b0b2-bdd24dc87717", "ip_address":"51.159.112.89",
      "organization_id":"ee7bd9e1-9cbd-4724-b2f4-19e50f3cf38b", "project_id":"ee7bd9e1-9cbd-4724-b2f4-19e50f3cf38b",
      "lb_id":"17ddd2f8-61b9-4015-a96f-a4573a8f06b0", "reverse":"51-159-112-89.lb.fr-par.scw.cloud",
      "region":"fr-par", "zone":"fr-par-1"}], "tags":[], "frontend_count":0, "backend_count":0,
      "type":"lb-s", "subscriber":null, "ssl_compatibility_level":"ssl_compatibility_level_intermediate",
      "created_at":"2023-12-06T15:48:13.281064Z", "updated_at":"2023-12-06T15:48:13.567827Z",
      "private_network_count":0, "route_count":0, "region":"fr-par", "zone":"fr-par-1"}'
    form: {}
    headers:
      User-Agent:
      - scaleway-sdk-go/v1.0.0-beta.7+dev (go1.21.1; linux; amd64) cli-e2e-test
    url: https://api.scaleway.com/lb/v1/zones/fr-par-1/lbs/17ddd2f8-61b9-4015-a96f-a4573a8f06b0
    method: GET
  response:
    body: '{"id":"17ddd2f8-61b9-4015-a96f-a4573a8f06b0", "name":"cli-test", "description":"cli-test",
      "status":"creating", "instances":[{"id":"9750308c-0fd9-4345-8ac3-1b0a2687d6f2",
      "status":"unknown", "ip_address":"", "created_at":"2023-12-06T15:46:15.261514Z",
      "updated_at":"2023-12-06T15:48:13.556231Z", "region":"fr-par", "zone":"fr-par-1"}],
      "organization_id":"ee7bd9e1-9cbd-4724-b2f4-19e50f3cf38b", "project_id":"ee7bd9e1-9cbd-4724-b2f4-19e50f3cf38b",
      "ip":[{"id":"dd9039c7-8449-474c-b0b2-bdd24dc87717", "ip_address":"51.159.112.89",
      "organization_id":"ee7bd9e1-9cbd-4724-b2f4-19e50f3cf38b", "project_id":"ee7bd9e1-9cbd-4724-b2f4-19e50f3cf38b",
      "lb_id":"17ddd2f8-61b9-4015-a96f-a4573a8f06b0", "reverse":"51-159-112-89.lb.fr-par.scw.cloud",
      "region":"fr-par", "zone":"fr-par-1"}], "tags":[], "frontend_count":0, "backend_count":0,
      "type":"lb-s", "subscriber":null, "ssl_compatibility_level":"ssl_compatibility_level_intermediate",
      "created_at":"2023-12-06T15:48:13.281064Z", "updated_at":"2023-12-06T15:48:13.567827Z",
      "private_network_count":0, "route_count":0, "region":"fr-par", "zone":"fr-par-1"}'
    headers:
      Content-Length:
      - "1094"
      Content-Security-Policy:
      - default-src 'none'; frame-ancestors 'none'
      Content-Type:
      - application/json
      Date:
      - Wed, 06 Dec 2023 15:48:13 GMT
      Server:
      - Scaleway API-Gateway
      Strict-Transport-Security:
      - max-age=63072000
      X-Content-Type-Options:
      - nosniff
      X-Frame-Options:
      - DENY
      X-Request-Id:
      - 13860efb-4791-4ca3-b2cf-766c16d4c7f8
    status: 200 OK
    code: 200
    duration: ""
- request:
    body: '{"id":"17ddd2f8-61b9-4015-a96f-a4573a8f06b0", "name":"cli-test", "description":"cli-test",
      "status":"creating", "instances":[{"id":"9750308c-0fd9-4345-8ac3-1b0a2687d6f2",
      "status":"unknown", "ip_address":"", "created_at":"2023-12-06T15:46:15.261514Z",
      "updated_at":"2023-12-06T15:48:13.556231Z", "region":"fr-par", "zone":"fr-par-1"}],
      "organization_id":"ee7bd9e1-9cbd-4724-b2f4-19e50f3cf38b", "project_id":"ee7bd9e1-9cbd-4724-b2f4-19e50f3cf38b",
      "ip":[{"id":"dd9039c7-8449-474c-b0b2-bdd24dc87717", "ip_address":"51.159.112.89",
      "organization_id":"ee7bd9e1-9cbd-4724-b2f4-19e50f3cf38b", "project_id":"ee7bd9e1-9cbd-4724-b2f4-19e50f3cf38b",
      "lb_id":"17ddd2f8-61b9-4015-a96f-a4573a8f06b0", "reverse":"51-159-112-89.lb.fr-par.scw.cloud",
      "region":"fr-par", "zone":"fr-par-1"}], "tags":[], "frontend_count":0, "backend_count":0,
      "type":"lb-s", "subscriber":null, "ssl_compatibility_level":"ssl_compatibility_level_intermediate",
      "created_at":"2023-12-06T15:48:13.281064Z", "updated_at":"2023-12-06T15:48:13.567827Z",
      "private_network_count":0, "route_count":0, "region":"fr-par", "zone":"fr-par-1"}'
    form: {}
    headers:
      User-Agent:
      - scaleway-sdk-go/v1.0.0-beta.7+dev (go1.21.1; linux; amd64) cli-e2e-test
    url: https://api.scaleway.com/lb/v1/zones/fr-par-1/lbs/17ddd2f8-61b9-4015-a96f-a4573a8f06b0
    method: GET
  response:
    body: '{"id":"17ddd2f8-61b9-4015-a96f-a4573a8f06b0", "name":"cli-test", "description":"cli-test",
      "status":"creating", "instances":[{"id":"9750308c-0fd9-4345-8ac3-1b0a2687d6f2",
      "status":"unknown", "ip_address":"", "created_at":"2023-12-06T15:46:15.261514Z",
      "updated_at":"2023-12-06T15:48:13.556231Z", "region":"fr-par", "zone":"fr-par-1"}],
      "organization_id":"ee7bd9e1-9cbd-4724-b2f4-19e50f3cf38b", "project_id":"ee7bd9e1-9cbd-4724-b2f4-19e50f3cf38b",
      "ip":[{"id":"dd9039c7-8449-474c-b0b2-bdd24dc87717", "ip_address":"51.159.112.89",
      "organization_id":"ee7bd9e1-9cbd-4724-b2f4-19e50f3cf38b", "project_id":"ee7bd9e1-9cbd-4724-b2f4-19e50f3cf38b",
      "lb_id":"17ddd2f8-61b9-4015-a96f-a4573a8f06b0", "reverse":"51-159-112-89.lb.fr-par.scw.cloud",
      "region":"fr-par", "zone":"fr-par-1"}], "tags":[], "frontend_count":0, "backend_count":0,
      "type":"lb-s", "subscriber":null, "ssl_compatibility_level":"ssl_compatibility_level_intermediate",
      "created_at":"2023-12-06T15:48:13.281064Z", "updated_at":"2023-12-06T15:48:13.567827Z",
      "private_network_count":0, "route_count":0, "region":"fr-par", "zone":"fr-par-1"}'
    headers:
      Content-Length:
      - "1094"
      Content-Security-Policy:
      - default-src 'none'; frame-ancestors 'none'
      Content-Type:
      - application/json
      Date:
      - Wed, 06 Dec 2023 15:48:15 GMT
      Server:
      - Scaleway API-Gateway
      Strict-Transport-Security:
      - max-age=63072000
      X-Content-Type-Options:
      - nosniff
      X-Frame-Options:
      - DENY
      X-Request-Id:
      - 591541de-61db-4a36-b37e-409d28e54d85
    status: 200 OK
    code: 200
    duration: ""
- request:
    body: '{"id":"17ddd2f8-61b9-4015-a96f-a4573a8f06b0", "name":"cli-test", "description":"cli-test",
      "status":"creating", "instances":[{"id":"9750308c-0fd9-4345-8ac3-1b0a2687d6f2",
      "status":"unknown", "ip_address":"", "created_at":"2023-12-06T15:46:15.261514Z",
      "updated_at":"2023-12-06T15:48:13.556231Z", "region":"fr-par", "zone":"fr-par-1"}],
      "organization_id":"ee7bd9e1-9cbd-4724-b2f4-19e50f3cf38b", "project_id":"ee7bd9e1-9cbd-4724-b2f4-19e50f3cf38b",
      "ip":[{"id":"dd9039c7-8449-474c-b0b2-bdd24dc87717", "ip_address":"51.159.112.89",
      "organization_id":"ee7bd9e1-9cbd-4724-b2f4-19e50f3cf38b", "project_id":"ee7bd9e1-9cbd-4724-b2f4-19e50f3cf38b",
      "lb_id":"17ddd2f8-61b9-4015-a96f-a4573a8f06b0", "reverse":"51-159-112-89.lb.fr-par.scw.cloud",
      "region":"fr-par", "zone":"fr-par-1"}], "tags":[], "frontend_count":0, "backend_count":0,
      "type":"lb-s", "subscriber":null, "ssl_compatibility_level":"ssl_compatibility_level_intermediate",
      "created_at":"2023-12-06T15:48:13.281064Z", "updated_at":"2023-12-06T15:48:13.567827Z",
      "private_network_count":0, "route_count":0, "region":"fr-par", "zone":"fr-par-1"}'
    form: {}
    headers:
      User-Agent:
      - scaleway-sdk-go/v1.0.0-beta.7+dev (go1.21.1; linux; amd64) cli-e2e-test
    url: https://api.scaleway.com/lb/v1/zones/fr-par-1/lbs/17ddd2f8-61b9-4015-a96f-a4573a8f06b0
    method: GET
  response:
    body: '{"id":"17ddd2f8-61b9-4015-a96f-a4573a8f06b0", "name":"cli-test", "description":"cli-test",
      "status":"creating", "instances":[{"id":"9750308c-0fd9-4345-8ac3-1b0a2687d6f2",
      "status":"unknown", "ip_address":"", "created_at":"2023-12-06T15:46:15.261514Z",
      "updated_at":"2023-12-06T15:48:13.556231Z", "region":"fr-par", "zone":"fr-par-1"}],
      "organization_id":"ee7bd9e1-9cbd-4724-b2f4-19e50f3cf38b", "project_id":"ee7bd9e1-9cbd-4724-b2f4-19e50f3cf38b",
      "ip":[{"id":"dd9039c7-8449-474c-b0b2-bdd24dc87717", "ip_address":"51.159.112.89",
      "organization_id":"ee7bd9e1-9cbd-4724-b2f4-19e50f3cf38b", "project_id":"ee7bd9e1-9cbd-4724-b2f4-19e50f3cf38b",
      "lb_id":"17ddd2f8-61b9-4015-a96f-a4573a8f06b0", "reverse":"51-159-112-89.lb.fr-par.scw.cloud",
      "region":"fr-par", "zone":"fr-par-1"}], "tags":[], "frontend_count":0, "backend_count":0,
      "type":"lb-s", "subscriber":null, "ssl_compatibility_level":"ssl_compatibility_level_intermediate",
      "created_at":"2023-12-06T15:48:13.281064Z", "updated_at":"2023-12-06T15:48:13.567827Z",
      "private_network_count":0, "route_count":0, "region":"fr-par", "zone":"fr-par-1"}'
    headers:
      Content-Length:
      - "1094"
      Content-Security-Policy:
      - default-src 'none'; frame-ancestors 'none'
      Content-Type:
      - application/json
      Date:
      - Wed, 06 Dec 2023 15:48:17 GMT
      Server:
      - Scaleway API-Gateway
      Strict-Transport-Security:
      - max-age=63072000
      X-Content-Type-Options:
      - nosniff
      X-Frame-Options:
      - DENY
      X-Request-Id:
      - 1a1c122a-1015-48c0-b1f7-38ba428fcddc
    status: 200 OK
    code: 200
    duration: ""
- request:
    body: '{"id":"17ddd2f8-61b9-4015-a96f-a4573a8f06b0", "name":"cli-test", "description":"cli-test",
      "status":"ready", "instances":[{"id":"9750308c-0fd9-4345-8ac3-1b0a2687d6f2",
      "status":"ready", "ip_address":"", "created_at":"2023-12-06T15:46:15.261514Z",
      "updated_at":"2023-12-06T15:48:17.874966Z", "region":"fr-par", "zone":"fr-par-1"}],
      "organization_id":"ee7bd9e1-9cbd-4724-b2f4-19e50f3cf38b", "project_id":"ee7bd9e1-9cbd-4724-b2f4-19e50f3cf38b",
      "ip":[{"id":"dd9039c7-8449-474c-b0b2-bdd24dc87717", "ip_address":"51.159.112.89",
      "organization_id":"ee7bd9e1-9cbd-4724-b2f4-19e50f3cf38b", "project_id":"ee7bd9e1-9cbd-4724-b2f4-19e50f3cf38b",
      "lb_id":"17ddd2f8-61b9-4015-a96f-a4573a8f06b0", "reverse":"51-159-112-89.lb.fr-par.scw.cloud",
      "region":"fr-par", "zone":"fr-par-1"}], "tags":[], "frontend_count":0, "backend_count":0,
      "type":"lb-s", "subscriber":null, "ssl_compatibility_level":"ssl_compatibility_level_intermediate",
      "created_at":"2023-12-06T15:48:13.281064Z", "updated_at":"2023-12-06T15:48:19.141914Z",
      "private_network_count":0, "route_count":0, "region":"fr-par", "zone":"fr-par-1"}'
    form: {}
    headers:
      User-Agent:
      - scaleway-sdk-go/v1.0.0-beta.7+dev (go1.21.1; linux; amd64) cli-e2e-test
    url: https://api.scaleway.com/lb/v1/zones/fr-par-1/lbs/17ddd2f8-61b9-4015-a96f-a4573a8f06b0
    method: GET
  response:
    body: '{"id":"17ddd2f8-61b9-4015-a96f-a4573a8f06b0", "name":"cli-test", "description":"cli-test",
      "status":"ready", "instances":[{"id":"9750308c-0fd9-4345-8ac3-1b0a2687d6f2",
      "status":"ready", "ip_address":"", "created_at":"2023-12-06T15:46:15.261514Z",
      "updated_at":"2023-12-06T15:48:17.874966Z", "region":"fr-par", "zone":"fr-par-1"}],
      "organization_id":"ee7bd9e1-9cbd-4724-b2f4-19e50f3cf38b", "project_id":"ee7bd9e1-9cbd-4724-b2f4-19e50f3cf38b",
      "ip":[{"id":"dd9039c7-8449-474c-b0b2-bdd24dc87717", "ip_address":"51.159.112.89",
      "organization_id":"ee7bd9e1-9cbd-4724-b2f4-19e50f3cf38b", "project_id":"ee7bd9e1-9cbd-4724-b2f4-19e50f3cf38b",
      "lb_id":"17ddd2f8-61b9-4015-a96f-a4573a8f06b0", "reverse":"51-159-112-89.lb.fr-par.scw.cloud",
      "region":"fr-par", "zone":"fr-par-1"}], "tags":[], "frontend_count":0, "backend_count":0,
      "type":"lb-s", "subscriber":null, "ssl_compatibility_level":"ssl_compatibility_level_intermediate",
      "created_at":"2023-12-06T15:48:13.281064Z", "updated_at":"2023-12-06T15:48:19.141914Z",
      "private_network_count":0, "route_count":0, "region":"fr-par", "zone":"fr-par-1"}'
    headers:
      Content-Length:
      - "1089"
      Content-Security-Policy:
      - default-src 'none'; frame-ancestors 'none'
      Content-Type:
      - application/json
      Date:
      - Wed, 06 Dec 2023 15:48:19 GMT
      Server:
      - Scaleway API-Gateway
      Strict-Transport-Security:
      - max-age=63072000
      X-Content-Type-Options:
      - nosniff
      X-Frame-Options:
      - DENY
      X-Request-Id:
      - 4aaf7d28-e894-41c8-9981-d174ac673b28
    status: 200 OK
    code: 200
    duration: ""
- request:
    body: '{"local_images":[{"id":"bc2f0ae3-bfca-4055-89c9-e84c54e568b1", "arch":"x86_64",
      "zone":"fr-par-1", "compatible_commercial_types":["DEV1-L", "DEV1-M", "DEV1-S",
      "DEV1-XL", "GP1-L", "GP1-M", "GP1-S", "GP1-XL", "GP1-XS", "START1-L", "START1-M",
      "START1-S", "START1-XS", "VC1L", "VC1M", "VC1S", "X64-120GB", "X64-15GB", "X64-30GB",
      "X64-60GB", "ENT1-XXS", "ENT1-XS", "ENT1-S", "ENT1-M", "ENT1-L", "ENT1-XL",
      "ENT1-2XL", "PRO2-XXS", "PRO2-XS", "PRO2-S", "PRO2-M", "PRO2-L", "STARDUST1-S",
      "PLAY2-MICRO", "PLAY2-NANO", "PLAY2-PICO", "POP2-2C-8G", "POP2-4C-16G", "POP2-8C-32G",
      "POP2-16C-64G", "POP2-32C-128G", "POP2-64C-256G", "POP2-HM-2C-16G", "POP2-HM-4C-32G",
      "POP2-HM-8C-64G", "POP2-HM-16C-128G", "POP2-HM-32C-256G", "POP2-HM-64C-512G",
      "POP2-HC-2C-4G", "POP2-HC-4C-8G", "POP2-HC-8C-16G", "POP2-HC-16C-32G", "POP2-HC-32C-64G",
      "POP2-HC-64C-128G"], "label":"ubuntu_focal", "type":"instance_local"}, {"id":"492d66d3-b14d-46d3-80c6-3945d5b61b21",
      "arch":"arm64", "zone":"fr-par-1", "compatible_commercial_types":["AMP2-C1",
      "AMP2-C2", "AMP2-C4", "AMP2-C8", "AMP2-C12", "AMP2-C24", "AMP2-C48", "AMP2-C60",
      "COPARM1-2C-8G", "COPARM1-4C-16G", "COPARM1-8C-32G", "COPARM1-16C-64G", "COPARM1-32C-128G"],
      "label":"ubuntu_focal", "type":"instance_local"}], "total_count":2}'
    form: {}
    headers:
      User-Agent:
      - scaleway-sdk-go/v1.0.0-beta.7+dev (go1.21.1; linux; amd64) cli-e2e-test
    url: https://api.scaleway.com/marketplace/v2/local-images?image_label=ubuntu_focal&order_by=created_at_asc&type=instance_local&zone=fr-par-1
    method: GET
  response:
    body: '{"local_images":[{"id":"bc2f0ae3-bfca-4055-89c9-e84c54e568b1", "arch":"x86_64",
      "zone":"fr-par-1", "compatible_commercial_types":["DEV1-L", "DEV1-M", "DEV1-S",
      "DEV1-XL", "GP1-L", "GP1-M", "GP1-S", "GP1-XL", "GP1-XS", "START1-L", "START1-M",
      "START1-S", "START1-XS", "VC1L", "VC1M", "VC1S", "X64-120GB", "X64-15GB", "X64-30GB",
      "X64-60GB", "ENT1-XXS", "ENT1-XS", "ENT1-S", "ENT1-M", "ENT1-L", "ENT1-XL",
      "ENT1-2XL", "PRO2-XXS", "PRO2-XS", "PRO2-S", "PRO2-M", "PRO2-L", "STARDUST1-S",
      "PLAY2-MICRO", "PLAY2-NANO", "PLAY2-PICO", "POP2-2C-8G", "POP2-4C-16G", "POP2-8C-32G",
      "POP2-16C-64G", "POP2-32C-128G", "POP2-64C-256G", "POP2-HM-2C-16G", "POP2-HM-4C-32G",
      "POP2-HM-8C-64G", "POP2-HM-16C-128G", "POP2-HM-32C-256G", "POP2-HM-64C-512G",
      "POP2-HC-2C-4G", "POP2-HC-4C-8G", "POP2-HC-8C-16G", "POP2-HC-16C-32G", "POP2-HC-32C-64G",
      "POP2-HC-64C-128G"], "label":"ubuntu_focal", "type":"instance_local"}, {"id":"492d66d3-b14d-46d3-80c6-3945d5b61b21",
      "arch":"arm64", "zone":"fr-par-1", "compatible_commercial_types":["AMP2-C1",
      "AMP2-C2", "AMP2-C4", "AMP2-C8", "AMP2-C12", "AMP2-C24", "AMP2-C48", "AMP2-C60",
      "COPARM1-2C-8G", "COPARM1-4C-16G", "COPARM1-8C-32G", "COPARM1-16C-64G", "COPARM1-32C-128G"],
      "label":"ubuntu_focal", "type":"instance_local"}], "total_count":2}'
    headers:
      Content-Length:
      - "1260"
      Content-Security-Policy:
      - default-src 'none'; frame-ancestors 'none'
      Content-Type:
      - application/json
      Date:
      - Wed, 06 Dec 2023 15:48:19 GMT
      Server:
      - Scaleway API-Gateway
      Strict-Transport-Security:
      - max-age=63072000
      X-Content-Type-Options:
      - nosniff
      X-Frame-Options:
      - DENY
      X-Request-Id:
      - b8ab3485-89cc-46a6-85cd-671dd15b8c4c
    status: 200 OK
    code: 200
    duration: ""
- request:
    body: '{"image": {"id": "bc2f0ae3-bfca-4055-89c9-e84c54e568b1", "name": "Ubuntu
      20.04 Focal Fossa", "organization": "51b656e3-4865-41e8-adbc-0c45bdd780db",
      "project": "51b656e3-4865-41e8-adbc-0c45bdd780db", "root_volume": {"id": "6bc86f32-e6ca-4570-9823-daf6bc722114",
      "name": "Ubuntu 20.04 Focal Fossa", "volume_type": "unified", "size": 10000000000},
      "extra_volumes": {}, "public": true, "arch": "x86_64", "creation_date": "2023-11-27T16:12:47.639821+00:00",
      "modification_date": "2023-11-27T16:12:47.639821+00:00", "default_bootscript":
      null, "from_server": null, "state": "available", "tags": [], "zone": "fr-par-1"}}'
    form: {}
    headers:
      User-Agent:
      - scaleway-sdk-go/v1.0.0-beta.7+dev (go1.21.1; linux; amd64) cli-e2e-test
    url: https://api.scaleway.com/instance/v1/zones/fr-par-1/images/bc2f0ae3-bfca-4055-89c9-e84c54e568b1
    method: GET
  response:
    body: '{"image": {"id": "bc2f0ae3-bfca-4055-89c9-e84c54e568b1", "name": "Ubuntu
      20.04 Focal Fossa", "organization": "51b656e3-4865-41e8-adbc-0c45bdd780db",
      "project": "51b656e3-4865-41e8-adbc-0c45bdd780db", "root_volume": {"id": "6bc86f32-e6ca-4570-9823-daf6bc722114",
      "name": "Ubuntu 20.04 Focal Fossa", "volume_type": "unified", "size": 10000000000},
      "extra_volumes": {}, "public": true, "arch": "x86_64", "creation_date": "2023-11-27T16:12:47.639821+00:00",
      "modification_date": "2023-11-27T16:12:47.639821+00:00", "default_bootscript":
      null, "from_server": null, "state": "available", "tags": [], "zone": "fr-par-1"}}'
    headers:
      Content-Length:
      - "614"
      Content-Security-Policy:
      - default-src 'none'; frame-ancestors 'none'
      Content-Type:
      - application/json
      Date:
      - Wed, 06 Dec 2023 15:48:19 GMT
      Server:
      - Scaleway API-Gateway
      Strict-Transport-Security:
      - max-age=63072000
      X-Content-Type-Options:
      - nosniff
      X-Frame-Options:
      - DENY
      X-Request-Id:
      - b6090e9c-b971-4ec4-b94b-e324ee128d22
    status: 200 OK
    code: 200
    duration: ""
- request:
    body: '{"servers": {"COPARM1-16C-64G": {"alt_names": [], "arch": "arm64", "ncpus":
      16, "ram": 68719476736, "gpu": 0, "mig_profile": null, "volumes_constraint":
      {"min_size": 0, "max_size": 0}, "per_volume_constraint": {"l_ssd": {"min_size":
      0, "max_size": 0}}, "scratch_storage_max_size": null, "baremetal": false, "monthly_price":
      252.14, "hourly_price": 0.3454, "capabilities": {"boot_types": ["rescue", "local"],
      "hot_snapshots_local_volume": false, "placement_groups": true, "block_storage":
      true, "private_network": 8}, "network": {"ipv6_support": true, "sum_internal_bandwidth":
      1600000000, "sum_internet_bandwidth": 1600000000, "interfaces": [{"internal_bandwidth":
      1600000000, "internet_bandwidth": null}, {"internal_bandwidth": null, "internet_bandwidth":
      1600000000}]}}, "COPARM1-2C-8G": {"alt_names": [], "arch": "arm64", "ncpus":
      2, "ram": 8589934592, "gpu": 0, "mig_profile": null, "volumes_constraint": {"min_size":
      0, "max_size": 0}, "per_volume_constraint": {"l_ssd": {"min_size": 0, "max_size":
      0}}, "scratch_storage_max_size": null, "baremetal": false, "monthly_price":
      31.1, "hourly_price": 0.0426, "capabilities": {"boot_types": ["rescue", "local"],
      "hot_snapshots_local_volume": false, "placement_groups": true, "block_storage":
      true, "private_network": 8}, "network": {"ipv6_support": true, "sum_internal_bandwidth":
      200000000, "sum_internet_bandwidth": 200000000, "interfaces": [{"internal_bandwidth":
      200000000, "internet_bandwidth": null}, {"internal_bandwidth": null, "internet_bandwidth":
      200000000}]}}, "COPARM1-32C-128G": {"alt_names": [], "arch": "arm64", "ncpus":
      32, "ram": 137438953472, "gpu": 0, "mig_profile": null, "volumes_constraint":
      {"min_size": 0, "max_size": 0}, "per_volume_constraint": {"l_ssd": {"min_size":
      0, "max_size": 0}}, "scratch_storage_max_size": null, "baremetal": false, "monthly_price":
      506.26, "hourly_price": 0.6935, "capabilities": {"boot_types": ["rescue", "local"],
      "hot_snapshots_local_volume": false, "placement_groups": true, "block_storage":
      true, "private_network": 8}, "network": {"ipv6_support": true, "sum_internal_bandwidth":
      3200000000, "sum_internet_bandwidth": 3200000000, "interfaces": [{"internal_bandwidth":
      3200000000, "internet_bandwidth": null}, {"internal_bandwidth": null, "internet_bandwidth":
      3200000000}]}}, "COPARM1-4C-16G": {"alt_names": [], "arch": "arm64", "ncpus":
      4, "ram": 17179869184, "gpu": 0, "mig_profile": null, "volumes_constraint":
      {"min_size": 0, "max_size": 0}, "per_volume_constraint": {"l_ssd": {"min_size":
      0, "max_size": 0}}, "scratch_storage_max_size": null, "baremetal": false, "monthly_price":
      62.56, "hourly_price": 0.0857, "capabilities": {"boot_types": ["rescue", "local"],
      "hot_snapshots_local_volume": false, "placement_groups": true, "block_storage":
      true, "private_network": 8}, "network": {"ipv6_support": true, "sum_internal_bandwidth":
      400000000, "sum_internet_bandwidth": 400000000, "interfaces": [{"internal_bandwidth":
      400000000, "internet_bandwidth": null}, {"internal_bandwidth": null, "internet_bandwidth":
      400000000}]}}, "COPARM1-8C-32G": {"alt_names": [], "arch": "arm64", "ncpus":
      8, "ram": 34359738368, "gpu": 0, "mig_profile": null, "volumes_constraint":
      {"min_size": 0, "max_size": 0}, "per_volume_constraint": {"l_ssd": {"min_size":
      0, "max_size": 0}}, "scratch_storage_max_size": null, "baremetal": false, "monthly_price":
      125.85, "hourly_price": 0.1724, "capabilities": {"boot_types": ["rescue", "local"],
      "hot_snapshots_local_volume": false, "placement_groups": true, "block_storage":
      true, "private_network": 8}, "network": {"ipv6_support": true, "sum_internal_bandwidth":
      800000000, "sum_internet_bandwidth": 800000000, "interfaces": [{"internal_bandwidth":
      800000000, "internet_bandwidth": null}, {"internal_bandwidth": null, "internet_bandwidth":
      800000000}]}}, "DEV1-L": {"alt_names": [], "arch": "x86_64", "ncpus": 4, "ram":
      8589934592, "gpu": 0, "mig_profile": null, "volumes_constraint": {"min_size":
      0, "max_size": 80000000000}, "per_volume_constraint": {"l_ssd": {"min_size":
      1000000000, "max_size": 800000000000}}, "scratch_storage_max_size": null, "baremetal":
      false, "monthly_price": 36.1496, "hourly_price": 0.04952, "capabilities": {"boot_types":
      ["bootscript", "rescue", "local"], "hot_snapshots_local_volume": true, "placement_groups":
      true, "block_storage": true, "private_network": 8}, "network": {"ipv6_support":
      true, "sum_internal_bandwidth": 400000000, "sum_internet_bandwidth": 400000000,
      "interfaces": [{"internal_bandwidth": 400000000, "internet_bandwidth": null},
      {"internal_bandwidth": null, "internet_bandwidth": 400000000}]}}, "DEV1-M":
      {"alt_names": [], "arch": "x86_64", "ncpus": 3, "ram": 4294967296, "gpu": 0,
      "mig_profile": null, "volumes_constraint": {"min_size": 0, "max_size": 40000000000},
      "per_volume_constraint": {"l_ssd": {"min_size": 1000000000, "max_size": 800000000000}},
      "scratch_storage_max_size": null, "baremetal": false, "monthly_price": 18.6588,
      "hourly_price": 0.02556, "capabilities": {"boot_types": ["bootscript", "rescue",
      "local"], "hot_snapshots_local_volume": true, "placement_groups": true, "block_storage":
      true, "private_network": 8}, "network": {"ipv6_support": true, "sum_internal_bandwidth":
      300000000, "sum_internet_bandwidth": 300000000, "interfaces": [{"internal_bandwidth":
      300000000, "internet_bandwidth": null}, {"internal_bandwidth": null, "internet_bandwidth":
      300000000}]}}, "DEV1-S": {"alt_names": [], "arch": "x86_64", "ncpus": 2, "ram":
      2147483648, "gpu": 0, "mig_profile": null, "volumes_constraint": {"min_size":
      0, "max_size": 20000000000}, "per_volume_constraint": {"l_ssd": {"min_size":
      1000000000, "max_size": 800000000000}}, "scratch_storage_max_size": null, "baremetal":
      false, "monthly_price": 9.9864, "hourly_price": 0.01368, "capabilities": {"boot_types":
      ["bootscript", "rescue", "local"], "hot_snapshots_local_volume": true, "placement_groups":
      true, "block_storage": true, "private_network": 8}, "network": {"ipv6_support":
      true, "sum_internal_bandwidth": 200000000, "sum_internet_bandwidth": 200000000,
      "interfaces": [{"internal_bandwidth": 200000000, "internet_bandwidth": null},
      {"internal_bandwidth": null, "internet_bandwidth": 200000000}]}}, "DEV1-XL":
      {"alt_names": [], "arch": "x86_64", "ncpus": 4, "ram": 12884901888, "gpu": 0,
      "mig_profile": null, "volumes_constraint": {"min_size": 0, "max_size": 120000000000},
      "per_volume_constraint": {"l_ssd": {"min_size": 1000000000, "max_size": 800000000000}},
      "scratch_storage_max_size": null, "baremetal": false, "monthly_price": 53.3484,
      "hourly_price": 0.07308, "capabilities": {"boot_types": ["bootscript", "rescue",
      "local"], "hot_snapshots_local_volume": true, "placement_groups": true, "block_storage":
      true, "private_network": 8}, "network": {"ipv6_support": true, "sum_internal_bandwidth":
      500000000, "sum_internet_bandwidth": 500000000, "interfaces": [{"internal_bandwidth":
      500000000, "internet_bandwidth": null}, {"internal_bandwidth": null, "internet_bandwidth":
      500000000}]}}, "ENT1-2XL": {"alt_names": [], "arch": "x86_64", "ncpus": 96,
      "ram": 412316860416, "gpu": 0, "mig_profile": null, "volumes_constraint": {"min_size":
      0, "max_size": 0}, "per_volume_constraint": {"l_ssd": {"min_size": 0, "max_size":
      0}}, "scratch_storage_max_size": null, "baremetal": false, "monthly_price":
      2576.9, "hourly_price": 3.53, "capabilities": {"boot_types": ["rescue", "local"],
      "hot_snapshots_local_volume": false, "placement_groups": true, "block_storage":
      true, "private_network": 8}, "network": {"ipv6_support": true, "sum_internal_bandwidth":
      20000000000, "sum_internet_bandwidth": 20000000000, "interfaces": [{"internal_bandwidth":
      20000000000, "internet_bandwidth": null}, {"internal_bandwidth": null, "internet_bandwidth":
      20000000000}]}}, "ENT1-L": {"alt_names": [], "arch": "x86_64", "ncpus": 32,
      "ram": 137438953472, "gpu": 0, "mig_profile": null, "volumes_constraint": {"min_size":
      0, "max_size": 0}, "per_volume_constraint": {"l_ssd": {"min_size": 0, "max_size":
      0}}, "scratch_storage_max_size": null, "baremetal": false, "monthly_price":
      861.4, "hourly_price": 1.18, "capabilities": {"boot_types": ["rescue", "local"],
      "hot_snapshots_local_volume": false, "placement_groups": true, "block_storage":
      true, "private_network": 8}, "network": {"ipv6_support": true, "sum_internal_bandwidth":
      6400000000, "sum_internet_bandwidth": 6400000000, "interfaces": [{"internal_bandwidth":
      6400000000, "internet_bandwidth": null}, {"internal_bandwidth": null, "internet_bandwidth":
      6400000000}]}}, "ENT1-M": {"alt_names": [], "arch": "x86_64", "ncpus": 16, "ram":
      68719476736, "gpu": 0, "mig_profile": null, "volumes_constraint": {"min_size":
      0, "max_size": 0}, "per_volume_constraint": {"l_ssd": {"min_size": 0, "max_size":
      0}}, "scratch_storage_max_size": null, "baremetal": false, "monthly_price":
      430.7, "hourly_price": 0.59, "capabilities": {"boot_types": ["rescue", "local"],
      "hot_snapshots_local_volume": false, "placement_groups": true, "block_storage":
      true, "private_network": 8}, "network": {"ipv6_support": true, "sum_internal_bandwidth":
      3200000000, "sum_internet_bandwidth": 3200000000, "interfaces": [{"internal_bandwidth":
      3200000000, "internet_bandwidth": null}, {"internal_bandwidth": null, "internet_bandwidth":
      3200000000}]}}, "ENT1-S": {"alt_names": [], "arch": "x86_64", "ncpus": 8, "ram":
      34359738368, "gpu": 0, "mig_profile": null, "volumes_constraint": {"min_size":
      0, "max_size": 0}, "per_volume_constraint": {"l_ssd": {"min_size": 0, "max_size":
      0}}, "scratch_storage_max_size": null, "baremetal": false, "monthly_price":
      211.7, "hourly_price": 0.29, "capabilities": {"boot_types": ["rescue", "local"],
      "hot_snapshots_local_volume": false, "placement_groups": true, "block_storage":
      true, "private_network": 8}, "network": {"ipv6_support": true, "sum_internal_bandwidth":
      1600000000, "sum_internet_bandwidth": 1600000000, "interfaces": [{"internal_bandwidth":
      1600000000, "internet_bandwidth": null}, {"internal_bandwidth": null, "internet_bandwidth":
      1600000000}]}}, "ENT1-XL": {"alt_names": [], "arch": "x86_64", "ncpus": 64,
      "ram": 274877906944, "gpu": 0, "mig_profile": null, "volumes_constraint": {"min_size":
      0, "max_size": 0}, "per_volume_constraint": {"l_ssd": {"min_size": 0, "max_size":
      0}}, "scratch_storage_max_size": null, "baremetal": false, "monthly_price":
      1715.5, "hourly_price": 2.35, "capabilities": {"boot_types": ["rescue", "local"],
      "hot_snapshots_local_volume": false, "placement_groups": true, "block_storage":
      true, "private_network": 8}, "network": {"ipv6_support": true, "sum_internal_bandwidth":
      12800000000, "sum_internet_bandwidth": 12800000000, "interfaces": [{"internal_bandwidth":
      12800000000, "internet_bandwidth": null}, {"internal_bandwidth": null, "internet_bandwidth":
      12800000000}]}}, "ENT1-XS": {"alt_names": [], "arch": "x86_64", "ncpus": 4,
      "ram": 17179869184, "gpu": 0, "mig_profile": null, "volumes_constraint": {"min_size":
      0, "max_size": 0}, "per_volume_constraint": {"l_ssd": {"min_size": 0, "max_size":
      0}}, "scratch_storage_max_size": null, "baremetal": false, "monthly_price":
      107.31, "hourly_price": 0.147, "capabilities": {"boot_types": ["rescue", "local"],
      "hot_snapshots_local_volume": false, "placement_groups": true, "block_storage":
      true, "private_network": 8}, "network": {"ipv6_support": true, "sum_internal_bandwidth":
      800000000, "sum_internet_bandwidth": 800000000, "interfaces": [{"internal_bandwidth":
      800000000, "internet_bandwidth": null}, {"internal_bandwidth": null, "internet_bandwidth":
      800000000}]}}, "ENT1-XXS": {"alt_names": [], "arch": "x86_64", "ncpus": 2, "ram":
      8589934592, "gpu": 0, "mig_profile": null, "volumes_constraint": {"min_size":
      0, "max_size": 0}, "per_volume_constraint": {"l_ssd": {"min_size": 0, "max_size":
      0}}, "scratch_storage_max_size": null, "baremetal": false, "monthly_price":
      53.655, "hourly_price": 0.0735, "capabilities": {"boot_types": ["rescue", "local"],
      "hot_snapshots_local_volume": false, "placement_groups": true, "block_storage":
      true, "private_network": 8}, "network": {"ipv6_support": true, "sum_internal_bandwidth":
      400000000, "sum_internet_bandwidth": 400000000, "interfaces": [{"internal_bandwidth":
      400000000, "internet_bandwidth": null}, {"internal_bandwidth": null, "internet_bandwidth":
      400000000}]}}, "GP1-L": {"alt_names": [], "arch": "x86_64", "ncpus": 32, "ram":
      137438953472, "gpu": 0, "mig_profile": null, "volumes_constraint": {"min_size":
      0, "max_size": 600000000000}, "per_volume_constraint": {"l_ssd": {"min_size":
      1000000000, "max_size": 800000000000}}, "scratch_storage_max_size": null, "baremetal":
      false, "monthly_price": 576.262, "hourly_price": 0.7894, "capabilities": {"boot_types":
      ["bootscript", "rescue", "local"], "hot_snapshots_local_volume": true, "placement_groups":
      true, "block_storage": true, "private_network": 8}, "network": {"ipv6_support":
      true, "sum_internal_bandwidth": 5000000000, "sum_internet_bandwidth": 5000000000,
      "interfaces": [{"internal_bandwidth": 5000000000, "internet_bandwidth": null},
      {"internal_bandwidth": null, "internet_bandwidth": 5000000000}]}}, "GP1-M":
      {"alt_names": [], "arch": "x86_64", "ncpus": 16, "ram": 68719476736, "gpu":
      0, "mig_profile": null, "volumes_constraint": {"min_size": 0, "max_size": 600000000000},
      "per_volume_constraint": {"l_ssd": {"min_size": 1000000000, "max_size": 800000000000}},
      "scratch_storage_max_size": null, "baremetal": false, "monthly_price": 296.672,
      "hourly_price": 0.4064, "capabilities": {"boot_types": ["bootscript", "rescue",
      "local"], "hot_snapshots_local_volume": true, "placement_groups": true, "block_storage":
      true, "private_network": 8}, "network": {"ipv6_support": true, "sum_internal_bandwidth":
      1500000000, "sum_internet_bandwidth": 1500000000, "interfaces": [{"internal_bandwidth":
      1500000000, "internet_bandwidth": null}, {"internal_bandwidth": null, "internet_bandwidth":
      1500000000}]}}, "GP1-S": {"alt_names": [], "arch": "x86_64", "ncpus": 8, "ram":
      34359738368, "gpu": 0, "mig_profile": null, "volumes_constraint": {"min_size":
      0, "max_size": 300000000000}, "per_volume_constraint": {"l_ssd": {"min_size":
      1000000000, "max_size": 800000000000}}, "scratch_storage_max_size": null, "baremetal":
      false, "monthly_price": 149.066, "hourly_price": 0.2042, "capabilities": {"boot_types":
      ["bootscript", "rescue", "local"], "hot_snapshots_local_volume": true, "placement_groups":
      true, "block_storage": true, "private_network": 8}, "network": {"ipv6_support":
      true, "sum_internal_bandwidth": 800000000, "sum_internet_bandwidth": 800000000,
      "interfaces": [{"internal_bandwidth": 800000000, "internet_bandwidth": null},
      {"internal_bandwidth": null, "internet_bandwidth": 800000000}]}}, "GP1-VIZ":
      {"alt_names": [], "arch": "x86_64", "ncpus": 8, "ram": 34359738368, "gpu": 0,
      "mig_profile": null, "volumes_constraint": {"min_size": 0, "max_size": 300000000000},
      "per_volume_constraint": {"l_ssd": {"min_size": 1000000000, "max_size": 800000000000}},
      "scratch_storage_max_size": null, "baremetal": false, "monthly_price": 72.0,
      "hourly_price": 0.1, "capabilities": {"boot_types": ["bootscript", "rescue",
      "local"], "hot_snapshots_local_volume": true, "placement_groups": true, "block_storage":
      true, "private_network": 8}, "network": {"ipv6_support": true, "sum_internal_bandwidth":
      500000000, "sum_internet_bandwidth": 500000000, "interfaces": [{"internal_bandwidth":
      500000000, "internet_bandwidth": null}, {"internal_bandwidth": null, "internet_bandwidth":
      500000000}]}}, "GP1-XL": {"alt_names": [], "arch": "x86_64", "ncpus": 48, "ram":
      274877906944, "gpu": 0, "mig_profile": null, "volumes_constraint": {"min_size":
      0, "max_size": 600000000000}, "per_volume_constraint": {"l_ssd": {"min_size":
      1000000000, "max_size": 800000000000}}, "scratch_storage_max_size": null, "baremetal":
      false, "monthly_price": 1220.122, "hourly_price": 1.6714, "capabilities": {"boot_types":
      ["bootscript", "rescue", "local"], "hot_snapshots_local_volume": true, "placement_groups":
      true, "block_storage": true, "private_network": 8}, "network": {"ipv6_support":
      true, "sum_internal_bandwidth": 10000000000, "sum_internet_bandwidth": 10000000000,
      "interfaces": [{"internal_bandwidth": 10000000000, "internet_bandwidth": null},
      {"internal_bandwidth": null, "internet_bandwidth": 10000000000}]}}, "GP1-XS":
      {"alt_names": [], "arch": "x86_64", "ncpus": 4, "ram": 17179869184, "gpu": 0,
      "mig_profile": null, "volumes_constraint": {"min_size": 0, "max_size": 150000000000},
      "per_volume_constraint": {"l_ssd": {"min_size": 1000000000, "max_size": 800000000000}},
      "scratch_storage_max_size": null, "baremetal": false, "monthly_price": 74.168,
      "hourly_price": 0.1016, "capabilities": {"boot_types": ["bootscript", "rescue",
      "local"], "hot_snapshots_local_volume": true, "placement_groups": true, "block_storage":
      true, "private_network": 8}, "network": {"ipv6_support": true, "sum_internal_bandwidth":
      500000000, "sum_internet_bandwidth": 500000000, "interfaces": [{"internal_bandwidth":
      500000000, "internet_bandwidth": null}, {"internal_bandwidth": null, "internet_bandwidth":
      500000000}]}}, "PLAY2-MICRO": {"alt_names": [], "arch": "x86_64", "ncpus": 4,
      "ram": 8589934592, "gpu": 0, "mig_profile": null, "volumes_constraint": {"min_size":
      0, "max_size": 0}, "per_volume_constraint": {"l_ssd": {"min_size": 0, "max_size":
      0}}, "scratch_storage_max_size": null, "baremetal": false, "monthly_price":
      39.42, "hourly_price": 0.054, "capabilities": {"boot_types": ["rescue", "local"],
      "hot_snapshots_local_volume": false, "placement_groups": true, "block_storage":
      true, "private_network": 8}, "network": {"ipv6_support": true, "sum_internal_bandwidth":
      400000000, "sum_internet_bandwidth": 400000000, "interfaces": [{"internal_bandwidth":
      400000000, "internet_bandwidth": null}, {"internal_bandwidth": null, "internet_bandwidth":
      400000000}]}}, "PLAY2-NANO": {"alt_names": [], "arch": "x86_64", "ncpus": 2,
      "ram": 4294967296, "gpu": 0, "mig_profile": null, "volumes_constraint": {"min_size":
      0, "max_size": 0}, "per_volume_constraint": {"l_ssd": {"min_size": 0, "max_size":
      0}}, "scratch_storage_max_size": null, "baremetal": false, "monthly_price":
      19.71, "hourly_price": 0.027, "capabilities": {"boot_types": ["rescue", "local"],
      "hot_snapshots_local_volume": false, "placement_groups": true, "block_storage":
      true, "private_network": 8}, "network": {"ipv6_support": true, "sum_internal_bandwidth":
      200000000, "sum_internet_bandwidth": 200000000, "interfaces": [{"internal_bandwidth":
      200000000, "internet_bandwidth": null}, {"internal_bandwidth": null, "internet_bandwidth":
      200000000}]}}, "PLAY2-PICO": {"alt_names": [], "arch": "x86_64", "ncpus": 1,
      "ram": 2147483648, "gpu": 0, "mig_profile": null, "volumes_constraint": {"min_size":
      0, "max_size": 0}, "per_volume_constraint": {"l_ssd": {"min_size": 0, "max_size":
      0}}, "scratch_storage_max_size": null, "baremetal": false, "monthly_price":
      10.22, "hourly_price": 0.014, "capabilities": {"boot_types": ["rescue", "local"],
      "hot_snapshots_local_volume": false, "placement_groups": true, "block_storage":
      true, "private_network": 8}, "network": {"ipv6_support": true, "sum_internal_bandwidth":
      100000000, "sum_internet_bandwidth": 100000000, "interfaces": [{"internal_bandwidth":
      100000000, "internet_bandwidth": null}, {"internal_bandwidth": null, "internet_bandwidth":
      100000000}]}}, "POP2-16C-64G": {"alt_names": [], "arch": "x86_64", "ncpus":
      16, "ram": 68719476736, "gpu": 0, "mig_profile": null, "volumes_constraint":
      {"min_size": 0, "max_size": 0}, "per_volume_constraint": {"l_ssd": {"min_size":
      0, "max_size": 0}}, "scratch_storage_max_size": null, "baremetal": false, "monthly_price":
      430.7, "hourly_price": 0.59, "capabilities": {"boot_types": ["rescue", "local"],
      "hot_snapshots_local_volume": false, "placement_groups": true, "block_storage":
      true, "private_network": 8}, "network": {"ipv6_support": true, "sum_internal_bandwidth":
      3200000000, "sum_internet_bandwidth": 3200000000, "interfaces": [{"internal_bandwidth":
      3200000000, "internet_bandwidth": null}, {"internal_bandwidth": null, "internet_bandwidth":
      3200000000}]}}, "POP2-2C-8G": {"alt_names": [], "arch": "x86_64", "ncpus": 2,
      "ram": 8589934592, "gpu": 0, "mig_profile": null, "volumes_constraint": {"min_size":
      0, "max_size": 0}, "per_volume_constraint": {"l_ssd": {"min_size": 0, "max_size":
      0}}, "scratch_storage_max_size": null, "baremetal": false, "monthly_price":
      53.66, "hourly_price": 0.0735, "capabilities": {"boot_types": ["rescue", "local"],
      "hot_snapshots_local_volume": false, "placement_groups": true, "block_storage":
      true, "private_network": 8}, "network": {"ipv6_support": true, "sum_internal_bandwidth":
      400000000, "sum_internet_bandwidth": 400000000, "interfaces": [{"internal_bandwidth":
      400000000, "internet_bandwidth": null}, {"internal_bandwidth": null, "internet_bandwidth":
      400000000}]}}, "POP2-32C-128G": {"alt_names": [], "arch": "x86_64", "ncpus":
      32, "ram": 137438953472, "gpu": 0, "mig_profile": null, "volumes_constraint":
      {"min_size": 0, "max_size": 0}, "per_volume_constraint": {"l_ssd": {"min_size":
      0, "max_size": 0}}, "scratch_storage_max_size": null, "baremetal": false, "monthly_price":
      861.4, "hourly_price": 1.18, "capabilities": {"boot_types": ["rescue", "local"],
      "hot_snapshots_local_volume": false, "placement_groups": true, "block_storage":
      true, "private_network": 8}, "network": {"ipv6_support": true, "sum_internal_bandwidth":
      6400000000, "sum_internet_bandwidth": 6400000000, "interfaces": [{"internal_bandwidth":
      6400000000, "internet_bandwidth": null}, {"internal_bandwidth": null, "internet_bandwidth":
      6400000000}]}}, "POP2-4C-16G": {"alt_names": [], "arch": "x86_64", "ncpus":
      4, "ram": 17179869184, "gpu": 0, "mig_profile": null, "volumes_constraint":
      {"min_size": 0, "max_size": 0}, "per_volume_constraint": {"l_ssd": {"min_size":
      0, "max_size": 0}}, "scratch_storage_max_size": null, "baremetal": false, "monthly_price":
      107.31, "hourly_price": 0.147, "capabilities": {"boot_types": ["rescue", "local"],
      "hot_snapshots_local_volume": false, "placement_groups": true, "block_storage":
      true, "private_network": 8}, "network": {"ipv6_support": true, "sum_internal_bandwidth":
      800000000, "sum_internet_bandwidth": 800000000, "interfaces": [{"internal_bandwidth":
      800000000, "internet_bandwidth": null}, {"internal_bandwidth": null, "internet_bandwidth":
      800000000}]}}, "POP2-64C-256G": {"alt_names": [], "arch": "x86_64", "ncpus":
      64, "ram": 274877906944, "gpu": 0, "mig_profile": null, "volumes_constraint":
      {"min_size": 0, "max_size": 0}, "per_volume_constraint": {"l_ssd": {"min_size":
      0, "max_size": 0}}, "scratch_storage_max_size": null, "baremetal": false, "monthly_price":
      1715.5, "hourly_price": 2.35, "capabilities": {"boot_types": ["rescue", "local"],
      "hot_snapshots_local_volume": false, "placement_groups": true, "block_storage":
      true, "private_network": 8}, "network": {"ipv6_support": true, "sum_internal_bandwidth":
      12800000000, "sum_internet_bandwidth": 12800000000, "interfaces": [{"internal_bandwidth":
      12800000000, "internet_bandwidth": null}, {"internal_bandwidth": null, "internet_bandwidth":
      12800000000}]}}, "POP2-8C-32G": {"alt_names": [], "arch": "x86_64", "ncpus":
      8, "ram": 34359738368, "gpu": 0, "mig_profile": null, "volumes_constraint":
      {"min_size": 0, "max_size": 0}, "per_volume_constraint": {"l_ssd": {"min_size":
      0, "max_size": 0}}, "scratch_storage_max_size": null, "baremetal": false, "monthly_price":
      211.7, "hourly_price": 0.29, "capabilities": {"boot_types": ["rescue", "local"],
      "hot_snapshots_local_volume": false, "placement_groups": true, "block_storage":
      true, "private_network": 8}, "network": {"ipv6_support": true, "sum_internal_bandwidth":
      1600000000, "sum_internet_bandwidth": 1600000000, "interfaces": [{"internal_bandwidth":
      1600000000, "internet_bandwidth": null}, {"internal_bandwidth": null, "internet_bandwidth":
      1600000000}]}}, "POP2-HC-16C-32G": {"alt_names": [], "arch": "x86_64", "ncpus":
      16, "ram": 34359738368, "gpu": 0, "mig_profile": null, "volumes_constraint":
      {"min_size": 0, "max_size": 0}, "per_volume_constraint": {"l_ssd": {"min_size":
      0, "max_size": 0}}, "scratch_storage_max_size": null, "baremetal": false, "monthly_price":
      310.69, "hourly_price": 0.4256, "capabilities": {"boot_types": ["rescue", "local"],
      "hot_snapshots_local_volume": false, "placement_groups": true, "block_storage":
      true, "private_network": 8}, "network": {"ipv6_support": true, "sum_internal_bandwidth":
      3200000000, "sum_internet_bandwidth": 3200000000, "interfaces": [{"internal_bandwidth":
      3200000000, "internet_bandwidth": null}, {"internal_bandwidth": null, "internet_bandwidth":
      3200000000}]}}, "POP2-HC-2C-4G": {"alt_names": [], "arch": "x86_64", "ncpus":
      2, "ram": 4294967296, "gpu": 0, "mig_profile": null, "volumes_constraint": {"min_size":
      0, "max_size": 0}, "per_volume_constraint": {"l_ssd": {"min_size": 0, "max_size":
      0}}, "scratch_storage_max_size": null, "baremetal": false, "monthly_price":
      38.84, "hourly_price": 0.0532, "capabilities": {"boot_types": ["rescue", "local"],
      "hot_snapshots_local_volume": false, "placement_groups": true, "block_storage":
      true, "private_network": 8}, "network": {"ipv6_support": true, "sum_internal_bandwidth":
      400000000, "sum_internet_bandwidth": 400000000, "interfaces": [{"internal_bandwidth":
      400000000, "internet_bandwidth": null}, {"internal_bandwidth": null, "internet_bandwidth":
      400000000}]}}, "POP2-HC-32C-64G": {"alt_names": [], "arch": "x86_64", "ncpus":
      32, "ram": 68719476736, "gpu": 0, "mig_profile": null, "volumes_constraint":
      {"min_size": 0, "max_size": 0}, "per_volume_constraint": {"l_ssd": {"min_size":
      0, "max_size": 0}}, "scratch_storage_max_size": null, "baremetal": false, "monthly_price":
      621.38, "hourly_price": 0.8512, "capabilities": {"boot_types": ["rescue", "local"],
      "hot_snapshots_local_volume": false, "placement_groups": true, "block_storage":
      true, "private_network": 8}, "network": {"ipv6_support": true, "sum_internal_bandwidth":
      6400000000, "sum_internet_bandwidth": 6400000000, "interfaces": [{"internal_bandwidth":
      6400000000, "internet_bandwidth": null}, {"internal_bandwidth": null, "internet_bandwidth":
      6400000000}]}}, "POP2-HC-4C-8G": {"alt_names": [], "arch": "x86_64", "ncpus":
      4, "ram": 8589934592, "gpu": 0, "mig_profile": null, "volumes_constraint": {"min_size":
      0, "max_size": 0}, "per_volume_constraint": {"l_ssd": {"min_size": 0, "max_size":
      0}}, "scratch_storage_max_size": null, "baremetal": false, "monthly_price":
      77.67, "hourly_price": 0.1064, "capabilities": {"boot_types": ["rescue", "local"],
      "hot_snapshots_local_volume": false, "placement_groups": true, "block_storage":
      true, "private_network": 8}, "network": {"ipv6_support": true, "sum_internal_bandwidth":
      800000000, "sum_internet_bandwidth": 800000000, "interfaces": [{"internal_bandwidth":
      800000000, "internet_bandwidth": null}, {"internal_bandwidth": null, "internet_bandwidth":
      800000000}]}}, "POP2-HC-64C-128G": {"alt_names": [], "arch": "x86_64", "ncpus":
      64, "ram": 137438953472, "gpu": 0, "mig_profile": null, "volumes_constraint":
      {"min_size": 0, "max_size": 0}, "per_volume_constraint": {"l_ssd": {"min_size":
      0, "max_size": 0}}, "scratch_storage_max_size": null, "baremetal": false, "monthly_price":
      1242.75, "hourly_price": 1.7024, "capabilities": {"boot_types": ["rescue", "local"],
      "hot_snapshots_local_volume": false, "placement_groups": true, "block_storage":
      true, "private_network": 8}, "network": {"ipv6_support": true, "sum_internal_bandwidth":
      12800000000, "sum_internet_bandwidth": 12800000000, "interfaces": [{"internal_bandwidth":
      12800000000, "internet_bandwidth": null}, {"internal_bandwidth": null, "internet_bandwidth":
      12800000000}]}}, "POP2-HC-8C-16G": {"alt_names": [], "arch": "x86_64", "ncpus":
      8, "ram": 17179869184, "gpu": 0, "mig_profile": null, "volumes_constraint":
      {"min_size": 0, "max_size": 0}, "per_volume_constraint": {"l_ssd": {"min_size":
      0, "max_size": 0}}, "scratch_storage_max_size": null, "baremetal": false, "monthly_price":
      155.34, "hourly_price": 0.2128, "capabilities": {"boot_types": ["rescue", "local"],
      "hot_snapshots_local_volume": false, "placement_groups": true, "block_storage":
      true, "private_network": 8}, "network": {"ipv6_support": true, "sum_internal_bandwidth":
      1600000000, "sum_internet_bandwidth": 1600000000, "interfaces": [{"internal_bandwidth":
      1600000000, "internet_bandwidth": null}, {"internal_bandwidth": null, "internet_bandwidth":
      1600000000}]}}, "POP2-HM-16C-128G": {"alt_names": [], "arch": "x86_64", "ncpus":
      16, "ram": 137438953472, "gpu": 0, "mig_profile": null, "volumes_constraint":
      {"min_size": 0, "max_size": 0}, "per_volume_constraint": {"l_ssd": {"min_size":
      0, "max_size": 0}}, "scratch_storage_max_size": null, "baremetal": false, "monthly_price":
      601.52, "hourly_price": 0.824, "capabilities": {"boot_types": ["rescue", "local"],
      "hot_snapshots_local_volume": false, "placement_groups": true, "block_storage":
      true, "private_network": 8}, "network": {"ipv6_support": true, "sum_internal_bandwidth":
      3200000000, "sum_internet_bandwidth": 3200000000, "interfaces": [{"internal_bandwidth":
      3200000000, "internet_bandwidth": null}, {"internal_bandwidth": null, "internet_bandwidth":
      3200000000}]}}, "POP2-HM-2C-16G": {"alt_names": [], "arch": "x86_64", "ncpus":
      2, "ram": 17179869184, "gpu": 0, "mig_profile": null, "volumes_constraint":
      {"min_size": 0, "max_size": 0}, "per_volume_constraint": {"l_ssd": {"min_size":
      0, "max_size": 0}}, "scratch_storage_max_size": null, "baremetal": false, "monthly_price":
      75.19, "hourly_price": 0.103, "capabilities": {"boot_types": ["rescue", "local"],
      "hot_snapshots_local_volume": false, "placement_groups": true, "block_storage":
      true, "private_network": 8}, "network": {"ipv6_support": true, "sum_internal_bandwidth":
      400000000, "sum_internet_bandwidth": 400000000, "interfaces": [{"internal_bandwidth":
      400000000, "internet_bandwidth": null}, {"internal_bandwidth": null, "internet_bandwidth":
      400000000}]}}, "POP2-HM-32C-256G": {"alt_names": [], "arch": "x86_64", "ncpus":
      32, "ram": 274877906944, "gpu": 0, "mig_profile": null, "volumes_constraint":
      {"min_size": 0, "max_size": 0}, "per_volume_constraint": {"l_ssd": {"min_size":
      0, "max_size": 0}}, "scratch_storage_max_size": null, "baremetal": false, "monthly_price":
      1203.04, "hourly_price": 1.648, "capabilities": {"boot_types": ["rescue", "local"],
      "hot_snapshots_local_volume": false, "placement_groups": true, "block_storage":
      true, "private_network": 8}, "network": {"ipv6_support": true, "sum_internal_bandwidth":
      6400000000, "sum_internet_bandwidth": 6400000000, "interfaces": [{"internal_bandwidth":
      6400000000, "internet_bandwidth": null}, {"internal_bandwidth": null, "internet_bandwidth":
      6400000000}]}}, "POP2-HM-4C-32G": {"alt_names": [], "arch": "x86_64", "ncpus":
      4, "ram": 34359738368, "gpu": 0, "mig_profile": null, "volumes_constraint":
      {"min_size": 0, "max_size": 0}, "per_volume_constraint": {"l_ssd": {"min_size":
      0, "max_size": 0}}, "scratch_storage_max_size": null, "baremetal": false, "monthly_price":
      150.38, "hourly_price": 0.206, "capabilities": {"boot_types": ["rescue", "local"],
      "hot_snapshots_local_volume": false, "placement_groups": true, "block_storage":
      true, "private_network": 8}, "network": {"ipv6_support": true, "sum_internal_bandwidth":
      800000000, "sum_internet_bandwidth": 800000000, "interfaces": [{"internal_bandwidth":
      800000000, "internet_bandwidth": null}, {"internal_bandwidth": null, "internet_bandwidth":
      800000000}]}}, "POP2-HM-64C-512G": {"alt_names": [], "arch": "x86_64", "ncpus":
      64, "ram": 549755813888, "gpu": 0, "mig_profile": null, "volumes_constraint":
      {"min_size": 0, "max_size": 0}, "per_volume_constraint": {"l_ssd": {"min_size":
      0, "max_size": 0}}, "scratch_storage_max_size": null, "baremetal": false, "monthly_price":
      2406.08, "hourly_price": 3.296, "capabilities": {"boot_types": ["rescue", "local"],
      "hot_snapshots_local_volume": false, "placement_groups": true, "block_storage":
      true, "private_network": 8}, "network": {"ipv6_support": true, "sum_internal_bandwidth":
      12800000000, "sum_internet_bandwidth": 12800000000, "interfaces": [{"internal_bandwidth":
      12800000000, "internet_bandwidth": null}, {"internal_bandwidth": null, "internet_bandwidth":
      12800000000}]}}, "POP2-HM-8C-64G": {"alt_names": [], "arch": "x86_64", "ncpus":
      8, "ram": 68719476736, "gpu": 0, "mig_profile": null, "volumes_constraint":
      {"min_size": 0, "max_size": 0}, "per_volume_constraint": {"l_ssd": {"min_size":
      0, "max_size": 0}}, "scratch_storage_max_size": null, "baremetal": false, "monthly_price":
      300.76, "hourly_price": 0.412, "capabilities": {"boot_types": ["rescue", "local"],
      "hot_snapshots_local_volume": false, "placement_groups": true, "block_storage":
      true, "private_network": 8}, "network": {"ipv6_support": true, "sum_internal_bandwidth":
      1600000000, "sum_internet_bandwidth": 1600000000, "interfaces": [{"internal_bandwidth":
      1600000000, "internet_bandwidth": null}, {"internal_bandwidth": null, "internet_bandwidth":
      1600000000}]}}, "PRO2-L": {"alt_names": [], "arch": "x86_64", "ncpus": 32, "ram":
      137438953472, "gpu": 0, "mig_profile": null, "volumes_constraint": {"min_size":
      0, "max_size": 0}, "per_volume_constraint": {"l_ssd": {"min_size": 0, "max_size":
      0}}, "scratch_storage_max_size": null, "baremetal": false, "monthly_price":
      640.21, "hourly_price": 0.877, "capabilities": {"boot_types": ["rescue", "local"],
      "hot_snapshots_local_volume": false, "placement_groups": true, "block_storage":
      true, "private_network": 8}, "network": {"ipv6_support": true, "sum_internal_bandwidth":
      6000000000, "sum_internet_bandwidth": 6000000000, "interfaces": [{"internal_bandwidth":
      6000000000, "internet_bandwidth": null}, {"internal_bandwidth": null, "internet_bandwidth":
      6000000000}]}}, "PRO2-M": {"alt_names": [], "arch": "x86_64", "ncpus": 16, "ram":
      68719476736, "gpu": 0, "mig_profile": null, "volumes_constraint": {"min_size":
      0, "max_size": 0}, "per_volume_constraint": {"l_ssd": {"min_size": 0, "max_size":
      0}}, "scratch_storage_max_size": null, "baremetal": false, "monthly_price":
      319.74, "hourly_price": 0.438, "capabilities": {"boot_types": ["rescue", "local"],
      "hot_snapshots_local_volume": false, "placement_groups": true, "block_storage":
      true, "private_network": 8}, "network": {"ipv6_support": true, "sum_internal_bandwidth":
      3000000000, "sum_internet_bandwidth": 3000000000, "interfaces": [{"internal_bandwidth":
      3000000000, "internet_bandwidth": null}, {"internal_bandwidth": null, "internet_bandwidth":
      3000000000}]}}, "PRO2-S": {"alt_names": [], "arch": "x86_64", "ncpus": 8, "ram":
      34359738368, "gpu": 0, "mig_profile": null, "volumes_constraint": {"min_size":
      0, "max_size": 0}, "per_volume_constraint": {"l_ssd": {"min_size": 0, "max_size":
      0}}, "scratch_storage_max_size": null, "baremetal": false, "monthly_price":
      159.87, "hourly_price": 0.219, "capabilities": {"boot_types": ["rescue", "local"],
      "hot_snapshots_local_volume": false, "placement_groups": true, "block_storage":
      true, "private_network": 8}, "network": {"ipv6_support": true, "sum_internal_bandwidth":
      1500000000, "sum_internet_bandwidth": 1500000000, "interfaces": [{"internal_bandwidth":
      1500000000, "internet_bandwidth": null}, {"internal_bandwidth": null, "internet_bandwidth":
      1500000000}]}}, "PRO2-XS": {"alt_names": [], "arch": "x86_64", "ncpus": 4, "ram":
      17179869184, "gpu": 0, "mig_profile": null, "volumes_constraint": {"min_size":
      0, "max_size": 0}, "per_volume_constraint": {"l_ssd": {"min_size": 0, "max_size":
      0}}, "scratch_storage_max_size": null, "baremetal": false, "monthly_price":
      80.3, "hourly_price": 0.11, "capabilities": {"boot_types": ["rescue", "local"],
      "hot_snapshots_local_volume": false, "placement_groups": true, "block_storage":
      true, "private_network": 8}, "network": {"ipv6_support": true, "sum_internal_bandwidth":
      700000000, "sum_internet_bandwidth": 700000000, "interfaces": [{"internal_bandwidth":
      700000000, "internet_bandwidth": null}, {"internal_bandwidth": null, "internet_bandwidth":
      700000000}]}}, "PRO2-XXS": {"alt_names": [], "arch": "x86_64", "ncpus": 2, "ram":
      8589934592, "gpu": 0, "mig_profile": null, "volumes_constraint": {"min_size":
      0, "max_size": 0}, "per_volume_constraint": {"l_ssd": {"min_size": 0, "max_size":
      0}}, "scratch_storage_max_size": null, "baremetal": false, "monthly_price":
      40.15, "hourly_price": 0.055, "capabilities": {"boot_types": ["rescue", "local"],
      "hot_snapshots_local_volume": false, "placement_groups": true, "block_storage":
      true, "private_network": 8}, "network": {"ipv6_support": true, "sum_internal_bandwidth":
      350000000, "sum_internet_bandwidth": 350000000, "interfaces": [{"internal_bandwidth":
      350000000, "internet_bandwidth": null}, {"internal_bandwidth": null, "internet_bandwidth":
      350000000}]}}, "RENDER-S": {"alt_names": [], "arch": "x86_64", "ncpus": 10,
      "ram": 45097156608, "gpu": 1, "mig_profile": null, "volumes_constraint": {"min_size":
      0, "max_size": 400000000000}, "per_volume_constraint": {"l_ssd": {"min_size":
      1000000000, "max_size": 800000000000}}, "scratch_storage_max_size": null, "baremetal":
      false, "monthly_price": 907.098, "hourly_price": 1.2426, "capabilities": {"boot_types":
      ["local", "rescue"], "hot_snapshots_local_volume": true, "placement_groups":
      true, "block_storage": true, "private_network": 8}, "network": {"ipv6_support":
      true, "sum_internal_bandwidth": 1000000000, "sum_internet_bandwidth": 1000000000,
      "interfaces": [{"internal_bandwidth": 1000000000, "internet_bandwidth": null},
      {"internal_bandwidth": null, "internet_bandwidth": 1000000000}]}}, "STARDUST1-S":
      {"alt_names": [], "arch": "x86_64", "ncpus": 1, "ram": 1073741824, "gpu": 0,
      "mig_profile": null, "volumes_constraint": {"min_size": 0, "max_size": 10000000000},
      "per_volume_constraint": {"l_ssd": {"min_size": 1000000000, "max_size": 800000000000}},
      "scratch_storage_max_size": null, "baremetal": false, "monthly_price": 3.3507,
      "hourly_price": 0.00459, "capabilities": {"boot_types": ["bootscript", "rescue",
      "local"], "hot_snapshots_local_volume": true, "placement_groups": true, "block_storage":
      true, "private_network": 8}, "network": {"ipv6_support": true, "sum_internal_bandwidth":
      100000000, "sum_internet_bandwidth": 100000000, "interfaces": [{"internal_bandwidth":
      100000000, "internet_bandwidth": null}, {"internal_bandwidth": null, "internet_bandwidth":
      100000000}]}}}}'
    form: {}
    headers:
      User-Agent:
      - scaleway-sdk-go/v1.0.0-beta.7+dev (go1.21.1; linux; amd64) cli-e2e-test
    url: https://api.scaleway.com/instance/v1/zones/fr-par-1/products/servers?page=1
    method: GET
  response:
    body: '{"servers": {"COPARM1-16C-64G": {"alt_names": [], "arch": "arm64", "ncpus":
      16, "ram": 68719476736, "gpu": 0, "mig_profile": null, "volumes_constraint":
      {"min_size": 0, "max_size": 0}, "per_volume_constraint": {"l_ssd": {"min_size":
      0, "max_size": 0}}, "scratch_storage_max_size": null, "baremetal": false, "monthly_price":
      252.14, "hourly_price": 0.3454, "capabilities": {"boot_types": ["rescue", "local"],
      "hot_snapshots_local_volume": false, "placement_groups": true, "block_storage":
      true, "private_network": 8}, "network": {"ipv6_support": true, "sum_internal_bandwidth":
      1600000000, "sum_internet_bandwidth": 1600000000, "interfaces": [{"internal_bandwidth":
      1600000000, "internet_bandwidth": null}, {"internal_bandwidth": null, "internet_bandwidth":
      1600000000}]}}, "COPARM1-2C-8G": {"alt_names": [], "arch": "arm64", "ncpus":
      2, "ram": 8589934592, "gpu": 0, "mig_profile": null, "volumes_constraint": {"min_size":
      0, "max_size": 0}, "per_volume_constraint": {"l_ssd": {"min_size": 0, "max_size":
      0}}, "scratch_storage_max_size": null, "baremetal": false, "monthly_price":
      31.1, "hourly_price": 0.0426, "capabilities": {"boot_types": ["rescue", "local"],
      "hot_snapshots_local_volume": false, "placement_groups": true, "block_storage":
      true, "private_network": 8}, "network": {"ipv6_support": true, "sum_internal_bandwidth":
      200000000, "sum_internet_bandwidth": 200000000, "interfaces": [{"internal_bandwidth":
      200000000, "internet_bandwidth": null}, {"internal_bandwidth": null, "internet_bandwidth":
      200000000}]}}, "COPARM1-32C-128G": {"alt_names": [], "arch": "arm64", "ncpus":
      32, "ram": 137438953472, "gpu": 0, "mig_profile": null, "volumes_constraint":
      {"min_size": 0, "max_size": 0}, "per_volume_constraint": {"l_ssd": {"min_size":
      0, "max_size": 0}}, "scratch_storage_max_size": null, "baremetal": false, "monthly_price":
      506.26, "hourly_price": 0.6935, "capabilities": {"boot_types": ["rescue", "local"],
      "hot_snapshots_local_volume": false, "placement_groups": true, "block_storage":
      true, "private_network": 8}, "network": {"ipv6_support": true, "sum_internal_bandwidth":
      3200000000, "sum_internet_bandwidth": 3200000000, "interfaces": [{"internal_bandwidth":
      3200000000, "internet_bandwidth": null}, {"internal_bandwidth": null, "internet_bandwidth":
      3200000000}]}}, "COPARM1-4C-16G": {"alt_names": [], "arch": "arm64", "ncpus":
      4, "ram": 17179869184, "gpu": 0, "mig_profile": null, "volumes_constraint":
      {"min_size": 0, "max_size": 0}, "per_volume_constraint": {"l_ssd": {"min_size":
      0, "max_size": 0}}, "scratch_storage_max_size": null, "baremetal": false, "monthly_price":
      62.56, "hourly_price": 0.0857, "capabilities": {"boot_types": ["rescue", "local"],
      "hot_snapshots_local_volume": false, "placement_groups": true, "block_storage":
      true, "private_network": 8}, "network": {"ipv6_support": true, "sum_internal_bandwidth":
      400000000, "sum_internet_bandwidth": 400000000, "interfaces": [{"internal_bandwidth":
      400000000, "internet_bandwidth": null}, {"internal_bandwidth": null, "internet_bandwidth":
      400000000}]}}, "COPARM1-8C-32G": {"alt_names": [], "arch": "arm64", "ncpus":
      8, "ram": 34359738368, "gpu": 0, "mig_profile": null, "volumes_constraint":
      {"min_size": 0, "max_size": 0}, "per_volume_constraint": {"l_ssd": {"min_size":
      0, "max_size": 0}}, "scratch_storage_max_size": null, "baremetal": false, "monthly_price":
      125.85, "hourly_price": 0.1724, "capabilities": {"boot_types": ["rescue", "local"],
      "hot_snapshots_local_volume": false, "placement_groups": true, "block_storage":
      true, "private_network": 8}, "network": {"ipv6_support": true, "sum_internal_bandwidth":
      800000000, "sum_internet_bandwidth": 800000000, "interfaces": [{"internal_bandwidth":
      800000000, "internet_bandwidth": null}, {"internal_bandwidth": null, "internet_bandwidth":
      800000000}]}}, "DEV1-L": {"alt_names": [], "arch": "x86_64", "ncpus": 4, "ram":
      8589934592, "gpu": 0, "mig_profile": null, "volumes_constraint": {"min_size":
      0, "max_size": 80000000000}, "per_volume_constraint": {"l_ssd": {"min_size":
      1000000000, "max_size": 800000000000}}, "scratch_storage_max_size": null, "baremetal":
      false, "monthly_price": 36.1496, "hourly_price": 0.04952, "capabilities": {"boot_types":
      ["bootscript", "rescue", "local"], "hot_snapshots_local_volume": true, "placement_groups":
      true, "block_storage": true, "private_network": 8}, "network": {"ipv6_support":
      true, "sum_internal_bandwidth": 400000000, "sum_internet_bandwidth": 400000000,
      "interfaces": [{"internal_bandwidth": 400000000, "internet_bandwidth": null},
      {"internal_bandwidth": null, "internet_bandwidth": 400000000}]}}, "DEV1-M":
      {"alt_names": [], "arch": "x86_64", "ncpus": 3, "ram": 4294967296, "gpu": 0,
      "mig_profile": null, "volumes_constraint": {"min_size": 0, "max_size": 40000000000},
      "per_volume_constraint": {"l_ssd": {"min_size": 1000000000, "max_size": 800000000000}},
      "scratch_storage_max_size": null, "baremetal": false, "monthly_price": 18.6588,
      "hourly_price": 0.02556, "capabilities": {"boot_types": ["bootscript", "rescue",
      "local"], "hot_snapshots_local_volume": true, "placement_groups": true, "block_storage":
      true, "private_network": 8}, "network": {"ipv6_support": true, "sum_internal_bandwidth":
      300000000, "sum_internet_bandwidth": 300000000, "interfaces": [{"internal_bandwidth":
      300000000, "internet_bandwidth": null}, {"internal_bandwidth": null, "internet_bandwidth":
      300000000}]}}, "DEV1-S": {"alt_names": [], "arch": "x86_64", "ncpus": 2, "ram":
      2147483648, "gpu": 0, "mig_profile": null, "volumes_constraint": {"min_size":
      0, "max_size": 20000000000}, "per_volume_constraint": {"l_ssd": {"min_size":
      1000000000, "max_size": 800000000000}}, "scratch_storage_max_size": null, "baremetal":
      false, "monthly_price": 9.9864, "hourly_price": 0.01368, "capabilities": {"boot_types":
      ["bootscript", "rescue", "local"], "hot_snapshots_local_volume": true, "placement_groups":
      true, "block_storage": true, "private_network": 8}, "network": {"ipv6_support":
      true, "sum_internal_bandwidth": 200000000, "sum_internet_bandwidth": 200000000,
      "interfaces": [{"internal_bandwidth": 200000000, "internet_bandwidth": null},
      {"internal_bandwidth": null, "internet_bandwidth": 200000000}]}}, "DEV1-XL":
      {"alt_names": [], "arch": "x86_64", "ncpus": 4, "ram": 12884901888, "gpu": 0,
      "mig_profile": null, "volumes_constraint": {"min_size": 0, "max_size": 120000000000},
      "per_volume_constraint": {"l_ssd": {"min_size": 1000000000, "max_size": 800000000000}},
      "scratch_storage_max_size": null, "baremetal": false, "monthly_price": 53.3484,
      "hourly_price": 0.07308, "capabilities": {"boot_types": ["bootscript", "rescue",
      "local"], "hot_snapshots_local_volume": true, "placement_groups": true, "block_storage":
      true, "private_network": 8}, "network": {"ipv6_support": true, "sum_internal_bandwidth":
      500000000, "sum_internet_bandwidth": 500000000, "interfaces": [{"internal_bandwidth":
      500000000, "internet_bandwidth": null}, {"internal_bandwidth": null, "internet_bandwidth":
      500000000}]}}, "ENT1-2XL": {"alt_names": [], "arch": "x86_64", "ncpus": 96,
      "ram": 412316860416, "gpu": 0, "mig_profile": null, "volumes_constraint": {"min_size":
      0, "max_size": 0}, "per_volume_constraint": {"l_ssd": {"min_size": 0, "max_size":
      0}}, "scratch_storage_max_size": null, "baremetal": false, "monthly_price":
      2576.9, "hourly_price": 3.53, "capabilities": {"boot_types": ["rescue", "local"],
      "hot_snapshots_local_volume": false, "placement_groups": true, "block_storage":
      true, "private_network": 8}, "network": {"ipv6_support": true, "sum_internal_bandwidth":
      20000000000, "sum_internet_bandwidth": 20000000000, "interfaces": [{"internal_bandwidth":
      20000000000, "internet_bandwidth": null}, {"internal_bandwidth": null, "internet_bandwidth":
      20000000000}]}}, "ENT1-L": {"alt_names": [], "arch": "x86_64", "ncpus": 32,
      "ram": 137438953472, "gpu": 0, "mig_profile": null, "volumes_constraint": {"min_size":
      0, "max_size": 0}, "per_volume_constraint": {"l_ssd": {"min_size": 0, "max_size":
      0}}, "scratch_storage_max_size": null, "baremetal": false, "monthly_price":
      861.4, "hourly_price": 1.18, "capabilities": {"boot_types": ["rescue", "local"],
      "hot_snapshots_local_volume": false, "placement_groups": true, "block_storage":
      true, "private_network": 8}, "network": {"ipv6_support": true, "sum_internal_bandwidth":
      6400000000, "sum_internet_bandwidth": 6400000000, "interfaces": [{"internal_bandwidth":
      6400000000, "internet_bandwidth": null}, {"internal_bandwidth": null, "internet_bandwidth":
      6400000000}]}}, "ENT1-M": {"alt_names": [], "arch": "x86_64", "ncpus": 16, "ram":
      68719476736, "gpu": 0, "mig_profile": null, "volumes_constraint": {"min_size":
      0, "max_size": 0}, "per_volume_constraint": {"l_ssd": {"min_size": 0, "max_size":
      0}}, "scratch_storage_max_size": null, "baremetal": false, "monthly_price":
      430.7, "hourly_price": 0.59, "capabilities": {"boot_types": ["rescue", "local"],
      "hot_snapshots_local_volume": false, "placement_groups": true, "block_storage":
      true, "private_network": 8}, "network": {"ipv6_support": true, "sum_internal_bandwidth":
      3200000000, "sum_internet_bandwidth": 3200000000, "interfaces": [{"internal_bandwidth":
      3200000000, "internet_bandwidth": null}, {"internal_bandwidth": null, "internet_bandwidth":
      3200000000}]}}, "ENT1-S": {"alt_names": [], "arch": "x86_64", "ncpus": 8, "ram":
      34359738368, "gpu": 0, "mig_profile": null, "volumes_constraint": {"min_size":
      0, "max_size": 0}, "per_volume_constraint": {"l_ssd": {"min_size": 0, "max_size":
      0}}, "scratch_storage_max_size": null, "baremetal": false, "monthly_price":
      211.7, "hourly_price": 0.29, "capabilities": {"boot_types": ["rescue", "local"],
      "hot_snapshots_local_volume": false, "placement_groups": true, "block_storage":
      true, "private_network": 8}, "network": {"ipv6_support": true, "sum_internal_bandwidth":
      1600000000, "sum_internet_bandwidth": 1600000000, "interfaces": [{"internal_bandwidth":
      1600000000, "internet_bandwidth": null}, {"internal_bandwidth": null, "internet_bandwidth":
      1600000000}]}}, "ENT1-XL": {"alt_names": [], "arch": "x86_64", "ncpus": 64,
      "ram": 274877906944, "gpu": 0, "mig_profile": null, "volumes_constraint": {"min_size":
      0, "max_size": 0}, "per_volume_constraint": {"l_ssd": {"min_size": 0, "max_size":
      0}}, "scratch_storage_max_size": null, "baremetal": false, "monthly_price":
      1715.5, "hourly_price": 2.35, "capabilities": {"boot_types": ["rescue", "local"],
      "hot_snapshots_local_volume": false, "placement_groups": true, "block_storage":
      true, "private_network": 8}, "network": {"ipv6_support": true, "sum_internal_bandwidth":
      12800000000, "sum_internet_bandwidth": 12800000000, "interfaces": [{"internal_bandwidth":
      12800000000, "internet_bandwidth": null}, {"internal_bandwidth": null, "internet_bandwidth":
      12800000000}]}}, "ENT1-XS": {"alt_names": [], "arch": "x86_64", "ncpus": 4,
      "ram": 17179869184, "gpu": 0, "mig_profile": null, "volumes_constraint": {"min_size":
      0, "max_size": 0}, "per_volume_constraint": {"l_ssd": {"min_size": 0, "max_size":
      0}}, "scratch_storage_max_size": null, "baremetal": false, "monthly_price":
      107.31, "hourly_price": 0.147, "capabilities": {"boot_types": ["rescue", "local"],
      "hot_snapshots_local_volume": false, "placement_groups": true, "block_storage":
      true, "private_network": 8}, "network": {"ipv6_support": true, "sum_internal_bandwidth":
      800000000, "sum_internet_bandwidth": 800000000, "interfaces": [{"internal_bandwidth":
      800000000, "internet_bandwidth": null}, {"internal_bandwidth": null, "internet_bandwidth":
      800000000}]}}, "ENT1-XXS": {"alt_names": [], "arch": "x86_64", "ncpus": 2, "ram":
      8589934592, "gpu": 0, "mig_profile": null, "volumes_constraint": {"min_size":
      0, "max_size": 0}, "per_volume_constraint": {"l_ssd": {"min_size": 0, "max_size":
      0}}, "scratch_storage_max_size": null, "baremetal": false, "monthly_price":
      53.655, "hourly_price": 0.0735, "capabilities": {"boot_types": ["rescue", "local"],
      "hot_snapshots_local_volume": false, "placement_groups": true, "block_storage":
      true, "private_network": 8}, "network": {"ipv6_support": true, "sum_internal_bandwidth":
      400000000, "sum_internet_bandwidth": 400000000, "interfaces": [{"internal_bandwidth":
      400000000, "internet_bandwidth": null}, {"internal_bandwidth": null, "internet_bandwidth":
      400000000}]}}, "GP1-L": {"alt_names": [], "arch": "x86_64", "ncpus": 32, "ram":
      137438953472, "gpu": 0, "mig_profile": null, "volumes_constraint": {"min_size":
      0, "max_size": 600000000000}, "per_volume_constraint": {"l_ssd": {"min_size":
      1000000000, "max_size": 800000000000}}, "scratch_storage_max_size": null, "baremetal":
      false, "monthly_price": 576.262, "hourly_price": 0.7894, "capabilities": {"boot_types":
      ["bootscript", "rescue", "local"], "hot_snapshots_local_volume": true, "placement_groups":
      true, "block_storage": true, "private_network": 8}, "network": {"ipv6_support":
      true, "sum_internal_bandwidth": 5000000000, "sum_internet_bandwidth": 5000000000,
      "interfaces": [{"internal_bandwidth": 5000000000, "internet_bandwidth": null},
      {"internal_bandwidth": null, "internet_bandwidth": 5000000000}]}}, "GP1-M":
      {"alt_names": [], "arch": "x86_64", "ncpus": 16, "ram": 68719476736, "gpu":
      0, "mig_profile": null, "volumes_constraint": {"min_size": 0, "max_size": 600000000000},
      "per_volume_constraint": {"l_ssd": {"min_size": 1000000000, "max_size": 800000000000}},
      "scratch_storage_max_size": null, "baremetal": false, "monthly_price": 296.672,
      "hourly_price": 0.4064, "capabilities": {"boot_types": ["bootscript", "rescue",
      "local"], "hot_snapshots_local_volume": true, "placement_groups": true, "block_storage":
      true, "private_network": 8}, "network": {"ipv6_support": true, "sum_internal_bandwidth":
      1500000000, "sum_internet_bandwidth": 1500000000, "interfaces": [{"internal_bandwidth":
      1500000000, "internet_bandwidth": null}, {"internal_bandwidth": null, "internet_bandwidth":
      1500000000}]}}, "GP1-S": {"alt_names": [], "arch": "x86_64", "ncpus": 8, "ram":
      34359738368, "gpu": 0, "mig_profile": null, "volumes_constraint": {"min_size":
      0, "max_size": 300000000000}, "per_volume_constraint": {"l_ssd": {"min_size":
      1000000000, "max_size": 800000000000}}, "scratch_storage_max_size": null, "baremetal":
      false, "monthly_price": 149.066, "hourly_price": 0.2042, "capabilities": {"boot_types":
      ["bootscript", "rescue", "local"], "hot_snapshots_local_volume": true, "placement_groups":
      true, "block_storage": true, "private_network": 8}, "network": {"ipv6_support":
      true, "sum_internal_bandwidth": 800000000, "sum_internet_bandwidth": 800000000,
      "interfaces": [{"internal_bandwidth": 800000000, "internet_bandwidth": null},
      {"internal_bandwidth": null, "internet_bandwidth": 800000000}]}}, "GP1-VIZ":
      {"alt_names": [], "arch": "x86_64", "ncpus": 8, "ram": 34359738368, "gpu": 0,
      "mig_profile": null, "volumes_constraint": {"min_size": 0, "max_size": 300000000000},
      "per_volume_constraint": {"l_ssd": {"min_size": 1000000000, "max_size": 800000000000}},
      "scratch_storage_max_size": null, "baremetal": false, "monthly_price": 72.0,
      "hourly_price": 0.1, "capabilities": {"boot_types": ["bootscript", "rescue",
      "local"], "hot_snapshots_local_volume": true, "placement_groups": true, "block_storage":
      true, "private_network": 8}, "network": {"ipv6_support": true, "sum_internal_bandwidth":
      500000000, "sum_internet_bandwidth": 500000000, "interfaces": [{"internal_bandwidth":
      500000000, "internet_bandwidth": null}, {"internal_bandwidth": null, "internet_bandwidth":
      500000000}]}}, "GP1-XL": {"alt_names": [], "arch": "x86_64", "ncpus": 48, "ram":
      274877906944, "gpu": 0, "mig_profile": null, "volumes_constraint": {"min_size":
      0, "max_size": 600000000000}, "per_volume_constraint": {"l_ssd": {"min_size":
      1000000000, "max_size": 800000000000}}, "scratch_storage_max_size": null, "baremetal":
      false, "monthly_price": 1220.122, "hourly_price": 1.6714, "capabilities": {"boot_types":
      ["bootscript", "rescue", "local"], "hot_snapshots_local_volume": true, "placement_groups":
      true, "block_storage": true, "private_network": 8}, "network": {"ipv6_support":
      true, "sum_internal_bandwidth": 10000000000, "sum_internet_bandwidth": 10000000000,
      "interfaces": [{"internal_bandwidth": 10000000000, "internet_bandwidth": null},
      {"internal_bandwidth": null, "internet_bandwidth": 10000000000}]}}, "GP1-XS":
      {"alt_names": [], "arch": "x86_64", "ncpus": 4, "ram": 17179869184, "gpu": 0,
      "mig_profile": null, "volumes_constraint": {"min_size": 0, "max_size": 150000000000},
      "per_volume_constraint": {"l_ssd": {"min_size": 1000000000, "max_size": 800000000000}},
      "scratch_storage_max_size": null, "baremetal": false, "monthly_price": 74.168,
      "hourly_price": 0.1016, "capabilities": {"boot_types": ["bootscript", "rescue",
      "local"], "hot_snapshots_local_volume": true, "placement_groups": true, "block_storage":
      true, "private_network": 8}, "network": {"ipv6_support": true, "sum_internal_bandwidth":
      500000000, "sum_internet_bandwidth": 500000000, "interfaces": [{"internal_bandwidth":
      500000000, "internet_bandwidth": null}, {"internal_bandwidth": null, "internet_bandwidth":
      500000000}]}}, "PLAY2-MICRO": {"alt_names": [], "arch": "x86_64", "ncpus": 4,
      "ram": 8589934592, "gpu": 0, "mig_profile": null, "volumes_constraint": {"min_size":
      0, "max_size": 0}, "per_volume_constraint": {"l_ssd": {"min_size": 0, "max_size":
      0}}, "scratch_storage_max_size": null, "baremetal": false, "monthly_price":
      39.42, "hourly_price": 0.054, "capabilities": {"boot_types": ["rescue", "local"],
      "hot_snapshots_local_volume": false, "placement_groups": true, "block_storage":
      true, "private_network": 8}, "network": {"ipv6_support": true, "sum_internal_bandwidth":
      400000000, "sum_internet_bandwidth": 400000000, "interfaces": [{"internal_bandwidth":
      400000000, "internet_bandwidth": null}, {"internal_bandwidth": null, "internet_bandwidth":
      400000000}]}}, "PLAY2-NANO": {"alt_names": [], "arch": "x86_64", "ncpus": 2,
      "ram": 4294967296, "gpu": 0, "mig_profile": null, "volumes_constraint": {"min_size":
      0, "max_size": 0}, "per_volume_constraint": {"l_ssd": {"min_size": 0, "max_size":
      0}}, "scratch_storage_max_size": null, "baremetal": false, "monthly_price":
      19.71, "hourly_price": 0.027, "capabilities": {"boot_types": ["rescue", "local"],
      "hot_snapshots_local_volume": false, "placement_groups": true, "block_storage":
      true, "private_network": 8}, "network": {"ipv6_support": true, "sum_internal_bandwidth":
      200000000, "sum_internet_bandwidth": 200000000, "interfaces": [{"internal_bandwidth":
      200000000, "internet_bandwidth": null}, {"internal_bandwidth": null, "internet_bandwidth":
      200000000}]}}, "PLAY2-PICO": {"alt_names": [], "arch": "x86_64", "ncpus": 1,
      "ram": 2147483648, "gpu": 0, "mig_profile": null, "volumes_constraint": {"min_size":
      0, "max_size": 0}, "per_volume_constraint": {"l_ssd": {"min_size": 0, "max_size":
      0}}, "scratch_storage_max_size": null, "baremetal": false, "monthly_price":
      10.22, "hourly_price": 0.014, "capabilities": {"boot_types": ["rescue", "local"],
      "hot_snapshots_local_volume": false, "placement_groups": true, "block_storage":
      true, "private_network": 8}, "network": {"ipv6_support": true, "sum_internal_bandwidth":
      100000000, "sum_internet_bandwidth": 100000000, "interfaces": [{"internal_bandwidth":
      100000000, "internet_bandwidth": null}, {"internal_bandwidth": null, "internet_bandwidth":
      100000000}]}}, "POP2-16C-64G": {"alt_names": [], "arch": "x86_64", "ncpus":
      16, "ram": 68719476736, "gpu": 0, "mig_profile": null, "volumes_constraint":
      {"min_size": 0, "max_size": 0}, "per_volume_constraint": {"l_ssd": {"min_size":
      0, "max_size": 0}}, "scratch_storage_max_size": null, "baremetal": false, "monthly_price":
      430.7, "hourly_price": 0.59, "capabilities": {"boot_types": ["rescue", "local"],
      "hot_snapshots_local_volume": false, "placement_groups": true, "block_storage":
      true, "private_network": 8}, "network": {"ipv6_support": true, "sum_internal_bandwidth":
      3200000000, "sum_internet_bandwidth": 3200000000, "interfaces": [{"internal_bandwidth":
      3200000000, "internet_bandwidth": null}, {"internal_bandwidth": null, "internet_bandwidth":
      3200000000}]}}, "POP2-2C-8G": {"alt_names": [], "arch": "x86_64", "ncpus": 2,
      "ram": 8589934592, "gpu": 0, "mig_profile": null, "volumes_constraint": {"min_size":
      0, "max_size": 0}, "per_volume_constraint": {"l_ssd": {"min_size": 0, "max_size":
      0}}, "scratch_storage_max_size": null, "baremetal": false, "monthly_price":
      53.66, "hourly_price": 0.0735, "capabilities": {"boot_types": ["rescue", "local"],
      "hot_snapshots_local_volume": false, "placement_groups": true, "block_storage":
      true, "private_network": 8}, "network": {"ipv6_support": true, "sum_internal_bandwidth":
      400000000, "sum_internet_bandwidth": 400000000, "interfaces": [{"internal_bandwidth":
      400000000, "internet_bandwidth": null}, {"internal_bandwidth": null, "internet_bandwidth":
      400000000}]}}, "POP2-32C-128G": {"alt_names": [], "arch": "x86_64", "ncpus":
      32, "ram": 137438953472, "gpu": 0, "mig_profile": null, "volumes_constraint":
      {"min_size": 0, "max_size": 0}, "per_volume_constraint": {"l_ssd": {"min_size":
      0, "max_size": 0}}, "scratch_storage_max_size": null, "baremetal": false, "monthly_price":
      861.4, "hourly_price": 1.18, "capabilities": {"boot_types": ["rescue", "local"],
      "hot_snapshots_local_volume": false, "placement_groups": true, "block_storage":
      true, "private_network": 8}, "network": {"ipv6_support": true, "sum_internal_bandwidth":
      6400000000, "sum_internet_bandwidth": 6400000000, "interfaces": [{"internal_bandwidth":
      6400000000, "internet_bandwidth": null}, {"internal_bandwidth": null, "internet_bandwidth":
      6400000000}]}}, "POP2-4C-16G": {"alt_names": [], "arch": "x86_64", "ncpus":
      4, "ram": 17179869184, "gpu": 0, "mig_profile": null, "volumes_constraint":
      {"min_size": 0, "max_size": 0}, "per_volume_constraint": {"l_ssd": {"min_size":
      0, "max_size": 0}}, "scratch_storage_max_size": null, "baremetal": false, "monthly_price":
      107.31, "hourly_price": 0.147, "capabilities": {"boot_types": ["rescue", "local"],
      "hot_snapshots_local_volume": false, "placement_groups": true, "block_storage":
      true, "private_network": 8}, "network": {"ipv6_support": true, "sum_internal_bandwidth":
      800000000, "sum_internet_bandwidth": 800000000, "interfaces": [{"internal_bandwidth":
      800000000, "internet_bandwidth": null}, {"internal_bandwidth": null, "internet_bandwidth":
      800000000}]}}, "POP2-64C-256G": {"alt_names": [], "arch": "x86_64", "ncpus":
      64, "ram": 274877906944, "gpu": 0, "mig_profile": null, "volumes_constraint":
      {"min_size": 0, "max_size": 0}, "per_volume_constraint": {"l_ssd": {"min_size":
      0, "max_size": 0}}, "scratch_storage_max_size": null, "baremetal": false, "monthly_price":
      1715.5, "hourly_price": 2.35, "capabilities": {"boot_types": ["rescue", "local"],
      "hot_snapshots_local_volume": false, "placement_groups": true, "block_storage":
      true, "private_network": 8}, "network": {"ipv6_support": true, "sum_internal_bandwidth":
      12800000000, "sum_internet_bandwidth": 12800000000, "interfaces": [{"internal_bandwidth":
      12800000000, "internet_bandwidth": null}, {"internal_bandwidth": null, "internet_bandwidth":
      12800000000}]}}, "POP2-8C-32G": {"alt_names": [], "arch": "x86_64", "ncpus":
      8, "ram": 34359738368, "gpu": 0, "mig_profile": null, "volumes_constraint":
      {"min_size": 0, "max_size": 0}, "per_volume_constraint": {"l_ssd": {"min_size":
      0, "max_size": 0}}, "scratch_storage_max_size": null, "baremetal": false, "monthly_price":
      211.7, "hourly_price": 0.29, "capabilities": {"boot_types": ["rescue", "local"],
      "hot_snapshots_local_volume": false, "placement_groups": true, "block_storage":
      true, "private_network": 8}, "network": {"ipv6_support": true, "sum_internal_bandwidth":
      1600000000, "sum_internet_bandwidth": 1600000000, "interfaces": [{"internal_bandwidth":
      1600000000, "internet_bandwidth": null}, {"internal_bandwidth": null, "internet_bandwidth":
      1600000000}]}}, "POP2-HC-16C-32G": {"alt_names": [], "arch": "x86_64", "ncpus":
      16, "ram": 34359738368, "gpu": 0, "mig_profile": null, "volumes_constraint":
      {"min_size": 0, "max_size": 0}, "per_volume_constraint": {"l_ssd": {"min_size":
      0, "max_size": 0}}, "scratch_storage_max_size": null, "baremetal": false, "monthly_price":
      310.69, "hourly_price": 0.4256, "capabilities": {"boot_types": ["rescue", "local"],
      "hot_snapshots_local_volume": false, "placement_groups": true, "block_storage":
      true, "private_network": 8}, "network": {"ipv6_support": true, "sum_internal_bandwidth":
      3200000000, "sum_internet_bandwidth": 3200000000, "interfaces": [{"internal_bandwidth":
      3200000000, "internet_bandwidth": null}, {"internal_bandwidth": null, "internet_bandwidth":
      3200000000}]}}, "POP2-HC-2C-4G": {"alt_names": [], "arch": "x86_64", "ncpus":
      2, "ram": 4294967296, "gpu": 0, "mig_profile": null, "volumes_constraint": {"min_size":
      0, "max_size": 0}, "per_volume_constraint": {"l_ssd": {"min_size": 0, "max_size":
      0}}, "scratch_storage_max_size": null, "baremetal": false, "monthly_price":
      38.84, "hourly_price": 0.0532, "capabilities": {"boot_types": ["rescue", "local"],
      "hot_snapshots_local_volume": false, "placement_groups": true, "block_storage":
      true, "private_network": 8}, "network": {"ipv6_support": true, "sum_internal_bandwidth":
      400000000, "sum_internet_bandwidth": 400000000, "interfaces": [{"internal_bandwidth":
      400000000, "internet_bandwidth": null}, {"internal_bandwidth": null, "internet_bandwidth":
      400000000}]}}, "POP2-HC-32C-64G": {"alt_names": [], "arch": "x86_64", "ncpus":
      32, "ram": 68719476736, "gpu": 0, "mig_profile": null, "volumes_constraint":
      {"min_size": 0, "max_size": 0}, "per_volume_constraint": {"l_ssd": {"min_size":
      0, "max_size": 0}}, "scratch_storage_max_size": null, "baremetal": false, "monthly_price":
      621.38, "hourly_price": 0.8512, "capabilities": {"boot_types": ["rescue", "local"],
      "hot_snapshots_local_volume": false, "placement_groups": true, "block_storage":
      true, "private_network": 8}, "network": {"ipv6_support": true, "sum_internal_bandwidth":
      6400000000, "sum_internet_bandwidth": 6400000000, "interfaces": [{"internal_bandwidth":
      6400000000, "internet_bandwidth": null}, {"internal_bandwidth": null, "internet_bandwidth":
      6400000000}]}}, "POP2-HC-4C-8G": {"alt_names": [], "arch": "x86_64", "ncpus":
      4, "ram": 8589934592, "gpu": 0, "mig_profile": null, "volumes_constraint": {"min_size":
      0, "max_size": 0}, "per_volume_constraint": {"l_ssd": {"min_size": 0, "max_size":
      0}}, "scratch_storage_max_size": null, "baremetal": false, "monthly_price":
      77.67, "hourly_price": 0.1064, "capabilities": {"boot_types": ["rescue", "local"],
      "hot_snapshots_local_volume": false, "placement_groups": true, "block_storage":
      true, "private_network": 8}, "network": {"ipv6_support": true, "sum_internal_bandwidth":
      800000000, "sum_internet_bandwidth": 800000000, "interfaces": [{"internal_bandwidth":
      800000000, "internet_bandwidth": null}, {"internal_bandwidth": null, "internet_bandwidth":
      800000000}]}}, "POP2-HC-64C-128G": {"alt_names": [], "arch": "x86_64", "ncpus":
      64, "ram": 137438953472, "gpu": 0, "mig_profile": null, "volumes_constraint":
      {"min_size": 0, "max_size": 0}, "per_volume_constraint": {"l_ssd": {"min_size":
      0, "max_size": 0}}, "scratch_storage_max_size": null, "baremetal": false, "monthly_price":
      1242.75, "hourly_price": 1.7024, "capabilities": {"boot_types": ["rescue", "local"],
      "hot_snapshots_local_volume": false, "placement_groups": true, "block_storage":
      true, "private_network": 8}, "network": {"ipv6_support": true, "sum_internal_bandwidth":
      12800000000, "sum_internet_bandwidth": 12800000000, "interfaces": [{"internal_bandwidth":
      12800000000, "internet_bandwidth": null}, {"internal_bandwidth": null, "internet_bandwidth":
      12800000000}]}}, "POP2-HC-8C-16G": {"alt_names": [], "arch": "x86_64", "ncpus":
      8, "ram": 17179869184, "gpu": 0, "mig_profile": null, "volumes_constraint":
      {"min_size": 0, "max_size": 0}, "per_volume_constraint": {"l_ssd": {"min_size":
      0, "max_size": 0}}, "scratch_storage_max_size": null, "baremetal": false, "monthly_price":
      155.34, "hourly_price": 0.2128, "capabilities": {"boot_types": ["rescue", "local"],
      "hot_snapshots_local_volume": false, "placement_groups": true, "block_storage":
      true, "private_network": 8}, "network": {"ipv6_support": true, "sum_internal_bandwidth":
      1600000000, "sum_internet_bandwidth": 1600000000, "interfaces": [{"internal_bandwidth":
      1600000000, "internet_bandwidth": null}, {"internal_bandwidth": null, "internet_bandwidth":
      1600000000}]}}, "POP2-HM-16C-128G": {"alt_names": [], "arch": "x86_64", "ncpus":
      16, "ram": 137438953472, "gpu": 0, "mig_profile": null, "volumes_constraint":
      {"min_size": 0, "max_size": 0}, "per_volume_constraint": {"l_ssd": {"min_size":
      0, "max_size": 0}}, "scratch_storage_max_size": null, "baremetal": false, "monthly_price":
      601.52, "hourly_price": 0.824, "capabilities": {"boot_types": ["rescue", "local"],
      "hot_snapshots_local_volume": false, "placement_groups": true, "block_storage":
      true, "private_network": 8}, "network": {"ipv6_support": true, "sum_internal_bandwidth":
      3200000000, "sum_internet_bandwidth": 3200000000, "interfaces": [{"internal_bandwidth":
      3200000000, "internet_bandwidth": null}, {"internal_bandwidth": null, "internet_bandwidth":
      3200000000}]}}, "POP2-HM-2C-16G": {"alt_names": [], "arch": "x86_64", "ncpus":
      2, "ram": 17179869184, "gpu": 0, "mig_profile": null, "volumes_constraint":
      {"min_size": 0, "max_size": 0}, "per_volume_constraint": {"l_ssd": {"min_size":
      0, "max_size": 0}}, "scratch_storage_max_size": null, "baremetal": false, "monthly_price":
      75.19, "hourly_price": 0.103, "capabilities": {"boot_types": ["rescue", "local"],
      "hot_snapshots_local_volume": false, "placement_groups": true, "block_storage":
      true, "private_network": 8}, "network": {"ipv6_support": true, "sum_internal_bandwidth":
      400000000, "sum_internet_bandwidth": 400000000, "interfaces": [{"internal_bandwidth":
      400000000, "internet_bandwidth": null}, {"internal_bandwidth": null, "internet_bandwidth":
      400000000}]}}, "POP2-HM-32C-256G": {"alt_names": [], "arch": "x86_64", "ncpus":
      32, "ram": 274877906944, "gpu": 0, "mig_profile": null, "volumes_constraint":
      {"min_size": 0, "max_size": 0}, "per_volume_constraint": {"l_ssd": {"min_size":
      0, "max_size": 0}}, "scratch_storage_max_size": null, "baremetal": false, "monthly_price":
      1203.04, "hourly_price": 1.648, "capabilities": {"boot_types": ["rescue", "local"],
      "hot_snapshots_local_volume": false, "placement_groups": true, "block_storage":
      true, "private_network": 8}, "network": {"ipv6_support": true, "sum_internal_bandwidth":
      6400000000, "sum_internet_bandwidth": 6400000000, "interfaces": [{"internal_bandwidth":
      6400000000, "internet_bandwidth": null}, {"internal_bandwidth": null, "internet_bandwidth":
      6400000000}]}}, "POP2-HM-4C-32G": {"alt_names": [], "arch": "x86_64", "ncpus":
      4, "ram": 34359738368, "gpu": 0, "mig_profile": null, "volumes_constraint":
      {"min_size": 0, "max_size": 0}, "per_volume_constraint": {"l_ssd": {"min_size":
      0, "max_size": 0}}, "scratch_storage_max_size": null, "baremetal": false, "monthly_price":
      150.38, "hourly_price": 0.206, "capabilities": {"boot_types": ["rescue", "local"],
      "hot_snapshots_local_volume": false, "placement_groups": true, "block_storage":
      true, "private_network": 8}, "network": {"ipv6_support": true, "sum_internal_bandwidth":
      800000000, "sum_internet_bandwidth": 800000000, "interfaces": [{"internal_bandwidth":
      800000000, "internet_bandwidth": null}, {"internal_bandwidth": null, "internet_bandwidth":
      800000000}]}}, "POP2-HM-64C-512G": {"alt_names": [], "arch": "x86_64", "ncpus":
      64, "ram": 549755813888, "gpu": 0, "mig_profile": null, "volumes_constraint":
      {"min_size": 0, "max_size": 0}, "per_volume_constraint": {"l_ssd": {"min_size":
      0, "max_size": 0}}, "scratch_storage_max_size": null, "baremetal": false, "monthly_price":
      2406.08, "hourly_price": 3.296, "capabilities": {"boot_types": ["rescue", "local"],
      "hot_snapshots_local_volume": false, "placement_groups": true, "block_storage":
      true, "private_network": 8}, "network": {"ipv6_support": true, "sum_internal_bandwidth":
      12800000000, "sum_internet_bandwidth": 12800000000, "interfaces": [{"internal_bandwidth":
      12800000000, "internet_bandwidth": null}, {"internal_bandwidth": null, "internet_bandwidth":
      12800000000}]}}, "POP2-HM-8C-64G": {"alt_names": [], "arch": "x86_64", "ncpus":
      8, "ram": 68719476736, "gpu": 0, "mig_profile": null, "volumes_constraint":
      {"min_size": 0, "max_size": 0}, "per_volume_constraint": {"l_ssd": {"min_size":
      0, "max_size": 0}}, "scratch_storage_max_size": null, "baremetal": false, "monthly_price":
      300.76, "hourly_price": 0.412, "capabilities": {"boot_types": ["rescue", "local"],
      "hot_snapshots_local_volume": false, "placement_groups": true, "block_storage":
      true, "private_network": 8}, "network": {"ipv6_support": true, "sum_internal_bandwidth":
      1600000000, "sum_internet_bandwidth": 1600000000, "interfaces": [{"internal_bandwidth":
      1600000000, "internet_bandwidth": null}, {"internal_bandwidth": null, "internet_bandwidth":
      1600000000}]}}, "PRO2-L": {"alt_names": [], "arch": "x86_64", "ncpus": 32, "ram":
      137438953472, "gpu": 0, "mig_profile": null, "volumes_constraint": {"min_size":
      0, "max_size": 0}, "per_volume_constraint": {"l_ssd": {"min_size": 0, "max_size":
      0}}, "scratch_storage_max_size": null, "baremetal": false, "monthly_price":
      640.21, "hourly_price": 0.877, "capabilities": {"boot_types": ["rescue", "local"],
      "hot_snapshots_local_volume": false, "placement_groups": true, "block_storage":
      true, "private_network": 8}, "network": {"ipv6_support": true, "sum_internal_bandwidth":
      6000000000, "sum_internet_bandwidth": 6000000000, "interfaces": [{"internal_bandwidth":
      6000000000, "internet_bandwidth": null}, {"internal_bandwidth": null, "internet_bandwidth":
      6000000000}]}}, "PRO2-M": {"alt_names": [], "arch": "x86_64", "ncpus": 16, "ram":
      68719476736, "gpu": 0, "mig_profile": null, "volumes_constraint": {"min_size":
      0, "max_size": 0}, "per_volume_constraint": {"l_ssd": {"min_size": 0, "max_size":
      0}}, "scratch_storage_max_size": null, "baremetal": false, "monthly_price":
      319.74, "hourly_price": 0.438, "capabilities": {"boot_types": ["rescue", "local"],
      "hot_snapshots_local_volume": false, "placement_groups": true, "block_storage":
      true, "private_network": 8}, "network": {"ipv6_support": true, "sum_internal_bandwidth":
      3000000000, "sum_internet_bandwidth": 3000000000, "interfaces": [{"internal_bandwidth":
      3000000000, "internet_bandwidth": null}, {"internal_bandwidth": null, "internet_bandwidth":
      3000000000}]}}, "PRO2-S": {"alt_names": [], "arch": "x86_64", "ncpus": 8, "ram":
      34359738368, "gpu": 0, "mig_profile": null, "volumes_constraint": {"min_size":
      0, "max_size": 0}, "per_volume_constraint": {"l_ssd": {"min_size": 0, "max_size":
      0}}, "scratch_storage_max_size": null, "baremetal": false, "monthly_price":
      159.87, "hourly_price": 0.219, "capabilities": {"boot_types": ["rescue", "local"],
      "hot_snapshots_local_volume": false, "placement_groups": true, "block_storage":
      true, "private_network": 8}, "network": {"ipv6_support": true, "sum_internal_bandwidth":
      1500000000, "sum_internet_bandwidth": 1500000000, "interfaces": [{"internal_bandwidth":
      1500000000, "internet_bandwidth": null}, {"internal_bandwidth": null, "internet_bandwidth":
      1500000000}]}}, "PRO2-XS": {"alt_names": [], "arch": "x86_64", "ncpus": 4, "ram":
      17179869184, "gpu": 0, "mig_profile": null, "volumes_constraint": {"min_size":
      0, "max_size": 0}, "per_volume_constraint": {"l_ssd": {"min_size": 0, "max_size":
      0}}, "scratch_storage_max_size": null, "baremetal": false, "monthly_price":
      80.3, "hourly_price": 0.11, "capabilities": {"boot_types": ["rescue", "local"],
      "hot_snapshots_local_volume": false, "placement_groups": true, "block_storage":
      true, "private_network": 8}, "network": {"ipv6_support": true, "sum_internal_bandwidth":
      700000000, "sum_internet_bandwidth": 700000000, "interfaces": [{"internal_bandwidth":
      700000000, "internet_bandwidth": null}, {"internal_bandwidth": null, "internet_bandwidth":
      700000000}]}}, "PRO2-XXS": {"alt_names": [], "arch": "x86_64", "ncpus": 2, "ram":
      8589934592, "gpu": 0, "mig_profile": null, "volumes_constraint": {"min_size":
      0, "max_size": 0}, "per_volume_constraint": {"l_ssd": {"min_size": 0, "max_size":
      0}}, "scratch_storage_max_size": null, "baremetal": false, "monthly_price":
      40.15, "hourly_price": 0.055, "capabilities": {"boot_types": ["rescue", "local"],
      "hot_snapshots_local_volume": false, "placement_groups": true, "block_storage":
      true, "private_network": 8}, "network": {"ipv6_support": true, "sum_internal_bandwidth":
      350000000, "sum_internet_bandwidth": 350000000, "interfaces": [{"internal_bandwidth":
      350000000, "internet_bandwidth": null}, {"internal_bandwidth": null, "internet_bandwidth":
      350000000}]}}, "RENDER-S": {"alt_names": [], "arch": "x86_64", "ncpus": 10,
      "ram": 45097156608, "gpu": 1, "mig_profile": null, "volumes_constraint": {"min_size":
      0, "max_size": 400000000000}, "per_volume_constraint": {"l_ssd": {"min_size":
      1000000000, "max_size": 800000000000}}, "scratch_storage_max_size": null, "baremetal":
      false, "monthly_price": 907.098, "hourly_price": 1.2426, "capabilities": {"boot_types":
      ["local", "rescue"], "hot_snapshots_local_volume": true, "placement_groups":
      true, "block_storage": true, "private_network": 8}, "network": {"ipv6_support":
      true, "sum_internal_bandwidth": 1000000000, "sum_internet_bandwidth": 1000000000,
      "interfaces": [{"internal_bandwidth": 1000000000, "internet_bandwidth": null},
      {"internal_bandwidth": null, "internet_bandwidth": 1000000000}]}}, "STARDUST1-S":
      {"alt_names": [], "arch": "x86_64", "ncpus": 1, "ram": 1073741824, "gpu": 0,
      "mig_profile": null, "volumes_constraint": {"min_size": 0, "max_size": 10000000000},
      "per_volume_constraint": {"l_ssd": {"min_size": 1000000000, "max_size": 800000000000}},
      "scratch_storage_max_size": null, "baremetal": false, "monthly_price": 3.3507,
      "hourly_price": 0.00459, "capabilities": {"boot_types": ["bootscript", "rescue",
      "local"], "hot_snapshots_local_volume": true, "placement_groups": true, "block_storage":
      true, "private_network": 8}, "network": {"ipv6_support": true, "sum_internal_bandwidth":
      100000000, "sum_internet_bandwidth": 100000000, "interfaces": [{"internal_bandwidth":
      100000000, "internet_bandwidth": null}, {"internal_bandwidth": null, "internet_bandwidth":
      100000000}]}}}}'
    headers:
      Content-Length:
      - "38183"
      Content-Security-Policy:
      - default-src 'none'; frame-ancestors 'none'
      Content-Type:
      - application/json
      Date:
      - Wed, 06 Dec 2023 15:48:19 GMT
      Link:
      - </products/servers?page=2&per_page=50&>; rel="next",</products/servers?page=2&per_page=50&>;
        rel="last"
      Server:
      - Scaleway API-Gateway
      Strict-Transport-Security:
      - max-age=63072000
      X-Content-Type-Options:
      - nosniff
      X-Frame-Options:
      - DENY
      X-Request-Id:
      - 757ad5e9-1cf0-41d3-8169-6022aa23b376
      X-Total-Count:
      - "61"
    status: 200 OK
    code: 200
    duration: ""
- request:
    body: '{"servers": {"START1-L": {"alt_names": [], "arch": "x86_64", "ncpus": 8,
      "ram": 8589934592, "gpu": 0, "mig_profile": null, "volumes_constraint": {"min_size":
      200000000000, "max_size": 200000000000}, "per_volume_constraint": {"l_ssd":
      {"min_size": 1000000000, "max_size": 200000000000}}, "scratch_storage_max_size":
      null, "baremetal": false, "monthly_price": 26.864, "hourly_price": 0.0368, "capabilities":
      {"boot_types": ["bootscript", "rescue", "local"], "hot_snapshots_local_volume":
      true, "placement_groups": true, "block_storage": true, "private_network": 8},
      "network": {"ipv6_support": true, "sum_internal_bandwidth": 400000000, "sum_internet_bandwidth":
      400000000, "interfaces": [{"internal_bandwidth": 400000000, "internet_bandwidth":
      null}, {"internal_bandwidth": null, "internet_bandwidth": 400000000}]}}, "START1-M":
      {"alt_names": [], "arch": "x86_64", "ncpus": 4, "ram": 4294967296, "gpu": 0,
      "mig_profile": null, "volumes_constraint": {"min_size": 100000000000, "max_size":
      100000000000}, "per_volume_constraint": {"l_ssd": {"min_size": 1000000000, "max_size":
      200000000000}}, "scratch_storage_max_size": null, "baremetal": false, "monthly_price":
      14.162, "hourly_price": 0.0194, "capabilities": {"boot_types": ["bootscript",
      "rescue", "local"], "hot_snapshots_local_volume": true, "placement_groups":
      true, "block_storage": true, "private_network": 8}, "network": {"ipv6_support":
      true, "sum_internal_bandwidth": 300000000, "sum_internet_bandwidth": 300000000,
      "interfaces": [{"internal_bandwidth": 300000000, "internet_bandwidth": null},
      {"internal_bandwidth": null, "internet_bandwidth": 300000000}]}}, "START1-S":
      {"alt_names": [], "arch": "x86_64", "ncpus": 2, "ram": 2147483648, "gpu": 0,
      "mig_profile": null, "volumes_constraint": {"min_size": 50000000000, "max_size":
      50000000000}, "per_volume_constraint": {"l_ssd": {"min_size": 1000000000, "max_size":
      200000000000}}, "scratch_storage_max_size": null, "baremetal": false, "monthly_price":
      7.738, "hourly_price": 0.0106, "capabilities": {"boot_types": ["bootscript",
      "rescue", "local"], "hot_snapshots_local_volume": true, "placement_groups":
      true, "block_storage": true, "private_network": 8}, "network": {"ipv6_support":
      true, "sum_internal_bandwidth": 200000000, "sum_internet_bandwidth": 200000000,
      "interfaces": [{"internal_bandwidth": 200000000, "internet_bandwidth": null},
      {"internal_bandwidth": null, "internet_bandwidth": 200000000}]}}, "START1-XS":
      {"alt_names": [], "arch": "x86_64", "ncpus": 1, "ram": 1073741824, "gpu": 0,
      "mig_profile": null, "volumes_constraint": {"min_size": 25000000000, "max_size":
      25000000000}, "per_volume_constraint": {"l_ssd": {"min_size": 1000000000, "max_size":
      200000000000}}, "scratch_storage_max_size": null, "baremetal": false, "monthly_price":
      4.526, "hourly_price": 0.0062, "capabilities": {"boot_types": ["bootscript",
      "rescue", "local"], "hot_snapshots_local_volume": true, "placement_groups":
      true, "block_storage": true, "private_network": 8}, "network": {"ipv6_support":
      true, "sum_internal_bandwidth": 100000000, "sum_internet_bandwidth": 100000000,
      "interfaces": [{"internal_bandwidth": 100000000, "internet_bandwidth": null},
      {"internal_bandwidth": null, "internet_bandwidth": 100000000}]}}, "VC1L": {"alt_names":
      ["X64-8GB"], "arch": "x86_64", "ncpus": 6, "ram": 8589934592, "gpu": 0, "mig_profile":
      null, "volumes_constraint": {"min_size": 200000000000, "max_size": 200000000000},
      "per_volume_constraint": {"l_ssd": {"min_size": 1000000000, "max_size": 200000000000}},
      "scratch_storage_max_size": null, "baremetal": false, "monthly_price": 18.0164,
      "hourly_price": 0.02468, "capabilities": {"boot_types": ["bootscript", "rescue",
      "local"], "hot_snapshots_local_volume": true, "placement_groups": true, "block_storage":
      true, "private_network": 8}, "network": {"ipv6_support": true, "sum_internal_bandwidth":
      200000000, "sum_internet_bandwidth": 200000000, "interfaces": [{"internal_bandwidth":
      200000000, "internet_bandwidth": null}, {"internal_bandwidth": null, "internet_bandwidth":
      200000000}]}}, "VC1M": {"alt_names": ["X64-4GB"], "arch": "x86_64", "ncpus":
      4, "ram": 4294967296, "gpu": 0, "mig_profile": null, "volumes_constraint": {"min_size":
      100000000000, "max_size": 100000000000}, "per_volume_constraint": {"l_ssd":
      {"min_size": 1000000000, "max_size": 200000000000}}, "scratch_storage_max_size":
      null, "baremetal": false, "monthly_price": 11.3515, "hourly_price": 0.01555,
      "capabilities": {"boot_types": ["bootscript", "rescue", "local"], "hot_snapshots_local_volume":
      true, "placement_groups": true, "block_storage": true, "private_network": 8},
      "network": {"ipv6_support": true, "sum_internal_bandwidth": 200000000, "sum_internet_bandwidth":
      200000000, "interfaces": [{"internal_bandwidth": 200000000, "internet_bandwidth":
      null}, {"internal_bandwidth": null, "internet_bandwidth": 200000000}]}}, "VC1S":
      {"alt_names": ["X64-2GB"], "arch": "x86_64", "ncpus": 2, "ram": 2147483648,
      "gpu": 0, "mig_profile": null, "volumes_constraint": {"min_size": 50000000000,
      "max_size": 50000000000}, "per_volume_constraint": {"l_ssd": {"min_size": 1000000000,
      "max_size": 200000000000}}, "scratch_storage_max_size": null, "baremetal": false,
      "monthly_price": 6.2926, "hourly_price": 0.00862, "capabilities": {"boot_types":
      ["bootscript", "rescue", "local"], "hot_snapshots_local_volume": true, "placement_groups":
      true, "block_storage": true, "private_network": 8}, "network": {"ipv6_support":
      true, "sum_internal_bandwidth": 200000000, "sum_internet_bandwidth": 200000000,
      "interfaces": [{"internal_bandwidth": 200000000, "internet_bandwidth": null},
      {"internal_bandwidth": null, "internet_bandwidth": 200000000}]}}, "X64-120GB":
      {"alt_names": [], "arch": "x86_64", "ncpus": 12, "ram": 128849018880, "gpu":
      0, "mig_profile": null, "volumes_constraint": {"min_size": 500000000000, "max_size":
      1000000000000}, "per_volume_constraint": {"l_ssd": {"min_size": 1000000000,
      "max_size": 200000000000}}, "scratch_storage_max_size": null, "baremetal": false,
      "monthly_price": 310.7902, "hourly_price": 0.42574, "capabilities": {"boot_types":
      ["bootscript", "rescue", "local"], "hot_snapshots_local_volume": true, "placement_groups":
      true, "block_storage": true, "private_network": 8}, "network": {"ipv6_support":
      true, "sum_internal_bandwidth": 1000000000, "sum_internet_bandwidth": 1000000000,
      "interfaces": [{"internal_bandwidth": 1000000000, "internet_bandwidth": null},
      {"internal_bandwidth": null, "internet_bandwidth": 1000000000}]}}, "X64-15GB":
      {"alt_names": [], "arch": "x86_64", "ncpus": 6, "ram": 16106127360, "gpu": 0,
      "mig_profile": null, "volumes_constraint": {"min_size": 200000000000, "max_size":
      200000000000}, "per_volume_constraint": {"l_ssd": {"min_size": 1000000000, "max_size":
      200000000000}}, "scratch_storage_max_size": null, "baremetal": false, "monthly_price":
      44.0336, "hourly_price": 0.06032, "capabilities": {"boot_types": ["bootscript",
      "rescue", "local"], "hot_snapshots_local_volume": true, "placement_groups":
      true, "block_storage": true, "private_network": 8}, "network": {"ipv6_support":
      true, "sum_internal_bandwidth": 250000000, "sum_internet_bandwidth": 250000000,
      "interfaces": [{"internal_bandwidth": 250000000, "internet_bandwidth": null},
      {"internal_bandwidth": null, "internet_bandwidth": 250000000}]}}, "X64-30GB":
      {"alt_names": [], "arch": "x86_64", "ncpus": 8, "ram": 32212254720, "gpu": 0,
      "mig_profile": null, "volumes_constraint": {"min_size": 300000000000, "max_size":
      400000000000}, "per_volume_constraint": {"l_ssd": {"min_size": 1000000000, "max_size":
      200000000000}}, "scratch_storage_max_size": null, "baremetal": false, "monthly_price":
      86.9138, "hourly_price": 0.11906, "capabilities": {"boot_types": ["bootscript",
      "rescue", "local"], "hot_snapshots_local_volume": true, "placement_groups":
      true, "block_storage": true, "private_network": 8}, "network": {"ipv6_support":
      true, "sum_internal_bandwidth": 500000000, "sum_internet_bandwidth": 500000000,
      "interfaces": [{"internal_bandwidth": 500000000, "internet_bandwidth": null},
      {"internal_bandwidth": null, "internet_bandwidth": 500000000}]}}, "X64-60GB":
      {"alt_names": [], "arch": "x86_64", "ncpus": 10, "ram": 64424509440, "gpu":
      0, "mig_profile": null, "volumes_constraint": {"min_size": 400000000000, "max_size":
      700000000000}, "per_volume_constraint": {"l_ssd": {"min_size": 1000000000, "max_size":
      200000000000}}, "scratch_storage_max_size": null, "baremetal": false, "monthly_price":
      155.49, "hourly_price": 0.213, "capabilities": {"boot_types": ["bootscript",
      "rescue", "local"], "hot_snapshots_local_volume": true, "placement_groups":
      true, "block_storage": true, "private_network": 8}, "network": {"ipv6_support":
      true, "sum_internal_bandwidth": 1000000000, "sum_internet_bandwidth": 1000000000,
      "interfaces": [{"internal_bandwidth": 1000000000, "internet_bandwidth": null},
      {"internal_bandwidth": null, "internet_bandwidth": 1000000000}]}}}}'
    form: {}
    headers:
      User-Agent:
      - scaleway-sdk-go/v1.0.0-beta.7+dev (go1.21.1; linux; amd64) cli-e2e-test
    url: https://api.scaleway.com/instance/v1/zones/fr-par-1/products/servers?page=2
    method: GET
  response:
    body: '{"servers": {"START1-L": {"alt_names": [], "arch": "x86_64", "ncpus": 8,
      "ram": 8589934592, "gpu": 0, "mig_profile": null, "volumes_constraint": {"min_size":
      200000000000, "max_size": 200000000000}, "per_volume_constraint": {"l_ssd":
      {"min_size": 1000000000, "max_size": 200000000000}}, "scratch_storage_max_size":
      null, "baremetal": false, "monthly_price": 26.864, "hourly_price": 0.0368, "capabilities":
      {"boot_types": ["bootscript", "rescue", "local"], "hot_snapshots_local_volume":
      true, "placement_groups": true, "block_storage": true, "private_network": 8},
      "network": {"ipv6_support": true, "sum_internal_bandwidth": 400000000, "sum_internet_bandwidth":
      400000000, "interfaces": [{"internal_bandwidth": 400000000, "internet_bandwidth":
      null}, {"internal_bandwidth": null, "internet_bandwidth": 400000000}]}}, "START1-M":
      {"alt_names": [], "arch": "x86_64", "ncpus": 4, "ram": 4294967296, "gpu": 0,
      "mig_profile": null, "volumes_constraint": {"min_size": 100000000000, "max_size":
      100000000000}, "per_volume_constraint": {"l_ssd": {"min_size": 1000000000, "max_size":
      200000000000}}, "scratch_storage_max_size": null, "baremetal": false, "monthly_price":
      14.162, "hourly_price": 0.0194, "capabilities": {"boot_types": ["bootscript",
      "rescue", "local"], "hot_snapshots_local_volume": true, "placement_groups":
      true, "block_storage": true, "private_network": 8}, "network": {"ipv6_support":
      true, "sum_internal_bandwidth": 300000000, "sum_internet_bandwidth": 300000000,
      "interfaces": [{"internal_bandwidth": 300000000, "internet_bandwidth": null},
      {"internal_bandwidth": null, "internet_bandwidth": 300000000}]}}, "START1-S":
      {"alt_names": [], "arch": "x86_64", "ncpus": 2, "ram": 2147483648, "gpu": 0,
      "mig_profile": null, "volumes_constraint": {"min_size": 50000000000, "max_size":
      50000000000}, "per_volume_constraint": {"l_ssd": {"min_size": 1000000000, "max_size":
      200000000000}}, "scratch_storage_max_size": null, "baremetal": false, "monthly_price":
      7.738, "hourly_price": 0.0106, "capabilities": {"boot_types": ["bootscript",
      "rescue", "local"], "hot_snapshots_local_volume": true, "placement_groups":
      true, "block_storage": true, "private_network": 8}, "network": {"ipv6_support":
      true, "sum_internal_bandwidth": 200000000, "sum_internet_bandwidth": 200000000,
      "interfaces": [{"internal_bandwidth": 200000000, "internet_bandwidth": null},
      {"internal_bandwidth": null, "internet_bandwidth": 200000000}]}}, "START1-XS":
      {"alt_names": [], "arch": "x86_64", "ncpus": 1, "ram": 1073741824, "gpu": 0,
      "mig_profile": null, "volumes_constraint": {"min_size": 25000000000, "max_size":
      25000000000}, "per_volume_constraint": {"l_ssd": {"min_size": 1000000000, "max_size":
      200000000000}}, "scratch_storage_max_size": null, "baremetal": false, "monthly_price":
      4.526, "hourly_price": 0.0062, "capabilities": {"boot_types": ["bootscript",
      "rescue", "local"], "hot_snapshots_local_volume": true, "placement_groups":
      true, "block_storage": true, "private_network": 8}, "network": {"ipv6_support":
      true, "sum_internal_bandwidth": 100000000, "sum_internet_bandwidth": 100000000,
      "interfaces": [{"internal_bandwidth": 100000000, "internet_bandwidth": null},
      {"internal_bandwidth": null, "internet_bandwidth": 100000000}]}}, "VC1L": {"alt_names":
      ["X64-8GB"], "arch": "x86_64", "ncpus": 6, "ram": 8589934592, "gpu": 0, "mig_profile":
      null, "volumes_constraint": {"min_size": 200000000000, "max_size": 200000000000},
      "per_volume_constraint": {"l_ssd": {"min_size": 1000000000, "max_size": 200000000000}},
      "scratch_storage_max_size": null, "baremetal": false, "monthly_price": 18.0164,
      "hourly_price": 0.02468, "capabilities": {"boot_types": ["bootscript", "rescue",
      "local"], "hot_snapshots_local_volume": true, "placement_groups": true, "block_storage":
      true, "private_network": 8}, "network": {"ipv6_support": true, "sum_internal_bandwidth":
      200000000, "sum_internet_bandwidth": 200000000, "interfaces": [{"internal_bandwidth":
      200000000, "internet_bandwidth": null}, {"internal_bandwidth": null, "internet_bandwidth":
      200000000}]}}, "VC1M": {"alt_names": ["X64-4GB"], "arch": "x86_64", "ncpus":
      4, "ram": 4294967296, "gpu": 0, "mig_profile": null, "volumes_constraint": {"min_size":
      100000000000, "max_size": 100000000000}, "per_volume_constraint": {"l_ssd":
      {"min_size": 1000000000, "max_size": 200000000000}}, "scratch_storage_max_size":
      null, "baremetal": false, "monthly_price": 11.3515, "hourly_price": 0.01555,
      "capabilities": {"boot_types": ["bootscript", "rescue", "local"], "hot_snapshots_local_volume":
      true, "placement_groups": true, "block_storage": true, "private_network": 8},
      "network": {"ipv6_support": true, "sum_internal_bandwidth": 200000000, "sum_internet_bandwidth":
      200000000, "interfaces": [{"internal_bandwidth": 200000000, "internet_bandwidth":
      null}, {"internal_bandwidth": null, "internet_bandwidth": 200000000}]}}, "VC1S":
      {"alt_names": ["X64-2GB"], "arch": "x86_64", "ncpus": 2, "ram": 2147483648,
      "gpu": 0, "mig_profile": null, "volumes_constraint": {"min_size": 50000000000,
      "max_size": 50000000000}, "per_volume_constraint": {"l_ssd": {"min_size": 1000000000,
      "max_size": 200000000000}}, "scratch_storage_max_size": null, "baremetal": false,
      "monthly_price": 6.2926, "hourly_price": 0.00862, "capabilities": {"boot_types":
      ["bootscript", "rescue", "local"], "hot_snapshots_local_volume": true, "placement_groups":
      true, "block_storage": true, "private_network": 8}, "network": {"ipv6_support":
      true, "sum_internal_bandwidth": 200000000, "sum_internet_bandwidth": 200000000,
      "interfaces": [{"internal_bandwidth": 200000000, "internet_bandwidth": null},
      {"internal_bandwidth": null, "internet_bandwidth": 200000000}]}}, "X64-120GB":
      {"alt_names": [], "arch": "x86_64", "ncpus": 12, "ram": 128849018880, "gpu":
      0, "mig_profile": null, "volumes_constraint": {"min_size": 500000000000, "max_size":
      1000000000000}, "per_volume_constraint": {"l_ssd": {"min_size": 1000000000,
      "max_size": 200000000000}}, "scratch_storage_max_size": null, "baremetal": false,
      "monthly_price": 310.7902, "hourly_price": 0.42574, "capabilities": {"boot_types":
      ["bootscript", "rescue", "local"], "hot_snapshots_local_volume": true, "placement_groups":
      true, "block_storage": true, "private_network": 8}, "network": {"ipv6_support":
      true, "sum_internal_bandwidth": 1000000000, "sum_internet_bandwidth": 1000000000,
      "interfaces": [{"internal_bandwidth": 1000000000, "internet_bandwidth": null},
      {"internal_bandwidth": null, "internet_bandwidth": 1000000000}]}}, "X64-15GB":
      {"alt_names": [], "arch": "x86_64", "ncpus": 6, "ram": 16106127360, "gpu": 0,
      "mig_profile": null, "volumes_constraint": {"min_size": 200000000000, "max_size":
      200000000000}, "per_volume_constraint": {"l_ssd": {"min_size": 1000000000, "max_size":
      200000000000}}, "scratch_storage_max_size": null, "baremetal": false, "monthly_price":
      44.0336, "hourly_price": 0.06032, "capabilities": {"boot_types": ["bootscript",
      "rescue", "local"], "hot_snapshots_local_volume": true, "placement_groups":
      true, "block_storage": true, "private_network": 8}, "network": {"ipv6_support":
      true, "sum_internal_bandwidth": 250000000, "sum_internet_bandwidth": 250000000,
      "interfaces": [{"internal_bandwidth": 250000000, "internet_bandwidth": null},
      {"internal_bandwidth": null, "internet_bandwidth": 250000000}]}}, "X64-30GB":
      {"alt_names": [], "arch": "x86_64", "ncpus": 8, "ram": 32212254720, "gpu": 0,
      "mig_profile": null, "volumes_constraint": {"min_size": 300000000000, "max_size":
      400000000000}, "per_volume_constraint": {"l_ssd": {"min_size": 1000000000, "max_size":
      200000000000}}, "scratch_storage_max_size": null, "baremetal": false, "monthly_price":
      86.9138, "hourly_price": 0.11906, "capabilities": {"boot_types": ["bootscript",
      "rescue", "local"], "hot_snapshots_local_volume": true, "placement_groups":
      true, "block_storage": true, "private_network": 8}, "network": {"ipv6_support":
      true, "sum_internal_bandwidth": 500000000, "sum_internet_bandwidth": 500000000,
      "interfaces": [{"internal_bandwidth": 500000000, "internet_bandwidth": null},
      {"internal_bandwidth": null, "internet_bandwidth": 500000000}]}}, "X64-60GB":
      {"alt_names": [], "arch": "x86_64", "ncpus": 10, "ram": 64424509440, "gpu":
      0, "mig_profile": null, "volumes_constraint": {"min_size": 400000000000, "max_size":
      700000000000}, "per_volume_constraint": {"l_ssd": {"min_size": 1000000000, "max_size":
      200000000000}}, "scratch_storage_max_size": null, "baremetal": false, "monthly_price":
      155.49, "hourly_price": 0.213, "capabilities": {"boot_types": ["bootscript",
      "rescue", "local"], "hot_snapshots_local_volume": true, "placement_groups":
      true, "block_storage": true, "private_network": 8}, "network": {"ipv6_support":
      true, "sum_internal_bandwidth": 1000000000, "sum_internet_bandwidth": 1000000000,
      "interfaces": [{"internal_bandwidth": 1000000000, "internet_bandwidth": null},
      {"internal_bandwidth": null, "internet_bandwidth": 1000000000}]}}}}'
    headers:
      Content-Length:
      - "8882"
      Content-Security-Policy:
      - default-src 'none'; frame-ancestors 'none'
      Content-Type:
      - application/json
      Date:
      - Wed, 06 Dec 2023 15:48:20 GMT
      Link:
      - </products/servers?page=1&per_page=50&>; rel="first",</products/servers?page=1&per_page=50&>;
        rel="previous",</products/servers?page=2&per_page=50&>; rel="last"
      Server:
      - Scaleway API-Gateway
      Strict-Transport-Security:
      - max-age=63072000
      X-Content-Type-Options:
      - nosniff
      X-Frame-Options:
      - DENY
      X-Request-Id:
      - f98c5eb8-e127-47fb-ae23-5c02673ad731
      X-Total-Count:
      - "61"
    status: 200 OK
    code: 200
    duration: ""
- request:
    body: '{"ip": {"id": "72424d5e-00d8-4d92-a343-e753c4867296", "address": "51.158.98.210",
      "prefix": null, "reverse": null, "server": null, "organization": "ee7bd9e1-9cbd-4724-b2f4-19e50f3cf38b",
      "project": "ee7bd9e1-9cbd-4724-b2f4-19e50f3cf38b", "zone": "fr-par-1", "type":
      "nat", "state": "attached", "tags": []}}'
    form: {}
    headers:
      Content-Type:
      - application/json
      User-Agent:
      - scaleway-sdk-go/v1.0.0-beta.7+dev (go1.21.1; linux; amd64) cli-e2e-test
    url: https://api.scaleway.com/instance/v1/zones/fr-par-1/ips
    method: POST
  response:
    body: '{"ip": {"id": "72424d5e-00d8-4d92-a343-e753c4867296", "address": "51.158.98.210",
      "prefix": null, "reverse": null, "server": null, "organization": "ee7bd9e1-9cbd-4724-b2f4-19e50f3cf38b",
      "project": "ee7bd9e1-9cbd-4724-b2f4-19e50f3cf38b", "zone": "fr-par-1", "type":
      "nat", "state": "attached", "tags": []}}'
    headers:
      Content-Length:
      - "306"
      Content-Security-Policy:
      - default-src 'none'; frame-ancestors 'none'
      Content-Type:
      - application/json
      Date:
      - Wed, 06 Dec 2023 15:48:20 GMT
      Location:
      - https://api.scaleway.com/instance/v1/zones/fr-par-1/ips/72424d5e-00d8-4d92-a343-e753c4867296
      Server:
      - Scaleway API-Gateway
      Strict-Transport-Security:
      - max-age=63072000
      X-Content-Type-Options:
      - nosniff
      X-Frame-Options:
      - DENY
      X-Request-Id:
      - 449256e6-cce6-4ac0-9019-670bc480370c
    status: 201 Created
    code: 201
    duration: ""
- request:
    body: '{"server": {"id": "f93a86c5-30af-401a-8e49-e4479c42ad7e", "name": "cli-srv-tender-bell",
      "arch": "x86_64", "commercial_type": "DEV1-S", "boot_type": "local", "organization":
      "ee7bd9e1-9cbd-4724-b2f4-19e50f3cf38b", "project": "ee7bd9e1-9cbd-4724-b2f4-19e50f3cf38b",
      "hostname": "cli-srv-tender-bell", "image": {"id": "bc2f0ae3-bfca-4055-89c9-e84c54e568b1",
      "name": "Ubuntu 20.04 Focal Fossa", "organization": "51b656e3-4865-41e8-adbc-0c45bdd780db",
      "project": "51b656e3-4865-41e8-adbc-0c45bdd780db", "root_volume": {"id": "6bc86f32-e6ca-4570-9823-daf6bc722114",
      "name": "Ubuntu 20.04 Focal Fossa", "volume_type": "unified", "size": 10000000000},
      "extra_volumes": {}, "public": true, "arch": "x86_64", "creation_date": "2023-11-27T16:12:47.639821+00:00",
      "modification_date": "2023-11-27T16:12:47.639821+00:00", "default_bootscript":
      null, "from_server": null, "state": "available", "tags": [], "zone": "fr-par-1"},
      "volumes": {"0": {"boot": false, "id": "53659038-5969-4cff-b405-a907e97abe0d",
      "name": "Ubuntu 20.04 Focal Fossa", "volume_type": "l_ssd", "export_uri": null,
      "organization": "ee7bd9e1-9cbd-4724-b2f4-19e50f3cf38b", "project": "ee7bd9e1-9cbd-4724-b2f4-19e50f3cf38b",
      "server": {"id": "f93a86c5-30af-401a-8e49-e4479c42ad7e", "name": "cli-srv-tender-bell"},
      "size": 20000000000, "state": "available", "creation_date": "2023-12-06T15:48:20.888064+00:00",
      "modification_date": "2023-12-06T15:48:20.888064+00:00", "tags": [], "zone":
      "fr-par-1"}}, "tags": [], "state": "stopped", "protected": false, "state_detail":
      "", "public_ip": {"id": "72424d5e-00d8-4d92-a343-e753c4867296", "address": "51.158.98.210",
      "dynamic": false, "gateway": null, "netmask": "32", "family": "inet", "provisioning_mode":
      "dhcp", "tags": [], "state": "attached"}, "public_ips": [{"id": "72424d5e-00d8-4d92-a343-e753c4867296",
      "address": "51.158.98.210", "dynamic": false, "gateway": null, "netmask": "32",
      "family": "inet", "provisioning_mode": "dhcp", "tags": [], "state": "attached"}],
      "mac_address": "de:00:00:31:11:11", "routed_ip_enabled": false, "ipv6": null,
      "extra_networks": [], "dynamic_ip_required": true, "enable_ipv6": false, "private_ip":
      null, "creation_date": "2023-12-06T15:48:20.888064+00:00", "modification_date":
      "2023-12-06T15:48:20.888064+00:00", "bootscript": {"id": "fdfe150f-a870-4ce4-b432-9f56b5b995c1",
      "public": true, "title": "x86_64 mainline 4.4.230 rev1", "architecture": "x86_64",
      "organization": "11111111-1111-4111-8111-111111111111", "project": "11111111-1111-4111-8111-111111111111",
      "kernel": "http://10.194.3.9/kernel/x86_64-mainline-lts-4.4-4.4.230-rev1/vmlinuz-4.4.230",
      "dtb": "", "initrd": "http://10.194.3.9/initrd/initrd-Linux-x86_64-v3.14.6.gz",
      "bootcmdargs": "LINUX_COMMON scaleway boot=local nbd.max_part=16", "default":
      true, "zone": "fr-par-1"}, "security_group": {"id": "0fe819c3-274d-472a-b3f5-ddb258d2d8bb",
      "name": "Default security group"}, "location": null, "maintenances": [], "allowed_actions":
      ["poweron", "backup", "enable_routed_ip"], "placement_group": null, "private_nics":
      [], "zone": "fr-par-1"}}'
    form: {}
    headers:
      Content-Type:
      - application/json
      User-Agent:
      - scaleway-sdk-go/v1.0.0-beta.7+dev (go1.21.1; linux; amd64) cli-e2e-test
    url: https://api.scaleway.com/instance/v1/zones/fr-par-1/servers
    method: POST
  response:
    body: '{"server": {"id": "f93a86c5-30af-401a-8e49-e4479c42ad7e", "name": "cli-srv-tender-bell",
      "arch": "x86_64", "commercial_type": "DEV1-S", "boot_type": "local", "organization":
      "ee7bd9e1-9cbd-4724-b2f4-19e50f3cf38b", "project": "ee7bd9e1-9cbd-4724-b2f4-19e50f3cf38b",
      "hostname": "cli-srv-tender-bell", "image": {"id": "bc2f0ae3-bfca-4055-89c9-e84c54e568b1",
      "name": "Ubuntu 20.04 Focal Fossa", "organization": "51b656e3-4865-41e8-adbc-0c45bdd780db",
      "project": "51b656e3-4865-41e8-adbc-0c45bdd780db", "root_volume": {"id": "6bc86f32-e6ca-4570-9823-daf6bc722114",
      "name": "Ubuntu 20.04 Focal Fossa", "volume_type": "unified", "size": 10000000000},
      "extra_volumes": {}, "public": true, "arch": "x86_64", "creation_date": "2023-11-27T16:12:47.639821+00:00",
      "modification_date": "2023-11-27T16:12:47.639821+00:00", "default_bootscript":
      null, "from_server": null, "state": "available", "tags": [], "zone": "fr-par-1"},
      "volumes": {"0": {"boot": false, "id": "53659038-5969-4cff-b405-a907e97abe0d",
      "name": "Ubuntu 20.04 Focal Fossa", "volume_type": "l_ssd", "export_uri": null,
      "organization": "ee7bd9e1-9cbd-4724-b2f4-19e50f3cf38b", "project": "ee7bd9e1-9cbd-4724-b2f4-19e50f3cf38b",
      "server": {"id": "f93a86c5-30af-401a-8e49-e4479c42ad7e", "name": "cli-srv-tender-bell"},
      "size": 20000000000, "state": "available", "creation_date": "2023-12-06T15:48:20.888064+00:00",
      "modification_date": "2023-12-06T15:48:20.888064+00:00", "tags": [], "zone":
      "fr-par-1"}}, "tags": [], "state": "stopped", "protected": false, "state_detail":
      "", "public_ip": {"id": "72424d5e-00d8-4d92-a343-e753c4867296", "address": "51.158.98.210",
      "dynamic": false, "gateway": null, "netmask": "32", "family": "inet", "provisioning_mode":
      "dhcp", "tags": [], "state": "attached"}, "public_ips": [{"id": "72424d5e-00d8-4d92-a343-e753c4867296",
      "address": "51.158.98.210", "dynamic": false, "gateway": null, "netmask": "32",
      "family": "inet", "provisioning_mode": "dhcp", "tags": [], "state": "attached"}],
      "mac_address": "de:00:00:31:11:11", "routed_ip_enabled": false, "ipv6": null,
      "extra_networks": [], "dynamic_ip_required": true, "enable_ipv6": false, "private_ip":
      null, "creation_date": "2023-12-06T15:48:20.888064+00:00", "modification_date":
      "2023-12-06T15:48:20.888064+00:00", "bootscript": {"id": "fdfe150f-a870-4ce4-b432-9f56b5b995c1",
      "public": true, "title": "x86_64 mainline 4.4.230 rev1", "architecture": "x86_64",
      "organization": "11111111-1111-4111-8111-111111111111", "project": "11111111-1111-4111-8111-111111111111",
      "kernel": "http://10.194.3.9/kernel/x86_64-mainline-lts-4.4-4.4.230-rev1/vmlinuz-4.4.230",
      "dtb": "", "initrd": "http://10.194.3.9/initrd/initrd-Linux-x86_64-v3.14.6.gz",
      "bootcmdargs": "LINUX_COMMON scaleway boot=local nbd.max_part=16", "default":
      true, "zone": "fr-par-1"}, "security_group": {"id": "0fe819c3-274d-472a-b3f5-ddb258d2d8bb",
      "name": "Default security group"}, "location": null, "maintenances": [], "allowed_actions":
      ["poweron", "backup", "enable_routed_ip"], "placement_group": null, "private_nics":
      [], "zone": "fr-par-1"}}'
    headers:
      Content-Length:
      - "3046"
      Content-Security-Policy:
      - default-src 'none'; frame-ancestors 'none'
      Content-Type:
      - application/json
      Date:
      - Wed, 06 Dec 2023 15:48:21 GMT
      Location:
      - https://api.scaleway.com/instance/v1/zones/fr-par-1/servers/f93a86c5-30af-401a-8e49-e4479c42ad7e
      Server:
      - Scaleway API-Gateway
      Strict-Transport-Security:
      - max-age=63072000
      X-Content-Type-Options:
      - nosniff
      X-Frame-Options:
      - DENY
      X-Request-Id:
      - 131fc37f-9cd8-4499-9809-54b7d522da46
    status: 201 Created
    code: 201
    duration: ""
- request:
    body: '{"id":"f29d9d27-50c0-49fa-9f11-a15510510650", "name":"cli-test", "forward_protocol":"tcp",
      "forward_port":80, "forward_port_algorithm":"roundrobin", "sticky_sessions":"none",
      "sticky_sessions_cookie_name":"", "health_check":{"port":8888, "check_delay":3000,
      "check_timeout":1000, "check_max_retries":5, "check_send_proxy":false, "transient_check_delay":"0.500s",
      "tcp_config":{}}, "pool":[], "lb":{"id":"17ddd2f8-61b9-4015-a96f-a4573a8f06b0",
      "name":"cli-test", "description":"cli-test", "status":"ready", "instances":[{"id":"9750308c-0fd9-4345-8ac3-1b0a2687d6f2",
      "status":"pending", "ip_address":"", "created_at":"2023-12-06T15:46:15.261514Z",
      "updated_at":"2023-12-06T15:48:21.400015742Z", "region":"fr-par", "zone":"fr-par-1"}],
      "organization_id":"ee7bd9e1-9cbd-4724-b2f4-19e50f3cf38b", "project_id":"ee7bd9e1-9cbd-4724-b2f4-19e50f3cf38b",
      "ip":[{"id":"dd9039c7-8449-474c-b0b2-bdd24dc87717", "ip_address":"51.159.112.89",
      "organization_id":"ee7bd9e1-9cbd-4724-b2f4-19e50f3cf38b", "project_id":"ee7bd9e1-9cbd-4724-b2f4-19e50f3cf38b",
      "lb_id":"17ddd2f8-61b9-4015-a96f-a4573a8f06b0", "reverse":"51-159-112-89.lb.fr-par.scw.cloud",
      "region":"fr-par", "zone":"fr-par-1"}], "tags":[], "frontend_count":0, "backend_count":1,
      "type":"lb-s", "subscriber":null, "ssl_compatibility_level":"ssl_compatibility_level_intermediate",
      "created_at":"2023-12-06T15:48:13.281064Z", "updated_at":"2023-12-06T15:48:19.141914Z",
      "private_network_count":0, "route_count":0, "region":"fr-par", "zone":"fr-par-1"},
      "send_proxy_v2":false, "timeout_server":300000, "timeout_connect":5000, "timeout_tunnel":900000,
      "on_marked_down_action":"on_marked_down_action_none", "proxy_protocol":"proxy_protocol_unknown",
      "created_at":"2023-12-06T15:48:21.357036374Z", "updated_at":"2023-12-06T15:48:21.357036374Z",
      "failover_host":null, "ssl_bridging":false, "ignore_ssl_server_verify":null,
      "redispatch_attempt_count":null, "max_retries":null, "max_connections":null,
      "timeout_queue":null}'
    form: {}
    headers:
      Content-Type:
      - application/json
      User-Agent:
      - scaleway-sdk-go/v1.0.0-beta.7+dev (go1.21.1; linux; amd64) cli-e2e-test
    url: https://api.scaleway.com/lb/v1/zones/fr-par-1/lbs/17ddd2f8-61b9-4015-a96f-a4573a8f06b0/backends
    method: POST
  response:
    body: '{"id":"f29d9d27-50c0-49fa-9f11-a15510510650", "name":"cli-test", "forward_protocol":"tcp",
      "forward_port":80, "forward_port_algorithm":"roundrobin", "sticky_sessions":"none",
      "sticky_sessions_cookie_name":"", "health_check":{"port":8888, "check_delay":3000,
      "check_timeout":1000, "check_max_retries":5, "check_send_proxy":false, "transient_check_delay":"0.500s",
      "tcp_config":{}}, "pool":[], "lb":{"id":"17ddd2f8-61b9-4015-a96f-a4573a8f06b0",
      "name":"cli-test", "description":"cli-test", "status":"ready", "instances":[{"id":"9750308c-0fd9-4345-8ac3-1b0a2687d6f2",
      "status":"pending", "ip_address":"", "created_at":"2023-12-06T15:46:15.261514Z",
      "updated_at":"2023-12-06T15:48:21.400015742Z", "region":"fr-par", "zone":"fr-par-1"}],
      "organization_id":"ee7bd9e1-9cbd-4724-b2f4-19e50f3cf38b", "project_id":"ee7bd9e1-9cbd-4724-b2f4-19e50f3cf38b",
      "ip":[{"id":"dd9039c7-8449-474c-b0b2-bdd24dc87717", "ip_address":"51.159.112.89",
      "organization_id":"ee7bd9e1-9cbd-4724-b2f4-19e50f3cf38b", "project_id":"ee7bd9e1-9cbd-4724-b2f4-19e50f3cf38b",
      "lb_id":"17ddd2f8-61b9-4015-a96f-a4573a8f06b0", "reverse":"51-159-112-89.lb.fr-par.scw.cloud",
      "region":"fr-par", "zone":"fr-par-1"}], "tags":[], "frontend_count":0, "backend_count":1,
      "type":"lb-s", "subscriber":null, "ssl_compatibility_level":"ssl_compatibility_level_intermediate",
      "created_at":"2023-12-06T15:48:13.281064Z", "updated_at":"2023-12-06T15:48:19.141914Z",
      "private_network_count":0, "route_count":0, "region":"fr-par", "zone":"fr-par-1"},
      "send_proxy_v2":false, "timeout_server":300000, "timeout_connect":5000, "timeout_tunnel":900000,
      "on_marked_down_action":"on_marked_down_action_none", "proxy_protocol":"proxy_protocol_unknown",
      "created_at":"2023-12-06T15:48:21.357036374Z", "updated_at":"2023-12-06T15:48:21.357036374Z",
      "failover_host":null, "ssl_bridging":false, "ignore_ssl_server_verify":null,
      "redispatch_attempt_count":null, "max_retries":null, "max_connections":null,
      "timeout_queue":null}'
    headers:
      Content-Length:
      - "1956"
      Content-Security-Policy:
      - default-src 'none'; frame-ancestors 'none'
      Content-Type:
      - application/json
      Date:
      - Wed, 06 Dec 2023 15:48:21 GMT
      Server:
      - Scaleway API-Gateway
      Strict-Transport-Security:
      - max-age=63072000
      X-Content-Type-Options:
      - nosniff
      X-Frame-Options:
      - DENY
      X-Request-Id:
      - 6da1ad65-9b0a-4d4e-8ba2-4a192921acaf
    status: 200 OK
    code: 200
    duration: ""
- request:
    body: '{"id":"b75e19f3-ee1e-45d2-a26c-5d767fc84d0d", "name":"cli-test", "inbound_port":8888,
      "backend":{"id":"f29d9d27-50c0-49fa-9f11-a15510510650", "name":"cli-test", "forward_protocol":"tcp",
      "forward_port":80, "forward_port_algorithm":"roundrobin", "sticky_sessions":"none",
      "sticky_sessions_cookie_name":"", "health_check":{"port":8888, "check_delay":3000,
      "check_timeout":1000, "check_max_retries":5, "check_send_proxy":false, "transient_check_delay":"0.500s",
      "tcp_config":{}}, "pool":[], "lb":{"id":"17ddd2f8-61b9-4015-a96f-a4573a8f06b0",
      "name":"cli-test", "description":"cli-test", "status":"ready", "instances":[],
      "organization_id":"ee7bd9e1-9cbd-4724-b2f4-19e50f3cf38b", "project_id":"ee7bd9e1-9cbd-4724-b2f4-19e50f3cf38b",
      "ip":[{"id":"dd9039c7-8449-474c-b0b2-bdd24dc87717", "ip_address":"51.159.112.89",
      "organization_id":"ee7bd9e1-9cbd-4724-b2f4-19e50f3cf38b", "project_id":"ee7bd9e1-9cbd-4724-b2f4-19e50f3cf38b",
      "lb_id":"17ddd2f8-61b9-4015-a96f-a4573a8f06b0", "reverse":"51-159-112-89.lb.fr-par.scw.cloud",
      "region":"fr-par", "zone":"fr-par-1"}], "tags":[], "frontend_count":1, "backend_count":1,
      "type":"lb-s", "subscriber":null, "ssl_compatibility_level":"ssl_compatibility_level_intermediate",
      "created_at":"2023-12-06T15:48:13.281064Z", "updated_at":"2023-12-06T15:48:19.141914Z",
      "private_network_count":0, "route_count":0, "region":"fr-par", "zone":"fr-par-1"},
      "send_proxy_v2":false, "timeout_server":300000, "timeout_connect":5000, "timeout_tunnel":900000,
      "on_marked_down_action":"on_marked_down_action_none", "proxy_protocol":"proxy_protocol_unknown",
      "created_at":"2023-12-06T15:48:21.357036Z", "updated_at":"2023-12-06T15:48:21.357036Z",
      "failover_host":null, "ssl_bridging":false, "ignore_ssl_server_verify":null,
      "redispatch_attempt_count":null, "max_retries":null, "max_connections":null,
      "timeout_queue":null}, "lb":{"id":"17ddd2f8-61b9-4015-a96f-a4573a8f06b0", "name":"cli-test",
      "description":"cli-test", "status":"ready", "instances":[{"id":"9750308c-0fd9-4345-8ac3-1b0a2687d6f2",
      "status":"pending", "ip_address":"", "created_at":"2023-12-06T15:46:15.261514Z",
      "updated_at":"2023-12-06T15:48:21.795681624Z", "region":"fr-par", "zone":"fr-par-1"}],
      "organization_id":"ee7bd9e1-9cbd-4724-b2f4-19e50f3cf38b", "project_id":"ee7bd9e1-9cbd-4724-b2f4-19e50f3cf38b",
      "ip":[{"id":"dd9039c7-8449-474c-b0b2-bdd24dc87717", "ip_address":"51.159.112.89",
      "organization_id":"ee7bd9e1-9cbd-4724-b2f4-19e50f3cf38b", "project_id":"ee7bd9e1-9cbd-4724-b2f4-19e50f3cf38b",
      "lb_id":"17ddd2f8-61b9-4015-a96f-a4573a8f06b0", "reverse":"51-159-112-89.lb.fr-par.scw.cloud",
      "region":"fr-par", "zone":"fr-par-1"}], "tags":[], "frontend_count":1, "backend_count":1,
      "type":"lb-s", "subscriber":null, "ssl_compatibility_level":"ssl_compatibility_level_intermediate",
      "created_at":"2023-12-06T15:48:13.281064Z", "updated_at":"2023-12-06T15:48:19.141914Z",
      "private_network_count":0, "route_count":0, "region":"fr-par", "zone":"fr-par-1"},
      "timeout_client":300000, "certificate":null, "certificate_ids":[], "created_at":"2023-12-06T15:48:21.733016Z",
      "updated_at":"2023-12-06T15:48:21.733016Z", "enable_http3":false}'
    form: {}
    headers:
      Content-Type:
      - application/json
      User-Agent:
      - scaleway-sdk-go/v1.0.0-beta.7+dev (go1.21.1; linux; amd64) cli-e2e-test
    url: https://api.scaleway.com/lb/v1/zones/fr-par-1/lbs/17ddd2f8-61b9-4015-a96f-a4573a8f06b0/frontends
    method: POST
  response:
    body: '{"id":"b75e19f3-ee1e-45d2-a26c-5d767fc84d0d", "name":"cli-test", "inbound_port":8888,
      "backend":{"id":"f29d9d27-50c0-49fa-9f11-a15510510650", "name":"cli-test", "forward_protocol":"tcp",
      "forward_port":80, "forward_port_algorithm":"roundrobin", "sticky_sessions":"none",
      "sticky_sessions_cookie_name":"", "health_check":{"port":8888, "check_delay":3000,
      "check_timeout":1000, "check_max_retries":5, "check_send_proxy":false, "transient_check_delay":"0.500s",
      "tcp_config":{}}, "pool":[], "lb":{"id":"17ddd2f8-61b9-4015-a96f-a4573a8f06b0",
      "name":"cli-test", "description":"cli-test", "status":"ready", "instances":[],
      "organization_id":"ee7bd9e1-9cbd-4724-b2f4-19e50f3cf38b", "project_id":"ee7bd9e1-9cbd-4724-b2f4-19e50f3cf38b",
      "ip":[{"id":"dd9039c7-8449-474c-b0b2-bdd24dc87717", "ip_address":"51.159.112.89",
      "organization_id":"ee7bd9e1-9cbd-4724-b2f4-19e50f3cf38b", "project_id":"ee7bd9e1-9cbd-4724-b2f4-19e50f3cf38b",
      "lb_id":"17ddd2f8-61b9-4015-a96f-a4573a8f06b0", "reverse":"51-159-112-89.lb.fr-par.scw.cloud",
      "region":"fr-par", "zone":"fr-par-1"}], "tags":[], "frontend_count":1, "backend_count":1,
      "type":"lb-s", "subscriber":null, "ssl_compatibility_level":"ssl_compatibility_level_intermediate",
      "created_at":"2023-12-06T15:48:13.281064Z", "updated_at":"2023-12-06T15:48:19.141914Z",
      "private_network_count":0, "route_count":0, "region":"fr-par", "zone":"fr-par-1"},
      "send_proxy_v2":false, "timeout_server":300000, "timeout_connect":5000, "timeout_tunnel":900000,
      "on_marked_down_action":"on_marked_down_action_none", "proxy_protocol":"proxy_protocol_unknown",
      "created_at":"2023-12-06T15:48:21.357036Z", "updated_at":"2023-12-06T15:48:21.357036Z",
      "failover_host":null, "ssl_bridging":false, "ignore_ssl_server_verify":null,
      "redispatch_attempt_count":null, "max_retries":null, "max_connections":null,
      "timeout_queue":null}, "lb":{"id":"17ddd2f8-61b9-4015-a96f-a4573a8f06b0", "name":"cli-test",
      "description":"cli-test", "status":"ready", "instances":[{"id":"9750308c-0fd9-4345-8ac3-1b0a2687d6f2",
      "status":"pending", "ip_address":"", "created_at":"2023-12-06T15:46:15.261514Z",
      "updated_at":"2023-12-06T15:48:21.795681624Z", "region":"fr-par", "zone":"fr-par-1"}],
      "organization_id":"ee7bd9e1-9cbd-4724-b2f4-19e50f3cf38b", "project_id":"ee7bd9e1-9cbd-4724-b2f4-19e50f3cf38b",
      "ip":[{"id":"dd9039c7-8449-474c-b0b2-bdd24dc87717", "ip_address":"51.159.112.89",
      "organization_id":"ee7bd9e1-9cbd-4724-b2f4-19e50f3cf38b", "project_id":"ee7bd9e1-9cbd-4724-b2f4-19e50f3cf38b",
      "lb_id":"17ddd2f8-61b9-4015-a96f-a4573a8f06b0", "reverse":"51-159-112-89.lb.fr-par.scw.cloud",
      "region":"fr-par", "zone":"fr-par-1"}], "tags":[], "frontend_count":1, "backend_count":1,
      "type":"lb-s", "subscriber":null, "ssl_compatibility_level":"ssl_compatibility_level_intermediate",
      "created_at":"2023-12-06T15:48:13.281064Z", "updated_at":"2023-12-06T15:48:19.141914Z",
      "private_network_count":0, "route_count":0, "region":"fr-par", "zone":"fr-par-1"},
      "timeout_client":300000, "certificate":null, "certificate_ids":[], "created_at":"2023-12-06T15:48:21.733016Z",
      "updated_at":"2023-12-06T15:48:21.733016Z", "enable_http3":false}'
    headers:
      Content-Length:
      - "3114"
      Content-Security-Policy:
      - default-src 'none'; frame-ancestors 'none'
      Content-Type:
      - application/json
      Date:
      - Wed, 06 Dec 2023 15:48:21 GMT
      Server:
      - Scaleway API-Gateway
      Strict-Transport-Security:
      - max-age=63072000
      X-Content-Type-Options:
      - nosniff
      X-Frame-Options:
      - DENY
      X-Request-Id:
      - 96f87a21-98a5-4aee-a13e-8708d7c8bb16
    status: 200 OK
    code: 200
    duration: ""
- request:
    body: '{"id":"b75e19f3-ee1e-45d2-a26c-5d767fc84d0d", "name":"cli-test", "inbound_port":8888,
      "backend":{"id":"f29d9d27-50c0-49fa-9f11-a15510510650", "name":"cli-test", "forward_protocol":"tcp",
      "forward_port":80, "forward_port_algorithm":"roundrobin", "sticky_sessions":"none",
      "sticky_sessions_cookie_name":"", "health_check":{"port":8888, "check_delay":3000,
      "check_timeout":1000, "check_max_retries":5, "check_send_proxy":false, "transient_check_delay":"0.500s",
      "tcp_config":{}}, "pool":[], "lb":{"id":"17ddd2f8-61b9-4015-a96f-a4573a8f06b0",
      "name":"cli-test", "description":"cli-test", "status":"ready", "instances":[],
      "organization_id":"ee7bd9e1-9cbd-4724-b2f4-19e50f3cf38b", "project_id":"ee7bd9e1-9cbd-4724-b2f4-19e50f3cf38b",
      "ip":[{"id":"dd9039c7-8449-474c-b0b2-bdd24dc87717", "ip_address":"51.159.112.89",
      "organization_id":"ee7bd9e1-9cbd-4724-b2f4-19e50f3cf38b", "project_id":"ee7bd9e1-9cbd-4724-b2f4-19e50f3cf38b",
      "lb_id":"17ddd2f8-61b9-4015-a96f-a4573a8f06b0", "reverse":"51-159-112-89.lb.fr-par.scw.cloud",
      "region":"fr-par", "zone":"fr-par-1"}], "tags":[], "frontend_count":1, "backend_count":1,
      "type":"lb-s", "subscriber":null, "ssl_compatibility_level":"ssl_compatibility_level_intermediate",
      "created_at":"2023-12-06T15:48:13.281064Z", "updated_at":"2023-12-06T15:48:19.141914Z",
      "private_network_count":0, "route_count":0, "region":"fr-par", "zone":"fr-par-1"},
      "send_proxy_v2":false, "timeout_server":300000, "timeout_connect":5000, "timeout_tunnel":900000,
      "on_marked_down_action":"on_marked_down_action_none", "proxy_protocol":"proxy_protocol_unknown",
      "created_at":"2023-12-06T15:48:21.357036Z", "updated_at":"2023-12-06T15:48:21.357036Z",
      "failover_host":null, "ssl_bridging":false, "ignore_ssl_server_verify":null,
      "redispatch_attempt_count":null, "max_retries":null, "max_connections":null,
      "timeout_queue":null}, "lb":{"id":"17ddd2f8-61b9-4015-a96f-a4573a8f06b0", "name":"cli-test",
      "description":"cli-test", "status":"ready", "instances":[], "organization_id":"ee7bd9e1-9cbd-4724-b2f4-19e50f3cf38b",
      "project_id":"ee7bd9e1-9cbd-4724-b2f4-19e50f3cf38b", "ip":[{"id":"dd9039c7-8449-474c-b0b2-bdd24dc87717",
      "ip_address":"51.159.112.89", "organization_id":"ee7bd9e1-9cbd-4724-b2f4-19e50f3cf38b",
      "project_id":"ee7bd9e1-9cbd-4724-b2f4-19e50f3cf38b", "lb_id":"17ddd2f8-61b9-4015-a96f-a4573a8f06b0",
      "reverse":"51-159-112-89.lb.fr-par.scw.cloud", "region":"fr-par", "zone":"fr-par-1"}],
      "tags":[], "frontend_count":1, "backend_count":1, "type":"lb-s", "subscriber":null,
      "ssl_compatibility_level":"ssl_compatibility_level_intermediate", "created_at":"2023-12-06T15:48:13.281064Z",
      "updated_at":"2023-12-06T15:48:19.141914Z", "private_network_count":0, "route_count":0,
      "region":"fr-par", "zone":"fr-par-1"}, "timeout_client":300000, "certificate":null,
      "certificate_ids":[], "created_at":"2023-12-06T15:48:21.733016Z", "updated_at":"2023-12-06T15:48:21.733016Z",
      "enable_http3":false}'
    form: {}
    headers:
      User-Agent:
      - scaleway-sdk-go/v1.0.0-beta.7+dev (go1.21.1; linux; amd64) cli-e2e-test
    url: https://api.scaleway.com/lb/v1/zones/fr-par-1/frontends/b75e19f3-ee1e-45d2-a26c-5d767fc84d0d
    method: GET
  response:
    body: '{"id":"b75e19f3-ee1e-45d2-a26c-5d767fc84d0d", "name":"cli-test", "inbound_port":8888,
      "backend":{"id":"f29d9d27-50c0-49fa-9f11-a15510510650", "name":"cli-test", "forward_protocol":"tcp",
      "forward_port":80, "forward_port_algorithm":"roundrobin", "sticky_sessions":"none",
      "sticky_sessions_cookie_name":"", "health_check":{"port":8888, "check_delay":3000,
      "check_timeout":1000, "check_max_retries":5, "check_send_proxy":false, "transient_check_delay":"0.500s",
      "tcp_config":{}}, "pool":[], "lb":{"id":"17ddd2f8-61b9-4015-a96f-a4573a8f06b0",
      "name":"cli-test", "description":"cli-test", "status":"ready", "instances":[],
      "organization_id":"ee7bd9e1-9cbd-4724-b2f4-19e50f3cf38b", "project_id":"ee7bd9e1-9cbd-4724-b2f4-19e50f3cf38b",
      "ip":[{"id":"dd9039c7-8449-474c-b0b2-bdd24dc87717", "ip_address":"51.159.112.89",
      "organization_id":"ee7bd9e1-9cbd-4724-b2f4-19e50f3cf38b", "project_id":"ee7bd9e1-9cbd-4724-b2f4-19e50f3cf38b",
      "lb_id":"17ddd2f8-61b9-4015-a96f-a4573a8f06b0", "reverse":"51-159-112-89.lb.fr-par.scw.cloud",
      "region":"fr-par", "zone":"fr-par-1"}], "tags":[], "frontend_count":1, "backend_count":1,
      "type":"lb-s", "subscriber":null, "ssl_compatibility_level":"ssl_compatibility_level_intermediate",
      "created_at":"2023-12-06T15:48:13.281064Z", "updated_at":"2023-12-06T15:48:19.141914Z",
      "private_network_count":0, "route_count":0, "region":"fr-par", "zone":"fr-par-1"},
      "send_proxy_v2":false, "timeout_server":300000, "timeout_connect":5000, "timeout_tunnel":900000,
      "on_marked_down_action":"on_marked_down_action_none", "proxy_protocol":"proxy_protocol_unknown",
      "created_at":"2023-12-06T15:48:21.357036Z", "updated_at":"2023-12-06T15:48:21.357036Z",
      "failover_host":null, "ssl_bridging":false, "ignore_ssl_server_verify":null,
      "redispatch_attempt_count":null, "max_retries":null, "max_connections":null,
      "timeout_queue":null}, "lb":{"id":"17ddd2f8-61b9-4015-a96f-a4573a8f06b0", "name":"cli-test",
      "description":"cli-test", "status":"ready", "instances":[], "organization_id":"ee7bd9e1-9cbd-4724-b2f4-19e50f3cf38b",
      "project_id":"ee7bd9e1-9cbd-4724-b2f4-19e50f3cf38b", "ip":[{"id":"dd9039c7-8449-474c-b0b2-bdd24dc87717",
      "ip_address":"51.159.112.89", "organization_id":"ee7bd9e1-9cbd-4724-b2f4-19e50f3cf38b",
      "project_id":"ee7bd9e1-9cbd-4724-b2f4-19e50f3cf38b", "lb_id":"17ddd2f8-61b9-4015-a96f-a4573a8f06b0",
      "reverse":"51-159-112-89.lb.fr-par.scw.cloud", "region":"fr-par", "zone":"fr-par-1"}],
      "tags":[], "frontend_count":1, "backend_count":1, "type":"lb-s", "subscriber":null,
      "ssl_compatibility_level":"ssl_compatibility_level_intermediate", "created_at":"2023-12-06T15:48:13.281064Z",
      "updated_at":"2023-12-06T15:48:19.141914Z", "private_network_count":0, "route_count":0,
      "region":"fr-par", "zone":"fr-par-1"}, "timeout_client":300000, "certificate":null,
      "certificate_ids":[], "created_at":"2023-12-06T15:48:21.733016Z", "updated_at":"2023-12-06T15:48:21.733016Z",
      "enable_http3":false}'
    headers:
      Content-Length:
      - "2903"
      Content-Security-Policy:
      - default-src 'none'; frame-ancestors 'none'
      Content-Type:
      - application/json
      Date:
      - Wed, 06 Dec 2023 15:48:22 GMT
      Server:
      - Scaleway API-Gateway
      Strict-Transport-Security:
      - max-age=63072000
      X-Content-Type-Options:
      - nosniff
      X-Frame-Options:
      - DENY
      X-Request-Id:
      - a1ac4ae5-5d37-42e3-86d6-7b2f8de379b0
    status: 200 OK
    code: 200
    duration: ""
- request:
    body: ""
    form: {}
    headers:
      User-Agent:
      - scaleway-sdk-go/v1.0.0-beta.7+dev (go1.21.1; linux; amd64) cli-e2e-test
    url: https://api.scaleway.com/lb/v1/zones/fr-par-1/lbs/17ddd2f8-61b9-4015-a96f-a4573a8f06b0?release_ip=false
    method: DELETE
  response:
    body: ""
    headers:
      Content-Security-Policy:
      - default-src 'none'; frame-ancestors 'none'
      Content-Type:
      - application/json
      Date:
      - Wed, 06 Dec 2023 15:48:22 GMT
      Server:
      - Scaleway API-Gateway
      Strict-Transport-Security:
      - max-age=63072000
      X-Content-Type-Options:
      - nosniff
      X-Frame-Options:
      - DENY
      X-Request-Id:
      - 88f866e2-3d38-426c-ad2e-2c3df3db47c5
    status: 204 No Content
    code: 204
    duration: ""
- request:
    body: '{"id":"17ddd2f8-61b9-4015-a96f-a4573a8f06b0", "name":"cli-test", "description":"cli-test",
      "status":"to_delete", "instances":[{"id":"9750308c-0fd9-4345-8ac3-1b0a2687d6f2",
      "status":"ready", "ip_address":"", "created_at":"2023-12-06T15:46:15.261514Z",
      "updated_at":"2023-12-06T15:48:22.181124Z", "region":"fr-par", "zone":"fr-par-1"}],
      "organization_id":"ee7bd9e1-9cbd-4724-b2f4-19e50f3cf38b", "project_id":"ee7bd9e1-9cbd-4724-b2f4-19e50f3cf38b",
      "ip":[{"id":"dd9039c7-8449-474c-b0b2-bdd24dc87717", "ip_address":"51.159.112.89",
      "organization_id":"ee7bd9e1-9cbd-4724-b2f4-19e50f3cf38b", "project_id":"ee7bd9e1-9cbd-4724-b2f4-19e50f3cf38b",
      "lb_id":"17ddd2f8-61b9-4015-a96f-a4573a8f06b0", "reverse":"51-159-112-89.lb.fr-par.scw.cloud",
      "region":"fr-par", "zone":"fr-par-1"}], "tags":[], "frontend_count":1, "backend_count":1,
      "type":"lb-s", "subscriber":null, "ssl_compatibility_level":"ssl_compatibility_level_intermediate",
      "created_at":"2023-12-06T15:48:13.281064Z", "updated_at":"2023-12-06T15:48:22.195580Z",
      "private_network_count":0, "route_count":0, "region":"fr-par", "zone":"fr-par-1"}'
    form: {}
    headers:
      User-Agent:
      - scaleway-sdk-go/v1.0.0-beta.7+dev (go1.21.1; linux; amd64) cli-e2e-test
    url: https://api.scaleway.com/lb/v1/zones/fr-par-1/lbs/17ddd2f8-61b9-4015-a96f-a4573a8f06b0
    method: GET
  response:
    body: '{"id":"17ddd2f8-61b9-4015-a96f-a4573a8f06b0", "name":"cli-test", "description":"cli-test",
      "status":"to_delete", "instances":[{"id":"9750308c-0fd9-4345-8ac3-1b0a2687d6f2",
      "status":"ready", "ip_address":"", "created_at":"2023-12-06T15:46:15.261514Z",
      "updated_at":"2023-12-06T15:48:22.181124Z", "region":"fr-par", "zone":"fr-par-1"}],
      "organization_id":"ee7bd9e1-9cbd-4724-b2f4-19e50f3cf38b", "project_id":"ee7bd9e1-9cbd-4724-b2f4-19e50f3cf38b",
      "ip":[{"id":"dd9039c7-8449-474c-b0b2-bdd24dc87717", "ip_address":"51.159.112.89",
      "organization_id":"ee7bd9e1-9cbd-4724-b2f4-19e50f3cf38b", "project_id":"ee7bd9e1-9cbd-4724-b2f4-19e50f3cf38b",
      "lb_id":"17ddd2f8-61b9-4015-a96f-a4573a8f06b0", "reverse":"51-159-112-89.lb.fr-par.scw.cloud",
      "region":"fr-par", "zone":"fr-par-1"}], "tags":[], "frontend_count":1, "backend_count":1,
      "type":"lb-s", "subscriber":null, "ssl_compatibility_level":"ssl_compatibility_level_intermediate",
      "created_at":"2023-12-06T15:48:13.281064Z", "updated_at":"2023-12-06T15:48:22.195580Z",
      "private_network_count":0, "route_count":0, "region":"fr-par", "zone":"fr-par-1"}'
    headers:
      Content-Length:
      - "1093"
      Content-Security-Policy:
      - default-src 'none'; frame-ancestors 'none'
      Content-Type:
      - application/json
      Date:
      - Wed, 06 Dec 2023 15:48:22 GMT
      Server:
      - Scaleway API-Gateway
      Strict-Transport-Security:
      - max-age=63072000
      X-Content-Type-Options:
      - nosniff
      X-Frame-Options:
      - DENY
      X-Request-Id:
      - b0ca1b18-36d0-49dc-9773-88bf795115b6
    status: 200 OK
    code: 200
    duration: ""
- request:
    body: '{"server": {"id": "f93a86c5-30af-401a-8e49-e4479c42ad7e", "name": "cli-srv-tender-bell",
      "arch": "x86_64", "commercial_type": "DEV1-S", "boot_type": "local", "organization":
      "ee7bd9e1-9cbd-4724-b2f4-19e50f3cf38b", "project": "ee7bd9e1-9cbd-4724-b2f4-19e50f3cf38b",
      "hostname": "cli-srv-tender-bell", "image": {"id": "bc2f0ae3-bfca-4055-89c9-e84c54e568b1",
      "name": "Ubuntu 20.04 Focal Fossa", "organization": "51b656e3-4865-41e8-adbc-0c45bdd780db",
      "project": "51b656e3-4865-41e8-adbc-0c45bdd780db", "root_volume": {"id": "6bc86f32-e6ca-4570-9823-daf6bc722114",
      "name": "Ubuntu 20.04 Focal Fossa", "volume_type": "unified", "size": 10000000000},
      "extra_volumes": {}, "public": true, "arch": "x86_64", "creation_date": "2023-11-27T16:12:47.639821+00:00",
      "modification_date": "2023-11-27T16:12:47.639821+00:00", "default_bootscript":
      null, "from_server": null, "state": "available", "tags": [], "zone": "fr-par-1"},
      "volumes": {"0": {"boot": false, "id": "53659038-5969-4cff-b405-a907e97abe0d",
      "name": "Ubuntu 20.04 Focal Fossa", "volume_type": "l_ssd", "export_uri": null,
      "organization": "ee7bd9e1-9cbd-4724-b2f4-19e50f3cf38b", "project": "ee7bd9e1-9cbd-4724-b2f4-19e50f3cf38b",
      "server": {"id": "f93a86c5-30af-401a-8e49-e4479c42ad7e", "name": "cli-srv-tender-bell"},
      "size": 20000000000, "state": "available", "creation_date": "2023-12-06T15:48:20.888064+00:00",
      "modification_date": "2023-12-06T15:48:20.888064+00:00", "tags": [], "zone":
      "fr-par-1"}}, "tags": [], "state": "stopped", "protected": false, "state_detail":
      "", "public_ip": {"id": "72424d5e-00d8-4d92-a343-e753c4867296", "address": "51.158.98.210",
      "dynamic": false, "gateway": null, "netmask": "32", "family": "inet", "provisioning_mode":
      "dhcp", "tags": [], "state": "attached"}, "public_ips": [{"id": "72424d5e-00d8-4d92-a343-e753c4867296",
      "address": "51.158.98.210", "dynamic": false, "gateway": null, "netmask": "32",
      "family": "inet", "provisioning_mode": "dhcp", "tags": [], "state": "attached"}],
      "mac_address": "de:00:00:31:11:11", "routed_ip_enabled": false, "ipv6": null,
      "extra_networks": [], "dynamic_ip_required": true, "enable_ipv6": false, "private_ip":
      null, "creation_date": "2023-12-06T15:48:20.888064+00:00", "modification_date":
      "2023-12-06T15:48:20.888064+00:00", "bootscript": {"id": "fdfe150f-a870-4ce4-b432-9f56b5b995c1",
      "public": true, "title": "x86_64 mainline 4.4.230 rev1", "architecture": "x86_64",
      "organization": "11111111-1111-4111-8111-111111111111", "project": "11111111-1111-4111-8111-111111111111",
      "kernel": "http://10.194.3.9/kernel/x86_64-mainline-lts-4.4-4.4.230-rev1/vmlinuz-4.4.230",
      "dtb": "", "initrd": "http://10.194.3.9/initrd/initrd-Linux-x86_64-v3.14.6.gz",
      "bootcmdargs": "LINUX_COMMON scaleway boot=local nbd.max_part=16", "default":
      true, "zone": "fr-par-1"}, "security_group": {"id": "0fe819c3-274d-472a-b3f5-ddb258d2d8bb",
      "name": "Default security group"}, "location": null, "maintenances": [], "allowed_actions":
      ["poweron", "backup", "enable_routed_ip"], "placement_group": null, "private_nics":
      [], "zone": "fr-par-1"}}'
    form: {}
    headers:
      User-Agent:
      - scaleway-sdk-go/v1.0.0-beta.7+dev (go1.21.1; linux; amd64) cli-e2e-test
    url: https://api.scaleway.com/instance/v1/zones/fr-par-1/servers/f93a86c5-30af-401a-8e49-e4479c42ad7e
    method: GET
  response:
    body: '{"server": {"id": "f93a86c5-30af-401a-8e49-e4479c42ad7e", "name": "cli-srv-tender-bell",
      "arch": "x86_64", "commercial_type": "DEV1-S", "boot_type": "local", "organization":
      "ee7bd9e1-9cbd-4724-b2f4-19e50f3cf38b", "project": "ee7bd9e1-9cbd-4724-b2f4-19e50f3cf38b",
      "hostname": "cli-srv-tender-bell", "image": {"id": "bc2f0ae3-bfca-4055-89c9-e84c54e568b1",
      "name": "Ubuntu 20.04 Focal Fossa", "organization": "51b656e3-4865-41e8-adbc-0c45bdd780db",
      "project": "51b656e3-4865-41e8-adbc-0c45bdd780db", "root_volume": {"id": "6bc86f32-e6ca-4570-9823-daf6bc722114",
      "name": "Ubuntu 20.04 Focal Fossa", "volume_type": "unified", "size": 10000000000},
      "extra_volumes": {}, "public": true, "arch": "x86_64", "creation_date": "2023-11-27T16:12:47.639821+00:00",
      "modification_date": "2023-11-27T16:12:47.639821+00:00", "default_bootscript":
      null, "from_server": null, "state": "available", "tags": [], "zone": "fr-par-1"},
      "volumes": {"0": {"boot": false, "id": "53659038-5969-4cff-b405-a907e97abe0d",
      "name": "Ubuntu 20.04 Focal Fossa", "volume_type": "l_ssd", "export_uri": null,
      "organization": "ee7bd9e1-9cbd-4724-b2f4-19e50f3cf38b", "project": "ee7bd9e1-9cbd-4724-b2f4-19e50f3cf38b",
      "server": {"id": "f93a86c5-30af-401a-8e49-e4479c42ad7e", "name": "cli-srv-tender-bell"},
      "size": 20000000000, "state": "available", "creation_date": "2023-12-06T15:48:20.888064+00:00",
      "modification_date": "2023-12-06T15:48:20.888064+00:00", "tags": [], "zone":
      "fr-par-1"}}, "tags": [], "state": "stopped", "protected": false, "state_detail":
      "", "public_ip": {"id": "72424d5e-00d8-4d92-a343-e753c4867296", "address": "51.158.98.210",
      "dynamic": false, "gateway": null, "netmask": "32", "family": "inet", "provisioning_mode":
      "dhcp", "tags": [], "state": "attached"}, "public_ips": [{"id": "72424d5e-00d8-4d92-a343-e753c4867296",
      "address": "51.158.98.210", "dynamic": false, "gateway": null, "netmask": "32",
      "family": "inet", "provisioning_mode": "dhcp", "tags": [], "state": "attached"}],
      "mac_address": "de:00:00:31:11:11", "routed_ip_enabled": false, "ipv6": null,
      "extra_networks": [], "dynamic_ip_required": true, "enable_ipv6": false, "private_ip":
      null, "creation_date": "2023-12-06T15:48:20.888064+00:00", "modification_date":
      "2023-12-06T15:48:20.888064+00:00", "bootscript": {"id": "fdfe150f-a870-4ce4-b432-9f56b5b995c1",
      "public": true, "title": "x86_64 mainline 4.4.230 rev1", "architecture": "x86_64",
      "organization": "11111111-1111-4111-8111-111111111111", "project": "11111111-1111-4111-8111-111111111111",
      "kernel": "http://10.194.3.9/kernel/x86_64-mainline-lts-4.4-4.4.230-rev1/vmlinuz-4.4.230",
      "dtb": "", "initrd": "http://10.194.3.9/initrd/initrd-Linux-x86_64-v3.14.6.gz",
      "bootcmdargs": "LINUX_COMMON scaleway boot=local nbd.max_part=16", "default":
      true, "zone": "fr-par-1"}, "security_group": {"id": "0fe819c3-274d-472a-b3f5-ddb258d2d8bb",
      "name": "Default security group"}, "location": null, "maintenances": [], "allowed_actions":
      ["poweron", "backup", "enable_routed_ip"], "placement_group": null, "private_nics":
      [], "zone": "fr-par-1"}}'
    headers:
      Content-Length:
      - "3046"
      Content-Security-Policy:
      - default-src 'none'; frame-ancestors 'none'
      Content-Type:
      - application/json
      Date:
      - Wed, 06 Dec 2023 15:48:22 GMT
      Server:
      - Scaleway API-Gateway
      Strict-Transport-Security:
      - max-age=63072000
      X-Content-Type-Options:
      - nosniff
      X-Frame-Options:
      - DENY
      X-Request-Id:
      - e7eab69a-3b5c-4595-8892-779919672fbd
    status: 200 OK
    code: 200
    duration: ""
- request:
    body: ""
    form: {}
    headers:
      User-Agent:
      - scaleway-sdk-go/v1.0.0-beta.7+dev (go1.21.1; linux; amd64) cli-e2e-test
    url: https://api.scaleway.com/instance/v1/zones/fr-par-1/servers/f93a86c5-30af-401a-8e49-e4479c42ad7e
    method: DELETE
  response:
    body: ""
    headers:
      Content-Security-Policy:
      - default-src 'none'; frame-ancestors 'none'
      Date:
      - Wed, 06 Dec 2023 15:48:22 GMT
      Server:
      - Scaleway API-Gateway
      Strict-Transport-Security:
      - max-age=63072000
      X-Content-Type-Options:
      - nosniff
      X-Frame-Options:
      - DENY
      X-Request-Id:
      - 70575133-671c-4da4-b9d2-0afe501439d5
    status: 204 No Content
    code: 204
    duration: ""
- request:
    body: ""
    form: {}
    headers:
      User-Agent:
      - scaleway-sdk-go/v1.0.0-beta.7+dev (go1.21.1; linux; amd64) cli-e2e-test
    url: https://api.scaleway.com/instance/v1/zones/fr-par-1/volumes/53659038-5969-4cff-b405-a907e97abe0d
    method: DELETE
  response:
    body: ""
    headers:
      Content-Security-Policy:
      - default-src 'none'; frame-ancestors 'none'
      Date:
      - Wed, 06 Dec 2023 15:48:22 GMT
      Server:
      - Scaleway API-Gateway
      Strict-Transport-Security:
      - max-age=63072000
      X-Content-Type-Options:
      - nosniff
      X-Frame-Options:
      - DENY
      X-Request-Id:
      - acd3b9bb-16fc-4356-b784-86de9c7d7e18
    status: 204 No Content
    code: 204
    duration: ""
