---
version: 1
interactions:
- request:
    body: '{"project_id":"a6c249e9-c32d-46e4-badb-b57528eafc4b","name":"cli-test","description":"","tags":null,"version":"1.17.3","cni":"cilium","enable_dashboard":false,"ingress":"unknown_ingress","pools":[{"name":"default","node_type":"GP1-XS","placement_group_id":null,"autoscaling":false,"size":1,"min_size":null,"max_size":null,"container_runtime":"unknown_runtime","autohealing":false,"tags":null}],"autoscaler_config":null,"auto_upgrade":null,"feature_gates":null,"admission_plugins":null,"open_id_connect_config":null}'
    form: {}
    headers:
      Content-Type:
      - application/json
      User-Agent:
      - scaleway-sdk-go/v1.0.0-beta.7+dev (go1.15.3; linux; amd64) cli-e2e-test
    url: https://api.scaleway.com/k8s/v1/regions/fr-par/clusters
    method: POST
  response:
    body: '{"region":"fr-par","id":"186d89cb-3ced-4d0b-b018-30d988cba67e","organization_id":"a6c249e9-c32d-46e4-badb-b57528eafc4b","project_id":"a6c249e9-c32d-46e4-badb-b57528eafc4b","created_at":"2020-10-27T13:41:35.997466101Z","updated_at":"2020-10-27T13:41:37.094655976Z","name":"cli-test","description":"","status":"creating","version":"1.17.3","cni":"cilium","tags":[],"cluster_url":"https://186d89cb-3ced-4d0b-b018-30d988cba67e.api.k8s.fr-par.scw.cloud:6443","dns_wildcard":"*.186d89cb-3ced-4d0b-b018-30d988cba67e.nodes.k8s.fr-par.scw.cloud","autoscaler_config":{"scale_down_disabled":false,"scale_down_delay_after_add":"10m","estimator":"binpacking","expander":"random","ignore_daemonsets_utilization":false,"balance_similar_node_groups":false,"expendable_pods_priority_cutoff":-10,"scale_down_unneeded_time":"10m"},"dashboard_enabled":false,"ingress":"none","auto_upgrade":{"enabled":false,"maintenance_window":{"start_hour":0,"day":"any"}},"upgrade_available":false,"feature_gates":[],"admission_plugins":[],"open_id_connect_config":{"issuer_url":"","client_id":"","username_claim":"","username_prefix":"","groups_claim":[],"groups_prefix":"","required_claim":[]}}'
    headers:
      Content-Length:
      - "1162"
      Content-Security-Policy:
      - default-src 'none'; frame-ancestors 'none'
      Content-Type:
      - application/json
      Date:
      - Tue, 27 Oct 2020 13:41:37 GMT
      Server:
      - Scaleway API-Gateway
      Strict-Transport-Security:
      - max-age=63072000
      X-Content-Type-Options:
      - nosniff
      X-Frame-Options:
      - DENY
      X-Request-Id:
      - 1ef65cc3-3458-4ef7-97ff-615bb79d2782
    status: 200 OK
    code: 200
    duration: ""
- request:
    body: ""
    form: {}
    headers:
      User-Agent:
      - scaleway-sdk-go/v1.0.0-beta.7+dev (go1.15.3; linux; amd64) cli-e2e-test
    url: https://api.scaleway.com/k8s/v1/regions/fr-par/clusters/186d89cb-3ced-4d0b-b018-30d988cba67e
    method: GET
  response:
    body: '{"region":"fr-par","id":"186d89cb-3ced-4d0b-b018-30d988cba67e","organization_id":"a6c249e9-c32d-46e4-badb-b57528eafc4b","project_id":"a6c249e9-c32d-46e4-badb-b57528eafc4b","created_at":"2020-10-27T13:41:35.997466Z","updated_at":"2020-10-27T13:41:37.094656Z","name":"cli-test","description":"","status":"creating","version":"1.17.3","cni":"cilium","tags":[],"cluster_url":"https://186d89cb-3ced-4d0b-b018-30d988cba67e.api.k8s.fr-par.scw.cloud:6443","dns_wildcard":"*.186d89cb-3ced-4d0b-b018-30d988cba67e.nodes.k8s.fr-par.scw.cloud","autoscaler_config":{"scale_down_disabled":false,"scale_down_delay_after_add":"10m","estimator":"binpacking","expander":"random","ignore_daemonsets_utilization":false,"balance_similar_node_groups":false,"expendable_pods_priority_cutoff":-10,"scale_down_unneeded_time":"10m"},"dashboard_enabled":false,"ingress":"none","auto_upgrade":{"enabled":false,"maintenance_window":{"start_hour":0,"day":"any"}},"upgrade_available":true,"feature_gates":[],"admission_plugins":[],"open_id_connect_config":{"issuer_url":"","client_id":"","username_claim":"","username_prefix":"","groups_claim":[],"groups_prefix":"","required_claim":[]}}'
    headers:
      Content-Length:
      - "1155"
      Content-Security-Policy:
      - default-src 'none'; frame-ancestors 'none'
      Content-Type:
      - application/json
      Date:
      - Tue, 27 Oct 2020 13:41:37 GMT
      Server:
      - Scaleway API-Gateway
      Strict-Transport-Security:
      - max-age=63072000
      X-Content-Type-Options:
      - nosniff
      X-Frame-Options:
      - DENY
      X-Request-Id:
      - 6279de24-e09e-4c32-923b-ad295506a8ab
    status: 200 OK
    code: 200
    duration: ""
- request:
    body: ""
    form: {}
    headers:
      User-Agent:
      - scaleway-sdk-go/v1.0.0-beta.7+dev (go1.15.3; linux; amd64) cli-e2e-test
    url: https://api.scaleway.com/k8s/v1/regions/fr-par/clusters/186d89cb-3ced-4d0b-b018-30d988cba67e
    method: GET
  response:
    body: '{"region":"fr-par","id":"186d89cb-3ced-4d0b-b018-30d988cba67e","organization_id":"a6c249e9-c32d-46e4-badb-b57528eafc4b","project_id":"a6c249e9-c32d-46e4-badb-b57528eafc4b","created_at":"2020-10-27T13:41:35.997466Z","updated_at":"2020-10-27T13:41:37.094656Z","name":"cli-test","description":"","status":"creating","version":"1.17.3","cni":"cilium","tags":[],"cluster_url":"https://186d89cb-3ced-4d0b-b018-30d988cba67e.api.k8s.fr-par.scw.cloud:6443","dns_wildcard":"*.186d89cb-3ced-4d0b-b018-30d988cba67e.nodes.k8s.fr-par.scw.cloud","autoscaler_config":{"scale_down_disabled":false,"scale_down_delay_after_add":"10m","estimator":"binpacking","expander":"random","ignore_daemonsets_utilization":false,"balance_similar_node_groups":false,"expendable_pods_priority_cutoff":-10,"scale_down_unneeded_time":"10m"},"dashboard_enabled":false,"ingress":"none","auto_upgrade":{"enabled":false,"maintenance_window":{"start_hour":0,"day":"any"}},"upgrade_available":true,"feature_gates":[],"admission_plugins":[],"open_id_connect_config":{"issuer_url":"","client_id":"","username_claim":"","username_prefix":"","groups_claim":[],"groups_prefix":"","required_claim":[]}}'
    headers:
      Content-Length:
      - "1155"
      Content-Security-Policy:
      - default-src 'none'; frame-ancestors 'none'
      Content-Type:
      - application/json
      Date:
      - Tue, 27 Oct 2020 13:41:42 GMT
      Server:
      - Scaleway API-Gateway
      Strict-Transport-Security:
      - max-age=63072000
      X-Content-Type-Options:
      - nosniff
      X-Frame-Options:
      - DENY
      X-Request-Id:
      - 557825b5-583a-4e59-bd9d-cbaaf916d8aa
    status: 200 OK
    code: 200
    duration: ""
- request:
    body: ""
    form: {}
    headers:
      User-Agent:
      - scaleway-sdk-go/v1.0.0-beta.7+dev (go1.15.3; linux; amd64) cli-e2e-test
    url: https://api.scaleway.com/k8s/v1/regions/fr-par/clusters/186d89cb-3ced-4d0b-b018-30d988cba67e
    method: GET
  response:
    body: '{"region":"fr-par","id":"186d89cb-3ced-4d0b-b018-30d988cba67e","organization_id":"a6c249e9-c32d-46e4-badb-b57528eafc4b","project_id":"a6c249e9-c32d-46e4-badb-b57528eafc4b","created_at":"2020-10-27T13:41:35.997466Z","updated_at":"2020-10-27T13:41:37.094656Z","name":"cli-test","description":"","status":"creating","version":"1.17.3","cni":"cilium","tags":[],"cluster_url":"https://186d89cb-3ced-4d0b-b018-30d988cba67e.api.k8s.fr-par.scw.cloud:6443","dns_wildcard":"*.186d89cb-3ced-4d0b-b018-30d988cba67e.nodes.k8s.fr-par.scw.cloud","autoscaler_config":{"scale_down_disabled":false,"scale_down_delay_after_add":"10m","estimator":"binpacking","expander":"random","ignore_daemonsets_utilization":false,"balance_similar_node_groups":false,"expendable_pods_priority_cutoff":-10,"scale_down_unneeded_time":"10m"},"dashboard_enabled":false,"ingress":"none","auto_upgrade":{"enabled":false,"maintenance_window":{"start_hour":0,"day":"any"}},"upgrade_available":true,"feature_gates":[],"admission_plugins":[],"open_id_connect_config":{"issuer_url":"","client_id":"","username_claim":"","username_prefix":"","groups_claim":[],"groups_prefix":"","required_claim":[]}}'
    headers:
      Content-Length:
      - "1155"
      Content-Security-Policy:
      - default-src 'none'; frame-ancestors 'none'
      Content-Type:
      - application/json
      Date:
      - Tue, 27 Oct 2020 13:41:47 GMT
      Server:
      - Scaleway API-Gateway
      Strict-Transport-Security:
      - max-age=63072000
      X-Content-Type-Options:
      - nosniff
      X-Frame-Options:
      - DENY
      X-Request-Id:
      - a9d44535-c06a-475d-a968-03a7cd53b849
    status: 200 OK
    code: 200
    duration: ""
- request:
    body: ""
    form: {}
    headers:
      User-Agent:
      - scaleway-sdk-go/v1.0.0-beta.7+dev (go1.15.3; linux; amd64) cli-e2e-test
    url: https://api.scaleway.com/k8s/v1/regions/fr-par/clusters/186d89cb-3ced-4d0b-b018-30d988cba67e
    method: GET
  response:
    body: '{"region":"fr-par","id":"186d89cb-3ced-4d0b-b018-30d988cba67e","organization_id":"a6c249e9-c32d-46e4-badb-b57528eafc4b","project_id":"a6c249e9-c32d-46e4-badb-b57528eafc4b","created_at":"2020-10-27T13:41:35.997466Z","updated_at":"2020-10-27T13:41:37.094656Z","name":"cli-test","description":"","status":"creating","version":"1.17.3","cni":"cilium","tags":[],"cluster_url":"https://186d89cb-3ced-4d0b-b018-30d988cba67e.api.k8s.fr-par.scw.cloud:6443","dns_wildcard":"*.186d89cb-3ced-4d0b-b018-30d988cba67e.nodes.k8s.fr-par.scw.cloud","autoscaler_config":{"scale_down_disabled":false,"scale_down_delay_after_add":"10m","estimator":"binpacking","expander":"random","ignore_daemonsets_utilization":false,"balance_similar_node_groups":false,"expendable_pods_priority_cutoff":-10,"scale_down_unneeded_time":"10m"},"dashboard_enabled":false,"ingress":"none","auto_upgrade":{"enabled":false,"maintenance_window":{"start_hour":0,"day":"any"}},"upgrade_available":true,"feature_gates":[],"admission_plugins":[],"open_id_connect_config":{"issuer_url":"","client_id":"","username_claim":"","username_prefix":"","groups_claim":[],"groups_prefix":"","required_claim":[]}}'
    headers:
      Content-Length:
      - "1155"
      Content-Security-Policy:
      - default-src 'none'; frame-ancestors 'none'
      Content-Type:
      - application/json
      Date:
      - Tue, 27 Oct 2020 13:41:52 GMT
      Server:
      - Scaleway API-Gateway
      Strict-Transport-Security:
      - max-age=63072000
      X-Content-Type-Options:
      - nosniff
      X-Frame-Options:
      - DENY
      X-Request-Id:
      - cb6b845f-64f5-49ad-8b2b-e570d818ee2c
    status: 200 OK
    code: 200
    duration: ""
- request:
    body: ""
    form: {}
    headers:
      User-Agent:
      - scaleway-sdk-go/v1.0.0-beta.7+dev (go1.15.3; linux; amd64) cli-e2e-test
    url: https://api.scaleway.com/k8s/v1/regions/fr-par/clusters/186d89cb-3ced-4d0b-b018-30d988cba67e
    method: GET
  response:
    body: '{"region":"fr-par","id":"186d89cb-3ced-4d0b-b018-30d988cba67e","organization_id":"a6c249e9-c32d-46e4-badb-b57528eafc4b","project_id":"a6c249e9-c32d-46e4-badb-b57528eafc4b","created_at":"2020-10-27T13:41:35.997466Z","updated_at":"2020-10-27T13:41:37.094656Z","name":"cli-test","description":"","status":"creating","version":"1.17.3","cni":"cilium","tags":[],"cluster_url":"https://186d89cb-3ced-4d0b-b018-30d988cba67e.api.k8s.fr-par.scw.cloud:6443","dns_wildcard":"*.186d89cb-3ced-4d0b-b018-30d988cba67e.nodes.k8s.fr-par.scw.cloud","autoscaler_config":{"scale_down_disabled":false,"scale_down_delay_after_add":"10m","estimator":"binpacking","expander":"random","ignore_daemonsets_utilization":false,"balance_similar_node_groups":false,"expendable_pods_priority_cutoff":-10,"scale_down_unneeded_time":"10m"},"dashboard_enabled":false,"ingress":"none","auto_upgrade":{"enabled":false,"maintenance_window":{"start_hour":0,"day":"any"}},"upgrade_available":true,"feature_gates":[],"admission_plugins":[],"open_id_connect_config":{"issuer_url":"","client_id":"","username_claim":"","username_prefix":"","groups_claim":[],"groups_prefix":"","required_claim":[]}}'
    headers:
      Content-Length:
      - "1155"
      Content-Security-Policy:
      - default-src 'none'; frame-ancestors 'none'
      Content-Type:
      - application/json
      Date:
      - Tue, 27 Oct 2020 13:41:58 GMT
      Server:
      - Scaleway API-Gateway
      Strict-Transport-Security:
      - max-age=63072000
      X-Content-Type-Options:
      - nosniff
      X-Frame-Options:
      - DENY
      X-Request-Id:
      - 191e7ea8-3ee2-48dd-abbe-00a6400405f3
    status: 200 OK
    code: 200
    duration: ""
- request:
    body: ""
    form: {}
    headers:
      User-Agent:
      - scaleway-sdk-go/v1.0.0-beta.7+dev (go1.15.3; linux; amd64) cli-e2e-test
    url: https://api.scaleway.com/k8s/v1/regions/fr-par/clusters/186d89cb-3ced-4d0b-b018-30d988cba67e
    method: GET
  response:
    body: '{"region":"fr-par","id":"186d89cb-3ced-4d0b-b018-30d988cba67e","organization_id":"a6c249e9-c32d-46e4-badb-b57528eafc4b","project_id":"a6c249e9-c32d-46e4-badb-b57528eafc4b","created_at":"2020-10-27T13:41:35.997466Z","updated_at":"2020-10-27T13:41:37.094656Z","name":"cli-test","description":"","status":"creating","version":"1.17.3","cni":"cilium","tags":[],"cluster_url":"https://186d89cb-3ced-4d0b-b018-30d988cba67e.api.k8s.fr-par.scw.cloud:6443","dns_wildcard":"*.186d89cb-3ced-4d0b-b018-30d988cba67e.nodes.k8s.fr-par.scw.cloud","autoscaler_config":{"scale_down_disabled":false,"scale_down_delay_after_add":"10m","estimator":"binpacking","expander":"random","ignore_daemonsets_utilization":false,"balance_similar_node_groups":false,"expendable_pods_priority_cutoff":-10,"scale_down_unneeded_time":"10m"},"dashboard_enabled":false,"ingress":"none","auto_upgrade":{"enabled":false,"maintenance_window":{"start_hour":0,"day":"any"}},"upgrade_available":true,"feature_gates":[],"admission_plugins":[],"open_id_connect_config":{"issuer_url":"","client_id":"","username_claim":"","username_prefix":"","groups_claim":[],"groups_prefix":"","required_claim":[]}}'
    headers:
      Content-Length:
      - "1155"
      Content-Security-Policy:
      - default-src 'none'; frame-ancestors 'none'
      Content-Type:
      - application/json
      Date:
      - Tue, 27 Oct 2020 13:42:03 GMT
      Server:
      - Scaleway API-Gateway
      Strict-Transport-Security:
      - max-age=63072000
      X-Content-Type-Options:
      - nosniff
      X-Frame-Options:
      - DENY
      X-Request-Id:
      - 52fff376-1497-4602-971f-05009ade71d8
    status: 200 OK
    code: 200
    duration: ""
- request:
    body: ""
    form: {}
    headers:
      User-Agent:
      - scaleway-sdk-go/v1.0.0-beta.7+dev (go1.15.3; linux; amd64) cli-e2e-test
    url: https://api.scaleway.com/k8s/v1/regions/fr-par/clusters/186d89cb-3ced-4d0b-b018-30d988cba67e
    method: GET
  response:
    body: '{"region":"fr-par","id":"186d89cb-3ced-4d0b-b018-30d988cba67e","organization_id":"a6c249e9-c32d-46e4-badb-b57528eafc4b","project_id":"a6c249e9-c32d-46e4-badb-b57528eafc4b","created_at":"2020-10-27T13:41:35.997466Z","updated_at":"2020-10-27T13:41:37.094656Z","name":"cli-test","description":"","status":"creating","version":"1.17.3","cni":"cilium","tags":[],"cluster_url":"https://186d89cb-3ced-4d0b-b018-30d988cba67e.api.k8s.fr-par.scw.cloud:6443","dns_wildcard":"*.186d89cb-3ced-4d0b-b018-30d988cba67e.nodes.k8s.fr-par.scw.cloud","autoscaler_config":{"scale_down_disabled":false,"scale_down_delay_after_add":"10m","estimator":"binpacking","expander":"random","ignore_daemonsets_utilization":false,"balance_similar_node_groups":false,"expendable_pods_priority_cutoff":-10,"scale_down_unneeded_time":"10m"},"dashboard_enabled":false,"ingress":"none","auto_upgrade":{"enabled":false,"maintenance_window":{"start_hour":0,"day":"any"}},"upgrade_available":true,"feature_gates":[],"admission_plugins":[],"open_id_connect_config":{"issuer_url":"","client_id":"","username_claim":"","username_prefix":"","groups_claim":[],"groups_prefix":"","required_claim":[]}}'
    headers:
      Content-Length:
      - "1155"
      Content-Security-Policy:
      - default-src 'none'; frame-ancestors 'none'
      Content-Type:
      - application/json
      Date:
      - Tue, 27 Oct 2020 13:42:08 GMT
      Server:
      - Scaleway API-Gateway
      Strict-Transport-Security:
      - max-age=63072000
      X-Content-Type-Options:
      - nosniff
      X-Frame-Options:
      - DENY
      X-Request-Id:
      - 1e2e4de6-5cf0-4330-8eb8-b2b157bbbde9
    status: 200 OK
    code: 200
    duration: ""
- request:
    body: ""
    form: {}
    headers:
      User-Agent:
      - scaleway-sdk-go/v1.0.0-beta.7+dev (go1.15.3; linux; amd64) cli-e2e-test
    url: https://api.scaleway.com/k8s/v1/regions/fr-par/clusters/186d89cb-3ced-4d0b-b018-30d988cba67e
    method: GET
  response:
    body: '{"region":"fr-par","id":"186d89cb-3ced-4d0b-b018-30d988cba67e","organization_id":"a6c249e9-c32d-46e4-badb-b57528eafc4b","project_id":"a6c249e9-c32d-46e4-badb-b57528eafc4b","created_at":"2020-10-27T13:41:35.997466Z","updated_at":"2020-10-27T13:41:37.094656Z","name":"cli-test","description":"","status":"creating","version":"1.17.3","cni":"cilium","tags":[],"cluster_url":"https://186d89cb-3ced-4d0b-b018-30d988cba67e.api.k8s.fr-par.scw.cloud:6443","dns_wildcard":"*.186d89cb-3ced-4d0b-b018-30d988cba67e.nodes.k8s.fr-par.scw.cloud","autoscaler_config":{"scale_down_disabled":false,"scale_down_delay_after_add":"10m","estimator":"binpacking","expander":"random","ignore_daemonsets_utilization":false,"balance_similar_node_groups":false,"expendable_pods_priority_cutoff":-10,"scale_down_unneeded_time":"10m"},"dashboard_enabled":false,"ingress":"none","auto_upgrade":{"enabled":false,"maintenance_window":{"start_hour":0,"day":"any"}},"upgrade_available":true,"feature_gates":[],"admission_plugins":[],"open_id_connect_config":{"issuer_url":"","client_id":"","username_claim":"","username_prefix":"","groups_claim":[],"groups_prefix":"","required_claim":[]}}'
    headers:
      Content-Length:
      - "1155"
      Content-Security-Policy:
      - default-src 'none'; frame-ancestors 'none'
      Content-Type:
      - application/json
      Date:
      - Tue, 27 Oct 2020 13:42:13 GMT
      Server:
      - Scaleway API-Gateway
      Strict-Transport-Security:
      - max-age=63072000
      X-Content-Type-Options:
      - nosniff
      X-Frame-Options:
      - DENY
      X-Request-Id:
      - 212fc01b-f6a0-40e1-9baa-79c17ca6bc3e
    status: 200 OK
    code: 200
    duration: ""
- request:
    body: ""
    form: {}
    headers:
      User-Agent:
      - scaleway-sdk-go/v1.0.0-beta.7+dev (go1.15.3; linux; amd64) cli-e2e-test
    url: https://api.scaleway.com/k8s/v1/regions/fr-par/clusters/186d89cb-3ced-4d0b-b018-30d988cba67e
    method: GET
  response:
    body: '{"region":"fr-par","id":"186d89cb-3ced-4d0b-b018-30d988cba67e","organization_id":"a6c249e9-c32d-46e4-badb-b57528eafc4b","project_id":"a6c249e9-c32d-46e4-badb-b57528eafc4b","created_at":"2020-10-27T13:41:35.997466Z","updated_at":"2020-10-27T13:41:37.094656Z","name":"cli-test","description":"","status":"creating","version":"1.17.3","cni":"cilium","tags":[],"cluster_url":"https://186d89cb-3ced-4d0b-b018-30d988cba67e.api.k8s.fr-par.scw.cloud:6443","dns_wildcard":"*.186d89cb-3ced-4d0b-b018-30d988cba67e.nodes.k8s.fr-par.scw.cloud","autoscaler_config":{"scale_down_disabled":false,"scale_down_delay_after_add":"10m","estimator":"binpacking","expander":"random","ignore_daemonsets_utilization":false,"balance_similar_node_groups":false,"expendable_pods_priority_cutoff":-10,"scale_down_unneeded_time":"10m"},"dashboard_enabled":false,"ingress":"none","auto_upgrade":{"enabled":false,"maintenance_window":{"start_hour":0,"day":"any"}},"upgrade_available":true,"feature_gates":[],"admission_plugins":[],"open_id_connect_config":{"issuer_url":"","client_id":"","username_claim":"","username_prefix":"","groups_claim":[],"groups_prefix":"","required_claim":[]}}'
    headers:
      Content-Length:
      - "1155"
      Content-Security-Policy:
      - default-src 'none'; frame-ancestors 'none'
      Content-Type:
      - application/json
      Date:
      - Tue, 27 Oct 2020 13:42:18 GMT
      Server:
      - Scaleway API-Gateway
      Strict-Transport-Security:
      - max-age=63072000
      X-Content-Type-Options:
      - nosniff
      X-Frame-Options:
      - DENY
      X-Request-Id:
      - ce3cebb9-0d31-4778-a37c-2fbc8c3c3d51
    status: 200 OK
    code: 200
    duration: ""
- request:
    body: ""
    form: {}
    headers:
      User-Agent:
      - scaleway-sdk-go/v1.0.0-beta.7+dev (go1.15.3; linux; amd64) cli-e2e-test
    url: https://api.scaleway.com/k8s/v1/regions/fr-par/clusters/186d89cb-3ced-4d0b-b018-30d988cba67e
    method: GET
  response:
    body: '{"region":"fr-par","id":"186d89cb-3ced-4d0b-b018-30d988cba67e","organization_id":"a6c249e9-c32d-46e4-badb-b57528eafc4b","project_id":"a6c249e9-c32d-46e4-badb-b57528eafc4b","created_at":"2020-10-27T13:41:35.997466Z","updated_at":"2020-10-27T13:42:20.376530Z","name":"cli-test","description":"","status":"ready","version":"1.17.3","cni":"cilium","tags":[],"cluster_url":"https://186d89cb-3ced-4d0b-b018-30d988cba67e.api.k8s.fr-par.scw.cloud:6443","dns_wildcard":"*.186d89cb-3ced-4d0b-b018-30d988cba67e.nodes.k8s.fr-par.scw.cloud","autoscaler_config":{"scale_down_disabled":false,"scale_down_delay_after_add":"10m","estimator":"binpacking","expander":"random","ignore_daemonsets_utilization":false,"balance_similar_node_groups":false,"expendable_pods_priority_cutoff":-10,"scale_down_unneeded_time":"10m"},"dashboard_enabled":false,"ingress":"none","auto_upgrade":{"enabled":false,"maintenance_window":{"start_hour":0,"day":"any"}},"upgrade_available":true,"feature_gates":[],"admission_plugins":[],"open_id_connect_config":{"issuer_url":"","client_id":"","username_claim":"","username_prefix":"","groups_claim":[],"groups_prefix":"","required_claim":[]}}'
    headers:
      Content-Length:
      - "1152"
      Content-Security-Policy:
      - default-src 'none'; frame-ancestors 'none'
      Content-Type:
      - application/json
      Date:
      - Tue, 27 Oct 2020 13:42:23 GMT
      Server:
      - Scaleway API-Gateway
      Strict-Transport-Security:
      - max-age=63072000
      X-Content-Type-Options:
      - nosniff
      X-Frame-Options:
      - DENY
      X-Request-Id:
      - ff3efe31-0cca-4fc2-a91c-fdd3e17fe1e5
    status: 200 OK
    code: 200
    duration: ""
- request:
    body: ""
    form: {}
    headers:
      User-Agent:
      - scaleway-sdk-go/v1.0.0-beta.7+dev (go1.15.3; linux; amd64) cli-e2e-test
    url: https://api.scaleway.com/k8s/v1/regions/fr-par/clusters/186d89cb-3ced-4d0b-b018-30d988cba67e/pools?order_by=created_at_asc&page=1&status=unknown
    method: GET
  response:
    body: '{"total_count":1,"pools":[{"region":"fr-par","id":"6464023e-1669-4979-877a-7fcfdc58db2b","cluster_id":"186d89cb-3ced-4d0b-b018-30d988cba67e","created_at":"2020-10-27T13:41:36.010125Z","updated_at":"2020-10-27T13:41:36.027288Z","name":"default","status":"scaling","version":"1.17.3","node_type":"gp1_xs","autoscaling":false,"size":1,"min_size":0,"max_size":1,"container_runtime":"docker","autohealing":false,"tags":[],"placement_group_id":null}]}'
    headers:
      Content-Length:
      - "445"
      Content-Security-Policy:
      - default-src 'none'; frame-ancestors 'none'
      Content-Type:
      - application/json
      Date:
      - Tue, 27 Oct 2020 13:42:24 GMT
      Server:
      - Scaleway API-Gateway
      Strict-Transport-Security:
      - max-age=63072000
      X-Content-Type-Options:
      - nosniff
      X-Frame-Options:
      - DENY
      X-Request-Id:
      - 0548a95c-b857-48d1-b0bd-a3efb79b1aae
    status: 200 OK
    code: 200
    duration: ""
- request:
    body: ""
    form: {}
    headers:
      User-Agent:
      - scaleway-sdk-go/v1.0.0-beta.7+dev (go1.15.3; linux; amd64) cli-e2e-test
    url: https://api.scaleway.com/k8s/v1/regions/fr-par/pools/6464023e-1669-4979-877a-7fcfdc58db2b
    method: GET
  response:
    body: '{"region":"fr-par","id":"6464023e-1669-4979-877a-7fcfdc58db2b","cluster_id":"186d89cb-3ced-4d0b-b018-30d988cba67e","created_at":"2020-10-27T13:41:36.010125Z","updated_at":"2020-10-27T13:41:36.027288Z","name":"default","status":"scaling","version":"1.17.3","node_type":"gp1_xs","autoscaling":false,"size":1,"min_size":0,"max_size":1,"container_runtime":"docker","autohealing":false,"tags":[],"placement_group_id":null}'
    headers:
      Content-Length:
      - "417"
      Content-Security-Policy:
      - default-src 'none'; frame-ancestors 'none'
      Content-Type:
      - application/json
      Date:
      - Tue, 27 Oct 2020 13:42:24 GMT
      Server:
      - Scaleway API-Gateway
      Strict-Transport-Security:
      - max-age=63072000
      X-Content-Type-Options:
      - nosniff
      X-Frame-Options:
      - DENY
      X-Request-Id:
      - f9e42ac7-6eaa-4c11-8527-abb3f8d4c980
    status: 200 OK
    code: 200
    duration: ""
- request:
    body: ""
    form: {}
    headers:
      User-Agent:
      - scaleway-sdk-go/v1.0.0-beta.7+dev (go1.15.3; linux; amd64) cli-e2e-test
    url: https://api.scaleway.com/k8s/v1/regions/fr-par/pools/6464023e-1669-4979-877a-7fcfdc58db2b
    method: GET
  response:
    body: '{"region":"fr-par","id":"6464023e-1669-4979-877a-7fcfdc58db2b","cluster_id":"186d89cb-3ced-4d0b-b018-30d988cba67e","created_at":"2020-10-27T13:41:36.010125Z","updated_at":"2020-10-27T13:41:36.027288Z","name":"default","status":"scaling","version":"1.17.3","node_type":"gp1_xs","autoscaling":false,"size":1,"min_size":0,"max_size":1,"container_runtime":"docker","autohealing":false,"tags":[],"placement_group_id":null}'
    headers:
      Content-Length:
      - "417"
      Content-Security-Policy:
      - default-src 'none'; frame-ancestors 'none'
      Content-Type:
      - application/json
      Date:
      - Tue, 27 Oct 2020 13:42:29 GMT
      Server:
      - Scaleway API-Gateway
      Strict-Transport-Security:
      - max-age=63072000
      X-Content-Type-Options:
      - nosniff
      X-Frame-Options:
      - DENY
      X-Request-Id:
      - 9ea798e7-c653-40ab-84de-457062353eb1
    status: 200 OK
    code: 200
    duration: ""
- request:
    body: ""
    form: {}
    headers:
      User-Agent:
      - scaleway-sdk-go/v1.0.0-beta.7+dev (go1.15.3; linux; amd64) cli-e2e-test
    url: https://api.scaleway.com/k8s/v1/regions/fr-par/pools/6464023e-1669-4979-877a-7fcfdc58db2b
    method: GET
  response:
    body: '{"region":"fr-par","id":"6464023e-1669-4979-877a-7fcfdc58db2b","cluster_id":"186d89cb-3ced-4d0b-b018-30d988cba67e","created_at":"2020-10-27T13:41:36.010125Z","updated_at":"2020-10-27T13:41:36.027288Z","name":"default","status":"scaling","version":"1.17.3","node_type":"gp1_xs","autoscaling":false,"size":1,"min_size":0,"max_size":1,"container_runtime":"docker","autohealing":false,"tags":[],"placement_group_id":null}'
    headers:
      Content-Length:
      - "417"
      Content-Security-Policy:
      - default-src 'none'; frame-ancestors 'none'
      Content-Type:
      - application/json
      Date:
      - Tue, 27 Oct 2020 13:42:34 GMT
      Server:
      - Scaleway API-Gateway
      Strict-Transport-Security:
      - max-age=63072000
      X-Content-Type-Options:
      - nosniff
      X-Frame-Options:
      - DENY
      X-Request-Id:
      - 884bf354-630b-474b-9193-9a15ecd51cec
    status: 200 OK
    code: 200
    duration: ""
- request:
    body: ""
    form: {}
    headers:
      User-Agent:
      - scaleway-sdk-go/v1.0.0-beta.7+dev (go1.15.3; linux; amd64) cli-e2e-test
    url: https://api.scaleway.com/k8s/v1/regions/fr-par/pools/6464023e-1669-4979-877a-7fcfdc58db2b
    method: GET
  response:
    body: '{"region":"fr-par","id":"6464023e-1669-4979-877a-7fcfdc58db2b","cluster_id":"186d89cb-3ced-4d0b-b018-30d988cba67e","created_at":"2020-10-27T13:41:36.010125Z","updated_at":"2020-10-27T13:41:36.027288Z","name":"default","status":"scaling","version":"1.17.3","node_type":"gp1_xs","autoscaling":false,"size":1,"min_size":0,"max_size":1,"container_runtime":"docker","autohealing":false,"tags":[],"placement_group_id":null}'
    headers:
      Content-Length:
      - "417"
      Content-Security-Policy:
      - default-src 'none'; frame-ancestors 'none'
      Content-Type:
      - application/json
      Date:
      - Tue, 27 Oct 2020 13:42:40 GMT
      Server:
      - Scaleway API-Gateway
      Strict-Transport-Security:
      - max-age=63072000
      X-Content-Type-Options:
      - nosniff
      X-Frame-Options:
      - DENY
      X-Request-Id:
      - 5cda28a9-0669-4f83-a6cc-ce7b8c9380ec
    status: 200 OK
    code: 200
    duration: ""
- request:
    body: ""
    form: {}
    headers:
      User-Agent:
      - scaleway-sdk-go/v1.0.0-beta.7+dev (go1.15.3; linux; amd64) cli-e2e-test
    url: https://api.scaleway.com/k8s/v1/regions/fr-par/pools/6464023e-1669-4979-877a-7fcfdc58db2b
    method: GET
  response:
    body: '{"region":"fr-par","id":"6464023e-1669-4979-877a-7fcfdc58db2b","cluster_id":"186d89cb-3ced-4d0b-b018-30d988cba67e","created_at":"2020-10-27T13:41:36.010125Z","updated_at":"2020-10-27T13:41:36.027288Z","name":"default","status":"scaling","version":"1.17.3","node_type":"gp1_xs","autoscaling":false,"size":1,"min_size":0,"max_size":1,"container_runtime":"docker","autohealing":false,"tags":[],"placement_group_id":null}'
    headers:
      Content-Length:
      - "417"
      Content-Security-Policy:
      - default-src 'none'; frame-ancestors 'none'
      Content-Type:
      - application/json
      Date:
      - Tue, 27 Oct 2020 13:42:45 GMT
      Server:
      - Scaleway API-Gateway
      Strict-Transport-Security:
      - max-age=63072000
      X-Content-Type-Options:
      - nosniff
      X-Frame-Options:
      - DENY
      X-Request-Id:
      - 09344d9b-d2e8-472d-af9e-4bac97ff6361
    status: 200 OK
    code: 200
    duration: ""
- request:
    body: ""
    form: {}
    headers:
      User-Agent:
      - scaleway-sdk-go/v1.0.0-beta.7+dev (go1.15.3; linux; amd64) cli-e2e-test
    url: https://api.scaleway.com/k8s/v1/regions/fr-par/pools/6464023e-1669-4979-877a-7fcfdc58db2b
    method: GET
  response:
    body: '{"region":"fr-par","id":"6464023e-1669-4979-877a-7fcfdc58db2b","cluster_id":"186d89cb-3ced-4d0b-b018-30d988cba67e","created_at":"2020-10-27T13:41:36.010125Z","updated_at":"2020-10-27T13:41:36.027288Z","name":"default","status":"scaling","version":"1.17.3","node_type":"gp1_xs","autoscaling":false,"size":1,"min_size":0,"max_size":1,"container_runtime":"docker","autohealing":false,"tags":[],"placement_group_id":null}'
    headers:
      Content-Length:
      - "417"
      Content-Security-Policy:
      - default-src 'none'; frame-ancestors 'none'
      Content-Type:
      - application/json
      Date:
      - Tue, 27 Oct 2020 13:42:50 GMT
      Server:
      - Scaleway API-Gateway
      Strict-Transport-Security:
      - max-age=63072000
      X-Content-Type-Options:
      - nosniff
      X-Frame-Options:
      - DENY
      X-Request-Id:
      - 4f46599b-f0fa-481b-bcd0-29935d0089b7
    status: 200 OK
    code: 200
    duration: ""
- request:
    body: ""
    form: {}
    headers:
      User-Agent:
      - scaleway-sdk-go/v1.0.0-beta.7+dev (go1.15.3; linux; amd64) cli-e2e-test
    url: https://api.scaleway.com/k8s/v1/regions/fr-par/pools/6464023e-1669-4979-877a-7fcfdc58db2b
    method: GET
  response:
    body: '{"region":"fr-par","id":"6464023e-1669-4979-877a-7fcfdc58db2b","cluster_id":"186d89cb-3ced-4d0b-b018-30d988cba67e","created_at":"2020-10-27T13:41:36.010125Z","updated_at":"2020-10-27T13:41:36.027288Z","name":"default","status":"scaling","version":"1.17.3","node_type":"gp1_xs","autoscaling":false,"size":1,"min_size":0,"max_size":1,"container_runtime":"docker","autohealing":false,"tags":[],"placement_group_id":null}'
    headers:
      Content-Length:
      - "417"
      Content-Security-Policy:
      - default-src 'none'; frame-ancestors 'none'
      Content-Type:
      - application/json
      Date:
      - Tue, 27 Oct 2020 13:42:55 GMT
      Server:
      - Scaleway API-Gateway
      Strict-Transport-Security:
      - max-age=63072000
      X-Content-Type-Options:
      - nosniff
      X-Frame-Options:
      - DENY
      X-Request-Id:
      - 820fc895-519c-4c3e-9068-181df161ed36
    status: 200 OK
    code: 200
    duration: ""
- request:
    body: ""
    form: {}
    headers:
      User-Agent:
      - scaleway-sdk-go/v1.0.0-beta.7+dev (go1.15.3; linux; amd64) cli-e2e-test
    url: https://api.scaleway.com/k8s/v1/regions/fr-par/pools/6464023e-1669-4979-877a-7fcfdc58db2b
    method: GET
  response:
    body: '{"region":"fr-par","id":"6464023e-1669-4979-877a-7fcfdc58db2b","cluster_id":"186d89cb-3ced-4d0b-b018-30d988cba67e","created_at":"2020-10-27T13:41:36.010125Z","updated_at":"2020-10-27T13:41:36.027288Z","name":"default","status":"scaling","version":"1.17.3","node_type":"gp1_xs","autoscaling":false,"size":1,"min_size":0,"max_size":1,"container_runtime":"docker","autohealing":false,"tags":[],"placement_group_id":null}'
    headers:
      Content-Length:
      - "417"
      Content-Security-Policy:
      - default-src 'none'; frame-ancestors 'none'
      Content-Type:
      - application/json
      Date:
      - Tue, 27 Oct 2020 13:43:00 GMT
      Server:
      - Scaleway API-Gateway
      Strict-Transport-Security:
      - max-age=63072000
      X-Content-Type-Options:
      - nosniff
      X-Frame-Options:
      - DENY
      X-Request-Id:
      - 2cd4f4ca-c2d1-43b3-9201-b8e1f30d7a71
    status: 200 OK
    code: 200
    duration: ""
- request:
    body: ""
    form: {}
    headers:
      User-Agent:
      - scaleway-sdk-go/v1.0.0-beta.7+dev (go1.15.3; linux; amd64) cli-e2e-test
    url: https://api.scaleway.com/k8s/v1/regions/fr-par/pools/6464023e-1669-4979-877a-7fcfdc58db2b
    method: GET
  response:
    body: '{"region":"fr-par","id":"6464023e-1669-4979-877a-7fcfdc58db2b","cluster_id":"186d89cb-3ced-4d0b-b018-30d988cba67e","created_at":"2020-10-27T13:41:36.010125Z","updated_at":"2020-10-27T13:41:36.027288Z","name":"default","status":"scaling","version":"1.17.3","node_type":"gp1_xs","autoscaling":false,"size":1,"min_size":0,"max_size":1,"container_runtime":"docker","autohealing":false,"tags":[],"placement_group_id":null}'
    headers:
      Content-Length:
      - "417"
      Content-Security-Policy:
      - default-src 'none'; frame-ancestors 'none'
      Content-Type:
      - application/json
      Date:
      - Tue, 27 Oct 2020 13:43:06 GMT
      Server:
      - Scaleway API-Gateway
      Strict-Transport-Security:
      - max-age=63072000
      X-Content-Type-Options:
      - nosniff
      X-Frame-Options:
      - DENY
      X-Request-Id:
      - 1c00836f-836c-43cb-a628-3a4eca37c423
    status: 200 OK
    code: 200
    duration: ""
- request:
    body: ""
    form: {}
    headers:
      User-Agent:
      - scaleway-sdk-go/v1.0.0-beta.7+dev (go1.15.3; linux; amd64) cli-e2e-test
    url: https://api.scaleway.com/k8s/v1/regions/fr-par/pools/6464023e-1669-4979-877a-7fcfdc58db2b
    method: GET
  response:
    body: '{"region":"fr-par","id":"6464023e-1669-4979-877a-7fcfdc58db2b","cluster_id":"186d89cb-3ced-4d0b-b018-30d988cba67e","created_at":"2020-10-27T13:41:36.010125Z","updated_at":"2020-10-27T13:41:36.027288Z","name":"default","status":"scaling","version":"1.17.3","node_type":"gp1_xs","autoscaling":false,"size":1,"min_size":0,"max_size":1,"container_runtime":"docker","autohealing":false,"tags":[],"placement_group_id":null}'
    headers:
      Content-Length:
      - "417"
      Content-Security-Policy:
      - default-src 'none'; frame-ancestors 'none'
      Content-Type:
      - application/json
      Date:
      - Tue, 27 Oct 2020 13:43:11 GMT
      Server:
      - Scaleway API-Gateway
      Strict-Transport-Security:
      - max-age=63072000
      X-Content-Type-Options:
      - nosniff
      X-Frame-Options:
      - DENY
      X-Request-Id:
      - 26c77c4d-e47c-452b-acdf-301ed7f8ef9b
    status: 200 OK
    code: 200
    duration: ""
- request:
    body: ""
    form: {}
    headers:
      User-Agent:
      - scaleway-sdk-go/v1.0.0-beta.7+dev (go1.15.3; linux; amd64) cli-e2e-test
    url: https://api.scaleway.com/k8s/v1/regions/fr-par/pools/6464023e-1669-4979-877a-7fcfdc58db2b
    method: GET
  response:
    body: '{"region":"fr-par","id":"6464023e-1669-4979-877a-7fcfdc58db2b","cluster_id":"186d89cb-3ced-4d0b-b018-30d988cba67e","created_at":"2020-10-27T13:41:36.010125Z","updated_at":"2020-10-27T13:41:36.027288Z","name":"default","status":"scaling","version":"1.17.3","node_type":"gp1_xs","autoscaling":false,"size":1,"min_size":0,"max_size":1,"container_runtime":"docker","autohealing":false,"tags":[],"placement_group_id":null}'
    headers:
      Content-Length:
      - "417"
      Content-Security-Policy:
      - default-src 'none'; frame-ancestors 'none'
      Content-Type:
      - application/json
      Date:
      - Tue, 27 Oct 2020 13:43:16 GMT
      Server:
      - Scaleway API-Gateway
      Strict-Transport-Security:
      - max-age=63072000
      X-Content-Type-Options:
      - nosniff
      X-Frame-Options:
      - DENY
      X-Request-Id:
      - acab5e3c-fae7-4e54-989e-2e80293480bf
    status: 200 OK
    code: 200
    duration: ""
- request:
    body: ""
    form: {}
    headers:
      User-Agent:
      - scaleway-sdk-go/v1.0.0-beta.7+dev (go1.15.3; linux; amd64) cli-e2e-test
    url: https://api.scaleway.com/k8s/v1/regions/fr-par/pools/6464023e-1669-4979-877a-7fcfdc58db2b
    method: GET
  response:
    body: '{"region":"fr-par","id":"6464023e-1669-4979-877a-7fcfdc58db2b","cluster_id":"186d89cb-3ced-4d0b-b018-30d988cba67e","created_at":"2020-10-27T13:41:36.010125Z","updated_at":"2020-10-27T13:41:36.027288Z","name":"default","status":"scaling","version":"1.17.3","node_type":"gp1_xs","autoscaling":false,"size":1,"min_size":0,"max_size":1,"container_runtime":"docker","autohealing":false,"tags":[],"placement_group_id":null}'
    headers:
      Content-Length:
      - "417"
      Content-Security-Policy:
      - default-src 'none'; frame-ancestors 'none'
      Content-Type:
      - application/json
      Date:
      - Tue, 27 Oct 2020 13:43:21 GMT
      Server:
      - Scaleway API-Gateway
      Strict-Transport-Security:
      - max-age=63072000
      X-Content-Type-Options:
      - nosniff
      X-Frame-Options:
      - DENY
      X-Request-Id:
      - 3f973ff4-7537-4aa8-a210-b4a9ab0fbb0a
    status: 200 OK
    code: 200
    duration: ""
- request:
    body: ""
    form: {}
    headers:
      User-Agent:
      - scaleway-sdk-go/v1.0.0-beta.7+dev (go1.15.3; linux; amd64) cli-e2e-test
    url: https://api.scaleway.com/k8s/v1/regions/fr-par/pools/6464023e-1669-4979-877a-7fcfdc58db2b
    method: GET
  response:
    body: '{"region":"fr-par","id":"6464023e-1669-4979-877a-7fcfdc58db2b","cluster_id":"186d89cb-3ced-4d0b-b018-30d988cba67e","created_at":"2020-10-27T13:41:36.010125Z","updated_at":"2020-10-27T13:41:36.027288Z","name":"default","status":"scaling","version":"1.17.3","node_type":"gp1_xs","autoscaling":false,"size":1,"min_size":0,"max_size":1,"container_runtime":"docker","autohealing":false,"tags":[],"placement_group_id":null}'
    headers:
      Content-Length:
      - "417"
      Content-Security-Policy:
      - default-src 'none'; frame-ancestors 'none'
      Content-Type:
      - application/json
      Date:
      - Tue, 27 Oct 2020 13:43:26 GMT
      Server:
      - Scaleway API-Gateway
      Strict-Transport-Security:
      - max-age=63072000
      X-Content-Type-Options:
      - nosniff
      X-Frame-Options:
      - DENY
      X-Request-Id:
      - 11f32c79-4256-4845-beba-c6946474e007
    status: 200 OK
    code: 200
    duration: ""
- request:
    body: ""
    form: {}
    headers:
      User-Agent:
      - scaleway-sdk-go/v1.0.0-beta.7+dev (go1.15.3; linux; amd64) cli-e2e-test
    url: https://api.scaleway.com/k8s/v1/regions/fr-par/pools/6464023e-1669-4979-877a-7fcfdc58db2b
    method: GET
  response:
    body: '{"region":"fr-par","id":"6464023e-1669-4979-877a-7fcfdc58db2b","cluster_id":"186d89cb-3ced-4d0b-b018-30d988cba67e","created_at":"2020-10-27T13:41:36.010125Z","updated_at":"2020-10-27T13:41:36.027288Z","name":"default","status":"scaling","version":"1.17.3","node_type":"gp1_xs","autoscaling":false,"size":1,"min_size":0,"max_size":1,"container_runtime":"docker","autohealing":false,"tags":[],"placement_group_id":null}'
    headers:
      Content-Length:
      - "417"
      Content-Security-Policy:
      - default-src 'none'; frame-ancestors 'none'
      Content-Type:
      - application/json
      Date:
      - Tue, 27 Oct 2020 13:43:31 GMT
      Server:
      - Scaleway API-Gateway
      Strict-Transport-Security:
      - max-age=63072000
      X-Content-Type-Options:
      - nosniff
      X-Frame-Options:
      - DENY
      X-Request-Id:
      - 3e619bdd-086d-4304-b841-4c5250dbd176
    status: 200 OK
    code: 200
    duration: ""
- request:
    body: ""
    form: {}
    headers:
      User-Agent:
      - scaleway-sdk-go/v1.0.0-beta.7+dev (go1.15.3; linux; amd64) cli-e2e-test
    url: https://api.scaleway.com/k8s/v1/regions/fr-par/pools/6464023e-1669-4979-877a-7fcfdc58db2b
    method: GET
  response:
    body: '{"region":"fr-par","id":"6464023e-1669-4979-877a-7fcfdc58db2b","cluster_id":"186d89cb-3ced-4d0b-b018-30d988cba67e","created_at":"2020-10-27T13:41:36.010125Z","updated_at":"2020-10-27T13:41:36.027288Z","name":"default","status":"scaling","version":"1.17.3","node_type":"gp1_xs","autoscaling":false,"size":1,"min_size":0,"max_size":1,"container_runtime":"docker","autohealing":false,"tags":[],"placement_group_id":null}'
    headers:
      Content-Length:
      - "417"
      Content-Security-Policy:
      - default-src 'none'; frame-ancestors 'none'
      Content-Type:
      - application/json
      Date:
      - Tue, 27 Oct 2020 13:43:37 GMT
      Server:
      - Scaleway API-Gateway
      Strict-Transport-Security:
      - max-age=63072000
      X-Content-Type-Options:
      - nosniff
      X-Frame-Options:
      - DENY
      X-Request-Id:
      - 10a11e7e-8a55-4dd5-8136-b74f4595ba6a
    status: 200 OK
    code: 200
    duration: ""
- request:
    body: ""
    form: {}
    headers:
      User-Agent:
      - scaleway-sdk-go/v1.0.0-beta.7+dev (go1.15.3; linux; amd64) cli-e2e-test
    url: https://api.scaleway.com/k8s/v1/regions/fr-par/pools/6464023e-1669-4979-877a-7fcfdc58db2b
    method: GET
  response:
    body: '{"region":"fr-par","id":"6464023e-1669-4979-877a-7fcfdc58db2b","cluster_id":"186d89cb-3ced-4d0b-b018-30d988cba67e","created_at":"2020-10-27T13:41:36.010125Z","updated_at":"2020-10-27T13:41:36.027288Z","name":"default","status":"scaling","version":"1.17.3","node_type":"gp1_xs","autoscaling":false,"size":1,"min_size":0,"max_size":1,"container_runtime":"docker","autohealing":false,"tags":[],"placement_group_id":null}'
    headers:
      Content-Length:
      - "417"
      Content-Security-Policy:
      - default-src 'none'; frame-ancestors 'none'
      Content-Type:
      - application/json
      Date:
      - Tue, 27 Oct 2020 13:43:42 GMT
      Server:
      - Scaleway API-Gateway
      Strict-Transport-Security:
      - max-age=63072000
      X-Content-Type-Options:
      - nosniff
      X-Frame-Options:
      - DENY
      X-Request-Id:
      - 75ed9bb7-67ae-4e92-b9bb-687a924cba86
    status: 200 OK
    code: 200
    duration: ""
- request:
    body: ""
    form: {}
    headers:
      User-Agent:
      - scaleway-sdk-go/v1.0.0-beta.7+dev (go1.15.3; linux; amd64) cli-e2e-test
    url: https://api.scaleway.com/k8s/v1/regions/fr-par/pools/6464023e-1669-4979-877a-7fcfdc58db2b
    method: GET
  response:
    body: '{"region":"fr-par","id":"6464023e-1669-4979-877a-7fcfdc58db2b","cluster_id":"186d89cb-3ced-4d0b-b018-30d988cba67e","created_at":"2020-10-27T13:41:36.010125Z","updated_at":"2020-10-27T13:41:36.027288Z","name":"default","status":"scaling","version":"1.17.3","node_type":"gp1_xs","autoscaling":false,"size":1,"min_size":0,"max_size":1,"container_runtime":"docker","autohealing":false,"tags":[],"placement_group_id":null}'
    headers:
      Content-Length:
      - "417"
      Content-Security-Policy:
      - default-src 'none'; frame-ancestors 'none'
      Content-Type:
      - application/json
      Date:
      - Tue, 27 Oct 2020 13:43:47 GMT
      Server:
      - Scaleway API-Gateway
      Strict-Transport-Security:
      - max-age=63072000
      X-Content-Type-Options:
      - nosniff
      X-Frame-Options:
      - DENY
      X-Request-Id:
      - 307d047a-78cc-4834-9611-187a0ded6a01
    status: 200 OK
    code: 200
    duration: ""
- request:
    body: ""
    form: {}
    headers:
      User-Agent:
      - scaleway-sdk-go/v1.0.0-beta.7+dev (go1.15.3; linux; amd64) cli-e2e-test
    url: https://api.scaleway.com/k8s/v1/regions/fr-par/pools/6464023e-1669-4979-877a-7fcfdc58db2b
    method: GET
  response:
    body: '{"region":"fr-par","id":"6464023e-1669-4979-877a-7fcfdc58db2b","cluster_id":"186d89cb-3ced-4d0b-b018-30d988cba67e","created_at":"2020-10-27T13:41:36.010125Z","updated_at":"2020-10-27T13:41:36.027288Z","name":"default","status":"scaling","version":"1.17.3","node_type":"gp1_xs","autoscaling":false,"size":1,"min_size":0,"max_size":1,"container_runtime":"docker","autohealing":false,"tags":[],"placement_group_id":null}'
    headers:
      Content-Length:
      - "417"
      Content-Security-Policy:
      - default-src 'none'; frame-ancestors 'none'
      Content-Type:
      - application/json
      Date:
      - Tue, 27 Oct 2020 13:43:52 GMT
      Server:
      - Scaleway API-Gateway
      Strict-Transport-Security:
      - max-age=63072000
      X-Content-Type-Options:
      - nosniff
      X-Frame-Options:
      - DENY
      X-Request-Id:
      - 337437ef-492b-472a-858a-daa31dc4ed20
    status: 200 OK
    code: 200
    duration: ""
- request:
    body: ""
    form: {}
    headers:
      User-Agent:
      - scaleway-sdk-go/v1.0.0-beta.7+dev (go1.15.3; linux; amd64) cli-e2e-test
    url: https://api.scaleway.com/k8s/v1/regions/fr-par/pools/6464023e-1669-4979-877a-7fcfdc58db2b
    method: GET
  response:
    body: '{"region":"fr-par","id":"6464023e-1669-4979-877a-7fcfdc58db2b","cluster_id":"186d89cb-3ced-4d0b-b018-30d988cba67e","created_at":"2020-10-27T13:41:36.010125Z","updated_at":"2020-10-27T13:41:36.027288Z","name":"default","status":"scaling","version":"1.17.3","node_type":"gp1_xs","autoscaling":false,"size":1,"min_size":0,"max_size":1,"container_runtime":"docker","autohealing":false,"tags":[],"placement_group_id":null}'
    headers:
      Content-Length:
      - "417"
      Content-Security-Policy:
      - default-src 'none'; frame-ancestors 'none'
      Content-Type:
      - application/json
      Date:
      - Tue, 27 Oct 2020 13:43:58 GMT
      Server:
      - Scaleway API-Gateway
      Strict-Transport-Security:
      - max-age=63072000
      X-Content-Type-Options:
      - nosniff
      X-Frame-Options:
      - DENY
      X-Request-Id:
      - fc5bcb37-20ff-4710-aee7-a19768ab9820
    status: 200 OK
    code: 200
    duration: ""
- request:
    body: ""
    form: {}
    headers:
      User-Agent:
      - scaleway-sdk-go/v1.0.0-beta.7+dev (go1.15.3; linux; amd64) cli-e2e-test
    url: https://api.scaleway.com/k8s/v1/regions/fr-par/pools/6464023e-1669-4979-877a-7fcfdc58db2b
    method: GET
  response:
    body: '{"region":"fr-par","id":"6464023e-1669-4979-877a-7fcfdc58db2b","cluster_id":"186d89cb-3ced-4d0b-b018-30d988cba67e","created_at":"2020-10-27T13:41:36.010125Z","updated_at":"2020-10-27T13:41:36.027288Z","name":"default","status":"scaling","version":"1.17.3","node_type":"gp1_xs","autoscaling":false,"size":1,"min_size":0,"max_size":1,"container_runtime":"docker","autohealing":false,"tags":[],"placement_group_id":null}'
    headers:
      Content-Length:
      - "417"
      Content-Security-Policy:
      - default-src 'none'; frame-ancestors 'none'
      Content-Type:
      - application/json
      Date:
      - Tue, 27 Oct 2020 13:44:03 GMT
      Server:
      - Scaleway API-Gateway
      Strict-Transport-Security:
      - max-age=63072000
      X-Content-Type-Options:
      - nosniff
      X-Frame-Options:
      - DENY
      X-Request-Id:
      - 5c563215-19e9-44b3-9273-cfac05fd5c7d
    status: 200 OK
    code: 200
    duration: ""
- request:
    body: ""
    form: {}
    headers:
      User-Agent:
      - scaleway-sdk-go/v1.0.0-beta.7+dev (go1.15.3; linux; amd64) cli-e2e-test
    url: https://api.scaleway.com/k8s/v1/regions/fr-par/pools/6464023e-1669-4979-877a-7fcfdc58db2b
    method: GET
  response:
    body: '{"region":"fr-par","id":"6464023e-1669-4979-877a-7fcfdc58db2b","cluster_id":"186d89cb-3ced-4d0b-b018-30d988cba67e","created_at":"2020-10-27T13:41:36.010125Z","updated_at":"2020-10-27T13:41:36.027288Z","name":"default","status":"scaling","version":"1.17.3","node_type":"gp1_xs","autoscaling":false,"size":1,"min_size":0,"max_size":1,"container_runtime":"docker","autohealing":false,"tags":[],"placement_group_id":null}'
    headers:
      Content-Length:
      - "417"
      Content-Security-Policy:
      - default-src 'none'; frame-ancestors 'none'
      Content-Type:
      - application/json
      Date:
      - Tue, 27 Oct 2020 13:44:08 GMT
      Server:
      - Scaleway API-Gateway
      Strict-Transport-Security:
      - max-age=63072000
      X-Content-Type-Options:
      - nosniff
      X-Frame-Options:
      - DENY
      X-Request-Id:
      - 33d0ac0c-38f5-48f2-9c3d-0594c536995e
    status: 200 OK
    code: 200
    duration: ""
- request:
    body: ""
    form: {}
    headers:
      User-Agent:
      - scaleway-sdk-go/v1.0.0-beta.7+dev (go1.15.3; linux; amd64) cli-e2e-test
    url: https://api.scaleway.com/k8s/v1/regions/fr-par/pools/6464023e-1669-4979-877a-7fcfdc58db2b
    method: GET
  response:
    body: '{"region":"fr-par","id":"6464023e-1669-4979-877a-7fcfdc58db2b","cluster_id":"186d89cb-3ced-4d0b-b018-30d988cba67e","created_at":"2020-10-27T13:41:36.010125Z","updated_at":"2020-10-27T13:41:36.027288Z","name":"default","status":"scaling","version":"1.17.3","node_type":"gp1_xs","autoscaling":false,"size":1,"min_size":0,"max_size":1,"container_runtime":"docker","autohealing":false,"tags":[],"placement_group_id":null}'
    headers:
      Content-Length:
      - "417"
      Content-Security-Policy:
      - default-src 'none'; frame-ancestors 'none'
      Content-Type:
      - application/json
      Date:
      - Tue, 27 Oct 2020 13:44:13 GMT
      Server:
      - Scaleway API-Gateway
      Strict-Transport-Security:
      - max-age=63072000
      X-Content-Type-Options:
      - nosniff
      X-Frame-Options:
      - DENY
      X-Request-Id:
      - 723022ec-2c4b-4a25-92a2-6b6c929e1b31
    status: 200 OK
    code: 200
    duration: ""
- request:
    body: ""
    form: {}
    headers:
      User-Agent:
      - scaleway-sdk-go/v1.0.0-beta.7+dev (go1.15.3; linux; amd64) cli-e2e-test
    url: https://api.scaleway.com/k8s/v1/regions/fr-par/pools/6464023e-1669-4979-877a-7fcfdc58db2b
    method: GET
  response:
    body: '{"region":"fr-par","id":"6464023e-1669-4979-877a-7fcfdc58db2b","cluster_id":"186d89cb-3ced-4d0b-b018-30d988cba67e","created_at":"2020-10-27T13:41:36.010125Z","updated_at":"2020-10-27T13:41:36.027288Z","name":"default","status":"scaling","version":"1.17.3","node_type":"gp1_xs","autoscaling":false,"size":1,"min_size":0,"max_size":1,"container_runtime":"docker","autohealing":false,"tags":[],"placement_group_id":null}'
    headers:
      Content-Length:
      - "417"
      Content-Security-Policy:
      - default-src 'none'; frame-ancestors 'none'
      Content-Type:
      - application/json
      Date:
      - Tue, 27 Oct 2020 13:44:18 GMT
      Server:
      - Scaleway API-Gateway
      Strict-Transport-Security:
      - max-age=63072000
      X-Content-Type-Options:
      - nosniff
      X-Frame-Options:
      - DENY
      X-Request-Id:
      - f841f7fc-823e-47f4-9076-e059ced979c0
    status: 200 OK
    code: 200
    duration: ""
- request:
    body: ""
    form: {}
    headers:
      User-Agent:
      - scaleway-sdk-go/v1.0.0-beta.7+dev (go1.15.3; linux; amd64) cli-e2e-test
    url: https://api.scaleway.com/k8s/v1/regions/fr-par/pools/6464023e-1669-4979-877a-7fcfdc58db2b
    method: GET
  response:
    body: '{"region":"fr-par","id":"6464023e-1669-4979-877a-7fcfdc58db2b","cluster_id":"186d89cb-3ced-4d0b-b018-30d988cba67e","created_at":"2020-10-27T13:41:36.010125Z","updated_at":"2020-10-27T13:41:36.027288Z","name":"default","status":"scaling","version":"1.17.3","node_type":"gp1_xs","autoscaling":false,"size":1,"min_size":0,"max_size":1,"container_runtime":"docker","autohealing":false,"tags":[],"placement_group_id":null}'
    headers:
      Content-Length:
      - "417"
      Content-Security-Policy:
      - default-src 'none'; frame-ancestors 'none'
      Content-Type:
      - application/json
      Date:
      - Tue, 27 Oct 2020 13:44:23 GMT
      Server:
      - Scaleway API-Gateway
      Strict-Transport-Security:
      - max-age=63072000
      X-Content-Type-Options:
      - nosniff
      X-Frame-Options:
      - DENY
      X-Request-Id:
      - 7a30cf67-bb72-4a39-9008-e5c2c9035409
    status: 200 OK
    code: 200
    duration: ""
- request:
    body: ""
    form: {}
    headers:
      User-Agent:
      - scaleway-sdk-go/v1.0.0-beta.7+dev (go1.15.3; linux; amd64) cli-e2e-test
    url: https://api.scaleway.com/k8s/v1/regions/fr-par/pools/6464023e-1669-4979-877a-7fcfdc58db2b
    method: GET
  response:
    body: '{"region":"fr-par","id":"6464023e-1669-4979-877a-7fcfdc58db2b","cluster_id":"186d89cb-3ced-4d0b-b018-30d988cba67e","created_at":"2020-10-27T13:41:36.010125Z","updated_at":"2020-10-27T13:41:36.027288Z","name":"default","status":"scaling","version":"1.17.3","node_type":"gp1_xs","autoscaling":false,"size":1,"min_size":0,"max_size":1,"container_runtime":"docker","autohealing":false,"tags":[],"placement_group_id":null}'
    headers:
      Content-Length:
      - "417"
      Content-Security-Policy:
      - default-src 'none'; frame-ancestors 'none'
      Content-Type:
      - application/json
      Date:
      - Tue, 27 Oct 2020 13:44:29 GMT
      Server:
      - Scaleway API-Gateway
      Strict-Transport-Security:
      - max-age=63072000
      X-Content-Type-Options:
      - nosniff
      X-Frame-Options:
      - DENY
      X-Request-Id:
      - 14e4f6e1-460e-4702-aa76-93166a30ea81
    status: 200 OK
    code: 200
    duration: ""
- request:
    body: ""
    form: {}
    headers:
      User-Agent:
      - scaleway-sdk-go/v1.0.0-beta.7+dev (go1.15.3; linux; amd64) cli-e2e-test
    url: https://api.scaleway.com/k8s/v1/regions/fr-par/pools/6464023e-1669-4979-877a-7fcfdc58db2b
    method: GET
  response:
    body: '{"region":"fr-par","id":"6464023e-1669-4979-877a-7fcfdc58db2b","cluster_id":"186d89cb-3ced-4d0b-b018-30d988cba67e","created_at":"2020-10-27T13:41:36.010125Z","updated_at":"2020-10-27T13:41:36.027288Z","name":"default","status":"scaling","version":"1.17.3","node_type":"gp1_xs","autoscaling":false,"size":1,"min_size":0,"max_size":1,"container_runtime":"docker","autohealing":false,"tags":[],"placement_group_id":null}'
    headers:
      Content-Length:
      - "417"
      Content-Security-Policy:
      - default-src 'none'; frame-ancestors 'none'
      Content-Type:
      - application/json
      Date:
      - Tue, 27 Oct 2020 13:44:34 GMT
      Server:
      - Scaleway API-Gateway
      Strict-Transport-Security:
      - max-age=63072000
      X-Content-Type-Options:
      - nosniff
      X-Frame-Options:
      - DENY
      X-Request-Id:
      - 7e50b341-a548-43f5-9f96-a5cc1f128743
    status: 200 OK
    code: 200
    duration: ""
- request:
    body: ""
    form: {}
    headers:
      User-Agent:
      - scaleway-sdk-go/v1.0.0-beta.7+dev (go1.15.3; linux; amd64) cli-e2e-test
    url: https://api.scaleway.com/k8s/v1/regions/fr-par/pools/6464023e-1669-4979-877a-7fcfdc58db2b
    method: GET
  response:
    body: '{"region":"fr-par","id":"6464023e-1669-4979-877a-7fcfdc58db2b","cluster_id":"186d89cb-3ced-4d0b-b018-30d988cba67e","created_at":"2020-10-27T13:41:36.010125Z","updated_at":"2020-10-27T13:41:36.027288Z","name":"default","status":"scaling","version":"1.17.3","node_type":"gp1_xs","autoscaling":false,"size":1,"min_size":0,"max_size":1,"container_runtime":"docker","autohealing":false,"tags":[],"placement_group_id":null}'
    headers:
      Content-Length:
      - "417"
      Content-Security-Policy:
      - default-src 'none'; frame-ancestors 'none'
      Content-Type:
      - application/json
      Date:
      - Tue, 27 Oct 2020 13:44:39 GMT
      Server:
      - Scaleway API-Gateway
      Strict-Transport-Security:
      - max-age=63072000
      X-Content-Type-Options:
      - nosniff
      X-Frame-Options:
      - DENY
      X-Request-Id:
      - 305da2c8-a51d-4c44-a2dc-03c776991c38
    status: 200 OK
    code: 200
    duration: ""
- request:
    body: ""
    form: {}
    headers:
      User-Agent:
      - scaleway-sdk-go/v1.0.0-beta.7+dev (go1.15.3; linux; amd64) cli-e2e-test
    url: https://api.scaleway.com/k8s/v1/regions/fr-par/pools/6464023e-1669-4979-877a-7fcfdc58db2b
    method: GET
  response:
    body: '{"region":"fr-par","id":"6464023e-1669-4979-877a-7fcfdc58db2b","cluster_id":"186d89cb-3ced-4d0b-b018-30d988cba67e","created_at":"2020-10-27T13:41:36.010125Z","updated_at":"2020-10-27T13:41:36.027288Z","name":"default","status":"scaling","version":"1.17.3","node_type":"gp1_xs","autoscaling":false,"size":1,"min_size":0,"max_size":1,"container_runtime":"docker","autohealing":false,"tags":[],"placement_group_id":null}'
    headers:
      Content-Length:
      - "417"
      Content-Security-Policy:
      - default-src 'none'; frame-ancestors 'none'
      Content-Type:
      - application/json
      Date:
      - Tue, 27 Oct 2020 13:44:44 GMT
      Server:
      - Scaleway API-Gateway
      Strict-Transport-Security:
      - max-age=63072000
      X-Content-Type-Options:
      - nosniff
      X-Frame-Options:
      - DENY
      X-Request-Id:
      - f57f1e03-1a1e-4d65-a7d0-8e053ddc8bd7
    status: 200 OK
    code: 200
    duration: ""
- request:
    body: ""
    form: {}
    headers:
      User-Agent:
      - scaleway-sdk-go/v1.0.0-beta.7+dev (go1.15.3; linux; amd64) cli-e2e-test
    url: https://api.scaleway.com/k8s/v1/regions/fr-par/pools/6464023e-1669-4979-877a-7fcfdc58db2b
    method: GET
  response:
    body: '{"region":"fr-par","id":"6464023e-1669-4979-877a-7fcfdc58db2b","cluster_id":"186d89cb-3ced-4d0b-b018-30d988cba67e","created_at":"2020-10-27T13:41:36.010125Z","updated_at":"2020-10-27T13:41:36.027288Z","name":"default","status":"scaling","version":"1.17.3","node_type":"gp1_xs","autoscaling":false,"size":1,"min_size":0,"max_size":1,"container_runtime":"docker","autohealing":false,"tags":[],"placement_group_id":null}'
    headers:
      Content-Length:
      - "417"
      Content-Security-Policy:
      - default-src 'none'; frame-ancestors 'none'
      Content-Type:
      - application/json
      Date:
      - Tue, 27 Oct 2020 13:44:49 GMT
      Server:
      - Scaleway API-Gateway
      Strict-Transport-Security:
      - max-age=63072000
      X-Content-Type-Options:
      - nosniff
      X-Frame-Options:
      - DENY
      X-Request-Id:
      - 6b383d1d-0848-4900-9b4d-8cb83e10b2c3
    status: 200 OK
    code: 200
    duration: ""
- request:
    body: ""
    form: {}
    headers:
      User-Agent:
      - scaleway-sdk-go/v1.0.0-beta.7+dev (go1.15.3; linux; amd64) cli-e2e-test
    url: https://api.scaleway.com/k8s/v1/regions/fr-par/pools/6464023e-1669-4979-877a-7fcfdc58db2b
    method: GET
  response:
    body: '{"region":"fr-par","id":"6464023e-1669-4979-877a-7fcfdc58db2b","cluster_id":"186d89cb-3ced-4d0b-b018-30d988cba67e","created_at":"2020-10-27T13:41:36.010125Z","updated_at":"2020-10-27T13:41:36.027288Z","name":"default","status":"scaling","version":"1.17.3","node_type":"gp1_xs","autoscaling":false,"size":1,"min_size":0,"max_size":1,"container_runtime":"docker","autohealing":false,"tags":[],"placement_group_id":null}'
    headers:
      Content-Length:
      - "417"
      Content-Security-Policy:
      - default-src 'none'; frame-ancestors 'none'
      Content-Type:
      - application/json
      Date:
      - Tue, 27 Oct 2020 13:44:55 GMT
      Server:
      - Scaleway API-Gateway
      Strict-Transport-Security:
      - max-age=63072000
      X-Content-Type-Options:
      - nosniff
      X-Frame-Options:
      - DENY
      X-Request-Id:
      - 5f9379db-da50-4dc9-98a8-91dbbad580c2
    status: 200 OK
    code: 200
    duration: ""
- request:
    body: ""
    form: {}
    headers:
      User-Agent:
      - scaleway-sdk-go/v1.0.0-beta.7+dev (go1.15.3; linux; amd64) cli-e2e-test
    url: https://api.scaleway.com/k8s/v1/regions/fr-par/pools/6464023e-1669-4979-877a-7fcfdc58db2b
    method: GET
  response:
    body: '{"region":"fr-par","id":"6464023e-1669-4979-877a-7fcfdc58db2b","cluster_id":"186d89cb-3ced-4d0b-b018-30d988cba67e","created_at":"2020-10-27T13:41:36.010125Z","updated_at":"2020-10-27T13:41:36.027288Z","name":"default","status":"scaling","version":"1.17.3","node_type":"gp1_xs","autoscaling":false,"size":1,"min_size":0,"max_size":1,"container_runtime":"docker","autohealing":false,"tags":[],"placement_group_id":null}'
    headers:
      Content-Length:
      - "417"
      Content-Security-Policy:
      - default-src 'none'; frame-ancestors 'none'
      Content-Type:
      - application/json
      Date:
      - Tue, 27 Oct 2020 13:45:00 GMT
      Server:
      - Scaleway API-Gateway
      Strict-Transport-Security:
      - max-age=63072000
      X-Content-Type-Options:
      - nosniff
      X-Frame-Options:
      - DENY
      X-Request-Id:
      - d147db1c-8a30-4257-a86b-1d986a885560
    status: 200 OK
    code: 200
    duration: ""
- request:
    body: ""
    form: {}
    headers:
      User-Agent:
      - scaleway-sdk-go/v1.0.0-beta.7+dev (go1.15.3; linux; amd64) cli-e2e-test
    url: https://api.scaleway.com/k8s/v1/regions/fr-par/pools/6464023e-1669-4979-877a-7fcfdc58db2b
    method: GET
  response:
    body: '{"region":"fr-par","id":"6464023e-1669-4979-877a-7fcfdc58db2b","cluster_id":"186d89cb-3ced-4d0b-b018-30d988cba67e","created_at":"2020-10-27T13:41:36.010125Z","updated_at":"2020-10-27T13:41:36.027288Z","name":"default","status":"scaling","version":"1.17.3","node_type":"gp1_xs","autoscaling":false,"size":1,"min_size":0,"max_size":1,"container_runtime":"docker","autohealing":false,"tags":[],"placement_group_id":null}'
    headers:
      Content-Length:
      - "417"
      Content-Security-Policy:
      - default-src 'none'; frame-ancestors 'none'
      Content-Type:
      - application/json
      Date:
      - Tue, 27 Oct 2020 13:45:05 GMT
      Server:
      - Scaleway API-Gateway
      Strict-Transport-Security:
      - max-age=63072000
      X-Content-Type-Options:
      - nosniff
      X-Frame-Options:
      - DENY
      X-Request-Id:
      - 4fdeed70-fbe2-4c41-a979-97c687ef0830
    status: 200 OK
    code: 200
    duration: ""
- request:
    body: ""
    form: {}
    headers:
      User-Agent:
      - scaleway-sdk-go/v1.0.0-beta.7+dev (go1.15.3; linux; amd64) cli-e2e-test
    url: https://api.scaleway.com/k8s/v1/regions/fr-par/pools/6464023e-1669-4979-877a-7fcfdc58db2b
    method: GET
  response:
    body: '{"region":"fr-par","id":"6464023e-1669-4979-877a-7fcfdc58db2b","cluster_id":"186d89cb-3ced-4d0b-b018-30d988cba67e","created_at":"2020-10-27T13:41:36.010125Z","updated_at":"2020-10-27T13:41:36.027288Z","name":"default","status":"scaling","version":"1.17.3","node_type":"gp1_xs","autoscaling":false,"size":1,"min_size":0,"max_size":1,"container_runtime":"docker","autohealing":false,"tags":[],"placement_group_id":null}'
    headers:
      Content-Length:
      - "417"
      Content-Security-Policy:
      - default-src 'none'; frame-ancestors 'none'
      Content-Type:
      - application/json
      Date:
      - Tue, 27 Oct 2020 13:45:10 GMT
      Server:
      - Scaleway API-Gateway
      Strict-Transport-Security:
      - max-age=63072000
      X-Content-Type-Options:
      - nosniff
      X-Frame-Options:
      - DENY
      X-Request-Id:
      - 329aecdf-b888-4e07-b776-192390d8068f
    status: 200 OK
    code: 200
    duration: ""
- request:
    body: ""
    form: {}
    headers:
      User-Agent:
      - scaleway-sdk-go/v1.0.0-beta.7+dev (go1.15.3; linux; amd64) cli-e2e-test
    url: https://api.scaleway.com/k8s/v1/regions/fr-par/pools/6464023e-1669-4979-877a-7fcfdc58db2b
    method: GET
  response:
    body: '{"region":"fr-par","id":"6464023e-1669-4979-877a-7fcfdc58db2b","cluster_id":"186d89cb-3ced-4d0b-b018-30d988cba67e","created_at":"2020-10-27T13:41:36.010125Z","updated_at":"2020-10-27T13:41:36.027288Z","name":"default","status":"scaling","version":"1.17.3","node_type":"gp1_xs","autoscaling":false,"size":1,"min_size":0,"max_size":1,"container_runtime":"docker","autohealing":false,"tags":[],"placement_group_id":null}'
    headers:
      Content-Length:
      - "417"
      Content-Security-Policy:
      - default-src 'none'; frame-ancestors 'none'
      Content-Type:
      - application/json
      Date:
      - Tue, 27 Oct 2020 13:45:16 GMT
      Server:
      - Scaleway API-Gateway
      Strict-Transport-Security:
      - max-age=63072000
      X-Content-Type-Options:
      - nosniff
      X-Frame-Options:
      - DENY
      X-Request-Id:
      - 3d256455-3e4f-4e1d-8da2-19bfc8021891
    status: 200 OK
    code: 200
    duration: ""
- request:
    body: ""
    form: {}
    headers:
      User-Agent:
      - scaleway-sdk-go/v1.0.0-beta.7+dev (go1.15.3; linux; amd64) cli-e2e-test
    url: https://api.scaleway.com/k8s/v1/regions/fr-par/pools/6464023e-1669-4979-877a-7fcfdc58db2b
    method: GET
  response:
    body: '{"region":"fr-par","id":"6464023e-1669-4979-877a-7fcfdc58db2b","cluster_id":"186d89cb-3ced-4d0b-b018-30d988cba67e","created_at":"2020-10-27T13:41:36.010125Z","updated_at":"2020-10-27T13:41:36.027288Z","name":"default","status":"scaling","version":"1.17.3","node_type":"gp1_xs","autoscaling":false,"size":1,"min_size":0,"max_size":1,"container_runtime":"docker","autohealing":false,"tags":[],"placement_group_id":null}'
    headers:
      Content-Length:
      - "417"
      Content-Security-Policy:
      - default-src 'none'; frame-ancestors 'none'
      Content-Type:
      - application/json
      Date:
      - Tue, 27 Oct 2020 13:45:21 GMT
      Server:
      - Scaleway API-Gateway
      Strict-Transport-Security:
      - max-age=63072000
      X-Content-Type-Options:
      - nosniff
      X-Frame-Options:
      - DENY
      X-Request-Id:
      - 85e161f5-0e01-4131-9c12-992a36b4d4f4
    status: 200 OK
    code: 200
    duration: ""
- request:
    body: ""
    form: {}
    headers:
      User-Agent:
      - scaleway-sdk-go/v1.0.0-beta.7+dev (go1.15.3; linux; amd64) cli-e2e-test
    url: https://api.scaleway.com/k8s/v1/regions/fr-par/pools/6464023e-1669-4979-877a-7fcfdc58db2b
    method: GET
  response:
    body: '{"region":"fr-par","id":"6464023e-1669-4979-877a-7fcfdc58db2b","cluster_id":"186d89cb-3ced-4d0b-b018-30d988cba67e","created_at":"2020-10-27T13:41:36.010125Z","updated_at":"2020-10-27T13:41:36.027288Z","name":"default","status":"scaling","version":"1.17.3","node_type":"gp1_xs","autoscaling":false,"size":1,"min_size":0,"max_size":1,"container_runtime":"docker","autohealing":false,"tags":[],"placement_group_id":null}'
    headers:
      Content-Length:
      - "417"
      Content-Security-Policy:
      - default-src 'none'; frame-ancestors 'none'
      Content-Type:
      - application/json
      Date:
      - Tue, 27 Oct 2020 13:45:26 GMT
      Server:
      - Scaleway API-Gateway
      Strict-Transport-Security:
      - max-age=63072000
      X-Content-Type-Options:
      - nosniff
      X-Frame-Options:
      - DENY
      X-Request-Id:
      - 5076cbce-ba9e-4f16-9c2b-739987e2f622
    status: 200 OK
    code: 200
    duration: ""
- request:
    body: ""
    form: {}
    headers:
      User-Agent:
      - scaleway-sdk-go/v1.0.0-beta.7+dev (go1.15.3; linux; amd64) cli-e2e-test
    url: https://api.scaleway.com/k8s/v1/regions/fr-par/pools/6464023e-1669-4979-877a-7fcfdc58db2b
    method: GET
  response:
    body: '{"region":"fr-par","id":"6464023e-1669-4979-877a-7fcfdc58db2b","cluster_id":"186d89cb-3ced-4d0b-b018-30d988cba67e","created_at":"2020-10-27T13:41:36.010125Z","updated_at":"2020-10-27T13:41:36.027288Z","name":"default","status":"scaling","version":"1.17.3","node_type":"gp1_xs","autoscaling":false,"size":1,"min_size":0,"max_size":1,"container_runtime":"docker","autohealing":false,"tags":[],"placement_group_id":null}'
    headers:
      Content-Length:
      - "417"
      Content-Security-Policy:
      - default-src 'none'; frame-ancestors 'none'
      Content-Type:
      - application/json
      Date:
      - Tue, 27 Oct 2020 13:45:31 GMT
      Server:
      - Scaleway API-Gateway
      Strict-Transport-Security:
      - max-age=63072000
      X-Content-Type-Options:
      - nosniff
      X-Frame-Options:
      - DENY
      X-Request-Id:
      - 0beb489a-a670-43d0-ab94-8b544a94b101
    status: 200 OK
    code: 200
    duration: ""
- request:
    body: ""
    form: {}
    headers:
      User-Agent:
      - scaleway-sdk-go/v1.0.0-beta.7+dev (go1.15.3; linux; amd64) cli-e2e-test
    url: https://api.scaleway.com/k8s/v1/regions/fr-par/pools/6464023e-1669-4979-877a-7fcfdc58db2b
    method: GET
  response:
    body: '{"region":"fr-par","id":"6464023e-1669-4979-877a-7fcfdc58db2b","cluster_id":"186d89cb-3ced-4d0b-b018-30d988cba67e","created_at":"2020-10-27T13:41:36.010125Z","updated_at":"2020-10-27T13:41:36.027288Z","name":"default","status":"scaling","version":"1.17.3","node_type":"gp1_xs","autoscaling":false,"size":1,"min_size":0,"max_size":1,"container_runtime":"docker","autohealing":false,"tags":[],"placement_group_id":null}'
    headers:
      Content-Length:
      - "417"
      Content-Security-Policy:
      - default-src 'none'; frame-ancestors 'none'
      Content-Type:
      - application/json
      Date:
      - Tue, 27 Oct 2020 13:45:36 GMT
      Server:
      - Scaleway API-Gateway
      Strict-Transport-Security:
      - max-age=63072000
      X-Content-Type-Options:
      - nosniff
      X-Frame-Options:
      - DENY
      X-Request-Id:
      - f4f486a3-ec24-45eb-ae81-c7a2bf49e877
    status: 200 OK
    code: 200
    duration: ""
- request:
    body: ""
    form: {}
    headers:
      User-Agent:
      - scaleway-sdk-go/v1.0.0-beta.7+dev (go1.15.3; linux; amd64) cli-e2e-test
    url: https://api.scaleway.com/k8s/v1/regions/fr-par/pools/6464023e-1669-4979-877a-7fcfdc58db2b
    method: GET
  response:
    body: '{"region":"fr-par","id":"6464023e-1669-4979-877a-7fcfdc58db2b","cluster_id":"186d89cb-3ced-4d0b-b018-30d988cba67e","created_at":"2020-10-27T13:41:36.010125Z","updated_at":"2020-10-27T13:41:36.027288Z","name":"default","status":"scaling","version":"1.17.3","node_type":"gp1_xs","autoscaling":false,"size":1,"min_size":0,"max_size":1,"container_runtime":"docker","autohealing":false,"tags":[],"placement_group_id":null}'
    headers:
      Content-Length:
      - "417"
      Content-Security-Policy:
      - default-src 'none'; frame-ancestors 'none'
      Content-Type:
      - application/json
      Date:
      - Tue, 27 Oct 2020 13:45:42 GMT
      Server:
      - Scaleway API-Gateway
      Strict-Transport-Security:
      - max-age=63072000
      X-Content-Type-Options:
      - nosniff
      X-Frame-Options:
      - DENY
      X-Request-Id:
      - b01f56c0-2118-4a8f-834b-b68f6af98fb6
    status: 200 OK
    code: 200
    duration: ""
- request:
    body: ""
    form: {}
    headers:
      User-Agent:
      - scaleway-sdk-go/v1.0.0-beta.7+dev (go1.15.3; linux; amd64) cli-e2e-test
    url: https://api.scaleway.com/k8s/v1/regions/fr-par/pools/6464023e-1669-4979-877a-7fcfdc58db2b
    method: GET
  response:
    body: '{"region":"fr-par","id":"6464023e-1669-4979-877a-7fcfdc58db2b","cluster_id":"186d89cb-3ced-4d0b-b018-30d988cba67e","created_at":"2020-10-27T13:41:36.010125Z","updated_at":"2020-10-27T13:41:36.027288Z","name":"default","status":"scaling","version":"1.17.3","node_type":"gp1_xs","autoscaling":false,"size":1,"min_size":0,"max_size":1,"container_runtime":"docker","autohealing":false,"tags":[],"placement_group_id":null}'
    headers:
      Content-Length:
      - "417"
      Content-Security-Policy:
      - default-src 'none'; frame-ancestors 'none'
      Content-Type:
      - application/json
      Date:
      - Tue, 27 Oct 2020 13:45:47 GMT
      Server:
      - Scaleway API-Gateway
      Strict-Transport-Security:
      - max-age=63072000
      X-Content-Type-Options:
      - nosniff
      X-Frame-Options:
      - DENY
      X-Request-Id:
      - 3a8171ab-976a-4d8b-90ed-411cccaa267c
    status: 200 OK
    code: 200
    duration: ""
- request:
    body: ""
    form: {}
    headers:
      User-Agent:
      - scaleway-sdk-go/v1.0.0-beta.7+dev (go1.15.3; linux; amd64) cli-e2e-test
    url: https://api.scaleway.com/k8s/v1/regions/fr-par/pools/6464023e-1669-4979-877a-7fcfdc58db2b
    method: GET
  response:
    body: '{"region":"fr-par","id":"6464023e-1669-4979-877a-7fcfdc58db2b","cluster_id":"186d89cb-3ced-4d0b-b018-30d988cba67e","created_at":"2020-10-27T13:41:36.010125Z","updated_at":"2020-10-27T13:41:36.027288Z","name":"default","status":"scaling","version":"1.17.3","node_type":"gp1_xs","autoscaling":false,"size":1,"min_size":0,"max_size":1,"container_runtime":"docker","autohealing":false,"tags":[],"placement_group_id":null}'
    headers:
      Content-Length:
      - "417"
      Content-Security-Policy:
      - default-src 'none'; frame-ancestors 'none'
      Content-Type:
      - application/json
      Date:
      - Tue, 27 Oct 2020 13:45:52 GMT
      Server:
      - Scaleway API-Gateway
      Strict-Transport-Security:
      - max-age=63072000
      X-Content-Type-Options:
      - nosniff
      X-Frame-Options:
      - DENY
      X-Request-Id:
      - 10bada94-b25f-462f-a894-48f5db39e5b1
    status: 200 OK
    code: 200
    duration: ""
- request:
    body: ""
    form: {}
    headers:
      User-Agent:
      - scaleway-sdk-go/v1.0.0-beta.7+dev (go1.15.3; linux; amd64) cli-e2e-test
    url: https://api.scaleway.com/k8s/v1/regions/fr-par/pools/6464023e-1669-4979-877a-7fcfdc58db2b
    method: GET
  response:
    body: '{"region":"fr-par","id":"6464023e-1669-4979-877a-7fcfdc58db2b","cluster_id":"186d89cb-3ced-4d0b-b018-30d988cba67e","created_at":"2020-10-27T13:41:36.010125Z","updated_at":"2020-10-27T13:41:36.027288Z","name":"default","status":"scaling","version":"1.17.3","node_type":"gp1_xs","autoscaling":false,"size":1,"min_size":0,"max_size":1,"container_runtime":"docker","autohealing":false,"tags":[],"placement_group_id":null}'
    headers:
      Content-Length:
      - "417"
      Content-Security-Policy:
      - default-src 'none'; frame-ancestors 'none'
      Content-Type:
      - application/json
      Date:
      - Tue, 27 Oct 2020 13:45:57 GMT
      Server:
      - Scaleway API-Gateway
      Strict-Transport-Security:
      - max-age=63072000
      X-Content-Type-Options:
      - nosniff
      X-Frame-Options:
      - DENY
      X-Request-Id:
      - e90c18d2-16d0-40b8-aa8d-b01d6d064e0b
    status: 200 OK
    code: 200
    duration: ""
- request:
    body: ""
    form: {}
    headers:
      User-Agent:
      - scaleway-sdk-go/v1.0.0-beta.7+dev (go1.15.3; linux; amd64) cli-e2e-test
    url: https://api.scaleway.com/k8s/v1/regions/fr-par/pools/6464023e-1669-4979-877a-7fcfdc58db2b
    method: GET
  response:
    body: '{"region":"fr-par","id":"6464023e-1669-4979-877a-7fcfdc58db2b","cluster_id":"186d89cb-3ced-4d0b-b018-30d988cba67e","created_at":"2020-10-27T13:41:36.010125Z","updated_at":"2020-10-27T13:41:36.027288Z","name":"default","status":"scaling","version":"1.17.3","node_type":"gp1_xs","autoscaling":false,"size":1,"min_size":0,"max_size":1,"container_runtime":"docker","autohealing":false,"tags":[],"placement_group_id":null}'
    headers:
      Content-Length:
      - "417"
      Content-Security-Policy:
      - default-src 'none'; frame-ancestors 'none'
      Content-Type:
      - application/json
      Date:
      - Tue, 27 Oct 2020 13:46:02 GMT
      Server:
      - Scaleway API-Gateway
      Strict-Transport-Security:
      - max-age=63072000
      X-Content-Type-Options:
      - nosniff
      X-Frame-Options:
      - DENY
      X-Request-Id:
      - ce9bcf77-d722-4174-b1c1-c1be61c3ece7
    status: 200 OK
    code: 200
    duration: ""
- request:
    body: ""
    form: {}
    headers:
      User-Agent:
      - scaleway-sdk-go/v1.0.0-beta.7+dev (go1.15.3; linux; amd64) cli-e2e-test
    url: https://api.scaleway.com/k8s/v1/regions/fr-par/pools/6464023e-1669-4979-877a-7fcfdc58db2b
    method: GET
  response:
    body: '{"region":"fr-par","id":"6464023e-1669-4979-877a-7fcfdc58db2b","cluster_id":"186d89cb-3ced-4d0b-b018-30d988cba67e","created_at":"2020-10-27T13:41:36.010125Z","updated_at":"2020-10-27T13:41:36.027288Z","name":"default","status":"scaling","version":"1.17.3","node_type":"gp1_xs","autoscaling":false,"size":1,"min_size":0,"max_size":1,"container_runtime":"docker","autohealing":false,"tags":[],"placement_group_id":null}'
    headers:
      Content-Length:
      - "417"
      Content-Security-Policy:
      - default-src 'none'; frame-ancestors 'none'
      Content-Type:
      - application/json
      Date:
      - Tue, 27 Oct 2020 13:46:08 GMT
      Server:
      - Scaleway API-Gateway
      Strict-Transport-Security:
      - max-age=63072000
      X-Content-Type-Options:
      - nosniff
      X-Frame-Options:
      - DENY
      X-Request-Id:
      - 06cab443-9701-4743-9458-6b31a514a9be
    status: 200 OK
    code: 200
    duration: ""
- request:
    body: ""
    form: {}
    headers:
      User-Agent:
      - scaleway-sdk-go/v1.0.0-beta.7+dev (go1.15.3; linux; amd64) cli-e2e-test
    url: https://api.scaleway.com/k8s/v1/regions/fr-par/pools/6464023e-1669-4979-877a-7fcfdc58db2b
    method: GET
  response:
    body: '{"region":"fr-par","id":"6464023e-1669-4979-877a-7fcfdc58db2b","cluster_id":"186d89cb-3ced-4d0b-b018-30d988cba67e","created_at":"2020-10-27T13:41:36.010125Z","updated_at":"2020-10-27T13:46:10.801461Z","name":"default","status":"ready","version":"1.17.3","node_type":"gp1_xs","autoscaling":false,"size":1,"min_size":0,"max_size":1,"container_runtime":"docker","autohealing":false,"tags":[],"placement_group_id":null}'
    headers:
      Content-Length:
      - "415"
      Content-Security-Policy:
      - default-src 'none'; frame-ancestors 'none'
      Content-Type:
      - application/json
      Date:
      - Tue, 27 Oct 2020 13:46:13 GMT
      Server:
      - Scaleway API-Gateway
      Strict-Transport-Security:
      - max-age=63072000
      X-Content-Type-Options:
      - nosniff
      X-Frame-Options:
      - DENY
      X-Request-Id:
      - 0596dacf-8bf9-48bb-be05-e412738bd5fc
    status: 200 OK
    code: 200
    duration: ""
- request:
    body: ""
    form: {}
    headers:
      User-Agent:
      - scaleway-sdk-go/v1.0.0-beta.7+dev (go1.15.3; linux; amd64) cli-e2e-test
    url: https://api.scaleway.com/k8s/v1/regions/fr-par/clusters/186d89cb-3ced-4d0b-b018-30d988cba67e?with_additional_resources=false
    method: DELETE
  response:
    body: '{"region":"fr-par","id":"186d89cb-3ced-4d0b-b018-30d988cba67e","organization_id":"a6c249e9-c32d-46e4-badb-b57528eafc4b","project_id":"a6c249e9-c32d-46e4-badb-b57528eafc4b","created_at":"2020-10-27T13:41:35.997466Z","updated_at":"2020-10-27T13:46:13.543300909Z","name":"cli-test","description":"","status":"deleting","version":"1.17.3","cni":"cilium","tags":[],"cluster_url":"https://186d89cb-3ced-4d0b-b018-30d988cba67e.api.k8s.fr-par.scw.cloud:6443","dns_wildcard":"*.186d89cb-3ced-4d0b-b018-30d988cba67e.nodes.k8s.fr-par.scw.cloud","autoscaler_config":{"scale_down_disabled":false,"scale_down_delay_after_add":"10m","estimator":"binpacking","expander":"random","ignore_daemonsets_utilization":false,"balance_similar_node_groups":false,"expendable_pods_priority_cutoff":-10,"scale_down_unneeded_time":"10m"},"dashboard_enabled":false,"ingress":"none","auto_upgrade":{"enabled":false,"maintenance_window":{"start_hour":0,"day":"any"}},"upgrade_available":true,"feature_gates":[],"admission_plugins":[],"open_id_connect_config":{"issuer_url":"","client_id":"","username_claim":"","username_prefix":"","groups_claim":[],"groups_prefix":"","required_claim":[]}}'
    headers:
      Content-Length:
      - "1158"
      Content-Security-Policy:
      - default-src 'none'; frame-ancestors 'none'
      Content-Type:
      - application/json
      Date:
      - Tue, 27 Oct 2020 13:46:13 GMT
      Server:
      - Scaleway API-Gateway
      Strict-Transport-Security:
      - max-age=63072000
      X-Content-Type-Options:
      - nosniff
      X-Frame-Options:
      - DENY
      X-Request-Id:
      - b8067204-75bb-41c3-bb1f-013ba2254d1c
    status: 200 OK
    code: 200
    duration: ""
- request:
    body: ""
    form: {}
    headers:
      User-Agent:
      - scaleway-sdk-go/v1.0.0-beta.7+dev (go1.15.3; linux; amd64) cli-e2e-test
    url: https://api.scaleway.com/k8s/v1/regions/fr-par/clusters/186d89cb-3ced-4d0b-b018-30d988cba67e
    method: GET
  response:
    body: '{"region":"fr-par","id":"186d89cb-3ced-4d0b-b018-30d988cba67e","organization_id":"a6c249e9-c32d-46e4-badb-b57528eafc4b","project_id":"a6c249e9-c32d-46e4-badb-b57528eafc4b","created_at":"2020-10-27T13:41:35.997466Z","updated_at":"2020-10-27T13:46:13.543301Z","name":"cli-test","description":"","status":"deleting","version":"1.17.3","cni":"cilium","tags":[],"cluster_url":"https://186d89cb-3ced-4d0b-b018-30d988cba67e.api.k8s.fr-par.scw.cloud:6443","dns_wildcard":"*.186d89cb-3ced-4d0b-b018-30d988cba67e.nodes.k8s.fr-par.scw.cloud","autoscaler_config":{"scale_down_disabled":false,"scale_down_delay_after_add":"10m","estimator":"binpacking","expander":"random","ignore_daemonsets_utilization":false,"balance_similar_node_groups":false,"expendable_pods_priority_cutoff":-10,"scale_down_unneeded_time":"10m"},"dashboard_enabled":false,"ingress":"none","auto_upgrade":{"enabled":false,"maintenance_window":{"start_hour":0,"day":"any"}},"upgrade_available":true,"feature_gates":[],"admission_plugins":[],"open_id_connect_config":{"issuer_url":"","client_id":"","username_claim":"","username_prefix":"","groups_claim":[],"groups_prefix":"","required_claim":[]}}'
    headers:
      Content-Length:
      - "1155"
      Content-Security-Policy:
      - default-src 'none'; frame-ancestors 'none'
      Content-Type:
      - application/json
      Date:
      - Tue, 27 Oct 2020 13:46:13 GMT
      Server:
      - Scaleway API-Gateway
      Strict-Transport-Security:
      - max-age=63072000
      X-Content-Type-Options:
      - nosniff
      X-Frame-Options:
      - DENY
      X-Request-Id:
      - dbc7ac6a-9606-4fd8-aed2-9647005c2122
    status: 200 OK
    code: 200
    duration: ""
- request:
    body: ""
    form: {}
    headers:
      User-Agent:
      - scaleway-sdk-go/v1.0.0-beta.7+dev (go1.15.3; linux; amd64) cli-e2e-test
    url: https://api.scaleway.com/k8s/v1/regions/fr-par/clusters/186d89cb-3ced-4d0b-b018-30d988cba67e
    method: GET
  response:
    body: '{"region":"fr-par","id":"186d89cb-3ced-4d0b-b018-30d988cba67e","organization_id":"a6c249e9-c32d-46e4-badb-b57528eafc4b","project_id":"a6c249e9-c32d-46e4-badb-b57528eafc4b","created_at":"2020-10-27T13:41:35.997466Z","updated_at":"2020-10-27T13:46:13.543301Z","name":"cli-test","description":"","status":"deleting","version":"1.17.3","cni":"cilium","tags":[],"cluster_url":"https://186d89cb-3ced-4d0b-b018-30d988cba67e.api.k8s.fr-par.scw.cloud:6443","dns_wildcard":"*.186d89cb-3ced-4d0b-b018-30d988cba67e.nodes.k8s.fr-par.scw.cloud","autoscaler_config":{"scale_down_disabled":false,"scale_down_delay_after_add":"10m","estimator":"binpacking","expander":"random","ignore_daemonsets_utilization":false,"balance_similar_node_groups":false,"expendable_pods_priority_cutoff":-10,"scale_down_unneeded_time":"10m"},"dashboard_enabled":false,"ingress":"none","auto_upgrade":{"enabled":false,"maintenance_window":{"start_hour":0,"day":"any"}},"upgrade_available":true,"feature_gates":[],"admission_plugins":[],"open_id_connect_config":{"issuer_url":"","client_id":"","username_claim":"","username_prefix":"","groups_claim":[],"groups_prefix":"","required_claim":[]}}'
    headers:
      Content-Length:
      - "1155"
      Content-Security-Policy:
      - default-src 'none'; frame-ancestors 'none'
      Content-Type:
      - application/json
      Date:
      - Tue, 27 Oct 2020 13:46:19 GMT
      Server:
      - Scaleway API-Gateway
      Strict-Transport-Security:
      - max-age=63072000
      X-Content-Type-Options:
      - nosniff
      X-Frame-Options:
      - DENY
      X-Request-Id:
      - 818896a5-0cf2-453e-a514-51fced90cacf
    status: 200 OK
    code: 200
    duration: ""
- request:
    body: ""
    form: {}
    headers:
      User-Agent:
      - scaleway-sdk-go/v1.0.0-beta.7+dev (go1.15.3; linux; amd64) cli-e2e-test
    url: https://api.scaleway.com/k8s/v1/regions/fr-par/clusters/186d89cb-3ced-4d0b-b018-30d988cba67e
    method: GET
  response:
    body: '{"region":"fr-par","id":"186d89cb-3ced-4d0b-b018-30d988cba67e","organization_id":"a6c249e9-c32d-46e4-badb-b57528eafc4b","project_id":"a6c249e9-c32d-46e4-badb-b57528eafc4b","created_at":"2020-10-27T13:41:35.997466Z","updated_at":"2020-10-27T13:46:13.543301Z","name":"cli-test","description":"","status":"deleting","version":"1.17.3","cni":"cilium","tags":[],"cluster_url":"https://186d89cb-3ced-4d0b-b018-30d988cba67e.api.k8s.fr-par.scw.cloud:6443","dns_wildcard":"*.186d89cb-3ced-4d0b-b018-30d988cba67e.nodes.k8s.fr-par.scw.cloud","autoscaler_config":{"scale_down_disabled":false,"scale_down_delay_after_add":"10m","estimator":"binpacking","expander":"random","ignore_daemonsets_utilization":false,"balance_similar_node_groups":false,"expendable_pods_priority_cutoff":-10,"scale_down_unneeded_time":"10m"},"dashboard_enabled":false,"ingress":"none","auto_upgrade":{"enabled":false,"maintenance_window":{"start_hour":0,"day":"any"}},"upgrade_available":true,"feature_gates":[],"admission_plugins":[],"open_id_connect_config":{"issuer_url":"","client_id":"","username_claim":"","username_prefix":"","groups_claim":[],"groups_prefix":"","required_claim":[]}}'
    headers:
      Content-Length:
      - "1155"
      Content-Security-Policy:
      - default-src 'none'; frame-ancestors 'none'
      Content-Type:
      - application/json
      Date:
      - Tue, 27 Oct 2020 13:46:24 GMT
      Server:
      - Scaleway API-Gateway
      Strict-Transport-Security:
      - max-age=63072000
      X-Content-Type-Options:
      - nosniff
      X-Frame-Options:
      - DENY
      X-Request-Id:
      - 5a7620a5-b1b2-4e99-9fcc-e5cc359c99c1
    status: 200 OK
    code: 200
    duration: ""
- request:
    body: ""
    form: {}
    headers:
      User-Agent:
      - scaleway-sdk-go/v1.0.0-beta.7+dev (go1.15.3; linux; amd64) cli-e2e-test
    url: https://api.scaleway.com/k8s/v1/regions/fr-par/clusters/186d89cb-3ced-4d0b-b018-30d988cba67e
    method: GET
  response:
    body: '{"region":"fr-par","id":"186d89cb-3ced-4d0b-b018-30d988cba67e","organization_id":"a6c249e9-c32d-46e4-badb-b57528eafc4b","project_id":"a6c249e9-c32d-46e4-badb-b57528eafc4b","created_at":"2020-10-27T13:41:35.997466Z","updated_at":"2020-10-27T13:46:13.543301Z","name":"cli-test","description":"","status":"deleting","version":"1.17.3","cni":"cilium","tags":[],"cluster_url":"https://186d89cb-3ced-4d0b-b018-30d988cba67e.api.k8s.fr-par.scw.cloud:6443","dns_wildcard":"*.186d89cb-3ced-4d0b-b018-30d988cba67e.nodes.k8s.fr-par.scw.cloud","autoscaler_config":{"scale_down_disabled":false,"scale_down_delay_after_add":"10m","estimator":"binpacking","expander":"random","ignore_daemonsets_utilization":false,"balance_similar_node_groups":false,"expendable_pods_priority_cutoff":-10,"scale_down_unneeded_time":"10m"},"dashboard_enabled":false,"ingress":"none","auto_upgrade":{"enabled":false,"maintenance_window":{"start_hour":0,"day":"any"}},"upgrade_available":true,"feature_gates":[],"admission_plugins":[],"open_id_connect_config":{"issuer_url":"","client_id":"","username_claim":"","username_prefix":"","groups_claim":[],"groups_prefix":"","required_claim":[]}}'
    headers:
      Content-Length:
      - "1155"
      Content-Security-Policy:
      - default-src 'none'; frame-ancestors 'none'
      Content-Type:
      - application/json
      Date:
      - Tue, 27 Oct 2020 13:46:29 GMT
      Server:
      - Scaleway API-Gateway
      Strict-Transport-Security:
      - max-age=63072000
      X-Content-Type-Options:
      - nosniff
      X-Frame-Options:
      - DENY
      X-Request-Id:
      - 05c2c566-9f41-430d-9022-7116d8b619be
    status: 200 OK
    code: 200
    duration: ""
- request:
    body: ""
    form: {}
    headers:
      User-Agent:
      - scaleway-sdk-go/v1.0.0-beta.7+dev (go1.15.3; linux; amd64) cli-e2e-test
    url: https://api.scaleway.com/k8s/v1/regions/fr-par/clusters/186d89cb-3ced-4d0b-b018-30d988cba67e
    method: GET
  response:
    body: '{"region":"fr-par","id":"186d89cb-3ced-4d0b-b018-30d988cba67e","organization_id":"a6c249e9-c32d-46e4-badb-b57528eafc4b","project_id":"a6c249e9-c32d-46e4-badb-b57528eafc4b","created_at":"2020-10-27T13:41:35.997466Z","updated_at":"2020-10-27T13:46:13.543301Z","name":"cli-test","description":"","status":"deleting","version":"1.17.3","cni":"cilium","tags":[],"cluster_url":"https://186d89cb-3ced-4d0b-b018-30d988cba67e.api.k8s.fr-par.scw.cloud:6443","dns_wildcard":"*.186d89cb-3ced-4d0b-b018-30d988cba67e.nodes.k8s.fr-par.scw.cloud","autoscaler_config":{"scale_down_disabled":false,"scale_down_delay_after_add":"10m","estimator":"binpacking","expander":"random","ignore_daemonsets_utilization":false,"balance_similar_node_groups":false,"expendable_pods_priority_cutoff":-10,"scale_down_unneeded_time":"10m"},"dashboard_enabled":false,"ingress":"none","auto_upgrade":{"enabled":false,"maintenance_window":{"start_hour":0,"day":"any"}},"upgrade_available":true,"feature_gates":[],"admission_plugins":[],"open_id_connect_config":{"issuer_url":"","client_id":"","username_claim":"","username_prefix":"","groups_claim":[],"groups_prefix":"","required_claim":[]}}'
    headers:
      Content-Length:
      - "1155"
      Content-Security-Policy:
      - default-src 'none'; frame-ancestors 'none'
      Content-Type:
      - application/json
      Date:
      - Tue, 27 Oct 2020 13:46:34 GMT
      Server:
      - Scaleway API-Gateway
      Strict-Transport-Security:
      - max-age=63072000
      X-Content-Type-Options:
      - nosniff
      X-Frame-Options:
      - DENY
      X-Request-Id:
      - 5d8d8290-d00b-4e96-b8d6-a9fe4f0a7250
    status: 200 OK
    code: 200
    duration: ""
- request:
    body: ""
    form: {}
    headers:
      User-Agent:
      - scaleway-sdk-go/v1.0.0-beta.7+dev (go1.15.3; linux; amd64) cli-e2e-test
    url: https://api.scaleway.com/k8s/v1/regions/fr-par/clusters/186d89cb-3ced-4d0b-b018-30d988cba67e
    method: GET
  response:
    body: '{"region":"fr-par","id":"186d89cb-3ced-4d0b-b018-30d988cba67e","organization_id":"a6c249e9-c32d-46e4-badb-b57528eafc4b","project_id":"a6c249e9-c32d-46e4-badb-b57528eafc4b","created_at":"2020-10-27T13:41:35.997466Z","updated_at":"2020-10-27T13:46:13.543301Z","name":"cli-test","description":"","status":"deleting","version":"1.17.3","cni":"cilium","tags":[],"cluster_url":"https://186d89cb-3ced-4d0b-b018-30d988cba67e.api.k8s.fr-par.scw.cloud:6443","dns_wildcard":"*.186d89cb-3ced-4d0b-b018-30d988cba67e.nodes.k8s.fr-par.scw.cloud","autoscaler_config":{"scale_down_disabled":false,"scale_down_delay_after_add":"10m","estimator":"binpacking","expander":"random","ignore_daemonsets_utilization":false,"balance_similar_node_groups":false,"expendable_pods_priority_cutoff":-10,"scale_down_unneeded_time":"10m"},"dashboard_enabled":false,"ingress":"none","auto_upgrade":{"enabled":false,"maintenance_window":{"start_hour":0,"day":"any"}},"upgrade_available":true,"feature_gates":[],"admission_plugins":[],"open_id_connect_config":{"issuer_url":"","client_id":"","username_claim":"","username_prefix":"","groups_claim":[],"groups_prefix":"","required_claim":[]}}'
    headers:
      Content-Length:
      - "1155"
      Content-Security-Policy:
      - default-src 'none'; frame-ancestors 'none'
      Content-Type:
      - application/json
      Date:
      - Tue, 27 Oct 2020 13:46:39 GMT
      Server:
      - Scaleway API-Gateway
      Strict-Transport-Security:
      - max-age=63072000
      X-Content-Type-Options:
      - nosniff
      X-Frame-Options:
      - DENY
      X-Request-Id:
      - 5d535b53-96e0-44e0-b3bb-1f069cd4cce5
    status: 200 OK
    code: 200
    duration: ""
- request:
    body: ""
    form: {}
    headers:
      User-Agent:
      - scaleway-sdk-go/v1.0.0-beta.7+dev (go1.15.3; linux; amd64) cli-e2e-test
    url: https://api.scaleway.com/k8s/v1/regions/fr-par/clusters/186d89cb-3ced-4d0b-b018-30d988cba67e
    method: GET
  response:
    body: '{"region":"fr-par","id":"186d89cb-3ced-4d0b-b018-30d988cba67e","organization_id":"a6c249e9-c32d-46e4-badb-b57528eafc4b","project_id":"a6c249e9-c32d-46e4-badb-b57528eafc4b","created_at":"2020-10-27T13:41:35.997466Z","updated_at":"2020-10-27T13:46:13.543301Z","name":"cli-test","description":"","status":"deleting","version":"1.17.3","cni":"cilium","tags":[],"cluster_url":"https://186d89cb-3ced-4d0b-b018-30d988cba67e.api.k8s.fr-par.scw.cloud:6443","dns_wildcard":"*.186d89cb-3ced-4d0b-b018-30d988cba67e.nodes.k8s.fr-par.scw.cloud","autoscaler_config":{"scale_down_disabled":false,"scale_down_delay_after_add":"10m","estimator":"binpacking","expander":"random","ignore_daemonsets_utilization":false,"balance_similar_node_groups":false,"expendable_pods_priority_cutoff":-10,"scale_down_unneeded_time":"10m"},"dashboard_enabled":false,"ingress":"none","auto_upgrade":{"enabled":false,"maintenance_window":{"start_hour":0,"day":"any"}},"upgrade_available":true,"feature_gates":[],"admission_plugins":[],"open_id_connect_config":{"issuer_url":"","client_id":"","username_claim":"","username_prefix":"","groups_claim":[],"groups_prefix":"","required_claim":[]}}'
    headers:
      Content-Length:
      - "1155"
      Content-Security-Policy:
      - default-src 'none'; frame-ancestors 'none'
      Content-Type:
      - application/json
      Date:
      - Tue, 27 Oct 2020 13:46:44 GMT
      Server:
      - Scaleway API-Gateway
      Strict-Transport-Security:
      - max-age=63072000
      X-Content-Type-Options:
      - nosniff
      X-Frame-Options:
      - DENY
      X-Request-Id:
      - f683bf23-2307-4d8e-9cee-4846024b0856
    status: 200 OK
    code: 200
    duration: ""
- request:
    body: ""
    form: {}
    headers:
      User-Agent:
      - scaleway-sdk-go/v1.0.0-beta.7+dev (go1.15.3; linux; amd64) cli-e2e-test
    url: https://api.scaleway.com/k8s/v1/regions/fr-par/clusters/186d89cb-3ced-4d0b-b018-30d988cba67e
    method: GET
  response:
    body: '{"region":"fr-par","id":"186d89cb-3ced-4d0b-b018-30d988cba67e","organization_id":"a6c249e9-c32d-46e4-badb-b57528eafc4b","project_id":"a6c249e9-c32d-46e4-badb-b57528eafc4b","created_at":"2020-10-27T13:41:35.997466Z","updated_at":"2020-10-27T13:46:13.543301Z","name":"cli-test","description":"","status":"deleting","version":"1.17.3","cni":"cilium","tags":[],"cluster_url":"https://186d89cb-3ced-4d0b-b018-30d988cba67e.api.k8s.fr-par.scw.cloud:6443","dns_wildcard":"*.186d89cb-3ced-4d0b-b018-30d988cba67e.nodes.k8s.fr-par.scw.cloud","autoscaler_config":{"scale_down_disabled":false,"scale_down_delay_after_add":"10m","estimator":"binpacking","expander":"random","ignore_daemonsets_utilization":false,"balance_similar_node_groups":false,"expendable_pods_priority_cutoff":-10,"scale_down_unneeded_time":"10m"},"dashboard_enabled":false,"ingress":"none","auto_upgrade":{"enabled":false,"maintenance_window":{"start_hour":0,"day":"any"}},"upgrade_available":true,"feature_gates":[],"admission_plugins":[],"open_id_connect_config":{"issuer_url":"","client_id":"","username_claim":"","username_prefix":"","groups_claim":[],"groups_prefix":"","required_claim":[]}}'
    headers:
      Content-Length:
      - "1155"
      Content-Security-Policy:
      - default-src 'none'; frame-ancestors 'none'
      Content-Type:
      - application/json
      Date:
      - Tue, 27 Oct 2020 13:46:50 GMT
      Server:
      - Scaleway API-Gateway
      Strict-Transport-Security:
      - max-age=63072000
      X-Content-Type-Options:
      - nosniff
      X-Frame-Options:
      - DENY
      X-Request-Id:
      - 9594f5fe-9b1b-413d-801a-a8111f8cf3c3
    status: 200 OK
    code: 200
    duration: ""
- request:
    body: ""
    form: {}
    headers:
      User-Agent:
      - scaleway-sdk-go/v1.0.0-beta.7+dev (go1.15.3; linux; amd64) cli-e2e-test
    url: https://api.scaleway.com/k8s/v1/regions/fr-par/clusters/186d89cb-3ced-4d0b-b018-30d988cba67e
    method: GET
  response:
    body: '{"region":"fr-par","id":"186d89cb-3ced-4d0b-b018-30d988cba67e","organization_id":"a6c249e9-c32d-46e4-badb-b57528eafc4b","project_id":"a6c249e9-c32d-46e4-badb-b57528eafc4b","created_at":"2020-10-27T13:41:35.997466Z","updated_at":"2020-10-27T13:46:13.543301Z","name":"cli-test","description":"","status":"deleting","version":"1.17.3","cni":"cilium","tags":[],"cluster_url":"https://186d89cb-3ced-4d0b-b018-30d988cba67e.api.k8s.fr-par.scw.cloud:6443","dns_wildcard":"*.186d89cb-3ced-4d0b-b018-30d988cba67e.nodes.k8s.fr-par.scw.cloud","autoscaler_config":{"scale_down_disabled":false,"scale_down_delay_after_add":"10m","estimator":"binpacking","expander":"random","ignore_daemonsets_utilization":false,"balance_similar_node_groups":false,"expendable_pods_priority_cutoff":-10,"scale_down_unneeded_time":"10m"},"dashboard_enabled":false,"ingress":"none","auto_upgrade":{"enabled":false,"maintenance_window":{"start_hour":0,"day":"any"}},"upgrade_available":true,"feature_gates":[],"admission_plugins":[],"open_id_connect_config":{"issuer_url":"","client_id":"","username_claim":"","username_prefix":"","groups_claim":[],"groups_prefix":"","required_claim":[]}}'
    headers:
      Content-Length:
      - "1155"
      Content-Security-Policy:
      - default-src 'none'; frame-ancestors 'none'
      Content-Type:
      - application/json
      Date:
      - Tue, 27 Oct 2020 13:46:55 GMT
      Server:
      - Scaleway API-Gateway
      Strict-Transport-Security:
      - max-age=63072000
      X-Content-Type-Options:
      - nosniff
      X-Frame-Options:
      - DENY
      X-Request-Id:
      - 1939fd9a-d46a-491f-8af0-0c58901d65b9
    status: 200 OK
    code: 200
    duration: ""
- request:
    body: ""
    form: {}
    headers:
      User-Agent:
      - scaleway-sdk-go/v1.0.0-beta.7+dev (go1.15.3; linux; amd64) cli-e2e-test
    url: https://api.scaleway.com/k8s/v1/regions/fr-par/clusters/186d89cb-3ced-4d0b-b018-30d988cba67e
    method: GET
  response:
    body: '{"region":"fr-par","id":"186d89cb-3ced-4d0b-b018-30d988cba67e","organization_id":"a6c249e9-c32d-46e4-badb-b57528eafc4b","project_id":"a6c249e9-c32d-46e4-badb-b57528eafc4b","created_at":"2020-10-27T13:41:35.997466Z","updated_at":"2020-10-27T13:46:13.543301Z","name":"cli-test","description":"","status":"deleting","version":"1.17.3","cni":"cilium","tags":[],"cluster_url":"https://186d89cb-3ced-4d0b-b018-30d988cba67e.api.k8s.fr-par.scw.cloud:6443","dns_wildcard":"*.186d89cb-3ced-4d0b-b018-30d988cba67e.nodes.k8s.fr-par.scw.cloud","autoscaler_config":{"scale_down_disabled":false,"scale_down_delay_after_add":"10m","estimator":"binpacking","expander":"random","ignore_daemonsets_utilization":false,"balance_similar_node_groups":false,"expendable_pods_priority_cutoff":-10,"scale_down_unneeded_time":"10m"},"dashboard_enabled":false,"ingress":"none","auto_upgrade":{"enabled":false,"maintenance_window":{"start_hour":0,"day":"any"}},"upgrade_available":true,"feature_gates":[],"admission_plugins":[],"open_id_connect_config":{"issuer_url":"","client_id":"","username_claim":"","username_prefix":"","groups_claim":[],"groups_prefix":"","required_claim":[]}}'
    headers:
      Content-Length:
      - "1155"
      Content-Security-Policy:
      - default-src 'none'; frame-ancestors 'none'
      Content-Type:
      - application/json
      Date:
      - Tue, 27 Oct 2020 13:47:00 GMT
      Server:
      - Scaleway API-Gateway
      Strict-Transport-Security:
      - max-age=63072000
      X-Content-Type-Options:
      - nosniff
      X-Frame-Options:
      - DENY
      X-Request-Id:
      - f478c167-6542-41de-9759-d7f5f33d7a8f
    status: 200 OK
    code: 200
    duration: ""
- request:
    body: ""
    form: {}
    headers:
      User-Agent:
      - scaleway-sdk-go/v1.0.0-beta.7+dev (go1.15.3; linux; amd64) cli-e2e-test
    url: https://api.scaleway.com/k8s/v1/regions/fr-par/clusters/186d89cb-3ced-4d0b-b018-30d988cba67e
    method: GET
  response:
    body: '{"message":"resource is not found","resource":"cluster","resource_id":"186d89cb-3ced-4d0b-b018-30d988cba67e","type":"not_found"}'
    headers:
      Content-Length:
      - "128"
      Content-Security-Policy:
      - default-src 'none'; frame-ancestors 'none'
      Content-Type:
      - application/json
      Date:
      - Tue, 27 Oct 2020 13:47:05 GMT
      Server:
      - Scaleway API-Gateway
      Strict-Transport-Security:
      - max-age=63072000
      X-Content-Type-Options:
      - nosniff
      X-Frame-Options:
      - DENY
      X-Request-Id:
      - 8d7bc4ab-d09f-429c-b060-534541f74e25
    status: 404 Not Found
    code: 404
    duration: ""
