---
version: 1
interactions:
- request:
    body: ""
    form: {}
    headers: {}
    url: https://account.scaleway.com/tokens/11111111-1111-1111-1111-111111111111
    method: GET
  response:
    body: '{"token": {"access_key": "SCWFEREJ5D3PW6WTVEH1", "user_id": "721f2fde-1a01-4854-822b-fcca5638d73e",
      "iam_user_id": null, "iam_application_id": null, "expires": null, "creation_date":
      "2021-04-16T12:46:06.403601+00:00", "deletion_date": null, "creation_ip": "195.154.229.35",
      "category": "user_created", "inherits_user_perms": false, "role_id": "5737d70a-84fc-46ce-ae5c-5d31170f733a",
      "description": "sieben-macbook", "project_id": "951df375-e094-4d26-97c1-ba548eeb9c42",
      "organization_id": "951df375-e094-4d26-97c1-ba548eeb9c42", "use_role_key": true}}'
    headers:
      Content-Length:
      - "552"
      Content-Security-Policy:
      - default-src 'none'; frame-ancestors 'none'
      Content-Type:
      - application/json
      Date:
      - Tue, 17 May 2022 15:46:09 GMT
      Server:
      - Scaleway API-Gateway
      Strict-Transport-Security:
      - max-age=63072000
      Warning:
      - 299 - "Deprecated API please use https://api.scaleway.com/account/v1"
      X-Content-Type-Options:
      - nosniff
      X-Frame-Options:
      - DENY
      X-Request-Id:
      - 56de7b7d-26ab-49aa-b326-b7a60ccf4898
    status: 200 OK
    code: 200
    duration: ""
- request:
    body: ""
    form: {}
    headers:
      User-Agent:
      - scaleway-sdk-go/v1.0.0-beta.7+dev (go1.18.2; darwin; amd64) cli-e2e-test
    url: https://api.scaleway.com/account/v2alpha1/ssh-keys?order_by=created_at_asc&page=1
    method: GET
  response:
    body: '{"ssh_keys":[{"id":"495d0e9f-a22b-4ff5-8324-0cb4746c57dc","name":"rleone@scaleway.com","public_key":"ssh-ed25519
      AAAAC3NzaC1lZDI1NTE5AAAAIM6Lfs9IrfEUsw2oALOKucAqjeJo3vdADJAZS0BrJ4Vl rleone@scaleway.com","fingerprint":"256
      MD5:0d:6d:20:43:4c:0f:38:a3:65:de:8f:72:77:70:26:55 rleone@scaleway.com (ssh-ed25519)","created_at":"2022-03-29T07:50:11.839583Z","updated_at":"2022-03-29T07:50:17.762922Z","creation_info":{"address":"","user_agent":"","country_code":""},"organization_id":"951df375-e094-4d26-97c1-ba548eeb9c42","project_id":"951df375-e094-4d26-97c1-ba548eeb9c42"},{"id":"01b5a42f-31d0-4a08-b239-7c452490315c","name":"pouet","public_key":"ssh-ed25519
      AAAAC3NzaC1lZDI1NTE5AAAAIM6Lfs9IrfEUsw2oALOKucAqjeJo3vdADJAZS0BrJ4Vl rleone@scaleway.com","fingerprint":"256
      MD5:0d:6d:20:43:4c:0f:38:a3:65:de:8f:72:77:70:26:55 rleone@scaleway.com (ssh-ed25519)","created_at":"2022-04-20T16:47:46.265496Z","updated_at":"2022-04-20T16:47:46.265496Z","creation_info":{"address":"","user_agent":"","country_code":""},"organization_id":"951df375-e094-4d26-97c1-ba548eeb9c42","project_id":"951df375-e094-4d26-97c1-ba548eeb9c42"},{"id":"16f762bf-41a5-4018-a7bb-a1a4e70e5206","name":"pouet","public_key":"ssh-ed25519
      AAAAC3NzaC1lZDI1NTE5AAAAIM6Lfs9IrfEUsw2oALOKucAqjeJo3vdADJAZS0BrJ4Vl rleone@scaleway.com","fingerprint":"256
      MD5:0d:6d:20:43:4c:0f:38:a3:65:de:8f:72:77:70:26:55 rleone@scaleway.com (ssh-ed25519)","created_at":"2022-04-27T17:40:45.047682Z","updated_at":"2022-04-27T17:40:45.047682Z","creation_info":{"address":"","user_agent":"","country_code":""},"organization_id":"951df375-e094-4d26-97c1-ba548eeb9c42","project_id":"951df375-e094-4d26-97c1-ba548eeb9c42"},{"id":"fd3be52e-c218-4489-b09d-c2362256c19e","name":"test-cli-KeyRegistered","public_key":"ssh-ed25519
      AAAAC3NzaC1lZDI1NTE5AAAAICd8ZxAm9mXQsRHhQ5iADEJuO+Ai8EbXMI7TIlsh9jbE foobar@foobar","fingerprint":"256
      MD5:2e:c9:d3:87:1c:04:5f:c8:86:0c:08:4d:34:3f:ff:4c foobar@foobar (ssh-ed25519)","created_at":"2022-05-17T15:46:09.569521Z","updated_at":"2022-05-17T15:46:09.569521Z","creation_info":{"address":"","user_agent":"","country_code":""},"organization_id":"951df375-e094-4d26-97c1-ba548eeb9c42","project_id":"951df375-e094-4d26-97c1-ba548eeb9c42"}],"total_count":4}'
    headers:
      Content-Length:
      - "2221"
      Content-Security-Policy:
      - default-src 'none'; frame-ancestors 'none'
      Content-Type:
      - application/json
      Date:
      - Tue, 17 May 2022 15:46:09 GMT
      Server:
      - Scaleway API-Gateway
      Strict-Transport-Security:
      - max-age=63072000
      X-Content-Type-Options:
      - nosniff
      X-Frame-Options:
      - DENY
      X-Request-Id:
      - 6810827a-8f71-433f-9f01-916b22635c92
    status: 200 OK
    code: 200
    duration: ""
- request:
    body: '{"name":"","public_key":"ssh-ed25519 AAAAC3NzaC1lZDI1NTE5AAAAIJb42xh9l10D/u9imDFfLZ+U6KrZmr/F/qBClnmijCFF/qEehPJxK/3thmMiZg
      foobaz@foobaz","project_id":"951df375-e094-4d26-97c1-ba548eeb9c42"}'
    form: {}
    headers:
      Content-Type:
      - application/json
      User-Agent:
      - scaleway-sdk-go/v1.0.0-beta.7+dev (go1.18.2; darwin; amd64) cli-e2e-test
    url: https://api.scaleway.com/account/v2alpha1/ssh-keys
    method: POST
  response:
    body: '{"details":[{"argument_name":"public_key","help_message":"invalid key format:
      illegal base64 data at input byte 84","reason":"format"}],"message":"invalid
      argument(s)","type":"invalid_arguments"}'
    headers:
      Content-Length:
      - "195"
      Content-Security-Policy:
      - default-src 'none'; frame-ancestors 'none'
      Content-Type:
      - application/json
      Date:
      - Tue, 17 May 2022 15:46:09 GMT
      Server:
      - Scaleway API-Gateway
      Strict-Transport-Security:
      - max-age=63072000
      X-Content-Type-Options:
      - nosniff
      X-Frame-Options:
      - DENY
      X-Request-Id:
      - edd9c2fd-bef9-478a-8609-722e919960e9
    status: 400 Bad Request
    code: 400
    duration: ""
- request:
    body: ""
    form: {}
    headers:
      User-Agent:
      - scaleway-sdk-go/v1.0.0-beta.7+dev (go1.18.2; darwin; amd64) cli-e2e-test
    url: https://api.scaleway.com/account/v2alpha1/ssh-keys?order_by=created_at_asc&page=1
    method: GET
  response:
    body: '{"ssh_keys":[{"id":"495d0e9f-a22b-4ff5-8324-0cb4746c57dc","name":"rleone@scaleway.com","public_key":"ssh-ed25519
      AAAAC3NzaC1lZDI1NTE5AAAAIM6Lfs9IrfEUsw2oALOKucAqjeJo3vdADJAZS0BrJ4Vl rleone@scaleway.com","fingerprint":"256
      MD5:0d:6d:20:43:4c:0f:38:a3:65:de:8f:72:77:70:26:55 rleone@scaleway.com (ssh-ed25519)","created_at":"2022-03-29T07:50:11.839583Z","updated_at":"2022-03-29T07:50:17.762922Z","creation_info":{"address":"","user_agent":"","country_code":""},"organization_id":"951df375-e094-4d26-97c1-ba548eeb9c42","project_id":"951df375-e094-4d26-97c1-ba548eeb9c42"},{"id":"01b5a42f-31d0-4a08-b239-7c452490315c","name":"pouet","public_key":"ssh-ed25519
      AAAAC3NzaC1lZDI1NTE5AAAAIM6Lfs9IrfEUsw2oALOKucAqjeJo3vdADJAZS0BrJ4Vl rleone@scaleway.com","fingerprint":"256
      MD5:0d:6d:20:43:4c:0f:38:a3:65:de:8f:72:77:70:26:55 rleone@scaleway.com (ssh-ed25519)","created_at":"2022-04-20T16:47:46.265496Z","updated_at":"2022-04-20T16:47:46.265496Z","creation_info":{"address":"","user_agent":"","country_code":""},"organization_id":"951df375-e094-4d26-97c1-ba548eeb9c42","project_id":"951df375-e094-4d26-97c1-ba548eeb9c42"},{"id":"16f762bf-41a5-4018-a7bb-a1a4e70e5206","name":"pouet","public_key":"ssh-ed25519
      AAAAC3NzaC1lZDI1NTE5AAAAIM6Lfs9IrfEUsw2oALOKucAqjeJo3vdADJAZS0BrJ4Vl rleone@scaleway.com","fingerprint":"256
      MD5:0d:6d:20:43:4c:0f:38:a3:65:de:8f:72:77:70:26:55 rleone@scaleway.com (ssh-ed25519)","created_at":"2022-04-27T17:40:45.047682Z","updated_at":"2022-04-27T17:40:45.047682Z","creation_info":{"address":"","user_agent":"","country_code":""},"organization_id":"951df375-e094-4d26-97c1-ba548eeb9c42","project_id":"951df375-e094-4d26-97c1-ba548eeb9c42"},{"id":"fd3be52e-c218-4489-b09d-c2362256c19e","name":"test-cli-KeyRegistered","public_key":"ssh-ed25519
      AAAAC3NzaC1lZDI1NTE5AAAAICd8ZxAm9mXQsRHhQ5iADEJuO+Ai8EbXMI7TIlsh9jbE foobar@foobar","fingerprint":"256
      MD5:2e:c9:d3:87:1c:04:5f:c8:86:0c:08:4d:34:3f:ff:4c foobar@foobar (ssh-ed25519)","created_at":"2022-05-17T15:46:09.569521Z","updated_at":"2022-05-17T15:46:09.569521Z","creation_info":{"address":"","user_agent":"","country_code":""},"organization_id":"951df375-e094-4d26-97c1-ba548eeb9c42","project_id":"951df375-e094-4d26-97c1-ba548eeb9c42"}],"total_count":4}'
    headers:
      Content-Length:
      - "2221"
      Content-Security-Policy:
      - default-src 'none'; frame-ancestors 'none'
      Content-Type:
      - application/json
      Date:
      - Tue, 17 May 2022 15:46:09 GMT
      Server:
      - Scaleway API-Gateway
      Strict-Transport-Security:
      - max-age=63072000
      X-Content-Type-Options:
      - nosniff
      X-Frame-Options:
      - DENY
      X-Request-Id:
      - 1641ba09-69db-4609-88ad-91ff51223139
    status: 200 OK
    code: 200
    duration: ""
